Java HotSpot(TM) 64-Bit Server VM (25.111-b14) for windows-amd64 JRE (1.8.0_111-b14), built on Sep 22 2016 19:24:05 by "java_re" with MS VC++ 10.0 (VS2010)
Memory: 4k page, physical 16595624k(8427404k free), swap 19085992k(7587668k free)
CommandLine flags: -XX:+CMSClassUnloadingEnabled -XX:CMSFullGCsBeforeCompaction=9 -XX:CMSInitiatingOccupancyFraction=60 -XX:+CMSParallelRemarkEnabled -XX:+DisableExplicitGC -XX:+ExplicitGCInvokesConcurrent -XX:GCLogFileSize=5242880 -XX:+HeapDumpOnOutOfMemoryError -XX:HeapDumpPath=D:datalogs100003171/HeapDumpOnOutOfMemoryError/ -XX:InitialHeapSize=265529984 -XX:MaxHeapSize=4248479744 -XX:MaxNewSize=348966912 -XX:MaxTenuringThreshold=9 -XX:NumberOfGCLogFiles=5 -XX:OldPLABSize=16 -XX:-OmitStackTraceInFastThrow -XX:ParallelGCThreads=4 -XX:+PrintGC -XX:+PrintGCApplicationConcurrentTime -XX:+PrintGCDateStamps -XX:+PrintGCDetails -XX:+PrintGCTimeStamps -XX:+PrintHeapAtGC -XX:+ScavengeBeforeFullGC -XX:SoftRefLRUPolicyMSPerMB=0 -XX:+UseCMSCompactAtFullCollection -XX:+UseCMSInitiatingOccupancyOnly -XX:+UseCompressedClassPointers -XX:+UseCompressedOops -XX:+UseConcMarkSweepGC -XX:+UseGCLogFileRotation -XX:-UseLargePagesIndividualAllocation -XX:+UseParNewGC 
2018-10-12T10:42:19.640+0800: 0.261: Application time: 0.1842677 seconds
2018-10-12T10:42:19.821+0800: 0.443: Application time: 0.1812602 seconds
2018-10-12T10:42:19.937+0800: 0.558: Application time: 0.1152465 seconds
{Heap before GC invocations=0 (full 0):
 par new generation   total 78016K, used 69376K [0x00000006c2c00000, 0x00000006c80a0000, 0x00000006d78c0000)
  eden space 69376K, 100% used [0x00000006c2c00000, 0x00000006c6fc0000, 0x00000006c6fc0000)
  from space 8640K,   0% used [0x00000006c6fc0000, 0x00000006c6fc0000, 0x00000006c7830000)
  to   space 8640K,   0% used [0x00000006c7830000, 0x00000006c7830000, 0x00000006c80a0000)
 concurrent mark-sweep generation total 173440K, used 0K [0x00000006d78c0000, 0x00000006e2220000, 0x00000007c0000000)
 Metaspace       used 5325K, capacity 5680K, committed 5888K, reserved 1056768K
  class space    used 601K, capacity 664K, committed 768K, reserved 1048576K
2018-10-12T10:42:19.937+0800: 0.558: [GC (Allocation Failure) 2018-10-12T10:42:19.937+0800: 0.558: [ParNew: 69376K->8640K(78016K), 0.0250986 secs] 69376K->14894K(251456K), 0.0252188 secs] [Times: user=0.11 sys=0.02, real=0.02 secs] 
Heap after GC invocations=1 (full 0):
 par new generation   total 78016K, used 8640K [0x00000006c2c00000, 0x00000006c80a0000, 0x00000006d78c0000)
  eden space 69376K,   0% used [0x00000006c2c00000, 0x00000006c2c00000, 0x00000006c6fc0000)
  from space 8640K, 100% used [0x00000006c7830000, 0x00000006c80a0000, 0x00000006c80a0000)
  to   space 8640K,   0% used [0x00000006c6fc0000, 0x00000006c6fc0000, 0x00000006c7830000)
 concurrent mark-sweep generation total 173440K, used 6254K [0x00000006d78c0000, 0x00000006e2220000, 0x00000007c0000000)
 Metaspace       used 5325K, capacity 5680K, committed 5888K, reserved 1056768K
  class space    used 601K, capacity 664K, committed 768K, reserved 1048576K
}
2018-10-12T10:42:19.980+0800: 0.601: Application time: 0.0176725 seconds
2018-10-12T10:42:20.123+0800: 0.744: Application time: 0.1425715 seconds
2018-10-12T10:42:20.320+0800: 0.941: Application time: 0.1970399 seconds
{Heap before GC invocations=1 (full 0):
 par new generation   total 78016K, used 78016K [0x00000006c2c00000, 0x00000006c80a0000, 0x00000006d78c0000)
  eden space 69376K, 100% used [0x00000006c2c00000, 0x00000006c6fc0000, 0x00000006c6fc0000)
  from space 8640K, 100% used [0x00000006c7830000, 0x00000006c80a0000, 0x00000006c80a0000)
  to   space 8640K,   0% used [0x00000006c6fc0000, 0x00000006c6fc0000, 0x00000006c7830000)
 concurrent mark-sweep generation total 173440K, used 6254K [0x00000006d78c0000, 0x00000006e2220000, 0x00000007c0000000)
 Metaspace       used 9180K, capacity 9434K, committed 9728K, reserved 1058816K
  class space    used 1087K, capacity 1187K, committed 1280K, reserved 1048576K
2018-10-12T10:42:20.320+0800: 0.941: [GC (Allocation Failure) 2018-10-12T10:42:20.320+0800: 0.941: [ParNew: 78016K->8640K(78016K), 0.0131833 secs] 84270K->23929K(251456K), 0.0132443 secs] [Times: user=0.06 sys=0.00, real=0.01 secs] 
Heap after GC invocations=2 (full 0):
 par new generation   total 78016K, used 8640K [0x00000006c2c00000, 0x00000006c80a0000, 0x00000006d78c0000)
  eden space 69376K,   0% used [0x00000006c2c00000, 0x00000006c2c00000, 0x00000006c6fc0000)
  from space 8640K, 100% used [0x00000006c6fc0000, 0x00000006c7830000, 0x00000006c7830000)
  to   space 8640K,   0% used [0x00000006c7830000, 0x00000006c7830000, 0x00000006c80a0000)
 concurrent mark-sweep generation total 173440K, used 15289K [0x00000006d78c0000, 0x00000006e2220000, 0x00000007c0000000)
 Metaspace       used 9180K, capacity 9434K, committed 9728K, reserved 1058816K
  class space    used 1087K, capacity 1187K, committed 1280K, reserved 1048576K
}
2018-10-12T10:42:20.492+0800: 1.113: Application time: 0.1585552 seconds
2018-10-12T10:42:20.492+0800: 1.113: Application time: 0.0001812 seconds
{Heap before GC invocations=2 (full 0):
 par new generation   total 78016K, used 78016K [0x00000006c2c00000, 0x00000006c80a0000, 0x00000006d78c0000)
  eden space 69376K, 100% used [0x00000006c2c00000, 0x00000006c6fc0000, 0x00000006c6fc0000)
  from space 8640K, 100% used [0x00000006c6fc0000, 0x00000006c7830000, 0x00000006c7830000)
  to   space 8640K,   0% used [0x00000006c7830000, 0x00000006c7830000, 0x00000006c80a0000)
 concurrent mark-sweep generation total 173440K, used 15289K [0x00000006d78c0000, 0x00000006e2220000, 0x00000007c0000000)
 Metaspace       used 10552K, capacity 10854K, committed 10880K, reserved 1058816K
  class space    used 1292K, capacity 1405K, committed 1408K, reserved 1048576K
2018-10-12T10:42:20.492+0800: 1.113: [GC (GCLocker Initiated GC) 2018-10-12T10:42:20.492+0800: 1.113: [ParNew: 78016K->2846K(78016K), 0.0019309 secs] 93305K->18136K(251456K), 0.0019828 secs] [Times: user=0.00 sys=0.00, real=0.00 secs] 
Heap after GC invocations=3 (full 0):
 par new generation   total 78016K, used 2846K [0x00000006c2c00000, 0x00000006c80a0000, 0x00000006d78c0000)
  eden space 69376K,   0% used [0x00000006c2c00000, 0x00000006c2c00000, 0x00000006c6fc0000)
  from space 8640K,  32% used [0x00000006c7830000, 0x00000006c7af7a70, 0x00000006c80a0000)
  to   space 8640K,   0% used [0x00000006c6fc0000, 0x00000006c6fc0000, 0x00000006c7830000)
 concurrent mark-sweep generation total 173440K, used 15289K [0x00000006d78c0000, 0x00000006e2220000, 0x00000007c0000000)
 Metaspace       used 10552K, capacity 10854K, committed 10880K, reserved 1058816K
  class space    used 1292K, capacity 1405K, committed 1408K, reserved 1048576K
}
2018-10-12T10:42:20.564+0800: 1.185: Application time: 0.0702145 seconds
{Heap before GC invocations=3 (full 0):
 par new generation   total 78016K, used 72222K [0x00000006c2c00000, 0x00000006c80a0000, 0x00000006d78c0000)
  eden space 69376K, 100% used [0x00000006c2c00000, 0x00000006c6fc0000, 0x00000006c6fc0000)
  from space 8640K,  32% used [0x00000006c7830000, 0x00000006c7af7a70, 0x00000006c80a0000)
  to   space 8640K,   0% used [0x00000006c6fc0000, 0x00000006c6fc0000, 0x00000006c7830000)
 concurrent mark-sweep generation total 173440K, used 15289K [0x00000006d78c0000, 0x00000006e2220000, 0x00000007c0000000)
 Metaspace       used 11610K, capacity 11970K, committed 12288K, reserved 1060864K
  class space    used 1412K, capacity 1515K, committed 1536K, reserved 1048576K
2018-10-12T10:42:20.564+0800: 1.185: [GC (Allocation Failure) 2018-10-12T10:42:20.564+0800: 1.185: [ParNew: 72222K->2459K(78016K), 0.0023054 secs] 87512K->17748K(251456K), 0.0023509 secs] [Times: user=0.00 sys=0.00, real=0.00 secs] 
Heap after GC invocations=4 (full 0):
 par new generation   total 78016K, used 2459K [0x00000006c2c00000, 0x00000006c80a0000, 0x00000006d78c0000)
  eden space 69376K,   0% used [0x00000006c2c00000, 0x00000006c2c00000, 0x00000006c6fc0000)
  from space 8640K,  28% used [0x00000006c6fc0000, 0x00000006c7226d70, 0x00000006c7830000)
  to   space 8640K,   0% used [0x00000006c7830000, 0x00000006c7830000, 0x00000006c80a0000)
 concurrent mark-sweep generation total 173440K, used 15289K [0x00000006d78c0000, 0x00000006e2220000, 0x00000007c0000000)
 Metaspace       used 11610K, capacity 11970K, committed 12288K, reserved 1060864K
  class space    used 1412K, capacity 1515K, committed 1536K, reserved 1048576K
}
2018-10-12T10:42:20.672+0800: 1.293: Application time: 0.1056363 seconds
{Heap before GC invocations=4 (full 0):
 par new generation   total 78016K, used 71835K [0x00000006c2c00000, 0x00000006c80a0000, 0x00000006d78c0000)
  eden space 69376K, 100% used [0x00000006c2c00000, 0x00000006c6fc0000, 0x00000006c6fc0000)
  from space 8640K,  28% used [0x00000006c6fc0000, 0x00000006c7226d70, 0x00000006c7830000)
  to   space 8640K,   0% used [0x00000006c7830000, 0x00000006c7830000, 0x00000006c80a0000)
 concurrent mark-sweep generation total 173440K, used 15289K [0x00000006d78c0000, 0x00000006e2220000, 0x00000007c0000000)
 Metaspace       used 13317K, capacity 13680K, committed 13824K, reserved 1060864K
  class space    used 1607K, capacity 1732K, committed 1792K, reserved 1048576K
2018-10-12T10:42:20.672+0800: 1.294: [GC (Allocation Failure) 2018-10-12T10:42:20.672+0800: 1.294: [ParNew: 71835K->4073K(78016K), 0.0035505 secs] 87124K->19363K(251456K), 0.0036182 secs] [Times: user=0.06 sys=0.00, real=0.00 secs] 
Heap after GC invocations=5 (full 0):
 par new generation   total 78016K, used 4073K [0x00000006c2c00000, 0x00000006c80a0000, 0x00000006d78c0000)
  eden space 69376K,   0% used [0x00000006c2c00000, 0x00000006c2c00000, 0x00000006c6fc0000)
  from space 8640K,  47% used [0x00000006c7830000, 0x00000006c7c2a648, 0x00000006c80a0000)
  to   space 8640K,   0% used [0x00000006c6fc0000, 0x00000006c6fc0000, 0x00000006c7830000)
 concurrent mark-sweep generation total 173440K, used 15289K [0x00000006d78c0000, 0x00000006e2220000, 0x00000007c0000000)
 Metaspace       used 13317K, capacity 13680K, committed 13824K, reserved 1060864K
  class space    used 1607K, capacity 1732K, committed 1792K, reserved 1048576K
}
2018-10-12T10:42:20.698+0800: 1.320: Application time: 0.0222649 seconds
2018-10-12T10:42:20.891+0800: 1.512: Application time: 0.1923673 seconds
{Heap before GC invocations=5 (full 0):
 par new generation   total 78016K, used 73449K [0x00000006c2c00000, 0x00000006c80a0000, 0x00000006d78c0000)
  eden space 69376K, 100% used [0x00000006c2c00000, 0x00000006c6fc0000, 0x00000006c6fc0000)
  from space 8640K,  47% used [0x00000006c7830000, 0x00000006c7c2a648, 0x00000006c80a0000)
  to   space 8640K,   0% used [0x00000006c6fc0000, 0x00000006c6fc0000, 0x00000006c7830000)
 concurrent mark-sweep generation total 173440K, used 15289K [0x00000006d78c0000, 0x00000006e2220000, 0x00000007c0000000)
 Metaspace       used 15037K, capacity 15492K, committed 15744K, reserved 1062912K
  class space    used 1936K, capacity 2052K, committed 2176K, reserved 1048576K
2018-10-12T10:42:20.892+0800: 1.512: [GC (Allocation Failure) 2018-10-12T10:42:20.892+0800: 1.512: [ParNew: 73449K->3926K(78016K), 0.0037279 secs] 88739K->19216K(251456K), 0.0037896 secs] [Times: user=0.00 sys=0.00, real=0.00 secs] 
Heap after GC invocations=6 (full 0):
 par new generation   total 78016K, used 3926K [0x00000006c2c00000, 0x00000006c80a0000, 0x00000006d78c0000)
  eden space 69376K,   0% used [0x00000006c2c00000, 0x00000006c2c00000, 0x00000006c6fc0000)
  from space 8640K,  45% used [0x00000006c6fc0000, 0x00000006c7395b20, 0x00000006c7830000)
  to   space 8640K,   0% used [0x00000006c7830000, 0x00000006c7830000, 0x00000006c80a0000)
 concurrent mark-sweep generation total 173440K, used 15289K [0x00000006d78c0000, 0x00000006e2220000, 0x00000007c0000000)
 Metaspace       used 15037K, capacity 15492K, committed 15744K, reserved 1062912K
  class space    used 1936K, capacity 2052K, committed 2176K, reserved 1048576K
}
2018-10-12T10:42:20.950+0800: 1.572: Application time: 0.0555319 seconds
2018-10-12T10:42:20.951+0800: 1.572: Application time: 0.0003614 seconds
2018-10-12T10:42:21.028+0800: 1.649: Application time: 0.0765024 seconds
2018-10-12T10:42:21.028+0800: 1.649: Application time: 0.0000222 seconds
{Heap before GC invocations=6 (full 0):
 par new generation   total 78016K, used 73303K [0x00000006c2c00000, 0x00000006c80a0000, 0x00000006d78c0000)
  eden space 69376K, 100% used [0x00000006c2c00000, 0x00000006c6fc0000, 0x00000006c6fc0000)
  from space 8640K,  45% used [0x00000006c6fc0000, 0x00000006c7395c40, 0x00000006c7830000)
  to   space 8640K,   0% used [0x00000006c7830000, 0x00000006c7830000, 0x00000006c80a0000)
 concurrent mark-sweep generation total 173440K, used 15289K [0x00000006d78c0000, 0x00000006e2220000, 0x00000007c0000000)
 Metaspace       used 16758K, capacity 17286K, committed 17408K, reserved 1064960K
  class space    used 2135K, capacity 2281K, committed 2304K, reserved 1048576K
2018-10-12T10:42:21.028+0800: 1.649: [GC (GCLocker Initiated GC) 2018-10-12T10:42:21.028+0800: 1.649: [ParNew: 73303K->5217K(78016K), 0.0033992 secs] 88592K->20507K(251456K), 0.0034497 secs] [Times: user=0.00 sys=0.00, real=0.00 secs] 
Heap after GC invocations=7 (full 0):
 par new generation   total 78016K, used 5217K [0x00000006c2c00000, 0x00000006c80a0000, 0x00000006d78c0000)
  eden space 69376K,   0% used [0x00000006c2c00000, 0x00000006c2c00000, 0x00000006c6fc0000)
  from space 8640K,  60% used [0x00000006c7830000, 0x00000006c7d486f0, 0x00000006c80a0000)
  to   space 8640K,   0% used [0x00000006c6fc0000, 0x00000006c6fc0000, 0x00000006c7830000)
 concurrent mark-sweep generation total 173440K, used 15289K [0x00000006d78c0000, 0x00000006e2220000, 0x00000007c0000000)
 Metaspace       used 16758K, capacity 17286K, committed 17408K, reserved 1064960K
  class space    used 2135K, capacity 2281K, committed 2304K, reserved 1048576K
}
2018-10-12T10:42:21.100+0800: 1.721: Application time: 0.0685156 seconds
{Heap before GC invocations=7 (full 0):
 par new generation   total 78016K, used 74593K [0x00000006c2c00000, 0x00000006c80a0000, 0x00000006d78c0000)
  eden space 69376K, 100% used [0x00000006c2c00000, 0x00000006c6fc0000, 0x00000006c6fc0000)
  from space 8640K,  60% used [0x00000006c7830000, 0x00000006c7d486f0, 0x00000006c80a0000)
  to   space 8640K,   0% used [0x00000006c6fc0000, 0x00000006c6fc0000, 0x00000006c7830000)
 concurrent mark-sweep generation total 173440K, used 15289K [0x00000006d78c0000, 0x00000006e2220000, 0x00000007c0000000)
 Metaspace       used 18259K, capacity 18836K, committed 18944K, reserved 1064960K
  class space    used 2300K, capacity 2474K, committed 2560K, reserved 1048576K
2018-10-12T10:42:21.100+0800: 1.721: [GC (Allocation Failure) 2018-10-12T10:42:21.100+0800: 1.721: [ParNew: 74593K->5295K(78016K), 0.0038150 secs] 89883K->20585K(251456K), 0.0038619 secs] [Times: user=0.00 sys=0.00, real=0.00 secs] 
Heap after GC invocations=8 (full 0):
 par new generation   total 78016K, used 5295K [0x00000006c2c00000, 0x00000006c80a0000, 0x00000006d78c0000)
  eden space 69376K,   0% used [0x00000006c2c00000, 0x00000006c2c00000, 0x00000006c6fc0000)
  from space 8640K,  61% used [0x00000006c6fc0000, 0x00000006c74ebe28, 0x00000006c7830000)
  to   space 8640K,   0% used [0x00000006c7830000, 0x00000006c7830000, 0x00000006c80a0000)
 concurrent mark-sweep generation total 173440K, used 15289K [0x00000006d78c0000, 0x00000006e2220000, 0x00000007c0000000)
 Metaspace       used 18259K, capacity 18836K, committed 18944K, reserved 1064960K
  class space    used 2300K, capacity 2474K, committed 2560K, reserved 1048576K
}
2018-10-12T10:42:21.134+0800: 1.755: Application time: 0.0295937 seconds
2018-10-12T10:42:21.187+0800: 1.808: Application time: 0.0528809 seconds
{Heap before GC invocations=8 (full 0):
 par new generation   total 78016K, used 74671K [0x00000006c2c00000, 0x00000006c80a0000, 0x00000006d78c0000)
  eden space 69376K, 100% used [0x00000006c2c00000, 0x00000006c6fc0000, 0x00000006c6fc0000)
  from space 8640K,  61% used [0x00000006c6fc0000, 0x00000006c74ebe28, 0x00000006c7830000)
  to   space 8640K,   0% used [0x00000006c7830000, 0x00000006c7830000, 0x00000006c80a0000)
 concurrent mark-sweep generation total 173440K, used 15289K [0x00000006d78c0000, 0x00000006e2220000, 0x00000007c0000000)
 Metaspace       used 19526K, capacity 20136K, committed 20352K, reserved 1067008K
  class space    used 2480K, capacity 2622K, committed 2688K, reserved 1048576K
2018-10-12T10:42:21.187+0800: 1.808: [GC (Allocation Failure) 2018-10-12T10:42:21.187+0800: 1.808: [ParNew: 74671K->5252K(78016K), 0.0034317 secs] 89961K->20542K(251456K), 0.0035219 secs] [Times: user=0.06 sys=0.00, real=0.00 secs] 
Heap after GC invocations=9 (full 0):
 par new generation   total 78016K, used 5252K [0x00000006c2c00000, 0x00000006c80a0000, 0x00000006d78c0000)
  eden space 69376K,   0% used [0x00000006c2c00000, 0x00000006c2c00000, 0x00000006c6fc0000)
  from space 8640K,  60% used [0x00000006c7830000, 0x00000006c7d513a0, 0x00000006c80a0000)
  to   space 8640K,   0% used [0x00000006c6fc0000, 0x00000006c6fc0000, 0x00000006c7830000)
 concurrent mark-sweep generation total 173440K, used 15289K [0x00000006d78c0000, 0x00000006e2220000, 0x00000007c0000000)
 Metaspace       used 19526K, capacity 20136K, committed 20352K, reserved 1067008K
  class space    used 2480K, capacity 2622K, committed 2688K, reserved 1048576K
}
2018-10-12T10:42:21.280+0800: 1.900: Application time: 0.0886454 seconds
2018-10-12T10:42:21.295+0800: 1.915: Application time: 0.0150127 seconds
2018-10-12T10:42:21.295+0800: 1.915: Application time: 0.0000257 seconds
2018-10-12T10:42:21.306+0800: 1.928: Application time: 0.0121670 seconds
2018-10-12T10:42:21.306+0800: 1.928: Application time: 0.0000264 seconds
2018-10-12T10:42:21.307+0800: 1.929: Application time: 0.0007937 seconds
{Heap before GC invocations=9 (full 0):
 par new generation   total 78016K, used 74628K [0x00000006c2c00000, 0x00000006c80a0000, 0x00000006d78c0000)
  eden space 69376K, 100% used [0x00000006c2c00000, 0x00000006c6fc0000, 0x00000006c6fc0000)
  from space 8640K,  60% used [0x00000006c7830000, 0x00000006c7d513a0, 0x00000006c80a0000)
  to   space 8640K,   0% used [0x00000006c6fc0000, 0x00000006c6fc0000, 0x00000006c7830000)
 concurrent mark-sweep generation total 173440K, used 15289K [0x00000006d78c0000, 0x00000006e2220000, 0x00000007c0000000)
 Metaspace       used 21290K, capacity 21950K, committed 22216K, reserved 1069056K
  class space    used 2736K, capacity 2901K, committed 2940K, reserved 1048576K
2018-10-12T10:42:21.307+0800: 1.929: [GC (Allocation Failure) 2018-10-12T10:42:21.307+0800: 1.929: [ParNew: 74628K->6428K(78016K), 0.0040107 secs] 89918K->21717K(251456K), 0.0040526 secs] [Times: user=0.00 sys=0.00, real=0.01 secs] 
Heap after GC invocations=10 (full 0):
 par new generation   total 78016K, used 6428K [0x00000006c2c00000, 0x00000006c80a0000, 0x00000006d78c0000)
  eden space 69376K,   0% used [0x00000006c2c00000, 0x00000006c2c00000, 0x00000006c6fc0000)
  from space 8640K,  74% used [0x00000006c6fc0000, 0x00000006c76070d0, 0x00000006c7830000)
  to   space 8640K,   0% used [0x00000006c7830000, 0x00000006c7830000, 0x00000006c80a0000)
 concurrent mark-sweep generation total 173440K, used 15289K [0x00000006d78c0000, 0x00000006e2220000, 0x00000007c0000000)
 Metaspace       used 21290K, capacity 21950K, committed 22216K, reserved 1069056K
  class space    used 2736K, capacity 2901K, committed 2940K, reserved 1048576K
}
2018-10-12T10:42:21.312+0800: 1.933: Application time: 0.0000381 seconds
2018-10-12T10:42:21.312+0800: 1.933: [GC (CMS Initial Mark) [1 CMS-initial-mark: 15289K(173440K)] 22381K(251456K), 0.0011982 secs] [Times: user=0.06 sys=0.00, real=0.00 secs] 
2018-10-12T10:42:21.313+0800: 1.934: [CMS-concurrent-mark-start]
2018-10-12T10:42:21.355+0800: 1.976: [CMS-concurrent-mark: 0.042/0.042 secs] [Times: user=0.03 sys=0.03, real=0.04 secs] 
2018-10-12T10:42:21.355+0800: 1.976: Application time: 0.0419138 seconds
2018-10-12T10:42:21.355+0800: 1.976: [CMS-concurrent-preclean-start]
2018-10-12T10:42:21.355+0800: 1.976: Application time: 0.0000342 seconds
2018-10-12T10:42:21.356+0800: 1.977: [CMS-concurrent-preclean: 0.001/0.001 secs] [Times: user=0.00 sys=0.00, real=0.00 secs] 
2018-10-12T10:42:21.356+0800: 1.977: [CMS-concurrent-abortable-preclean-start]
2018-10-12T10:42:21.375+0800: 1.997: Application time: 0.0202430 seconds
2018-10-12T10:42:21.377+0800: 1.998: Application time: 0.0017310 seconds
2018-10-12T10:42:21.410+0800: 2.031: Application time: 0.0322599 seconds
2018-10-12T10:42:21.442+0800: 2.063: Application time: 0.0317972 seconds
{Heap before GC invocations=10 (full 1):
 par new generation   total 78016K, used 75804K [0x00000006c2c00000, 0x00000006c80a0000, 0x00000006d78c0000)
  eden space 69376K, 100% used [0x00000006c2c00000, 0x00000006c6fc0000, 0x00000006c6fc0000)
  from space 8640K,  74% used [0x00000006c6fc0000, 0x00000006c76070d0, 0x00000006c7830000)
  to   space 8640K,   0% used [0x00000006c7830000, 0x00000006c7830000, 0x00000006c80a0000)
 concurrent mark-sweep generation total 173440K, used 15289K [0x00000006d78c0000, 0x00000006e2220000, 0x00000007c0000000)
 Metaspace       used 22402K, capacity 23146K, committed 23288K, reserved 1069056K
  class space    used 2877K, capacity 3075K, committed 3144K, reserved 1048576K
2018-10-12T10:42:21.442+0800: 2.063: [GC (Allocation Failure) 2018-10-12T10:42:21.442+0800: 2.063: [ParNew: 75804K->5824K(78016K), 0.0053880 secs] 91093K->22050K(251456K), 0.0054430 secs] [Times: user=0.00 sys=0.00, real=0.01 secs] 
Heap after GC invocations=11 (full 1):
 par new generation   total 78016K, used 5824K [0x00000006c2c00000, 0x00000006c80a0000, 0x00000006d78c0000)
  eden space 69376K,   0% used [0x00000006c2c00000, 0x00000006c2c00000, 0x00000006c6fc0000)
  from space 8640K,  67% used [0x00000006c7830000, 0x00000006c7de0388, 0x00000006c80a0000)
  to   space 8640K,   0% used [0x00000006c6fc0000, 0x00000006c6fc0000, 0x00000006c7830000)
 concurrent mark-sweep generation total 173440K, used 16225K [0x00000006d78c0000, 0x00000006e2220000, 0x00000007c0000000)
 Metaspace       used 22402K, capacity 23146K, committed 23288K, reserved 1069056K
  class space    used 2877K, capacity 3075K, committed 3144K, reserved 1048576K
}
2018-10-12T10:42:21.460+0800: 2.081: Application time: 0.0122517 seconds
2018-10-12T10:42:21.534+0800: 2.155: Application time: 0.0740376 seconds
2018-10-12T10:42:21.561+0800: 2.182: Application time: 0.0266025 seconds
2018-10-12T10:42:21.597+0800: 2.217: Application time: 0.0357571 seconds
2018-10-12T10:42:21.597+0800: 2.217: [CMS-concurrent-abortable-preclean: 0.161/0.240 secs] [Times: user=0.84 sys=0.03, real=0.24 secs] 
2018-10-12T10:42:21.597+0800: 2.218: Application time: 0.0002839 seconds
2018-10-12T10:42:21.597+0800: 2.218: [GC (CMS Final Remark) [YG occupancy: 51128 K (78016 K)]2018-10-12T10:42:21.597+0800: 2.218: [Rescan (parallel) , 0.0056817 secs]2018-10-12T10:42:21.603+0800: 2.224: [weak refs processing, 0.0001502 secs]2018-10-12T10:42:21.603+0800: 2.224: [class unloading, 0.0030692 secs]2018-10-12T10:42:21.606+0800: 2.227: [scrub symbol table, 0.0026933 secs]2018-10-12T10:42:21.609+0800: 2.230: [scrub string table, 0.0002380 secs][1 CMS-remark: 16225K(173440K)] 67354K(251456K), 0.0123486 secs] [Times: user=0.00 sys=0.00, real=0.01 secs] 
2018-10-12T10:42:21.610+0800: 2.230: [CMS-concurrent-sweep-start]
2018-10-12T10:42:21.616+0800: 2.237: [CMS-concurrent-sweep: 0.006/0.006 secs] [Times: user=0.06 sys=0.00, real=0.01 secs] 
2018-10-12T10:42:21.616+0800: 2.237: [CMS-concurrent-reset-start]
2018-10-12T10:42:21.619+0800: 2.240: [CMS-concurrent-reset: 0.003/0.003 secs] [Times: user=0.00 sys=0.00, real=0.00 secs] 
2018-10-12T10:42:21.670+0800: 2.291: Application time: 0.0604096 seconds
{Heap before GC invocations=11 (full 1):
 par new generation   total 78016K, used 75200K [0x00000006c2c00000, 0x00000006c80a0000, 0x00000006d78c0000)
  eden space 69376K, 100% used [0x00000006c2c00000, 0x00000006c6fc0000, 0x00000006c6fc0000)
  from space 8640K,  67% used [0x00000006c7830000, 0x00000006c7de0388, 0x00000006c80a0000)
  to   space 8640K,   0% used [0x00000006c6fc0000, 0x00000006c6fc0000, 0x00000006c7830000)
 concurrent mark-sweep generation total 173440K, used 15028K [0x00000006d78c0000, 0x00000006e2220000, 0x00000007c0000000)
 Metaspace       used 24184K, capacity 24938K, committed 25256K, reserved 1071104K
  class space    used 3133K, capacity 3321K, committed 3424K, reserved 1048576K
2018-10-12T10:42:21.670+0800: 2.291: [GC (Allocation Failure) 2018-10-12T10:42:21.670+0800: 2.291: [ParNew: 75200K->4545K(78016K), 0.0045354 secs] 90229K->19828K(251456K), 0.0045992 secs] [Times: user=0.06 sys=0.00, real=0.00 secs] 
Heap after GC invocations=12 (full 1):
 par new generation   total 78016K, used 4545K [0x00000006c2c00000, 0x00000006c80a0000, 0x00000006d78c0000)
  eden space 69376K,   0% used [0x00000006c2c00000, 0x00000006c2c00000, 0x00000006c6fc0000)
  from space 8640K,  52% used [0x00000006c6fc0000, 0x00000006c7430768, 0x00000006c7830000)
  to   space 8640K,   0% used [0x00000006c7830000, 0x00000006c7830000, 0x00000006c80a0000)
 concurrent mark-sweep generation total 173440K, used 15282K [0x00000006d78c0000, 0x00000006e2220000, 0x00000007c0000000)
 Metaspace       used 24184K, capacity 24938K, committed 25256K, reserved 1071104K
  class space    used 3133K, capacity 3321K, committed 3424K, reserved 1048576K
}
2018-10-12T10:42:21.695+0800: 2.316: Application time: 0.0206390 seconds
2018-10-12T10:42:21.810+0800: 2.431: Application time: 0.1147126 seconds
{Heap before GC invocations=12 (full 1):
 par new generation   total 78016K, used 73921K [0x00000006c2c00000, 0x00000006c80a0000, 0x00000006d78c0000)
  eden space 69376K, 100% used [0x00000006c2c00000, 0x00000006c6fc0000, 0x00000006c6fc0000)
  from space 8640K,  52% used [0x00000006c6fc0000, 0x00000006c7430768, 0x00000006c7830000)
  to   space 8640K,   0% used [0x00000006c7830000, 0x00000006c7830000, 0x00000006c80a0000)
 concurrent mark-sweep generation total 173440K, used 15282K [0x00000006d78c0000, 0x00000006e2220000, 0x00000007c0000000)
 Metaspace       used 25172K, capacity 25998K, committed 26076K, reserved 1071104K
  class space    used 3255K, capacity 3475K, committed 3552K, reserved 1048576K
2018-10-12T10:42:21.810+0800: 2.431: [GC (Allocation Failure) 2018-10-12T10:42:21.810+0800: 2.431: [ParNew: 73921K->5165K(78016K), 0.0041700 secs] 89204K->20676K(251456K), 0.0042145 secs] [Times: user=0.05 sys=0.00, real=0.00 secs] 
Heap after GC invocations=13 (full 1):
 par new generation   total 78016K, used 5165K [0x00000006c2c00000, 0x00000006c80a0000, 0x00000006d78c0000)
  eden space 69376K,   0% used [0x00000006c2c00000, 0x00000006c2c00000, 0x00000006c6fc0000)
  from space 8640K,  59% used [0x00000006c7830000, 0x00000006c7d3b4d0, 0x00000006c80a0000)
  to   space 8640K,   0% used [0x00000006c6fc0000, 0x00000006c6fc0000, 0x00000006c7830000)
 concurrent mark-sweep generation total 173440K, used 15510K [0x00000006d78c0000, 0x00000006e2220000, 0x00000007c0000000)
 Metaspace       used 25172K, capacity 25998K, committed 26076K, reserved 1071104K
  class space    used 3255K, capacity 3475K, committed 3552K, reserved 1048576K
}
2018-10-12T10:42:21.905+0800: 2.526: Application time: 0.0902033 seconds
{Heap before GC invocations=13 (full 1):
 par new generation   total 78016K, used 74541K [0x00000006c2c00000, 0x00000006c80a0000, 0x00000006d78c0000)
  eden space 69376K, 100% used [0x00000006c2c00000, 0x00000006c6fc0000, 0x00000006c6fc0000)
  from space 8640K,  59% used [0x00000006c7830000, 0x00000006c7d3b4d0, 0x00000006c80a0000)
  to   space 8640K,   0% used [0x00000006c6fc0000, 0x00000006c6fc0000, 0x00000006c7830000)
 concurrent mark-sweep generation total 173440K, used 15510K [0x00000006d78c0000, 0x00000006e2220000, 0x00000007c0000000)
 Metaspace       used 25677K, capacity 26448K, committed 26588K, reserved 1073152K
  class space    used 3322K, capacity 3514K, committed 3552K, reserved 1048576K
2018-10-12T10:42:21.905+0800: 2.526: [GC (Allocation Failure) 2018-10-12T10:42:21.905+0800: 2.526: [ParNew: 74541K->5200K(78016K), 0.0039990 secs] 90052K->21050K(251456K), 0.0040484 secs] [Times: user=0.05 sys=0.00, real=0.00 secs] 
Heap after GC invocations=14 (full 1):
 par new generation   total 78016K, used 5200K [0x00000006c2c00000, 0x00000006c80a0000, 0x00000006d78c0000)
  eden space 69376K,   0% used [0x00000006c2c00000, 0x00000006c2c00000, 0x00000006c6fc0000)
  from space 8640K,  60% used [0x00000006c6fc0000, 0x00000006c74d4168, 0x00000006c7830000)
  to   space 8640K,   0% used [0x00000006c7830000, 0x00000006c7830000, 0x00000006c80a0000)
 concurrent mark-sweep generation total 173440K, used 15849K [0x00000006d78c0000, 0x00000006e2220000, 0x00000007c0000000)
 Metaspace       used 25677K, capacity 26448K, committed 26588K, reserved 1073152K
  class space    used 3322K, capacity 3514K, committed 3552K, reserved 1048576K
}
2018-10-12T10:42:21.975+0800: 2.596: Application time: 0.0658745 seconds
{Heap before GC invocations=14 (full 1):
 par new generation   total 78016K, used 74576K [0x00000006c2c00000, 0x00000006c80a0000, 0x00000006d78c0000)
  eden space 69376K, 100% used [0x00000006c2c00000, 0x00000006c6fc0000, 0x00000006c6fc0000)
  from space 8640K,  60% used [0x00000006c6fc0000, 0x00000006c74d4168, 0x00000006c7830000)
  to   space 8640K,   0% used [0x00000006c7830000, 0x00000006c7830000, 0x00000006c80a0000)
 concurrent mark-sweep generation total 173440K, used 15849K [0x00000006d78c0000, 0x00000006e2220000, 0x00000007c0000000)
 Metaspace       used 25872K, capacity 26730K, committed 26972K, reserved 1073152K
  class space    used 3349K, capacity 3559K, committed 3680K, reserved 1048576K
2018-10-12T10:42:21.975+0800: 2.596: [GC (Allocation Failure) 2018-10-12T10:42:21.975+0800: 2.596: [ParNew: 74576K->4105K(78016K), 0.0038918 secs] 90426K->20560K(251456K), 0.0039521 secs] [Times: user=0.00 sys=0.00, real=0.00 secs] 
Heap after GC invocations=15 (full 1):
 par new generation   total 78016K, used 4105K [0x00000006c2c00000, 0x00000006c80a0000, 0x00000006d78c0000)
  eden space 69376K,   0% used [0x00000006c2c00000, 0x00000006c2c00000, 0x00000006c6fc0000)
  from space 8640K,  47% used [0x00000006c7830000, 0x00000006c7c326e8, 0x00000006c80a0000)
  to   space 8640K,   0% used [0x00000006c6fc0000, 0x00000006c6fc0000, 0x00000006c7830000)
 concurrent mark-sweep generation total 173440K, used 16454K [0x00000006d78c0000, 0x00000006e2220000, 0x00000007c0000000)
 Metaspace       used 25872K, capacity 26730K, committed 26972K, reserved 1073152K
  class space    used 3349K, capacity 3559K, committed 3680K, reserved 1048576K
}
2018-10-12T10:42:22.067+0800: 2.688: Application time: 0.0882494 seconds
{Heap before GC invocations=15 (full 1):
 par new generation   total 78016K, used 73481K [0x00000006c2c00000, 0x00000006c80a0000, 0x00000006d78c0000)
  eden space 69376K, 100% used [0x00000006c2c00000, 0x00000006c6fc0000, 0x00000006c6fc0000)
  from space 8640K,  47% used [0x00000006c7830000, 0x00000006c7c326e8, 0x00000006c80a0000)
  to   space 8640K,   0% used [0x00000006c6fc0000, 0x00000006c6fc0000, 0x00000006c7830000)
 concurrent mark-sweep generation total 173440K, used 16454K [0x00000006d78c0000, 0x00000006e2220000, 0x00000007c0000000)
 Metaspace       used 26100K, capacity 27018K, committed 27228K, reserved 1073152K
  class space    used 3379K, capacity 3629K, committed 3680K, reserved 1048576K
2018-10-12T10:42:22.067+0800: 2.688: [GC (Allocation Failure) 2018-10-12T10:42:22.067+0800: 2.688: [ParNew: 73481K->4418K(78016K), 0.0036662 secs] 89936K->21090K(251456K), 0.0037166 secs] [Times: user=0.00 sys=0.00, real=0.00 secs] 
Heap after GC invocations=16 (full 1):
 par new generation   total 78016K, used 4418K [0x00000006c2c00000, 0x00000006c80a0000, 0x00000006d78c0000)
  eden space 69376K,   0% used [0x00000006c2c00000, 0x00000006c2c00000, 0x00000006c6fc0000)
  from space 8640K,  51% used [0x00000006c6fc0000, 0x00000006c7410840, 0x00000006c7830000)
  to   space 8640K,   0% used [0x00000006c7830000, 0x00000006c7830000, 0x00000006c80a0000)
 concurrent mark-sweep generation total 173440K, used 16672K [0x00000006d78c0000, 0x00000006e2220000, 0x00000007c0000000)
 Metaspace       used 26100K, capacity 27018K, committed 27228K, reserved 1073152K
  class space    used 3379K, capacity 3629K, committed 3680K, reserved 1048576K
}
2018-10-12T10:42:22.356+0800: 2.977: Application time: 0.2846972 seconds
2018-10-12T10:42:22.479+0800: 3.101: Application time: 0.1239956 seconds
{Heap before GC invocations=16 (full 1):
 par new generation   total 78016K, used 73794K [0x00000006c2c00000, 0x00000006c80a0000, 0x00000006d78c0000)
  eden space 69376K, 100% used [0x00000006c2c00000, 0x00000006c6fc0000, 0x00000006c6fc0000)
  from space 8640K,  51% used [0x00000006c6fc0000, 0x00000006c7410840, 0x00000006c7830000)
  to   space 8640K,   0% used [0x00000006c7830000, 0x00000006c7830000, 0x00000006c80a0000)
 concurrent mark-sweep generation total 173440K, used 16672K [0x00000006d78c0000, 0x00000006e2220000, 0x00000007c0000000)
 Metaspace       used 26771K, capacity 27752K, committed 27868K, reserved 1073152K
  class space    used 3474K, capacity 3726K, committed 3808K, reserved 1048576K
2018-10-12T10:42:22.480+0800: 3.101: [GC (Allocation Failure) 2018-10-12T10:42:22.480+0800: 3.101: [ParNew: 73794K->5356K(78016K), 0.0039066 secs] 90466K->22193K(251456K), 0.0039994 secs] [Times: user=0.00 sys=0.00, real=0.00 secs] 
Heap after GC invocations=17 (full 1):
 par new generation   total 78016K, used 5356K [0x00000006c2c00000, 0x00000006c80a0000, 0x00000006d78c0000)
  eden space 69376K,   0% used [0x00000006c2c00000, 0x00000006c2c00000, 0x00000006c6fc0000)
  from space 8640K,  61% used [0x00000006c7830000, 0x00000006c7d6b240, 0x00000006c80a0000)
  to   space 8640K,   0% used [0x00000006c6fc0000, 0x00000006c6fc0000, 0x00000006c7830000)
 concurrent mark-sweep generation total 173440K, used 16837K [0x00000006d78c0000, 0x00000006e2220000, 0x00000007c0000000)
 Metaspace       used 26771K, capacity 27752K, committed 27868K, reserved 1073152K
  class space    used 3474K, capacity 3726K, committed 3808K, reserved 1048576K
}
2018-10-12T10:42:22.658+0800: 3.279: Application time: 0.1737657 seconds
{Heap before GC invocations=17 (full 1):
 par new generation   total 78016K, used 74732K [0x00000006c2c00000, 0x00000006c80a0000, 0x00000006d78c0000)
  eden space 69376K, 100% used [0x00000006c2c00000, 0x00000006c6fc0000, 0x00000006c6fc0000)
  from space 8640K,  61% used [0x00000006c7830000, 0x00000006c7d6b240, 0x00000006c80a0000)
  to   space 8640K,   0% used [0x00000006c6fc0000, 0x00000006c6fc0000, 0x00000006c7830000)
 concurrent mark-sweep generation total 173440K, used 16837K [0x00000006d78c0000, 0x00000006e2220000, 0x00000007c0000000)
 Metaspace       used 27380K, capacity 28350K, committed 28380K, reserved 1073152K
  class space    used 3544K, capacity 3793K, committed 3808K, reserved 1048576K
2018-10-12T10:42:22.658+0800: 3.279: [GC (Allocation Failure) 2018-10-12T10:42:22.658+0800: 3.279: [ParNew: 74732K->6555K(78016K), 0.0046112 secs] 91569K->23530K(251456K), 0.0046810 secs] [Times: user=0.00 sys=0.00, real=0.01 secs] 
Heap after GC invocations=18 (full 1):
 par new generation   total 78016K, used 6555K [0x00000006c2c00000, 0x00000006c80a0000, 0x00000006d78c0000)
  eden space 69376K,   0% used [0x00000006c2c00000, 0x00000006c2c00000, 0x00000006c6fc0000)
  from space 8640K,  75% used [0x00000006c6fc0000, 0x00000006c7626d18, 0x00000006c7830000)
  to   space 8640K,   0% used [0x00000006c7830000, 0x00000006c7830000, 0x00000006c80a0000)
 concurrent mark-sweep generation total 173440K, used 16975K [0x00000006d78c0000, 0x00000006e2220000, 0x00000007c0000000)
 Metaspace       used 27380K, capacity 28350K, committed 28380K, reserved 1073152K
  class space    used 3544K, capacity 3793K, committed 3808K, reserved 1048576K
}
2018-10-12T10:42:22.800+0800: 3.420: Application time: 0.1364271 seconds
{Heap before GC invocations=18 (full 1):
 par new generation   total 78016K, used 75931K [0x00000006c2c00000, 0x00000006c80a0000, 0x00000006d78c0000)
  eden space 69376K, 100% used [0x00000006c2c00000, 0x00000006c6fc0000, 0x00000006c6fc0000)
  from space 8640K,  75% used [0x00000006c6fc0000, 0x00000006c7626d18, 0x00000006c7830000)
  to   space 8640K,   0% used [0x00000006c7830000, 0x00000006c7830000, 0x00000006c80a0000)
 concurrent mark-sweep generation total 173440K, used 16975K [0x00000006d78c0000, 0x00000006e2220000, 0x00000007c0000000)
 Metaspace       used 27609K, capacity 28642K, committed 28892K, reserved 1075200K
  class space    used 3575K, capacity 3803K, committed 3808K, reserved 1048576K
2018-10-12T10:42:22.800+0800: 3.420: [GC (Allocation Failure) 2018-10-12T10:42:22.800+0800: 3.420: [ParNew: 75931K->5006K(78016K), 0.0057766 secs] 92906K->22650K(251456K), 0.0058538 secs] [Times: user=0.00 sys=0.00, real=0.01 secs] 
Heap after GC invocations=19 (full 1):
 par new generation   total 78016K, used 5006K [0x00000006c2c00000, 0x00000006c80a0000, 0x00000006d78c0000)
  eden space 69376K,   0% used [0x00000006c2c00000, 0x00000006c2c00000, 0x00000006c6fc0000)
  from space 8640K,  57% used [0x00000006c7830000, 0x00000006c7d13860, 0x00000006c80a0000)
  to   space 8640K,   0% used [0x00000006c6fc0000, 0x00000006c6fc0000, 0x00000006c7830000)
 concurrent mark-sweep generation total 173440K, used 17644K [0x00000006d78c0000, 0x00000006e2220000, 0x00000007c0000000)
 Metaspace       used 27609K, capacity 28642K, committed 28892K, reserved 1075200K
  class space    used 3575K, capacity 3803K, committed 3808K, reserved 1048576K
}
2018-10-12T10:42:22.871+0800: 3.493: Application time: 0.0663678 seconds
{Heap before GC invocations=19 (full 1):
 par new generation   total 78016K, used 74382K [0x00000006c2c00000, 0x00000006c80a0000, 0x00000006d78c0000)
  eden space 69376K, 100% used [0x00000006c2c00000, 0x00000006c6fc0000, 0x00000006c6fc0000)
  from space 8640K,  57% used [0x00000006c7830000, 0x00000006c7d13860, 0x00000006c80a0000)
  to   space 8640K,   0% used [0x00000006c6fc0000, 0x00000006c6fc0000, 0x00000006c7830000)
 concurrent mark-sweep generation total 173440K, used 17644K [0x00000006d78c0000, 0x00000006e2220000, 0x00000007c0000000)
 Metaspace       used 28111K, capacity 29154K, committed 29276K, reserved 1075200K
  class space    used 3618K, capacity 3867K, committed 3936K, reserved 1048576K
2018-10-12T10:42:22.872+0800: 3.493: [GC (Allocation Failure) 2018-10-12T10:42:22.872+0800: 3.493: [ParNew: 74382K->6758K(78016K), 0.0036901 secs] 92026K->24402K(251456K), 0.0037462 secs] [Times: user=0.00 sys=0.00, real=0.00 secs] 
Heap after GC invocations=20 (full 1):
 par new generation   total 78016K, used 6758K [0x00000006c2c00000, 0x00000006c80a0000, 0x00000006d78c0000)
  eden space 69376K,   0% used [0x00000006c2c00000, 0x00000006c2c00000, 0x00000006c6fc0000)
  from space 8640K,  78% used [0x00000006c6fc0000, 0x00000006c7659918, 0x00000006c7830000)
  to   space 8640K,   0% used [0x00000006c7830000, 0x00000006c7830000, 0x00000006c80a0000)
 concurrent mark-sweep generation total 173440K, used 17644K [0x00000006d78c0000, 0x00000006e2220000, 0x00000007c0000000)
 Metaspace       used 28111K, capacity 29154K, committed 29276K, reserved 1075200K
  class space    used 3618K, capacity 3867K, committed 3936K, reserved 1048576K
}
2018-10-12T10:42:22.932+0800: 3.553: Application time: 0.0560735 seconds
{Heap before GC invocations=20 (full 1):
 par new generation   total 78016K, used 76134K [0x00000006c2c00000, 0x00000006c80a0000, 0x00000006d78c0000)
  eden space 69376K, 100% used [0x00000006c2c00000, 0x00000006c6fc0000, 0x00000006c6fc0000)
  from space 8640K,  78% used [0x00000006c6fc0000, 0x00000006c7659918, 0x00000006c7830000)
  to   space 8640K,   0% used [0x00000006c7830000, 0x00000006c7830000, 0x00000006c80a0000)
 concurrent mark-sweep generation total 173440K, used 17644K [0x00000006d78c0000, 0x00000006e2220000, 0x00000007c0000000)
 Metaspace       used 28184K, capacity 29218K, committed 29532K, reserved 1075200K
  class space    used 3633K, capacity 3867K, committed 3936K, reserved 1048576K
2018-10-12T10:42:22.932+0800: 3.553: [GC (Allocation Failure) 2018-10-12T10:42:22.932+0800: 3.553: [ParNew: 76134K->4494K(78016K), 0.0047614 secs] 93778K->22879K(251456K), 0.0048319 secs] [Times: user=0.00 sys=0.00, real=0.01 secs] 
Heap after GC invocations=21 (full 1):
 par new generation   total 78016K, used 4494K [0x00000006c2c00000, 0x00000006c80a0000, 0x00000006d78c0000)
  eden space 69376K,   0% used [0x00000006c2c00000, 0x00000006c2c00000, 0x00000006c6fc0000)
  from space 8640K,  52% used [0x00000006c7830000, 0x00000006c7c93be0, 0x00000006c80a0000)
  to   space 8640K,   0% used [0x00000006c6fc0000, 0x00000006c6fc0000, 0x00000006c7830000)
 concurrent mark-sweep generation total 173440K, used 18384K [0x00000006d78c0000, 0x00000006e2220000, 0x00000007c0000000)
 Metaspace       used 28184K, capacity 29218K, committed 29532K, reserved 1075200K
  class space    used 3633K, capacity 3867K, committed 3936K, reserved 1048576K
}
2018-10-12T10:42:23.011+0800: 3.632: Application time: 0.0744103 seconds
{Heap before GC invocations=21 (full 1):
 par new generation   total 78016K, used 73870K [0x00000006c2c00000, 0x00000006c80a0000, 0x00000006d78c0000)
  eden space 69376K, 100% used [0x00000006c2c00000, 0x00000006c6fc0000, 0x00000006c6fc0000)
  from space 8640K,  52% used [0x00000006c7830000, 0x00000006c7c93be0, 0x00000006c80a0000)
  to   space 8640K,   0% used [0x00000006c6fc0000, 0x00000006c6fc0000, 0x00000006c7830000)
 concurrent mark-sweep generation total 173440K, used 18384K [0x00000006d78c0000, 0x00000006e2220000, 0x00000007c0000000)
 Metaspace       used 28193K, capacity 29218K, committed 29532K, reserved 1075200K
  class space    used 3633K, capacity 3867K, committed 3936K, reserved 1048576K
2018-10-12T10:42:23.012+0800: 3.633: [GC (Allocation Failure) 2018-10-12T10:42:23.012+0800: 3.633: [ParNew: 73870K->4094K(78016K), 0.0035819 secs] 92255K->22798K(251456K), 0.0036718 secs] [Times: user=0.00 sys=0.00, real=0.00 secs] 
Heap after GC invocations=22 (full 1):
 par new generation   total 78016K, used 4094K [0x00000006c2c00000, 0x00000006c80a0000, 0x00000006d78c0000)
  eden space 69376K,   0% used [0x00000006c2c00000, 0x00000006c2c00000, 0x00000006c6fc0000)
  from space 8640K,  47% used [0x00000006c6fc0000, 0x00000006c73bfa28, 0x00000006c7830000)
  to   space 8640K,   0% used [0x00000006c7830000, 0x00000006c7830000, 0x00000006c80a0000)
 concurrent mark-sweep generation total 173440K, used 18704K [0x00000006d78c0000, 0x00000006e2220000, 0x00000007c0000000)
 Metaspace       used 28193K, capacity 29218K, committed 29532K, reserved 1075200K
  class space    used 3633K, capacity 3867K, committed 3936K, reserved 1048576K
}
2018-10-12T10:42:23.065+0800: 3.685: Application time: 0.0491467 seconds
{Heap before GC invocations=22 (full 1):
 par new generation   total 78016K, used 73470K [0x00000006c2c00000, 0x00000006c80a0000, 0x00000006d78c0000)
  eden space 69376K, 100% used [0x00000006c2c00000, 0x00000006c6fc0000, 0x00000006c6fc0000)
  from space 8640K,  47% used [0x00000006c6fc0000, 0x00000006c73bfa28, 0x00000006c7830000)
  to   space 8640K,   0% used [0x00000006c7830000, 0x00000006c7830000, 0x00000006c80a0000)
 concurrent mark-sweep generation total 173440K, used 18704K [0x00000006d78c0000, 0x00000006e2220000, 0x00000007c0000000)
 Metaspace       used 28193K, capacity 29218K, committed 29532K, reserved 1075200K
  class space    used 3633K, capacity 3867K, committed 3936K, reserved 1048576K
2018-10-12T10:42:23.065+0800: 3.686: [GC (Allocation Failure) 2018-10-12T10:42:23.065+0800: 3.686: [ParNew: 73470K->3210K(78016K), 0.0030223 secs] 92174K->22049K(251456K), 0.0030858 secs] [Times: user=0.00 sys=0.00, real=0.00 secs] 
Heap after GC invocations=23 (full 1):
 par new generation   total 78016K, used 3210K [0x00000006c2c00000, 0x00000006c80a0000, 0x00000006d78c0000)
  eden space 69376K,   0% used [0x00000006c2c00000, 0x00000006c2c00000, 0x00000006c6fc0000)
  from space 8640K,  37% used [0x00000006c7830000, 0x00000006c7b52a80, 0x00000006c80a0000)
  to   space 8640K,   0% used [0x00000006c6fc0000, 0x00000006c6fc0000, 0x00000006c7830000)
 concurrent mark-sweep generation total 173440K, used 18838K [0x00000006d78c0000, 0x00000006e2220000, 0x00000007c0000000)
 Metaspace       used 28193K, capacity 29218K, committed 29532K, reserved 1075200K
  class space    used 3633K, capacity 3867K, committed 3936K, reserved 1048576K
}
2018-10-12T10:42:23.128+0800: 3.749: Application time: 0.0603832 seconds
{Heap before GC invocations=23 (full 1):
 par new generation   total 78016K, used 72586K [0x00000006c2c00000, 0x00000006c80a0000, 0x00000006d78c0000)
  eden space 69376K, 100% used [0x00000006c2c00000, 0x00000006c6fc0000, 0x00000006c6fc0000)
  from space 8640K,  37% used [0x00000006c7830000, 0x00000006c7b52a80, 0x00000006c80a0000)
  to   space 8640K,   0% used [0x00000006c6fc0000, 0x00000006c6fc0000, 0x00000006c7830000)
 concurrent mark-sweep generation total 173440K, used 18838K [0x00000006d78c0000, 0x00000006e2220000, 0x00000007c0000000)
 Metaspace       used 28204K, capacity 29218K, committed 29532K, reserved 1075200K
  class space    used 3633K, capacity 3867K, committed 3936K, reserved 1048576K
2018-10-12T10:42:23.129+0800: 3.749: [GC (Allocation Failure) 2018-10-12T10:42:23.129+0800: 3.749: [ParNew: 72586K->3663K(78016K), 0.0031609 secs] 91425K->22596K(251456K), 0.0032201 secs] [Times: user=0.00 sys=0.00, real=0.00 secs] 
Heap after GC invocations=24 (full 1):
 par new generation   total 78016K, used 3663K [0x00000006c2c00000, 0x00000006c80a0000, 0x00000006d78c0000)
  eden space 69376K,   0% used [0x00000006c2c00000, 0x00000006c2c00000, 0x00000006c6fc0000)
  from space 8640K,  42% used [0x00000006c6fc0000, 0x00000006c7353eb8, 0x00000006c7830000)
  to   space 8640K,   0% used [0x00000006c7830000, 0x00000006c7830000, 0x00000006c80a0000)
 concurrent mark-sweep generation total 173440K, used 18933K [0x00000006d78c0000, 0x00000006e2220000, 0x00000007c0000000)
 Metaspace       used 28204K, capacity 29218K, committed 29532K, reserved 1075200K
  class space    used 3633K, capacity 3867K, committed 3936K, reserved 1048576K
}
2018-10-12T10:42:23.166+0800: 3.787: Application time: 0.0342500 seconds
{Heap before GC invocations=24 (full 1):
 par new generation   total 78016K, used 73039K [0x00000006c2c00000, 0x00000006c80a0000, 0x00000006d78c0000)
  eden space 69376K, 100% used [0x00000006c2c00000, 0x00000006c6fc0000, 0x00000006c6fc0000)
  from space 8640K,  42% used [0x00000006c6fc0000, 0x00000006c7353eb8, 0x00000006c7830000)
  to   space 8640K,   0% used [0x00000006c7830000, 0x00000006c7830000, 0x00000006c80a0000)
 concurrent mark-sweep generation total 173440K, used 18933K [0x00000006d78c0000, 0x00000006e2220000, 0x00000007c0000000)
 Metaspace       used 28204K, capacity 29218K, committed 29532K, reserved 1075200K
  class space    used 3633K, capacity 3867K, committed 3936K, reserved 1048576K
2018-10-12T10:42:23.166+0800: 3.787: [GC (Allocation Failure) 2018-10-12T10:42:23.166+0800: 3.787: [ParNew: 73039K->2933K(78016K), 0.0026376 secs] 91972K->21992K(251456K), 0.0026813 secs] [Times: user=0.00 sys=0.00, real=0.00 secs] 
Heap after GC invocations=25 (full 1):
 par new generation   total 78016K, used 2933K [0x00000006c2c00000, 0x00000006c80a0000, 0x00000006d78c0000)
  eden space 69376K,   0% used [0x00000006c2c00000, 0x00000006c2c00000, 0x00000006c6fc0000)
  from space 8640K,  33% used [0x00000006c7830000, 0x00000006c7b0d660, 0x00000006c80a0000)
  to   space 8640K,   0% used [0x00000006c6fc0000, 0x00000006c6fc0000, 0x00000006c7830000)
 concurrent mark-sweep generation total 173440K, used 19058K [0x00000006d78c0000, 0x00000006e2220000, 0x00000007c0000000)
 Metaspace       used 28204K, capacity 29218K, committed 29532K, reserved 1075200K
  class space    used 3633K, capacity 3867K, committed 3936K, reserved 1048576K
}
2018-10-12T10:42:23.287+0800: 3.908: Application time: 0.1185579 seconds
{Heap before GC invocations=25 (full 1):
 par new generation   total 78016K, used 72309K [0x00000006c2c00000, 0x00000006c80a0000, 0x00000006d78c0000)
  eden space 69376K, 100% used [0x00000006c2c00000, 0x00000006c6fc0000, 0x00000006c6fc0000)
  from space 8640K,  33% used [0x00000006c7830000, 0x00000006c7b0d660, 0x00000006c80a0000)
  to   space 8640K,   0% used [0x00000006c6fc0000, 0x00000006c6fc0000, 0x00000006c7830000)
 concurrent mark-sweep generation total 173440K, used 19058K [0x00000006d78c0000, 0x00000006e2220000, 0x00000007c0000000)
 Metaspace       used 28628K, capacity 29648K, committed 29916K, reserved 1075200K
  class space    used 3684K, capacity 3940K, committed 4064K, reserved 1048576K
2018-10-12T10:42:23.287+0800: 3.908: [GC (Allocation Failure) 2018-10-12T10:42:23.287+0800: 3.908: [ParNew: 72309K->3341K(78016K), 0.0042931 secs] 91368K->22792K(251456K), 0.0043629 secs] [Times: user=0.00 sys=0.00, real=0.00 secs] 
Heap after GC invocations=26 (full 1):
 par new generation   total 78016K, used 3341K [0x00000006c2c00000, 0x00000006c80a0000, 0x00000006d78c0000)
  eden space 69376K,   0% used [0x00000006c2c00000, 0x00000006c2c00000, 0x00000006c6fc0000)
  from space 8640K,  38% used [0x00000006c6fc0000, 0x00000006c7303690, 0x00000006c7830000)
  to   space 8640K,   0% used [0x00000006c7830000, 0x00000006c7830000, 0x00000006c80a0000)
 concurrent mark-sweep generation total 173440K, used 19450K [0x00000006d78c0000, 0x00000006e2220000, 0x00000007c0000000)
 Metaspace       used 28628K, capacity 29648K, committed 29916K, reserved 1075200K
  class space    used 3684K, capacity 3940K, committed 4064K, reserved 1048576K
}
2018-10-12T10:42:23.442+0800: 4.063: Application time: 0.1504585 seconds
{Heap before GC invocations=26 (full 1):
 par new generation   total 78016K, used 72717K [0x00000006c2c00000, 0x00000006c80a0000, 0x00000006d78c0000)
  eden space 69376K, 100% used [0x00000006c2c00000, 0x00000006c6fc0000, 0x00000006c6fc0000)
  from space 8640K,  38% used [0x00000006c6fc0000, 0x00000006c7303690, 0x00000006c7830000)
  to   space 8640K,   0% used [0x00000006c7830000, 0x00000006c7830000, 0x00000006c80a0000)
 concurrent mark-sweep generation total 173440K, used 19450K [0x00000006d78c0000, 0x00000006e2220000, 0x00000007c0000000)
 Metaspace       used 28950K, capacity 29996K, committed 30172K, reserved 1075200K
  class space    used 3723K, capacity 3982K, committed 4064K, reserved 1048576K
2018-10-12T10:42:23.442+0800: 4.063: [GC (Allocation Failure) 2018-10-12T10:42:23.442+0800: 4.063: [ParNew: 72717K->2939K(78016K), 0.0051602 secs] 92168K->23265K(251456K), 0.0052283 secs] [Times: user=0.00 sys=0.00, real=0.01 secs] 
Heap after GC invocations=27 (full 1):
 par new generation   total 78016K, used 2939K [0x00000006c2c00000, 0x00000006c80a0000, 0x00000006d78c0000)
  eden space 69376K,   0% used [0x00000006c2c00000, 0x00000006c2c00000, 0x00000006c6fc0000)
  from space 8640K,  34% used [0x00000006c7830000, 0x00000006c7b0edc0, 0x00000006c80a0000)
  to   space 8640K,   0% used [0x00000006c6fc0000, 0x00000006c6fc0000, 0x00000006c7830000)
 concurrent mark-sweep generation total 173440K, used 20326K [0x00000006d78c0000, 0x00000006e2220000, 0x00000007c0000000)
 Metaspace       used 28950K, capacity 29996K, committed 30172K, reserved 1075200K
  class space    used 3723K, capacity 3982K, committed 4064K, reserved 1048576K
}
2018-10-12T10:42:23.523+0800: 4.143: Application time: 0.0745975 seconds
2018-10-12T10:42:23.542+0800: 4.162: Application time: 0.0187892 seconds
{Heap before GC invocations=27 (full 1):
 par new generation   total 78016K, used 72315K [0x00000006c2c00000, 0x00000006c80a0000, 0x00000006d78c0000)
  eden space 69376K, 100% used [0x00000006c2c00000, 0x00000006c6fc0000, 0x00000006c6fc0000)
  from space 8640K,  34% used [0x00000006c7830000, 0x00000006c7b0edc0, 0x00000006c80a0000)
  to   space 8640K,   0% used [0x00000006c6fc0000, 0x00000006c6fc0000, 0x00000006c7830000)
 concurrent mark-sweep generation total 173440K, used 20326K [0x00000006d78c0000, 0x00000006e2220000, 0x00000007c0000000)
 Metaspace       used 29079K, capacity 30154K, committed 30428K, reserved 1075200K
  class space    used 3740K, capacity 3987K, committed 4064K, reserved 1048576K
2018-10-12T10:42:23.542+0800: 4.162: [GC (Allocation Failure) 2018-10-12T10:42:23.542+0800: 4.162: [ParNew: 72315K->3145K(78016K), 0.0033700 secs] 92641K->23857K(251456K), 0.0034271 secs] [Times: user=0.00 sys=0.00, real=0.00 secs] 
Heap after GC invocations=28 (full 1):
 par new generation   total 78016K, used 3145K [0x00000006c2c00000, 0x00000006c80a0000, 0x00000006d78c0000)
  eden space 69376K,   0% used [0x00000006c2c00000, 0x00000006c2c00000, 0x00000006c6fc0000)
  from space 8640K,  36% used [0x00000006c6fc0000, 0x00000006c72d2408, 0x00000006c7830000)
  to   space 8640K,   0% used [0x00000006c7830000, 0x00000006c7830000, 0x00000006c80a0000)
 concurrent mark-sweep generation total 173440K, used 20712K [0x00000006d78c0000, 0x00000006e2220000, 0x00000007c0000000)
 Metaspace       used 29079K, capacity 30154K, committed 30428K, reserved 1075200K
  class space    used 3740K, capacity 3987K, committed 4064K, reserved 1048576K
}
2018-10-12T10:42:23.545+0800: 4.166: Application time: 0.0000607 seconds
2018-10-12T10:42:23.546+0800: 4.166: Application time: 0.0000776 seconds
2018-10-12T10:42:23.546+0800: 4.166: Application time: 0.0000236 seconds
2018-10-12T10:42:23.546+0800: 4.166: Application time: 0.0000201 seconds
2018-10-12T10:42:23.546+0800: 4.166: Application time: 0.0000275 seconds
2018-10-12T10:42:23.546+0800: 4.166: Application time: 0.0000180 seconds
2018-10-12T10:42:23.546+0800: 4.167: Application time: 0.0000176 seconds
2018-10-12T10:42:23.546+0800: 4.167: Application time: 0.0000166 seconds
2018-10-12T10:42:23.546+0800: 4.167: Application time: 0.0000166 seconds
2018-10-12T10:42:23.546+0800: 4.167: Application time: 0.0000155 seconds
2018-10-12T10:42:23.546+0800: 4.167: Application time: 0.0000159 seconds
2018-10-12T10:42:23.546+0800: 4.167: Application time: 0.0000176 seconds
2018-10-12T10:42:23.546+0800: 4.167: Application time: 0.0000166 seconds
2018-10-12T10:42:23.546+0800: 4.167: Application time: 0.0000159 seconds
2018-10-12T10:42:23.546+0800: 4.167: Application time: 0.0000173 seconds
2018-10-12T10:42:23.546+0800: 4.167: Application time: 0.0000159 seconds
2018-10-12T10:42:23.547+0800: 4.167: Application time: 0.0000212 seconds
2018-10-12T10:42:23.547+0800: 4.167: Application time: 0.0000166 seconds
2018-10-12T10:42:23.547+0800: 4.167: Application time: 0.0000169 seconds
2018-10-12T10:42:23.547+0800: 4.167: Application time: 0.0000201 seconds
2018-10-12T10:42:23.709+0800: 4.330: Application time: 0.1629601 seconds
{Heap before GC invocations=28 (full 1):
 par new generation   total 78016K, used 72521K [0x00000006c2c00000, 0x00000006c80a0000, 0x00000006d78c0000)
  eden space 69376K, 100% used [0x00000006c2c00000, 0x00000006c6fc0000, 0x00000006c6fc0000)
  from space 8640K,  36% used [0x00000006c6fc0000, 0x00000006c72d2408, 0x00000006c7830000)
  to   space 8640K,   0% used [0x00000006c7830000, 0x00000006c7830000, 0x00000006c80a0000)
 concurrent mark-sweep generation total 173440K, used 20712K [0x00000006d78c0000, 0x00000006e2220000, 0x00000007c0000000)
 Metaspace       used 29263K, capacity 30366K, committed 30428K, reserved 1075200K
  class space    used 3768K, capacity 4031K, committed 4064K, reserved 1048576K
2018-10-12T10:42:23.709+0800: 4.330: [GC (Allocation Failure) 2018-10-12T10:42:23.709+0800: 4.330: [ParNew: 72521K->3475K(78016K), 0.0035858 secs] 93233K->24281K(251456K), 0.0036510 secs] [Times: user=0.00 sys=0.00, real=0.00 secs] 
Heap after GC invocations=29 (full 1):
 par new generation   total 78016K, used 3475K [0x00000006c2c00000, 0x00000006c80a0000, 0x00000006d78c0000)
  eden space 69376K,   0% used [0x00000006c2c00000, 0x00000006c2c00000, 0x00000006c6fc0000)
  from space 8640K,  40% used [0x00000006c7830000, 0x00000006c7b94cb0, 0x00000006c80a0000)
  to   space 8640K,   0% used [0x00000006c6fc0000, 0x00000006c6fc0000, 0x00000006c7830000)
 concurrent mark-sweep generation total 173440K, used 20805K [0x00000006d78c0000, 0x00000006e2220000, 0x00000007c0000000)
 Metaspace       used 29263K, capacity 30366K, committed 30428K, reserved 1075200K
  class space    used 3768K, capacity 4031K, committed 4064K, reserved 1048576K
}
2018-10-12T10:42:23.713+0800: 4.334: Application time: 0.0001756 seconds
2018-10-12T10:42:23.714+0800: 4.335: Application time: 0.0000367 seconds
2018-10-12T10:42:23.714+0800: 4.335: Application time: 0.0000289 seconds
2018-10-12T10:42:23.714+0800: 4.335: Application time: 0.0000272 seconds
2018-10-12T10:42:23.714+0800: 4.335: Application time: 0.0000201 seconds
2018-10-12T10:42:23.714+0800: 4.335: Application time: 0.0000194 seconds
2018-10-12T10:42:23.714+0800: 4.335: Application time: 0.0000321 seconds
2018-10-12T10:42:23.714+0800: 4.335: Application time: 0.0000176 seconds
2018-10-12T10:42:23.714+0800: 4.335: Application time: 0.0000162 seconds
2018-10-12T10:42:23.714+0800: 4.335: Application time: 0.0000194 seconds
2018-10-12T10:42:23.714+0800: 4.336: Application time: 0.0000205 seconds
2018-10-12T10:42:23.715+0800: 4.336: Application time: 0.0000374 seconds
2018-10-12T10:42:23.715+0800: 4.336: Application time: 0.0000187 seconds
2018-10-12T10:42:23.715+0800: 4.336: Application time: 0.0000215 seconds
2018-10-12T10:42:23.715+0800: 4.336: Application time: 0.0000197 seconds
2018-10-12T10:42:23.715+0800: 4.336: Application time: 0.0000187 seconds
2018-10-12T10:42:23.715+0800: 4.336: Application time: 0.0000162 seconds
2018-10-12T10:42:23.715+0800: 4.336: Application time: 0.0000324 seconds
2018-10-12T10:42:23.715+0800: 4.336: Application time: 0.0000169 seconds
2018-10-12T10:42:23.715+0800: 4.336: Application time: 0.0000201 seconds
2018-10-12T10:42:24.042+0800: 4.663: Application time: 0.3264714 seconds
{Heap before GC invocations=29 (full 1):
 par new generation   total 78016K, used 72851K [0x00000006c2c00000, 0x00000006c80a0000, 0x00000006d78c0000)
  eden space 69376K, 100% used [0x00000006c2c00000, 0x00000006c6fc0000, 0x00000006c6fc0000)
  from space 8640K,  40% used [0x00000006c7830000, 0x00000006c7b94cb0, 0x00000006c80a0000)
  to   space 8640K,   0% used [0x00000006c6fc0000, 0x00000006c6fc0000, 0x00000006c7830000)
 concurrent mark-sweep generation total 173440K, used 20805K [0x00000006d78c0000, 0x00000006e2220000, 0x00000007c0000000)
 Metaspace       used 29447K, capacity 30514K, committed 30684K, reserved 1075200K
  class space    used 3791K, capacity 4033K, committed 4064K, reserved 1048576K
2018-10-12T10:42:24.042+0800: 4.663: [GC (Allocation Failure) 2018-10-12T10:42:24.042+0800: 4.663: [ParNew: 72851K->4043K(78016K), 0.0037832 secs] 93657K->24905K(251456K), 0.0038559 secs] [Times: user=0.00 sys=0.00, real=0.00 secs] 
Heap after GC invocations=30 (full 1):
 par new generation   total 78016K, used 4043K [0x00000006c2c00000, 0x00000006c80a0000, 0x00000006d78c0000)
  eden space 69376K,   0% used [0x00000006c2c00000, 0x00000006c2c00000, 0x00000006c6fc0000)
  from space 8640K,  46% used [0x00000006c6fc0000, 0x00000006c73b2ef0, 0x00000006c7830000)
  to   space 8640K,   0% used [0x00000006c7830000, 0x00000006c7830000, 0x00000006c80a0000)
 concurrent mark-sweep generation total 173440K, used 20861K [0x00000006d78c0000, 0x00000006e2220000, 0x00000007c0000000)
 Metaspace       used 29447K, capacity 30514K, committed 30684K, reserved 1075200K
  class space    used 3791K, capacity 4033K, committed 4064K, reserved 1048576K
}
2018-10-12T10:42:24.421+0800: 5.042: Application time: 0.3753011 seconds
{Heap before GC invocations=30 (full 1):
 par new generation   total 78016K, used 73419K [0x00000006c2c00000, 0x00000006c80a0000, 0x00000006d78c0000)
  eden space 69376K, 100% used [0x00000006c2c00000, 0x00000006c6fc0000, 0x00000006c6fc0000)
  from space 8640K,  46% used [0x00000006c6fc0000, 0x00000006c73b2ef0, 0x00000006c7830000)
  to   space 8640K,   0% used [0x00000006c7830000, 0x00000006c7830000, 0x00000006c80a0000)
 concurrent mark-sweep generation total 173440K, used 20861K [0x00000006d78c0000, 0x00000006e2220000, 0x00000007c0000000)
 Metaspace       used 30441K, capacity 31606K, committed 31964K, reserved 1077248K
  class space    used 3949K, capacity 4199K, committed 4320K, reserved 1048576K
2018-10-12T10:42:24.421+0800: 5.042: [GC (Allocation Failure) 2018-10-12T10:42:24.421+0800: 5.042: [ParNew: 73419K->5574K(78016K), 0.0039846 secs] 94281K->26435K(251456K), 0.0040452 secs] [Times: user=0.05 sys=0.00, real=0.00 secs] 
Heap after GC invocations=31 (full 1):
 par new generation   total 78016K, used 5574K [0x00000006c2c00000, 0x00000006c80a0000, 0x00000006d78c0000)
  eden space 69376K,   0% used [0x00000006c2c00000, 0x00000006c2c00000, 0x00000006c6fc0000)
  from space 8640K,  64% used [0x00000006c7830000, 0x00000006c7da1960, 0x00000006c80a0000)
  to   space 8640K,   0% used [0x00000006c6fc0000, 0x00000006c6fc0000, 0x00000006c7830000)
 concurrent mark-sweep generation total 173440K, used 20861K [0x00000006d78c0000, 0x00000006e2220000, 0x00000007c0000000)
 Metaspace       used 30441K, capacity 31606K, committed 31964K, reserved 1077248K
  class space    used 3949K, capacity 4199K, committed 4320K, reserved 1048576K
}
2018-10-12T10:42:24.637+0800: 5.257: Application time: 0.2106530 seconds
{Heap before GC invocations=31 (full 1):
 par new generation   total 78016K, used 74950K [0x00000006c2c00000, 0x00000006c80a0000, 0x00000006d78c0000)
  eden space 69376K, 100% used [0x00000006c2c00000, 0x00000006c6fc0000, 0x00000006c6fc0000)
  from space 8640K,  64% used [0x00000006c7830000, 0x00000006c7da1960, 0x00000006c80a0000)
  to   space 8640K,   0% used [0x00000006c6fc0000, 0x00000006c6fc0000, 0x00000006c7830000)
 concurrent mark-sweep generation total 173440K, used 20861K [0x00000006d78c0000, 0x00000006e2220000, 0x00000007c0000000)
 Metaspace       used 31126K, capacity 32290K, committed 32604K, reserved 1077248K
  class space    used 4058K, capacity 4333K, committed 4448K, reserved 1048576K
2018-10-12T10:42:24.637+0800: 5.257: [GC (Allocation Failure) 2018-10-12T10:42:24.637+0800: 5.257: [ParNew: 74950K->5786K(78016K), 0.0042303 secs] 95811K->26647K(251456K), 0.0042875 secs] [Times: user=0.00 sys=0.00, real=0.00 secs] 
Heap after GC invocations=32 (full 1):
 par new generation   total 78016K, used 5786K [0x00000006c2c00000, 0x00000006c80a0000, 0x00000006d78c0000)
  eden space 69376K,   0% used [0x00000006c2c00000, 0x00000006c2c00000, 0x00000006c6fc0000)
  from space 8640K,  66% used [0x00000006c6fc0000, 0x00000006c7566978, 0x00000006c7830000)
  to   space 8640K,   0% used [0x00000006c7830000, 0x00000006c7830000, 0x00000006c80a0000)
 concurrent mark-sweep generation total 173440K, used 20861K [0x00000006d78c0000, 0x00000006e2220000, 0x00000007c0000000)
 Metaspace       used 31126K, capacity 32290K, committed 32604K, reserved 1077248K
  class space    used 4058K, capacity 4333K, committed 4448K, reserved 1048576K
}
2018-10-12T10:42:24.740+0800: 5.361: Application time: 0.0997634 seconds
2018-10-12T10:42:24.796+0800: 5.418: Application time: 0.0557505 seconds
2018-10-12T10:42:24.847+0800: 5.468: Application time: 0.0496869 seconds
{Heap before GC invocations=32 (full 1):
 par new generation   total 78016K, used 75162K [0x00000006c2c00000, 0x00000006c80a0000, 0x00000006d78c0000)
  eden space 69376K, 100% used [0x00000006c2c00000, 0x00000006c6fc0000, 0x00000006c6fc0000)
  from space 8640K,  66% used [0x00000006c6fc0000, 0x00000006c7566978, 0x00000006c7830000)
  to   space 8640K,   0% used [0x00000006c7830000, 0x00000006c7830000, 0x00000006c80a0000)
 concurrent mark-sweep generation total 173440K, used 20861K [0x00000006d78c0000, 0x00000006e2220000, 0x00000007c0000000)
 Metaspace       used 32082K, capacity 33300K, committed 33372K, reserved 1079296K
  class space    used 4180K, capacity 4438K, committed 4448K, reserved 1048576K
2018-10-12T10:42:24.847+0800: 5.468: [GC (Allocation Failure) 2018-10-12T10:42:24.847+0800: 5.468: [ParNew: 75162K->6657K(78016K), 0.0046556 secs] 96023K->27526K(251456K), 0.0047184 secs] [Times: user=0.00 sys=0.00, real=0.01 secs] 
Heap after GC invocations=33 (full 1):
 par new generation   total 78016K, used 6657K [0x00000006c2c00000, 0x00000006c80a0000, 0x00000006d78c0000)
  eden space 69376K,   0% used [0x00000006c2c00000, 0x00000006c2c00000, 0x00000006c6fc0000)
  from space 8640K,  77% used [0x00000006c7830000, 0x00000006c7eb04c0, 0x00000006c80a0000)
  to   space 8640K,   0% used [0x00000006c6fc0000, 0x00000006c6fc0000, 0x00000006c7830000)
 concurrent mark-sweep generation total 173440K, used 20868K [0x00000006d78c0000, 0x00000006e2220000, 0x00000007c0000000)
 Metaspace       used 32082K, capacity 33300K, committed 33372K, reserved 1079296K
  class space    used 4180K, capacity 4438K, committed 4448K, reserved 1048576K
}
2018-10-12T10:42:24.961+0800: 5.582: Application time: 0.1089498 seconds
2018-10-12T10:42:24.974+0800: 5.595: Application time: 0.0128300 seconds
{Heap before GC invocations=33 (full 1):
 par new generation   total 78016K, used 76033K [0x00000006c2c00000, 0x00000006c80a0000, 0x00000006d78c0000)
  eden space 69376K, 100% used [0x00000006c2c00000, 0x00000006c6fc0000, 0x00000006c6fc0000)
  from space 8640K,  77% used [0x00000006c7830000, 0x00000006c7eb04c0, 0x00000006c80a0000)
  to   space 8640K,   0% used [0x00000006c6fc0000, 0x00000006c6fc0000, 0x00000006c7830000)
 concurrent mark-sweep generation total 173440K, used 20868K [0x00000006d78c0000, 0x00000006e2220000, 0x00000007c0000000)
 Metaspace       used 32307K, capacity 33676K, committed 34012K, reserved 1079296K
  class space    used 4220K, capacity 4492K, committed 4576K, reserved 1048576K
2018-10-12T10:42:24.974+0800: 5.595: [GC (Allocation Failure) 2018-10-12T10:42:24.974+0800: 5.595: [ParNew: 76033K->3798K(78016K), 0.0054377 secs] 96902K->25320K(251456K), 0.0055428 secs] [Times: user=0.00 sys=0.00, real=0.01 secs] 
Heap after GC invocations=34 (full 1):
 par new generation   total 78016K, used 3798K [0x00000006c2c00000, 0x00000006c80a0000, 0x00000006d78c0000)
  eden space 69376K,   0% used [0x00000006c2c00000, 0x00000006c2c00000, 0x00000006c6fc0000)
  from space 8640K,  43% used [0x00000006c6fc0000, 0x00000006c7375ab8, 0x00000006c7830000)
  to   space 8640K,   0% used [0x00000006c7830000, 0x00000006c7830000, 0x00000006c80a0000)
 concurrent mark-sweep generation total 173440K, used 21521K [0x00000006d78c0000, 0x00000006e2220000, 0x00000007c0000000)
 Metaspace       used 32307K, capacity 33676K, committed 34012K, reserved 1079296K
  class space    used 4220K, capacity 4492K, committed 4576K, reserved 1048576K
}
2018-10-12T10:42:25.125+0800: 5.747: Application time: 0.1461188 seconds
{Heap before GC invocations=34 (full 1):
 par new generation   total 78016K, used 73174K [0x00000006c2c00000, 0x00000006c80a0000, 0x00000006d78c0000)
  eden space 69376K, 100% used [0x00000006c2c00000, 0x00000006c6fc0000, 0x00000006c6fc0000)
  from space 8640K,  43% used [0x00000006c6fc0000, 0x00000006c7375ab8, 0x00000006c7830000)
  to   space 8640K,   0% used [0x00000006c7830000, 0x00000006c7830000, 0x00000006c80a0000)
 concurrent mark-sweep generation total 173440K, used 21521K [0x00000006d78c0000, 0x00000006e2220000, 0x00000007c0000000)
 Metaspace       used 32737K, capacity 34108K, committed 34396K, reserved 1079296K
  class space    used 4300K, capacity 4590K, committed 4704K, reserved 1048576K
2018-10-12T10:42:25.126+0800: 5.747: [GC (Allocation Failure) 2018-10-12T10:42:25.126+0800: 5.747: [ParNew: 73174K->5554K(78016K), 0.0043594 secs] 94696K->27075K(251456K), 0.0044067 secs] [Times: user=0.00 sys=0.00, real=0.00 secs] 
Heap after GC invocations=35 (full 1):
 par new generation   total 78016K, used 5554K [0x00000006c2c00000, 0x00000006c80a0000, 0x00000006d78c0000)
  eden space 69376K,   0% used [0x00000006c2c00000, 0x00000006c2c00000, 0x00000006c6fc0000)
  from space 8640K,  64% used [0x00000006c7830000, 0x00000006c7d9ca40, 0x00000006c80a0000)
  to   space 8640K,   0% used [0x00000006c6fc0000, 0x00000006c6fc0000, 0x00000006c7830000)
 concurrent mark-sweep generation total 173440K, used 21521K [0x00000006d78c0000, 0x00000006e2220000, 0x00000007c0000000)
 Metaspace       used 32737K, capacity 34108K, committed 34396K, reserved 1079296K
  class space    used 4300K, capacity 4590K, committed 4704K, reserved 1048576K
}
2018-10-12T10:42:25.130+0800: 5.752: Application time: 0.0002151 seconds
2018-10-12T10:42:25.443+0800: 6.064: Application time: 0.3123985 seconds
{Heap before GC invocations=35 (full 1):
 par new generation   total 78016K, used 74930K [0x00000006c2c00000, 0x00000006c80a0000, 0x00000006d78c0000)
  eden space 69376K, 100% used [0x00000006c2c00000, 0x00000006c6fc0000, 0x00000006c6fc0000)
  from space 8640K,  64% used [0x00000006c7830000, 0x00000006c7d9ca40, 0x00000006c80a0000)
  to   space 8640K,   0% used [0x00000006c6fc0000, 0x00000006c6fc0000, 0x00000006c7830000)
 concurrent mark-sweep generation total 173440K, used 21521K [0x00000006d78c0000, 0x00000006e2220000, 0x00000007c0000000)
 Metaspace       used 33670K, capacity 35116K, committed 35292K, reserved 1079296K
  class space    used 4411K, capacity 4724K, committed 4832K, reserved 1048576K
2018-10-12T10:42:25.443+0800: 6.064: [GC (Allocation Failure) 2018-10-12T10:42:25.443+0800: 6.064: [ParNew: 74930K->5978K(78016K), 0.0064941 secs] 96451K->27500K(251456K), 0.0065629 secs] [Times: user=0.00 sys=0.00, real=0.01 secs] 
Heap after GC invocations=36 (full 1):
 par new generation   total 78016K, used 5978K [0x00000006c2c00000, 0x00000006c80a0000, 0x00000006d78c0000)
  eden space 69376K,   0% used [0x00000006c2c00000, 0x00000006c2c00000, 0x00000006c6fc0000)
  from space 8640K,  69% used [0x00000006c6fc0000, 0x00000006c7596b20, 0x00000006c7830000)
  to   space 8640K,   0% used [0x00000006c7830000, 0x00000006c7830000, 0x00000006c80a0000)
 concurrent mark-sweep generation total 173440K, used 21521K [0x00000006d78c0000, 0x00000006e2220000, 0x00000007c0000000)
 Metaspace       used 33670K, capacity 35116K, committed 35292K, reserved 1079296K
  class space    used 4411K, capacity 4724K, committed 4832K, reserved 1048576K
}
2018-10-12T10:42:25.709+0800: 6.330: Application time: 0.2592908 seconds
2018-10-12T10:42:25.728+0800: 6.348: Application time: 0.0177306 seconds
2018-10-12T10:42:25.729+0800: 6.350: Application time: 0.0009658 seconds
2018-10-12T10:42:25.790+0800: 6.411: Application time: 0.0610708 seconds
{Heap before GC invocations=36 (full 1):
 par new generation   total 78016K, used 75354K [0x00000006c2c00000, 0x00000006c80a0000, 0x00000006d78c0000)
  eden space 69376K, 100% used [0x00000006c2c00000, 0x00000006c6fc0000, 0x00000006c6fc0000)
  from space 8640K,  69% used [0x00000006c6fc0000, 0x00000006c7596b20, 0x00000006c7830000)
  to   space 8640K,   0% used [0x00000006c7830000, 0x00000006c7830000, 0x00000006c80a0000)
 concurrent mark-sweep generation total 173440K, used 21521K [0x00000006d78c0000, 0x00000006e2220000, 0x00000007c0000000)
 Metaspace       used 35196K, capacity 36594K, committed 36956K, reserved 1081344K
  class space    used 4563K, capacity 4867K, committed 4960K, reserved 1048576K
2018-10-12T10:42:25.791+0800: 6.411: [GC (Allocation Failure) 2018-10-12T10:42:25.791+0800: 6.411: [ParNew: 75354K->6800K(78016K), 0.0072262 secs] 96876K->29435K(251456K), 0.0072967 secs] [Times: user=0.00 sys=0.00, real=0.01 secs] 
Heap after GC invocations=37 (full 1):
 par new generation   total 78016K, used 6800K [0x00000006c2c00000, 0x00000006c80a0000, 0x00000006d78c0000)
  eden space 69376K,   0% used [0x00000006c2c00000, 0x00000006c2c00000, 0x00000006c6fc0000)
  from space 8640K,  78% used [0x00000006c7830000, 0x00000006c7ed43a8, 0x00000006c80a0000)
  to   space 8640K,   0% used [0x00000006c6fc0000, 0x00000006c6fc0000, 0x00000006c7830000)
 concurrent mark-sweep generation total 173440K, used 22634K [0x00000006d78c0000, 0x00000006e2220000, 0x00000007c0000000)
 Metaspace       used 35196K, capacity 36594K, committed 36956K, reserved 1081344K
  class space    used 4563K, capacity 4867K, committed 4960K, reserved 1048576K
}
2018-10-12T10:42:25.893+0800: 6.515: Application time: 0.0960860 seconds
{Heap before GC invocations=37 (full 1):
 par new generation   total 78016K, used 76176K [0x00000006c2c00000, 0x00000006c80a0000, 0x00000006d78c0000)
  eden space 69376K, 100% used [0x00000006c2c00000, 0x00000006c6fc0000, 0x00000006c6fc0000)
  from space 8640K,  78% used [0x00000006c7830000, 0x00000006c7ed43a8, 0x00000006c80a0000)
  to   space 8640K,   0% used [0x00000006c6fc0000, 0x00000006c6fc0000, 0x00000006c7830000)
 concurrent mark-sweep generation total 173440K, used 22634K [0x00000006d78c0000, 0x00000006e2220000, 0x00000007c0000000)
 Metaspace       used 35305K, capacity 36736K, committed 36956K, reserved 1081344K
  class space    used 4581K, capacity 4870K, committed 4960K, reserved 1048576K
2018-10-12T10:42:25.894+0800: 6.515: [GC (Allocation Failure) 2018-10-12T10:42:25.894+0800: 6.515: [ParNew: 76176K->6914K(78016K), 0.0062286 secs] 98811K->30221K(251456K), 0.0063066 secs] [Times: user=0.00 sys=0.00, real=0.01 secs] 
Heap after GC invocations=38 (full 1):
 par new generation   total 78016K, used 6914K [0x00000006c2c00000, 0x00000006c80a0000, 0x00000006d78c0000)
  eden space 69376K,   0% used [0x00000006c2c00000, 0x00000006c2c00000, 0x00000006c6fc0000)
  from space 8640K,  80% used [0x00000006c6fc0000, 0x00000006c7680948, 0x00000006c7830000)
  to   space 8640K,   0% used [0x00000006c7830000, 0x00000006c7830000, 0x00000006c80a0000)
 concurrent mark-sweep generation total 173440K, used 23307K [0x00000006d78c0000, 0x00000006e2220000, 0x00000007c0000000)
 Metaspace       used 35305K, capacity 36736K, committed 36956K, reserved 1081344K
  class space    used 4581K, capacity 4870K, committed 4960K, reserved 1048576K
}
2018-10-12T10:42:26.005+0800: 6.626: Application time: 0.1044042 seconds
{Heap before GC invocations=38 (full 1):
 par new generation   total 78016K, used 76290K [0x00000006c2c00000, 0x00000006c80a0000, 0x00000006d78c0000)
  eden space 69376K, 100% used [0x00000006c2c00000, 0x00000006c6fc0000, 0x00000006c6fc0000)
  from space 8640K,  80% used [0x00000006c6fc0000, 0x00000006c7680948, 0x00000006c7830000)
  to   space 8640K,   0% used [0x00000006c7830000, 0x00000006c7830000, 0x00000006c80a0000)
 concurrent mark-sweep generation total 173440K, used 23307K [0x00000006d78c0000, 0x00000006e2220000, 0x00000007c0000000)
 Metaspace       used 35504K, capacity 36916K, committed 37212K, reserved 1081344K
  class space    used 4616K, capacity 4910K, committed 4960K, reserved 1048576K
2018-10-12T10:42:26.005+0800: 6.626: [GC (Allocation Failure) 2018-10-12T10:42:26.005+0800: 6.626: [ParNew: 76290K->6720K(78016K), 0.0054663 secs] 99597K->30473K(251456K), 0.0055202 secs] [Times: user=0.00 sys=0.00, real=0.00 secs] 
Heap after GC invocations=39 (full 1):
 par new generation   total 78016K, used 6720K [0x00000006c2c00000, 0x00000006c80a0000, 0x00000006d78c0000)
  eden space 69376K,   0% used [0x00000006c2c00000, 0x00000006c2c00000, 0x00000006c6fc0000)
  from space 8640K,  77% used [0x00000006c7830000, 0x00000006c7ec03d0, 0x00000006c80a0000)
  to   space 8640K,   0% used [0x00000006c6fc0000, 0x00000006c6fc0000, 0x00000006c7830000)
 concurrent mark-sweep generation total 173440K, used 23752K [0x00000006d78c0000, 0x00000006e2220000, 0x00000007c0000000)
 Metaspace       used 35504K, capacity 36916K, committed 37212K, reserved 1081344K
  class space    used 4616K, capacity 4910K, committed 4960K, reserved 1048576K
}
2018-10-12T10:42:26.216+0800: 6.837: Application time: 0.2058391 seconds
2018-10-12T10:42:26.217+0800: 6.838: Application time: 0.0007130 seconds
2018-10-12T10:42:26.266+0800: 6.888: Application time: 0.0489996 seconds
{Heap before GC invocations=39 (full 1):
 par new generation   total 78016K, used 76096K [0x00000006c2c00000, 0x00000006c80a0000, 0x00000006d78c0000)
  eden space 69376K, 100% used [0x00000006c2c00000, 0x00000006c6fc0000, 0x00000006c6fc0000)
  from space 8640K,  77% used [0x00000006c7830000, 0x00000006c7ec03d0, 0x00000006c80a0000)
  to   space 8640K,   0% used [0x00000006c6fc0000, 0x00000006c6fc0000, 0x00000006c7830000)
 concurrent mark-sweep generation total 173440K, used 23752K [0x00000006d78c0000, 0x00000006e2220000, 0x00000007c0000000)
 Metaspace       used 37492K, capacity 38942K, committed 39260K, reserved 1083392K
  class space    used 4848K, capacity 5147K, committed 5216K, reserved 1048576K
2018-10-12T10:42:26.266+0800: 6.888: [GC (Allocation Failure) 2018-10-12T10:42:26.266+0800: 6.888: [ParNew: 76096K->8567K(78016K), 0.0060865 secs] 99849K->32320K(251456K), 0.0061419 secs] [Times: user=0.05 sys=0.02, real=0.01 secs] 
Heap after GC invocations=40 (full 1):
 par new generation   total 78016K, used 8567K [0x00000006c2c00000, 0x00000006c80a0000, 0x00000006d78c0000)
  eden space 69376K,   0% used [0x00000006c2c00000, 0x00000006c2c00000, 0x00000006c6fc0000)
  from space 8640K,  99% used [0x00000006c6fc0000, 0x00000006c781de60, 0x00000006c7830000)
  to   space 8640K,   0% used [0x00000006c7830000, 0x00000006c7830000, 0x00000006c80a0000)
 concurrent mark-sweep generation total 173440K, used 23752K [0x00000006d78c0000, 0x00000006e2220000, 0x00000007c0000000)
 Metaspace       used 37492K, capacity 38942K, committed 39260K, reserved 1083392K
  class space    used 4848K, capacity 5147K, committed 5216K, reserved 1048576K
}
2018-10-12T10:42:26.422+0800: 7.042: Application time: 0.1485473 seconds
{Heap before GC invocations=40 (full 1):
 par new generation   total 78016K, used 77943K [0x00000006c2c00000, 0x00000006c80a0000, 0x00000006d78c0000)
  eden space 69376K, 100% used [0x00000006c2c00000, 0x00000006c6fc0000, 0x00000006c6fc0000)
  from space 8640K,  99% used [0x00000006c6fc0000, 0x00000006c781de60, 0x00000006c7830000)
  to   space 8640K,   0% used [0x00000006c7830000, 0x00000006c7830000, 0x00000006c80a0000)
 concurrent mark-sweep generation total 173440K, used 23752K [0x00000006d78c0000, 0x00000006e2220000, 0x00000007c0000000)
 Metaspace       used 37679K, capacity 39112K, committed 39260K, reserved 1083392K
  class space    used 4874K, capacity 5180K, committed 5216K, reserved 1048576K
2018-10-12T10:42:26.422+0800: 7.043: [GC (Allocation Failure) 2018-10-12T10:42:26.422+0800: 7.043: [ParNew: 77943K->5818K(78016K), 0.0075615 secs] 101696K->31794K(251456K), 0.0076356 secs] [Times: user=0.06 sys=0.00, real=0.01 secs] 
Heap after GC invocations=41 (full 1):
 par new generation   total 78016K, used 5818K [0x00000006c2c00000, 0x00000006c80a0000, 0x00000006d78c0000)
  eden space 69376K,   0% used [0x00000006c2c00000, 0x00000006c2c00000, 0x00000006c6fc0000)
  from space 8640K,  67% used [0x00000006c7830000, 0x00000006c7ddeaa8, 0x00000006c80a0000)
  to   space 8640K,   0% used [0x00000006c6fc0000, 0x00000006c6fc0000, 0x00000006c7830000)
 concurrent mark-sweep generation total 173440K, used 25975K [0x00000006d78c0000, 0x00000006e2220000, 0x00000007c0000000)
 Metaspace       used 37679K, capacity 39112K, committed 39260K, reserved 1083392K
  class space    used 4874K, capacity 5180K, committed 5216K, reserved 1048576K
}
2018-10-12T10:42:26.520+0800: 7.141: Application time: 0.0902396 seconds
{Heap before GC invocations=41 (full 1):
 par new generation   total 78016K, used 75194K [0x00000006c2c00000, 0x00000006c80a0000, 0x00000006d78c0000)
  eden space 69376K, 100% used [0x00000006c2c00000, 0x00000006c6fc0000, 0x00000006c6fc0000)
  from space 8640K,  67% used [0x00000006c7830000, 0x00000006c7ddeaa8, 0x00000006c80a0000)
  to   space 8640K,   0% used [0x00000006c6fc0000, 0x00000006c6fc0000, 0x00000006c7830000)
 concurrent mark-sweep generation total 173440K, used 25975K [0x00000006d78c0000, 0x00000006e2220000, 0x00000007c0000000)
 Metaspace       used 37937K, capacity 39406K, committed 39516K, reserved 1083392K
  class space    used 4906K, capacity 5213K, committed 5216K, reserved 1048576K
2018-10-12T10:42:26.520+0800: 7.141: [GC (Allocation Failure) 2018-10-12T10:42:26.520+0800: 7.141: [ParNew: 75194K->4608K(78016K), 0.0038054 secs] 101170K->30584K(251456K), 0.0038513 secs] [Times: user=0.00 sys=0.00, real=0.00 secs] 
Heap after GC invocations=42 (full 1):
 par new generation   total 78016K, used 4608K [0x00000006c2c00000, 0x00000006c80a0000, 0x00000006d78c0000)
  eden space 69376K,   0% used [0x00000006c2c00000, 0x00000006c2c00000, 0x00000006c6fc0000)
  from space 8640K,  53% used [0x00000006c6fc0000, 0x00000006c74400c8, 0x00000006c7830000)
  to   space 8640K,   0% used [0x00000006c7830000, 0x00000006c7830000, 0x00000006c80a0000)
 concurrent mark-sweep generation total 173440K, used 25975K [0x00000006d78c0000, 0x00000006e2220000, 0x00000007c0000000)
 Metaspace       used 37937K, capacity 39406K, committed 39516K, reserved 1083392K
  class space    used 4906K, capacity 5213K, committed 5216K, reserved 1048576K
}
2018-10-12T10:42:26.556+0800: 7.178: Application time: 0.0334757 seconds
2018-10-12T10:42:26.571+0800: 7.192: Application time: 0.0143346 seconds
2018-10-12T10:42:26.624+0800: 7.245: Application time: 0.0529105 seconds
2018-10-12T10:42:26.630+0800: 7.252: Application time: 0.0061461 seconds
{Heap before GC invocations=42 (full 1):
 par new generation   total 78016K, used 73984K [0x00000006c2c00000, 0x00000006c80a0000, 0x00000006d78c0000)
  eden space 69376K, 100% used [0x00000006c2c00000, 0x00000006c6fc0000, 0x00000006c6fc0000)
  from space 8640K,  53% used [0x00000006c6fc0000, 0x00000006c74400c8, 0x00000006c7830000)
  to   space 8640K,   0% used [0x00000006c7830000, 0x00000006c7830000, 0x00000006c80a0000)
 concurrent mark-sweep generation total 173440K, used 25975K [0x00000006d78c0000, 0x00000006e2220000, 0x00000007c0000000)
 Metaspace       used 38252K, capacity 39780K, committed 40156K, reserved 1083392K
  class space    used 4939K, capacity 5248K, committed 5344K, reserved 1048576K
2018-10-12T10:42:26.630+0800: 7.252: [GC (Allocation Failure) 2018-10-12T10:42:26.630+0800: 7.252: [ParNew: 73984K->5168K(78016K), 0.0041655 secs] 99960K->31144K(251456K), 0.0042444 secs] [Times: user=0.00 sys=0.00, real=0.00 secs] 
Heap after GC invocations=43 (full 1):
 par new generation   total 78016K, used 5168K [0x00000006c2c00000, 0x00000006c80a0000, 0x00000006d78c0000)
  eden space 69376K,   0% used [0x00000006c2c00000, 0x00000006c2c00000, 0x00000006c6fc0000)
  from space 8640K,  59% used [0x00000006c7830000, 0x00000006c7d3c1d0, 0x00000006c80a0000)
  to   space 8640K,   0% used [0x00000006c6fc0000, 0x00000006c6fc0000, 0x00000006c7830000)
 concurrent mark-sweep generation total 173440K, used 25975K [0x00000006d78c0000, 0x00000006e2220000, 0x00000007c0000000)
 Metaspace       used 38252K, capacity 39780K, committed 40156K, reserved 1083392K
  class space    used 4939K, capacity 5248K, committed 5344K, reserved 1048576K
}
2018-10-12T10:42:26.637+0800: 7.258: Application time: 0.0023086 seconds
2018-10-12T10:42:26.771+0800: 7.392: Application time: 0.1337130 seconds
{Heap before GC invocations=43 (full 1):
 par new generation   total 78016K, used 74544K [0x00000006c2c00000, 0x00000006c80a0000, 0x00000006d78c0000)
  eden space 69376K, 100% used [0x00000006c2c00000, 0x00000006c6fc0000, 0x00000006c6fc0000)
  from space 8640K,  59% used [0x00000006c7830000, 0x00000006c7d3c1d0, 0x00000006c80a0000)
  to   space 8640K,   0% used [0x00000006c6fc0000, 0x00000006c6fc0000, 0x00000006c7830000)
 concurrent mark-sweep generation total 173440K, used 25975K [0x00000006d78c0000, 0x00000006e2220000, 0x00000007c0000000)
 Metaspace       used 38546K, capacity 40344K, committed 40412K, reserved 1085440K
  class space    used 5002K, capacity 5332K, committed 5344K, reserved 1048576K
2018-10-12T10:42:26.771+0800: 7.392: [GC (Allocation Failure) 2018-10-12T10:42:26.771+0800: 7.392: [ParNew: 74544K->6046K(78016K), 0.0048848 secs] 100520K->32022K(251456K), 0.0049518 secs] [Times: user=0.00 sys=0.00, real=0.01 secs] 
Heap after GC invocations=44 (full 1):
 par new generation   total 78016K, used 6046K [0x00000006c2c00000, 0x00000006c80a0000, 0x00000006d78c0000)
  eden space 69376K,   0% used [0x00000006c2c00000, 0x00000006c2c00000, 0x00000006c6fc0000)
  from space 8640K,  69% used [0x00000006c6fc0000, 0x00000006c75a79e0, 0x00000006c7830000)
  to   space 8640K,   0% used [0x00000006c7830000, 0x00000006c7830000, 0x00000006c80a0000)
 concurrent mark-sweep generation total 173440K, used 25975K [0x00000006d78c0000, 0x00000006e2220000, 0x00000007c0000000)
 Metaspace       used 38546K, capacity 40344K, committed 40412K, reserved 1085440K
  class space    used 5002K, capacity 5332K, committed 5344K, reserved 1048576K
}
2018-10-12T10:42:26.885+0800: 7.505: Application time: 0.1079470 seconds
{Heap before GC invocations=44 (full 1):
 par new generation   total 78016K, used 75422K [0x00000006c2c00000, 0x00000006c80a0000, 0x00000006d78c0000)
  eden space 69376K, 100% used [0x00000006c2c00000, 0x00000006c6fc0000, 0x00000006c6fc0000)
  from space 8640K,  69% used [0x00000006c6fc0000, 0x00000006c75a79e0, 0x00000006c7830000)
  to   space 8640K,   0% used [0x00000006c7830000, 0x00000006c7830000, 0x00000006c80a0000)
 concurrent mark-sweep generation total 173440K, used 25975K [0x00000006d78c0000, 0x00000006e2220000, 0x00000007c0000000)
 Metaspace       used 38727K, capacity 40504K, committed 40796K, reserved 1085440K
  class space    used 5031K, capacity 5364K, committed 5472K, reserved 1048576K
2018-10-12T10:42:26.885+0800: 7.505: [GC (Allocation Failure) 2018-10-12T10:42:26.885+0800: 7.505: [ParNew: 75422K->6812K(78016K), 0.0049892 secs] 101398K->32788K(251456K), 0.0050463 secs] [Times: user=0.00 sys=0.00, real=0.01 secs] 
Heap after GC invocations=45 (full 1):
 par new generation   total 78016K, used 6812K [0x00000006c2c00000, 0x00000006c80a0000, 0x00000006d78c0000)
  eden space 69376K,   0% used [0x00000006c2c00000, 0x00000006c2c00000, 0x00000006c6fc0000)
  from space 8640K,  78% used [0x00000006c7830000, 0x00000006c7ed7138, 0x00000006c80a0000)
  to   space 8640K,   0% used [0x00000006c6fc0000, 0x00000006c6fc0000, 0x00000006c7830000)
 concurrent mark-sweep generation total 173440K, used 25975K [0x00000006d78c0000, 0x00000006e2220000, 0x00000007c0000000)
 Metaspace       used 38727K, capacity 40504K, committed 40796K, reserved 1085440K
  class space    used 5031K, capacity 5364K, committed 5472K, reserved 1048576K
}
2018-10-12T10:42:26.940+0800: 7.562: Application time: 0.0513512 seconds
2018-10-12T10:42:27.106+0800: 7.727: Application time: 0.1650356 seconds
2018-10-12T10:42:27.286+0800: 7.906: Application time: 0.1788706 seconds
2018-10-12T10:42:27.449+0800: 8.070: Application time: 0.1635014 seconds
2018-10-12T10:42:27.699+0800: 8.320: Application time: 0.2502236 seconds
2018-10-12T10:42:27.950+0800: 8.570: Application time: 0.2503203 seconds
2018-10-12T10:42:28.202+0800: 8.823: Application time: 0.2522290 seconds
2018-10-12T10:42:28.449+0800: 9.070: Application time: 0.2470494 seconds
2018-10-12T10:42:28.700+0800: 9.320: Application time: 0.2502804 seconds
2018-10-12T10:42:28.949+0800: 9.570: Application time: 0.2492695 seconds
2018-10-12T10:42:29.199+0800: 9.820: Application time: 0.2502857 seconds
2018-10-12T10:42:29.565+0800: 10.187: Application time: 0.3665283 seconds
2018-10-12T10:42:29.877+0800: 10.497: Application time: 0.3062174 seconds
2018-10-12T10:42:29.982+0800: 10.603: Application time: 0.1059395 seconds
2018-10-12T10:42:30.226+0800: 10.846: Application time: 0.2429812 seconds
2018-10-12T10:42:30.475+0800: 11.096: Application time: 0.2492169 seconds
2018-10-12T10:42:30.725+0800: 11.346: Application time: 0.2502579 seconds
2018-10-12T10:42:30.976+0800: 11.596: Application time: 0.2502568 seconds
2018-10-12T10:42:31.225+0800: 11.846: Application time: 0.2492892 seconds
2018-10-12T10:42:31.476+0800: 12.098: Application time: 0.2521207 seconds
2018-10-12T10:42:31.726+0800: 12.346: Application time: 0.2437101 seconds
2018-10-12T10:42:31.975+0800: 12.596: Application time: 0.2492702 seconds
2018-10-12T10:42:31.990+0800: 12.610: Application time: 0.0148392 seconds
2018-10-12T10:42:32.036+0800: 12.657: Application time: 0.0461646 seconds
2018-10-12T10:42:32.040+0800: 12.660: Application time: 0.0035762 seconds
{Heap before GC invocations=45 (full 1):
 par new generation   total 78016K, used 76188K [0x00000006c2c00000, 0x00000006c80a0000, 0x00000006d78c0000)
  eden space 69376K, 100% used [0x00000006c2c00000, 0x00000006c6fc0000, 0x00000006c6fc0000)
  from space 8640K,  78% used [0x00000006c7830000, 0x00000006c7ed7138, 0x00000006c80a0000)
  to   space 8640K,   0% used [0x00000006c6fc0000, 0x00000006c6fc0000, 0x00000006c7830000)
 concurrent mark-sweep generation total 173440K, used 25975K [0x00000006d78c0000, 0x00000006e2220000, 0x00000007c0000000)
 Metaspace       used 39601K, capacity 41422K, committed 41692K, reserved 1085440K
  class space    used 5122K, capacity 5497K, committed 5548K, reserved 1048576K
2018-10-12T10:42:32.040+0800: 12.661: [GC (Allocation Failure) 2018-10-12T10:42:32.040+0800: 12.661: [ParNew: 76188K->6653K(78016K), 0.0067512 secs] 102164K->33597K(251456K), 0.0067967 secs] [Times: user=0.00 sys=0.00, real=0.01 secs] 
Heap after GC invocations=46 (full 1):
 par new generation   total 78016K, used 6653K [0x00000006c2c00000, 0x00000006c80a0000, 0x00000006d78c0000)
  eden space 69376K,   0% used [0x00000006c2c00000, 0x00000006c2c00000, 0x00000006c6fc0000)
  from space 8640K,  77% used [0x00000006c6fc0000, 0x00000006c763f4d0, 0x00000006c7830000)
  to   space 8640K,   0% used [0x00000006c7830000, 0x00000006c7830000, 0x00000006c80a0000)
 concurrent mark-sweep generation total 173440K, used 26944K [0x00000006d78c0000, 0x00000006e2220000, 0x00000007c0000000)
 Metaspace       used 39601K, capacity 41422K, committed 41692K, reserved 1085440K
  class space    used 5122K, capacity 5497K, committed 5548K, reserved 1048576K
}
2018-10-12T10:42:32.047+0800: 12.668: Application time: 0.0000335 seconds
2018-10-12T10:42:32.047+0800: 12.668: [GC (CMS Initial Mark) [1 CMS-initial-mark: 26944K(173440K)] 34979K(251456K), 0.0014694 secs] [Times: user=0.06 sys=0.00, real=0.00 secs] 
2018-10-12T10:42:32.048+0800: 12.669: [CMS-concurrent-mark-start]
2018-10-12T10:42:32.048+0800: 12.669: Application time: 0.0000896 seconds
2018-10-12T10:42:32.049+0800: 12.669: Application time: 0.0001915 seconds
2018-10-12T10:42:32.069+0800: 12.690: Application time: 0.0205614 seconds
2018-10-12T10:42:32.097+0800: 12.718: [CMS-concurrent-mark: 0.048/0.049 secs] [Times: user=0.14 sys=0.00, real=0.05 secs] 
2018-10-12T10:42:32.097+0800: 12.718: Application time: 0.0276691 seconds
2018-10-12T10:42:32.097+0800: 12.718: [CMS-concurrent-preclean-start]
2018-10-12T10:42:32.098+0800: 12.719: [CMS-concurrent-preclean: 0.001/0.001 secs] [Times: user=0.00 sys=0.00, real=0.00 secs] 
2018-10-12T10:42:32.098+0800: 12.719: [CMS-concurrent-abortable-preclean-start]
2018-10-12T10:42:32.101+0800: 12.722: Application time: 0.0041175 seconds
2018-10-12T10:42:32.107+0800: 12.727: Application time: 0.0048062 seconds
2018-10-12T10:42:32.149+0800: 12.770: Application time: 0.0426388 seconds
2018-10-12T10:42:32.207+0800: 12.828: Application time: 0.0575478 seconds
2018-10-12T10:42:32.276+0800: 12.897: Application time: 0.0691203 seconds
2018-10-12T10:42:32.341+0800: 12.962: Application time: 0.0507137 seconds
2018-10-12T10:42:32.358+0800: 12.979: Application time: 0.0165279 seconds
2018-10-12T10:42:32.378+0800: 12.999: Application time: 0.0194535 seconds
2018-10-12T10:42:32.379+0800: 13.000: Application time: 0.0011347 seconds
2018-10-12T10:42:32.379+0800: 13.000: Application time: 0.0001305 seconds
2018-10-12T10:42:32.381+0800: 13.002: Application time: 0.0019493 seconds
2018-10-12T10:42:32.385+0800: 13.006: Application time: 0.0038999 seconds
2018-10-12T10:42:32.386+0800: 13.007: Application time: 0.0008629 seconds
2018-10-12T10:42:32.388+0800: 13.009: Application time: 0.0013918 seconds
2018-10-12T10:42:32.388+0800: 13.009: Application time: 0.0000254 seconds
2018-10-12T10:42:32.388+0800: 13.009: Application time: 0.0002839 seconds
2018-10-12T10:42:32.389+0800: 13.010: Application time: 0.0007779 seconds
2018-10-12T10:42:32.389+0800: 13.010: Application time: 0.0000236 seconds
2018-10-12T10:42:32.390+0800: 13.011: Application time: 0.0008872 seconds
2018-10-12T10:42:32.395+0800: 13.016: Application time: 0.0053922 seconds
2018-10-12T10:42:32.400+0800: 13.021: Application time: 0.0044483 seconds
2018-10-12T10:42:32.401+0800: 13.022: Application time: 0.0009693 seconds
2018-10-12T10:42:32.407+0800: 13.028: Application time: 0.0060841 seconds
2018-10-12T10:42:32.414+0800: 13.035: Application time: 0.0068408 seconds
2018-10-12T10:42:32.430+0800: 13.050: Application time: 0.0148304 seconds
2018-10-12T10:42:32.436+0800: 13.057: Application time: 0.0063951 seconds
2018-10-12T10:42:32.439+0800: 13.060: Application time: 0.0031161 seconds
2018-10-12T10:42:32.439+0800: 13.060: Application time: 0.0001259 seconds
2018-10-12T10:42:32.447+0800: 13.068: Application time: 0.0071712 seconds
2018-10-12T10:42:32.464+0800: 13.084: Application time: 0.0164362 seconds
2018-10-12T10:42:32.481+0800: 13.101: Application time: 0.0168223 seconds
2018-10-12T10:42:32.486+0800: 13.106: Application time: 0.0049077 seconds
{Heap before GC invocations=46 (full 2):
 par new generation   total 78016K, used 76029K [0x00000006c2c00000, 0x00000006c80a0000, 0x00000006d78c0000)
  eden space 69376K, 100% used [0x00000006c2c00000, 0x00000006c6fc0000, 0x00000006c6fc0000)
  from space 8640K,  77% used [0x00000006c6fc0000, 0x00000006c763f4d0, 0x00000006c7830000)
  to   space 8640K,   0% used [0x00000006c7830000, 0x00000006c7830000, 0x00000006c80a0000)
 concurrent mark-sweep generation total 173440K, used 26944K [0x00000006d78c0000, 0x00000006e2220000, 0x00000007c0000000)
 Metaspace       used 41581K, capacity 43392K, committed 43608K, reserved 1087488K
  class space    used 5372K, capacity 5724K, committed 5752K, reserved 1048576K
2018-10-12T10:42:32.486+0800: 13.106: [GC (Allocation Failure) 2018-10-12T10:42:32.486+0800: 13.106: [ParNew: 76029K->8639K(78016K), 0.0068933 secs] 102973K->36526K(251456K), 0.0069592 secs] [Times: user=0.00 sys=0.00, real=0.01 secs] 
Heap after GC invocations=47 (full 2):
 par new generation   total 78016K, used 8639K [0x00000006c2c00000, 0x00000006c80a0000, 0x00000006d78c0000)
  eden space 69376K,   0% used [0x00000006c2c00000, 0x00000006c2c00000, 0x00000006c6fc0000)
  from space 8640K,  99% used [0x00000006c7830000, 0x00000006c809fff8, 0x00000006c80a0000)
  to   space 8640K,   0% used [0x00000006c6fc0000, 0x00000006c6fc0000, 0x00000006c7830000)
 concurrent mark-sweep generation total 173440K, used 27886K [0x00000006d78c0000, 0x00000006e2220000, 0x00000007c0000000)
 Metaspace       used 41581K, capacity 43392K, committed 43608K, reserved 1087488K
  class space    used 5372K, capacity 5724K, committed 5752K, reserved 1048576K
}
2018-10-12T10:42:32.534+0800: 13.156: Application time: 0.0424350 seconds
2018-10-12T10:42:32.549+0800: 13.170: Application time: 0.0143698 seconds
2018-10-12T10:42:32.580+0800: 13.202: Application time: 0.0312937 seconds
2018-10-12T10:42:32.619+0800: 13.240: Application time: 0.0388058 seconds
2018-10-12T10:42:32.660+0800: 13.281: Application time: 0.0403595 seconds
2018-10-12T10:42:32.694+0800: 13.315: Application time: 0.0338019 seconds
2018-10-12T10:42:32.695+0800: 13.316: [CMS-concurrent-abortable-preclean: 0.456/0.597 secs] [Times: user=1.84 sys=0.02, real=0.60 secs] 
2018-10-12T10:42:32.696+0800: 13.317: Application time: 0.0015127 seconds
2018-10-12T10:42:32.696+0800: 13.317: [GC (CMS Final Remark) [YG occupancy: 45464 K (78016 K)]2018-10-12T10:42:32.696+0800: 13.317: [Rescan (parallel) , 0.0046619 secs]2018-10-12T10:42:32.700+0800: 13.322: [weak refs processing, 0.0000740 secs]2018-10-12T10:42:32.701+0800: 13.322: [class unloading, 0.0075837 secs]2018-10-12T10:42:32.711+0800: 13.332: [scrub symbol table, 0.0082431 secs]2018-10-12T10:42:32.719+0800: 13.340: [scrub string table, 0.0007564 secs][1 CMS-remark: 27886K(173440K)] 73350K(251456K), 0.0277566 secs] [Times: user=0.06 sys=0.00, real=0.03 secs] 
2018-10-12T10:42:32.724+0800: 13.345: [CMS-concurrent-sweep-start]
2018-10-12T10:42:32.736+0800: 13.357: [CMS-concurrent-sweep: 0.012/0.012 secs] [Times: user=0.06 sys=0.00, real=0.01 secs] 
2018-10-12T10:42:32.736+0800: 13.357: [CMS-concurrent-reset-start]
2018-10-12T10:42:32.739+0800: 13.360: [CMS-concurrent-reset: 0.003/0.003 secs] [Times: user=0.00 sys=0.00, real=0.00 secs] 
2018-10-12T10:42:32.740+0800: 13.361: Application time: 0.0164231 seconds
2018-10-12T10:42:32.740+0800: 13.361: Application time: 0.0001157 seconds
2018-10-12T10:42:32.741+0800: 13.362: Application time: 0.0000631 seconds
2018-10-12T10:42:32.742+0800: 13.363: Application time: 0.0011453 seconds
2018-10-12T10:42:32.742+0800: 13.363: Application time: 0.0001516 seconds
2018-10-12T10:42:32.742+0800: 13.363: Application time: 0.0001044 seconds
2018-10-12T10:42:32.742+0800: 13.363: Application time: 0.0000388 seconds
2018-10-12T10:42:32.742+0800: 13.363: Application time: 0.0000681 seconds
2018-10-12T10:42:32.753+0800: 13.374: Application time: 0.0107047 seconds
2018-10-12T10:42:32.754+0800: 13.375: Application time: 0.0003963 seconds
2018-10-12T10:42:32.754+0800: 13.375: Application time: 0.0000465 seconds
2018-10-12T10:42:32.754+0800: 13.375: Application time: 0.0000272 seconds
2018-10-12T10:42:32.755+0800: 13.375: Application time: 0.0000751 seconds
2018-10-12T10:42:32.755+0800: 13.376: Application time: 0.0004330 seconds
2018-10-12T10:42:32.761+0800: 13.381: Application time: 0.0054550 seconds
2018-10-12T10:42:32.762+0800: 13.383: Application time: 0.0008283 seconds
2018-10-12T10:42:32.763+0800: 13.384: Application time: 0.0006093 seconds
2018-10-12T10:42:32.765+0800: 13.386: Application time: 0.0019821 seconds
2018-10-12T10:42:32.765+0800: 13.386: Application time: 0.0000289 seconds
2018-10-12T10:42:32.766+0800: 13.387: Application time: 0.0004799 seconds
2018-10-12T10:42:32.777+0800: 13.398: Application time: 0.0111106 seconds
2018-10-12T10:42:32.777+0800: 13.398: Application time: 0.0000314 seconds
2018-10-12T10:42:32.778+0800: 13.398: Application time: 0.0005797 seconds
2018-10-12T10:42:32.801+0800: 13.422: Application time: 0.0236229 seconds
2018-10-12T10:42:32.803+0800: 13.424: Application time: 0.0001770 seconds
2018-10-12T10:42:32.820+0800: 13.441: Application time: 0.0173272 seconds
{Heap before GC invocations=47 (full 2):
 par new generation   total 78016K, used 78015K [0x00000006c2c00000, 0x00000006c80a0000, 0x00000006d78c0000)
  eden space 69376K, 100% used [0x00000006c2c00000, 0x00000006c6fc0000, 0x00000006c6fc0000)
  from space 8640K,  99% used [0x00000006c7830000, 0x00000006c809fff8, 0x00000006c80a0000)
  to   space 8640K,   0% used [0x00000006c6fc0000, 0x00000006c6fc0000, 0x00000006c7830000)
 concurrent mark-sweep generation total 173440K, used 26623K [0x00000006d78c0000, 0x00000006e2220000, 0x00000007c0000000)
 Metaspace       used 41837K, capacity 43462K, committed 43940K, reserved 1087488K
  class space    used 5389K, capacity 5731K, committed 5828K, reserved 1048576K
2018-10-12T10:42:32.821+0800: 13.442: [GC (Allocation Failure) 2018-10-12T10:42:32.821+0800: 13.442: [ParNew: 78015K->6169K(78016K), 0.0092262 secs] 104639K->40273K(251456K), 0.0092974 secs] [Times: user=0.05 sys=0.00, real=0.01 secs] 
Heap after GC invocations=48 (full 2):
 par new generation   total 78016K, used 6169K [0x00000006c2c00000, 0x00000006c80a0000, 0x00000006d78c0000)
  eden space 69376K,   0% used [0x00000006c2c00000, 0x00000006c2c00000, 0x00000006c6fc0000)
  from space 8640K,  71% used [0x00000006c6fc0000, 0x00000006c75c6428, 0x00000006c7830000)
  to   space 8640K,   0% used [0x00000006c7830000, 0x00000006c7830000, 0x00000006c80a0000)
 concurrent mark-sweep generation total 173440K, used 34104K [0x00000006d78c0000, 0x00000006e2220000, 0x00000007c0000000)
 Metaspace       used 41837K, capacity 43462K, committed 43940K, reserved 1087488K
  class space    used 5389K, capacity 5731K, committed 5828K, reserved 1048576K
}
2018-10-12T10:42:32.831+0800: 13.451: Application time: 0.0002080 seconds
2018-10-12T10:42:32.831+0800: 13.451: Application time: 0.0000215 seconds
2018-10-12T10:42:32.831+0800: 13.452: Application time: 0.0000240 seconds
2018-10-12T10:42:32.831+0800: 13.452: Application time: 0.0000180 seconds
2018-10-12T10:42:32.831+0800: 13.452: Application time: 0.0000173 seconds
2018-10-12T10:42:32.831+0800: 13.452: Application time: 0.0000155 seconds
2018-10-12T10:42:32.831+0800: 13.452: Application time: 0.0000187 seconds
2018-10-12T10:42:32.831+0800: 13.452: Application time: 0.0000162 seconds
2018-10-12T10:42:32.831+0800: 13.452: Application time: 0.0000162 seconds
2018-10-12T10:42:32.851+0800: 13.471: Application time: 0.0190984 seconds
2018-10-12T10:42:32.881+0800: 13.501: Application time: 0.0297870 seconds
2018-10-12T10:42:32.890+0800: 13.511: Application time: 0.0095658 seconds
2018-10-12T10:42:32.901+0800: 13.523: Application time: 0.0117809 seconds
2018-10-12T10:42:32.934+0800: 13.556: Application time: 0.0324866 seconds
2018-10-12T10:42:32.946+0800: 13.568: Application time: 0.0116258 seconds
2018-10-12T10:42:32.954+0800: 13.576: Application time: 0.0078320 seconds
2018-10-12T10:42:32.963+0800: 13.585: Application time: 0.0090883 seconds
2018-10-12T10:42:32.984+0800: 13.605: Application time: 0.0200325 seconds
2018-10-12T10:42:32.985+0800: 13.606: Application time: 0.0007535 seconds
2018-10-12T10:42:32.993+0800: 13.614: Application time: 0.0080774 seconds
{Heap before GC invocations=48 (full 2):
 par new generation   total 78016K, used 75545K [0x00000006c2c00000, 0x00000006c80a0000, 0x00000006d78c0000)
  eden space 69376K, 100% used [0x00000006c2c00000, 0x00000006c6fc0000, 0x00000006c6fc0000)
  from space 8640K,  71% used [0x00000006c6fc0000, 0x00000006c75c6428, 0x00000006c7830000)
  to   space 8640K,   0% used [0x00000006c7830000, 0x00000006c7830000, 0x00000006c80a0000)
 concurrent mark-sweep generation total 173440K, used 34104K [0x00000006d78c0000, 0x00000006e2220000, 0x00000007c0000000)
 Metaspace       used 42135K, capacity 43834K, committed 44196K, reserved 1087488K
  class space    used 5424K, capacity 5769K, committed 5828K, reserved 1048576K
2018-10-12T10:42:32.993+0800: 13.614: [GC (Allocation Failure) 2018-10-12T10:42:32.993+0800: 13.614: [ParNew: 75545K->1714K(78016K), 0.0021527 secs] 109649K->35819K(251456K), 0.0022328 secs] [Times: user=0.00 sys=0.00, real=0.00 secs] 
Heap after GC invocations=49 (full 2):
 par new generation   total 78016K, used 1714K [0x00000006c2c00000, 0x00000006c80a0000, 0x00000006d78c0000)
  eden space 69376K,   0% used [0x00000006c2c00000, 0x00000006c2c00000, 0x00000006c6fc0000)
  from space 8640K,  19% used [0x00000006c7830000, 0x00000006c79dcb60, 0x00000006c80a0000)
  to   space 8640K,   0% used [0x00000006c6fc0000, 0x00000006c6fc0000, 0x00000006c7830000)
 concurrent mark-sweep generation total 173440K, used 34104K [0x00000006d78c0000, 0x00000006e2220000, 0x00000007c0000000)
 Metaspace       used 42135K, capacity 43834K, committed 44196K, reserved 1087488K
  class space    used 5424K, capacity 5769K, committed 5828K, reserved 1048576K
}
2018-10-12T10:42:32.998+0800: 13.619: Application time: 0.0027754 seconds
2018-10-12T10:42:33.005+0800: 13.627: Application time: 0.0069508 seconds
2018-10-12T10:42:33.012+0800: 13.633: Application time: 0.0068446 seconds
2018-10-12T10:42:33.020+0800: 13.641: Application time: 0.0077826 seconds
2018-10-12T10:42:33.020+0800: 13.642: Application time: 0.0000324 seconds
2018-10-12T10:42:33.043+0800: 13.664: Application time: 0.0220297 seconds
2018-10-12T10:42:33.058+0800: 13.679: Application time: 0.0149231 seconds
2018-10-12T10:42:33.083+0800: 13.704: Application time: 0.0246141 seconds
2018-10-12T10:42:33.110+0800: 13.731: Application time: 0.0269685 seconds
2018-10-12T10:42:33.157+0800: 13.778: Application time: 0.0464195 seconds
2018-10-12T10:42:33.193+0800: 13.814: Application time: 0.0356432 seconds
{Heap before GC invocations=49 (full 2):
 par new generation   total 78016K, used 71090K [0x00000006c2c00000, 0x00000006c80a0000, 0x00000006d78c0000)
  eden space 69376K, 100% used [0x00000006c2c00000, 0x00000006c6fc0000, 0x00000006c6fc0000)
  from space 8640K,  19% used [0x00000006c7830000, 0x00000006c79dcb60, 0x00000006c80a0000)
  to   space 8640K,   0% used [0x00000006c6fc0000, 0x00000006c6fc0000, 0x00000006c7830000)
 concurrent mark-sweep generation total 173440K, used 34104K [0x00000006d78c0000, 0x00000006e2220000, 0x00000007c0000000)
 Metaspace       used 42783K, capacity 44640K, committed 44836K, reserved 1087488K
  class space    used 5548K, capacity 5918K, committed 5956K, reserved 1048576K
2018-10-12T10:42:33.194+0800: 13.814: [GC (Allocation Failure) 2018-10-12T10:42:33.194+0800: 13.814: [ParNew: 71090K->2249K(78016K), 0.0025540 secs] 105195K->36353K(251456K), 0.0026125 secs] [Times: user=0.00 sys=0.00, real=0.00 secs] 
Heap after GC invocations=50 (full 2):
 par new generation   total 78016K, used 2249K [0x00000006c2c00000, 0x00000006c80a0000, 0x00000006d78c0000)
  eden space 69376K,   0% used [0x00000006c2c00000, 0x00000006c2c00000, 0x00000006c6fc0000)
  from space 8640K,  26% used [0x00000006c6fc0000, 0x00000006c71f2430, 0x00000006c7830000)
  to   space 8640K,   0% used [0x00000006c7830000, 0x00000006c7830000, 0x00000006c80a0000)
 concurrent mark-sweep generation total 173440K, used 34104K [0x00000006d78c0000, 0x00000006e2220000, 0x00000007c0000000)
 Metaspace       used 42783K, capacity 44640K, committed 44836K, reserved 1087488K
  class space    used 5548K, capacity 5918K, committed 5956K, reserved 1048576K
}
2018-10-12T10:42:33.203+0800: 13.824: Application time: 0.0071969 seconds
2018-10-12T10:42:33.204+0800: 13.824: Application time: 0.0000279 seconds
2018-10-12T10:42:33.204+0800: 13.824: Application time: 0.0000268 seconds
2018-10-12T10:42:33.204+0800: 13.825: Application time: 0.0000229 seconds
2018-10-12T10:42:33.204+0800: 13.825: Application time: 0.0000212 seconds
2018-10-12T10:42:33.204+0800: 13.825: Application time: 0.0005049 seconds
2018-10-12T10:42:33.205+0800: 13.826: Application time: 0.0005032 seconds
2018-10-12T10:42:33.206+0800: 13.826: Application time: 0.0005444 seconds
2018-10-12T10:42:33.207+0800: 13.828: Application time: 0.0015840 seconds
2018-10-12T10:42:33.242+0800: 13.863: Application time: 0.0344669 seconds
2018-10-12T10:42:33.243+0800: 13.864: Application time: 0.0005617 seconds
2018-10-12T10:42:33.246+0800: 13.867: Application time: 0.0027152 seconds
2018-10-12T10:42:33.246+0800: 13.867: Application time: 0.0000360 seconds
2018-10-12T10:42:33.274+0800: 13.895: Application time: 0.0281307 seconds
2018-10-12T10:42:33.276+0800: 13.897: Application time: 0.0000279 seconds
2018-10-12T10:42:33.276+0800: 13.897: Application time: 0.0001209 seconds
2018-10-12T10:42:33.328+0800: 13.950: Application time: 0.0524102 seconds
2018-10-12T10:42:33.345+0800: 13.966: Application time: 0.0161125 seconds
{Heap before GC invocations=50 (full 2):
 par new generation   total 78016K, used 71625K [0x00000006c2c00000, 0x00000006c80a0000, 0x00000006d78c0000)
  eden space 69376K, 100% used [0x00000006c2c00000, 0x00000006c6fc0000, 0x00000006c6fc0000)
  from space 8640K,  26% used [0x00000006c6fc0000, 0x00000006c71f2430, 0x00000006c7830000)
  to   space 8640K,   0% used [0x00000006c7830000, 0x00000006c7830000, 0x00000006c80a0000)
 concurrent mark-sweep generation total 173440K, used 34104K [0x00000006d78c0000, 0x00000006e2220000, 0x00000007c0000000)
 Metaspace       used 43355K, capacity 45314K, committed 45476K, reserved 1089536K
  class space    used 5635K, capacity 6003K, committed 6084K, reserved 1048576K
2018-10-12T10:42:33.345+0800: 13.966: [GC (Allocation Failure) 2018-10-12T10:42:33.345+0800: 13.966: [ParNew: 71625K->3137K(78016K), 0.0030198 secs] 105729K->37241K(251456K), 0.0031020 secs] [Times: user=0.00 sys=0.00, real=0.00 secs] 
Heap after GC invocations=51 (full 2):
 par new generation   total 78016K, used 3137K [0x00000006c2c00000, 0x00000006c80a0000, 0x00000006d78c0000)
  eden space 69376K,   0% used [0x00000006c2c00000, 0x00000006c2c00000, 0x00000006c6fc0000)
  from space 8640K,  36% used [0x00000006c7830000, 0x00000006c7b404f0, 0x00000006c80a0000)
  to   space 8640K,   0% used [0x00000006c6fc0000, 0x00000006c6fc0000, 0x00000006c7830000)
 concurrent mark-sweep generation total 173440K, used 34104K [0x00000006d78c0000, 0x00000006e2220000, 0x00000007c0000000)
 Metaspace       used 43355K, capacity 45314K, committed 45476K, reserved 1089536K
  class space    used 5635K, capacity 6003K, committed 6084K, reserved 1048576K
}
2018-10-12T10:42:33.350+0800: 13.971: Application time: 0.0020032 seconds
2018-10-12T10:42:33.354+0800: 13.975: Application time: 0.0034743 seconds
2018-10-12T10:42:33.367+0800: 13.988: Application time: 0.0128659 seconds
2018-10-12T10:42:33.371+0800: 13.993: Application time: 0.0043143 seconds
2018-10-12T10:42:33.378+0800: 14.000: Application time: 0.0066341 seconds
2018-10-12T10:42:33.553+0800: 14.173: Application time: 0.1732714 seconds
2018-10-12T10:42:33.557+0800: 14.178: Application time: 0.0042794 seconds
2018-10-12T10:42:33.561+0800: 14.182: Application time: 0.0039779 seconds
{Heap before GC invocations=51 (full 2):
 par new generation   total 78016K, used 72513K [0x00000006c2c00000, 0x00000006c80a0000, 0x00000006d78c0000)
  eden space 69376K, 100% used [0x00000006c2c00000, 0x00000006c6fc0000, 0x00000006c6fc0000)
  from space 8640K,  36% used [0x00000006c7830000, 0x00000006c7b404f0, 0x00000006c80a0000)
  to   space 8640K,   0% used [0x00000006c6fc0000, 0x00000006c6fc0000, 0x00000006c7830000)
 concurrent mark-sweep generation total 173440K, used 34104K [0x00000006d78c0000, 0x00000006e2220000, 0x00000007c0000000)
 Metaspace       used 44187K, capacity 46178K, committed 46372K, reserved 1089536K
  class space    used 5762K, capacity 6137K, committed 6212K, reserved 1048576K
2018-10-12T10:42:33.562+0800: 14.182: [GC (Allocation Failure) 2018-10-12T10:42:33.562+0800: 14.182: [ParNew: 72513K->4197K(78016K), 0.0035911 secs] 106617K->38302K(251456K), 0.0036651 secs] [Times: user=0.06 sys=0.00, real=0.00 secs] 
Heap after GC invocations=52 (full 2):
 par new generation   total 78016K, used 4197K [0x00000006c2c00000, 0x00000006c80a0000, 0x00000006d78c0000)
  eden space 69376K,   0% used [0x00000006c2c00000, 0x00000006c2c00000, 0x00000006c6fc0000)
  from space 8640K,  48% used [0x00000006c6fc0000, 0x00000006c73d9630, 0x00000006c7830000)
  to   space 8640K,   0% used [0x00000006c7830000, 0x00000006c7830000, 0x00000006c80a0000)
 concurrent mark-sweep generation total 173440K, used 34104K [0x00000006d78c0000, 0x00000006e2220000, 0x00000007c0000000)
 Metaspace       used 44187K, capacity 46178K, committed 46372K, reserved 1089536K
  class space    used 5762K, capacity 6137K, committed 6212K, reserved 1048576K
}
2018-10-12T10:42:33.615+0800: 14.235: Application time: 0.0492884 seconds
2018-10-12T10:42:33.750+0800: 14.372: Application time: 0.1351034 seconds
{Heap before GC invocations=52 (full 2):
 par new generation   total 78016K, used 73573K [0x00000006c2c00000, 0x00000006c80a0000, 0x00000006d78c0000)
  eden space 69376K, 100% used [0x00000006c2c00000, 0x00000006c6fc0000, 0x00000006c6fc0000)
  from space 8640K,  48% used [0x00000006c6fc0000, 0x00000006c73d9630, 0x00000006c7830000)
  to   space 8640K,   0% used [0x00000006c7830000, 0x00000006c7830000, 0x00000006c80a0000)
 concurrent mark-sweep generation total 173440K, used 34104K [0x00000006d78c0000, 0x00000006e2220000, 0x00000007c0000000)
 Metaspace       used 44587K, capacity 46622K, committed 46756K, reserved 1089536K
  class space    used 5809K, capacity 6215K, committed 6340K, reserved 1048576K
2018-10-12T10:42:33.751+0800: 14.372: [GC (Allocation Failure) 2018-10-12T10:42:33.751+0800: 14.372: [ParNew: 73573K->4731K(78016K), 0.0040184 secs] 107678K->38836K(251456K), 0.0040882 secs] [Times: user=0.00 sys=0.00, real=0.00 secs] 
Heap after GC invocations=53 (full 2):
 par new generation   total 78016K, used 4731K [0x00000006c2c00000, 0x00000006c80a0000, 0x00000006d78c0000)
  eden space 69376K,   0% used [0x00000006c2c00000, 0x00000006c2c00000, 0x00000006c6fc0000)
  from space 8640K,  54% used [0x00000006c7830000, 0x00000006c7ccef80, 0x00000006c80a0000)
  to   space 8640K,   0% used [0x00000006c6fc0000, 0x00000006c6fc0000, 0x00000006c7830000)
 concurrent mark-sweep generation total 173440K, used 34104K [0x00000006d78c0000, 0x00000006e2220000, 0x00000007c0000000)
 Metaspace       used 44587K, capacity 46622K, committed 46756K, reserved 1089536K
  class space    used 5809K, capacity 6215K, committed 6340K, reserved 1048576K
}
2018-10-12T10:42:33.845+0800: 14.466: Application time: 0.0901758 seconds
2018-10-12T10:42:34.012+0800: 14.632: Application time: 0.1659098 seconds
{Heap before GC invocations=53 (full 2):
 par new generation   total 78016K, used 74107K [0x00000006c2c00000, 0x00000006c80a0000, 0x00000006d78c0000)
  eden space 69376K, 100% used [0x00000006c2c00000, 0x00000006c6fc0000, 0x00000006c6fc0000)
  from space 8640K,  54% used [0x00000006c7830000, 0x00000006c7ccef80, 0x00000006c80a0000)
  to   space 8640K,   0% used [0x00000006c6fc0000, 0x00000006c6fc0000, 0x00000006c7830000)
 concurrent mark-sweep generation total 173440K, used 34104K [0x00000006d78c0000, 0x00000006e2220000, 0x00000007c0000000)
 Metaspace       used 44824K, capacity 46848K, committed 47012K, reserved 1089536K
  class space    used 5833K, capacity 6224K, committed 6340K, reserved 1048576K
2018-10-12T10:42:34.012+0800: 14.632: [GC (Allocation Failure) 2018-10-12T10:42:34.012+0800: 14.633: [ParNew: 74107K->5860K(78016K), 0.0042758 secs] 108212K->39964K(251456K), 0.0043495 secs] [Times: user=0.00 sys=0.00, real=0.00 secs] 
Heap after GC invocations=54 (full 2):
 par new generation   total 78016K, used 5860K [0x00000006c2c00000, 0x00000006c80a0000, 0x00000006d78c0000)
  eden space 69376K,   0% used [0x00000006c2c00000, 0x00000006c2c00000, 0x00000006c6fc0000)
  from space 8640K,  67% used [0x00000006c6fc0000, 0x00000006c7579078, 0x00000006c7830000)
  to   space 8640K,   0% used [0x00000006c7830000, 0x00000006c7830000, 0x00000006c80a0000)
 concurrent mark-sweep generation total 173440K, used 34104K [0x00000006d78c0000, 0x00000006e2220000, 0x00000007c0000000)
 Metaspace       used 44824K, capacity 46848K, committed 47012K, reserved 1089536K
  class space    used 5833K, capacity 6224K, committed 6340K, reserved 1048576K
}
2018-10-12T10:42:34.054+0800: 14.676: Application time: 0.0387667 seconds
2018-10-12T10:42:34.117+0800: 14.738: Application time: 0.0612862 seconds
2018-10-12T10:42:34.121+0800: 14.742: Application time: 0.0038076 seconds
2018-10-12T10:42:34.121+0800: 14.742: Application time: 0.0000339 seconds
2018-10-12T10:42:34.243+0800: 14.863: Application time: 0.1213439 seconds
2018-10-12T10:42:34.246+0800: 14.867: Application time: 0.0008932 seconds
2018-10-12T10:42:34.355+0800: 14.975: Application time: 0.1079332 seconds
2018-10-12T10:42:34.381+0800: 15.002: Application time: 0.0263465 seconds
2018-10-12T10:42:34.408+0800: 15.029: Application time: 0.0272806 seconds
{Heap before GC invocations=54 (full 2):
 par new generation   total 78016K, used 75236K [0x00000006c2c00000, 0x00000006c80a0000, 0x00000006d78c0000)
  eden space 69376K, 100% used [0x00000006c2c00000, 0x00000006c6fc0000, 0x00000006c6fc0000)
  from space 8640K,  67% used [0x00000006c6fc0000, 0x00000006c7579078, 0x00000006c7830000)
  to   space 8640K,   0% used [0x00000006c7830000, 0x00000006c7830000, 0x00000006c80a0000)
 concurrent mark-sweep generation total 173440K, used 34104K [0x00000006d78c0000, 0x00000006e2220000, 0x00000007c0000000)
 Metaspace       used 47523K, capacity 49568K, committed 49828K, reserved 1093632K
  class space    used 6098K, capacity 6490K, committed 6596K, reserved 1048576K
2018-10-12T10:42:34.408+0800: 15.030: [GC (Allocation Failure) 2018-10-12T10:42:34.408+0800: 15.030: [ParNew: 75236K->6054K(78016K), 0.0060855 secs] 109340K->40159K(251456K), 0.0061574 secs] [Times: user=0.00 sys=0.00, real=0.01 secs] 
Heap after GC invocations=55 (full 2):
 par new generation   total 78016K, used 6054K [0x00000006c2c00000, 0x00000006c80a0000, 0x00000006d78c0000)
  eden space 69376K,   0% used [0x00000006c2c00000, 0x00000006c2c00000, 0x00000006c6fc0000)
  from space 8640K,  70% used [0x00000006c7830000, 0x00000006c7e19aa0, 0x00000006c80a0000)
  to   space 8640K,   0% used [0x00000006c6fc0000, 0x00000006c6fc0000, 0x00000006c7830000)
 concurrent mark-sweep generation total 173440K, used 34104K [0x00000006d78c0000, 0x00000006e2220000, 0x00000007c0000000)
 Metaspace       used 47523K, capacity 49568K, committed 49828K, reserved 1093632K
  class space    used 6098K, capacity 6490K, committed 6596K, reserved 1048576K
}
2018-10-12T10:42:34.416+0800: 15.038: Application time: 0.0020907 seconds
2018-10-12T10:42:34.509+0800: 15.130: Application time: 0.0918690 seconds
2018-10-12T10:42:34.518+0800: 15.139: Application time: 0.0091130 seconds
2018-10-12T10:42:34.523+0800: 15.144: Application time: 0.0033273 seconds
2018-10-12T10:42:34.674+0800: 15.295: Application time: 0.1504609 seconds
2018-10-12T10:42:34.678+0800: 15.298: Application time: 0.0031485 seconds
{Heap before GC invocations=55 (full 2):
 par new generation   total 78016K, used 75430K [0x00000006c2c00000, 0x00000006c80a0000, 0x00000006d78c0000)
  eden space 69376K, 100% used [0x00000006c2c00000, 0x00000006c6fc0000, 0x00000006c6fc0000)
  from space 8640K,  70% used [0x00000006c7830000, 0x00000006c7e19aa0, 0x00000006c80a0000)
  to   space 8640K,   0% used [0x00000006c6fc0000, 0x00000006c6fc0000, 0x00000006c7830000)
 concurrent mark-sweep generation total 173440K, used 34104K [0x00000006d78c0000, 0x00000006e2220000, 0x00000007c0000000)
 Metaspace       used 48956K, capacity 50982K, committed 51236K, reserved 1093632K
  class space    used 6321K, capacity 6721K, committed 6724K, reserved 1048576K
2018-10-12T10:42:34.678+0800: 15.298: [GC (Allocation Failure) 2018-10-12T10:42:34.678+0800: 15.298: [ParNew: 75430K->7246K(78016K), 0.0075746 secs] 109535K->42736K(251456K), 0.0076419 secs] [Times: user=0.00 sys=0.00, real=0.01 secs] 
Heap after GC invocations=56 (full 2):
 par new generation   total 78016K, used 7246K [0x00000006c2c00000, 0x00000006c80a0000, 0x00000006d78c0000)
  eden space 69376K,   0% used [0x00000006c2c00000, 0x00000006c2c00000, 0x00000006c6fc0000)
  from space 8640K,  83% used [0x00000006c6fc0000, 0x00000006c76d3958, 0x00000006c7830000)
  to   space 8640K,   0% used [0x00000006c7830000, 0x00000006c7830000, 0x00000006c80a0000)
 concurrent mark-sweep generation total 173440K, used 35490K [0x00000006d78c0000, 0x00000006e2220000, 0x00000007c0000000)
 Metaspace       used 48956K, capacity 50982K, committed 51236K, reserved 1093632K
  class space    used 6321K, capacity 6721K, committed 6724K, reserved 1048576K
}
2018-10-12T10:42:35.005+0800: 15.626: Application time: 0.3196730 seconds
{Heap before GC invocations=56 (full 2):
 par new generation   total 78016K, used 76622K [0x00000006c2c00000, 0x00000006c80a0000, 0x00000006d78c0000)
  eden space 69376K, 100% used [0x00000006c2c00000, 0x00000006c6fc0000, 0x00000006c6fc0000)
  from space 8640K,  83% used [0x00000006c6fc0000, 0x00000006c76d3958, 0x00000006c7830000)
  to   space 8640K,   0% used [0x00000006c7830000, 0x00000006c7830000, 0x00000006c80a0000)
 concurrent mark-sweep generation total 173440K, used 35490K [0x00000006d78c0000, 0x00000006e2220000, 0x00000007c0000000)
 Metaspace       used 49826K, capacity 51896K, committed 52132K, reserved 1095680K
  class space    used 6471K, capacity 6852K, committed 6852K, reserved 1048576K
2018-10-12T10:42:35.242+0800: 15.863: [GC (Allocation Failure) 2018-10-12T10:42:35.242+0800: 15.863: [ParNew: 76622K->5581K(78016K), 0.0053721 secs] 112112K->41915K(251456K), 0.0054426 secs] [Times: user=0.00 sys=0.00, real=0.00 secs] 
Heap after GC invocations=57 (full 2):
 par new generation   total 78016K, used 5581K [0x00000006c2c00000, 0x00000006c80a0000, 0x00000006d78c0000)
  eden space 69376K,   0% used [0x00000006c2c00000, 0x00000006c2c00000, 0x00000006c6fc0000)
  from space 8640K,  64% used [0x00000006c7830000, 0x00000006c7da3788, 0x00000006c80a0000)
  to   space 8640K,   0% used [0x00000006c6fc0000, 0x00000006c6fc0000, 0x00000006c7830000)
 concurrent mark-sweep generation total 173440K, used 36333K [0x00000006d78c0000, 0x00000006e2220000, 0x00000007c0000000)
 Metaspace       used 49826K, capacity 51896K, committed 52132K, reserved 1095680K
  class space    used 6471K, capacity 6852K, committed 6852K, reserved 1048576K
}
2018-10-12T10:42:35.413+0800: 16.034: Application time: 0.1651957 seconds
{Heap before GC invocations=57 (full 2):
 par new generation   total 78016K, used 74957K [0x00000006c2c00000, 0x00000006c80a0000, 0x00000006d78c0000)
  eden space 69376K, 100% used [0x00000006c2c00000, 0x00000006c6fc0000, 0x00000006c6fc0000)
  from space 8640K,  64% used [0x00000006c7830000, 0x00000006c7da3788, 0x00000006c80a0000)
  to   space 8640K,   0% used [0x00000006c6fc0000, 0x00000006c6fc0000, 0x00000006c7830000)
 concurrent mark-sweep generation total 173440K, used 36333K [0x00000006d78c0000, 0x00000006e2220000, 0x00000007c0000000)
 Metaspace       used 50304K, capacity 52376K, committed 52516K, reserved 1095680K
  class space    used 6531K, capacity 6948K, committed 6980K, reserved 1048576K
2018-10-12T10:42:35.415+0800: 16.035: [GC (Allocation Failure) 2018-10-12T10:42:35.415+0800: 16.035: [ParNew: 74957K->6499K(78016K), 0.0036933 secs] 111291K->42833K(251456K), 0.0037624 secs] [Times: user=0.00 sys=0.00, real=0.00 secs] 
Heap after GC invocations=58 (full 2):
 par new generation   total 78016K, used 6499K [0x00000006c2c00000, 0x00000006c80a0000, 0x00000006d78c0000)
  eden space 69376K,   0% used [0x00000006c2c00000, 0x00000006c2c00000, 0x00000006c6fc0000)
  from space 8640K,  75% used [0x00000006c6fc0000, 0x00000006c7618d90, 0x00000006c7830000)
  to   space 8640K,   0% used [0x00000006c7830000, 0x00000006c7830000, 0x00000006c80a0000)
 concurrent mark-sweep generation total 173440K, used 36333K [0x00000006d78c0000, 0x00000006e2220000, 0x00000007c0000000)
 Metaspace       used 50304K, capacity 52376K, committed 52516K, reserved 1095680K
  class space    used 6531K, capacity 6948K, committed 6980K, reserved 1048576K
}
2018-10-12T10:42:35.487+0800: 16.107: Application time: 0.0682194 seconds
{Heap before GC invocations=58 (full 2):
 par new generation   total 78016K, used 75875K [0x00000006c2c00000, 0x00000006c80a0000, 0x00000006d78c0000)
  eden space 69376K, 100% used [0x00000006c2c00000, 0x00000006c6fc0000, 0x00000006c6fc0000)
  from space 8640K,  75% used [0x00000006c6fc0000, 0x00000006c7618d90, 0x00000006c7830000)
  to   space 8640K,   0% used [0x00000006c7830000, 0x00000006c7830000, 0x00000006c80a0000)
 concurrent mark-sweep generation total 173440K, used 36333K [0x00000006d78c0000, 0x00000006e2220000, 0x00000007c0000000)
 Metaspace       used 50322K, capacity 52376K, committed 52516K, reserved 1095680K
  class space    used 6531K, capacity 6948K, committed 6980K, reserved 1048576K
2018-10-12T10:42:35.487+0800: 16.108: [GC (Allocation Failure) 2018-10-12T10:42:35.487+0800: 16.108: [ParNew: 75875K->4773K(78016K), 0.0034239 secs] 112209K->41107K(251456K), 0.0034860 secs] [Times: user=0.00 sys=0.00, real=0.00 secs] 
Heap after GC invocations=59 (full 2):
 par new generation   total 78016K, used 4773K [0x00000006c2c00000, 0x00000006c80a0000, 0x00000006d78c0000)
  eden space 69376K,   0% used [0x00000006c2c00000, 0x00000006c2c00000, 0x00000006c6fc0000)
  from space 8640K,  55% used [0x00000006c7830000, 0x00000006c7cd9720, 0x00000006c80a0000)
  to   space 8640K,   0% used [0x00000006c6fc0000, 0x00000006c6fc0000, 0x00000006c7830000)
 concurrent mark-sweep generation total 173440K, used 36333K [0x00000006d78c0000, 0x00000006e2220000, 0x00000007c0000000)
 Metaspace       used 50322K, capacity 52376K, committed 52516K, reserved 1095680K
  class space    used 6531K, capacity 6948K, committed 6980K, reserved 1048576K
}
2018-10-12T10:42:35.657+0800: 16.278: Application time: 0.1666147 seconds
{Heap before GC invocations=59 (full 2):
 par new generation   total 78016K, used 74149K [0x00000006c2c00000, 0x00000006c80a0000, 0x00000006d78c0000)
  eden space 69376K, 100% used [0x00000006c2c00000, 0x00000006c6fc0000, 0x00000006c6fc0000)
  from space 8640K,  55% used [0x00000006c7830000, 0x00000006c7cd9720, 0x00000006c80a0000)
  to   space 8640K,   0% used [0x00000006c6fc0000, 0x00000006c6fc0000, 0x00000006c7830000)
 concurrent mark-sweep generation total 173440K, used 36333K [0x00000006d78c0000, 0x00000006e2220000, 0x00000007c0000000)
 Metaspace       used 51455K, capacity 53510K, committed 53796K, reserved 1095680K
  class space    used 6776K, capacity 7179K, committed 7236K, reserved 1048576K
2018-10-12T10:42:35.657+0800: 16.278: [GC (Allocation Failure) 2018-10-12T10:42:35.657+0800: 16.278: [ParNew: 74149K->5694K(78016K), 0.0051482 secs] 110483K->42028K(251456K), 0.0052138 secs] [Times: user=0.00 sys=0.00, real=0.00 secs] 
Heap after GC invocations=60 (full 2):
 par new generation   total 78016K, used 5694K [0x00000006c2c00000, 0x00000006c80a0000, 0x00000006d78c0000)
  eden space 69376K,   0% used [0x00000006c2c00000, 0x00000006c2c00000, 0x00000006c6fc0000)
  from space 8640K,  65% used [0x00000006c6fc0000, 0x00000006c754f988, 0x00000006c7830000)
  to   space 8640K,   0% used [0x00000006c7830000, 0x00000006c7830000, 0x00000006c80a0000)
 concurrent mark-sweep generation total 173440K, used 36333K [0x00000006d78c0000, 0x00000006e2220000, 0x00000007c0000000)
 Metaspace       used 51455K, capacity 53510K, committed 53796K, reserved 1095680K
  class space    used 6776K, capacity 7179K, committed 7236K, reserved 1048576K
}
2018-10-12T10:42:35.701+0800: 16.322: Application time: 0.0383390 seconds
2018-10-12T10:42:35.701+0800: 16.322: Application time: 0.0000568 seconds
2018-10-12T10:42:35.771+0800: 16.391: Application time: 0.0690413 seconds
2018-10-12T10:42:35.829+0800: 16.450: Application time: 0.0578479 seconds
2018-10-12T10:42:35.895+0800: 16.517: Application time: 0.0667867 seconds
2018-10-12T10:42:35.909+0800: 16.530: Application time: 0.0132461 seconds
2018-10-12T10:42:35.925+0800: 16.546: Application time: 0.0153621 seconds
{Heap before GC invocations=60 (full 2):
 par new generation   total 78016K, used 75070K [0x00000006c2c00000, 0x00000006c80a0000, 0x00000006d78c0000)
  eden space 69376K, 100% used [0x00000006c2c00000, 0x00000006c6fc0000, 0x00000006c6fc0000)
  from space 8640K,  65% used [0x00000006c6fc0000, 0x00000006c754f988, 0x00000006c7830000)
  to   space 8640K,   0% used [0x00000006c7830000, 0x00000006c7830000, 0x00000006c80a0000)
 concurrent mark-sweep generation total 173440K, used 36333K [0x00000006d78c0000, 0x00000006e2220000, 0x00000007c0000000)
 Metaspace       used 53327K, capacity 55384K, committed 55844K, reserved 1097728K
  class space    used 7036K, capacity 7438K, committed 7492K, reserved 1048576K
2018-10-12T10:42:35.925+0800: 16.546: [GC (Allocation Failure) 2018-10-12T10:42:35.925+0800: 16.546: [ParNew: 75070K->6376K(78016K), 0.0045304 secs] 111404K->42710K(251456K), 0.0046122 secs] [Times: user=0.00 sys=0.00, real=0.01 secs] 
Heap after GC invocations=61 (full 2):
 par new generation   total 78016K, used 6376K [0x00000006c2c00000, 0x00000006c80a0000, 0x00000006d78c0000)
  eden space 69376K,   0% used [0x00000006c2c00000, 0x00000006c2c00000, 0x00000006c6fc0000)
  from space 8640K,  73% used [0x00000006c7830000, 0x00000006c7e6a3c8, 0x00000006c80a0000)
  to   space 8640K,   0% used [0x00000006c6fc0000, 0x00000006c6fc0000, 0x00000006c7830000)
 concurrent mark-sweep generation total 173440K, used 36333K [0x00000006d78c0000, 0x00000006e2220000, 0x00000007c0000000)
 Metaspace       used 53327K, capacity 55384K, committed 55844K, reserved 1097728K
  class space    used 7036K, capacity 7438K, committed 7492K, reserved 1048576K
}
2018-10-12T10:42:36.139+0800: 16.759: Application time: 0.2083384 seconds
2018-10-12T10:42:36.151+0800: 16.772: Application time: 0.0121417 seconds
{Heap before GC invocations=61 (full 2):
 par new generation   total 78016K, used 75752K [0x00000006c2c00000, 0x00000006c80a0000, 0x00000006d78c0000)
  eden space 69376K, 100% used [0x00000006c2c00000, 0x00000006c6fc0000, 0x00000006c6fc0000)
  from space 8640K,  73% used [0x00000006c7830000, 0x00000006c7e6a3c8, 0x00000006c80a0000)
  to   space 8640K,   0% used [0x00000006c6fc0000, 0x00000006c6fc0000, 0x00000006c7830000)
 concurrent mark-sweep generation total 173440K, used 36333K [0x00000006d78c0000, 0x00000006e2220000, 0x00000007c0000000)
 Metaspace       used 54476K, capacity 56580K, committed 56996K, reserved 1099776K
  class space    used 7176K, capacity 7600K, committed 7620K, reserved 1048576K
2018-10-12T10:42:36.151+0800: 16.772: [GC (Allocation Failure) 2018-10-12T10:42:36.151+0800: 16.772: [ParNew: 75752K->6416K(78016K), 0.0052952 secs] 112086K->43686K(251456K), 0.0053714 secs] [Times: user=0.00 sys=0.00, real=0.00 secs] 
Heap after GC invocations=62 (full 2):
 par new generation   total 78016K, used 6416K [0x00000006c2c00000, 0x00000006c80a0000, 0x00000006d78c0000)
  eden space 69376K,   0% used [0x00000006c2c00000, 0x00000006c2c00000, 0x00000006c6fc0000)
  from space 8640K,  74% used [0x00000006c6fc0000, 0x00000006c76040a0, 0x00000006c7830000)
  to   space 8640K,   0% used [0x00000006c7830000, 0x00000006c7830000, 0x00000006c80a0000)
 concurrent mark-sweep generation total 173440K, used 37270K [0x00000006d78c0000, 0x00000006e2220000, 0x00000007c0000000)
 Metaspace       used 54476K, capacity 56580K, committed 56996K, reserved 1099776K
  class space    used 7176K, capacity 7600K, committed 7620K, reserved 1048576K
}
2018-10-12T10:42:36.297+0800: 16.919: Application time: 0.1414435 seconds
2018-10-12T10:42:36.507+0800: 17.128: Application time: 0.2080073 seconds
{Heap before GC invocations=62 (full 2):
 par new generation   total 78016K, used 75792K [0x00000006c2c00000, 0x00000006c80a0000, 0x00000006d78c0000)
  eden space 69376K, 100% used [0x00000006c2c00000, 0x00000006c6fc0000, 0x00000006c6fc0000)
  from space 8640K,  74% used [0x00000006c6fc0000, 0x00000006c76040a0, 0x00000006c7830000)
  to   space 8640K,   0% used [0x00000006c7830000, 0x00000006c7830000, 0x00000006c80a0000)
 concurrent mark-sweep generation total 173440K, used 37270K [0x00000006d78c0000, 0x00000006e2220000, 0x00000007c0000000)
 Metaspace       used 56159K, capacity 58282K, committed 58532K, reserved 1099776K
  class space    used 7412K, capacity 7815K, committed 7876K, reserved 1048576K
2018-10-12T10:42:36.508+0800: 17.129: [GC (Allocation Failure) 2018-10-12T10:42:36.508+0800: 17.129: [ParNew: 75792K->7078K(78016K), 0.0048813 secs] 113062K->44348K(251456K), 0.0050128 secs] [Times: user=0.00 sys=0.00, real=0.01 secs] 
Heap after GC invocations=63 (full 2):
 par new generation   total 78016K, used 7078K [0x00000006c2c00000, 0x00000006c80a0000, 0x00000006d78c0000)
  eden space 69376K,   0% used [0x00000006c2c00000, 0x00000006c2c00000, 0x00000006c6fc0000)
  from space 8640K,  81% used [0x00000006c7830000, 0x00000006c7f198c8, 0x00000006c80a0000)
  to   space 8640K,   0% used [0x00000006c6fc0000, 0x00000006c6fc0000, 0x00000006c7830000)
 concurrent mark-sweep generation total 173440K, used 37270K [0x00000006d78c0000, 0x00000006e2220000, 0x00000007c0000000)
 Metaspace       used 56159K, capacity 58282K, committed 58532K, reserved 1099776K
  class space    used 7412K, capacity 7815K, committed 7876K, reserved 1048576K
}
2018-10-12T10:42:36.559+0800: 17.180: Application time: 0.0460877 seconds
2018-10-12T10:42:36.725+0800: 17.346: Application time: 0.1663185 seconds
2018-10-12T10:42:36.773+0800: 17.394: Application time: 0.0477898 seconds
{Heap before GC invocations=63 (full 2):
 par new generation   total 78016K, used 76454K [0x00000006c2c00000, 0x00000006c80a0000, 0x00000006d78c0000)
  eden space 69376K, 100% used [0x00000006c2c00000, 0x00000006c6fc0000, 0x00000006c6fc0000)
  from space 8640K,  81% used [0x00000006c7830000, 0x00000006c7f198c8, 0x00000006c80a0000)
  to   space 8640K,   0% used [0x00000006c6fc0000, 0x00000006c6fc0000, 0x00000006c7830000)
 concurrent mark-sweep generation total 173440K, used 37270K [0x00000006d78c0000, 0x00000006e2220000, 0x00000007c0000000)
 Metaspace       used 57588K, capacity 59686K, committed 59940K, reserved 1101824K
  class space    used 7578K, capacity 7981K, committed 8004K, reserved 1048576K
2018-10-12T10:42:36.773+0800: 17.394: [GC (Allocation Failure) 2018-10-12T10:42:36.773+0800: 17.394: [ParNew: 76454K->6379K(78016K), 0.0059800 secs] 113724K->44588K(251456K), 0.0060312 secs] [Times: user=0.00 sys=0.00, real=0.01 secs] 
Heap after GC invocations=64 (full 2):
 par new generation   total 78016K, used 6379K [0x00000006c2c00000, 0x00000006c80a0000, 0x00000006d78c0000)
  eden space 69376K,   0% used [0x00000006c2c00000, 0x00000006c2c00000, 0x00000006c6fc0000)
  from space 8640K,  73% used [0x00000006c6fc0000, 0x00000006c75faf38, 0x00000006c7830000)
  to   space 8640K,   0% used [0x00000006c7830000, 0x00000006c7830000, 0x00000006c80a0000)
 concurrent mark-sweep generation total 173440K, used 38208K [0x00000006d78c0000, 0x00000006e2220000, 0x00000007c0000000)
 Metaspace       used 57588K, capacity 59686K, committed 59940K, reserved 1101824K
  class space    used 7578K, capacity 7981K, committed 8004K, reserved 1048576K
}
2018-10-12T10:42:36.845+0800: 17.466: Application time: 0.0652863 seconds
2018-10-12T10:42:36.904+0800: 17.525: Application time: 0.0587174 seconds
2018-10-12T10:42:36.904+0800: 17.525: Application time: 0.0000406 seconds
2018-10-12T10:42:36.949+0800: 17.570: Application time: 0.0445933 seconds
2018-10-12T10:42:36.970+0800: 17.590: Application time: 0.0206112 seconds
{Heap before GC invocations=64 (full 2):
 par new generation   total 78016K, used 75755K [0x00000006c2c00000, 0x00000006c80a0000, 0x00000006d78c0000)
  eden space 69376K, 100% used [0x00000006c2c00000, 0x00000006c6fc0000, 0x00000006c6fc0000)
  from space 8640K,  73% used [0x00000006c6fc0000, 0x00000006c75faf38, 0x00000006c7830000)
  to   space 8640K,   0% used [0x00000006c7830000, 0x00000006c7830000, 0x00000006c80a0000)
 concurrent mark-sweep generation total 173440K, used 38208K [0x00000006d78c0000, 0x00000006e2220000, 0x00000007c0000000)
 Metaspace       used 58592K, capacity 60744K, committed 61092K, reserved 1101824K
  class space    used 7688K, capacity 8094K, committed 8132K, reserved 1048576K
2018-10-12T10:42:36.970+0800: 17.591: [GC (Allocation Failure) 2018-10-12T10:42:36.970+0800: 17.591: [ParNew: 75755K->5635K(78016K), 0.0056098 secs] 113964K->44847K(251456K), 0.0056747 secs] [Times: user=0.00 sys=0.00, real=0.01 secs] 
Heap after GC invocations=65 (full 2):
 par new generation   total 78016K, used 5635K [0x00000006c2c00000, 0x00000006c80a0000, 0x00000006d78c0000)
  eden space 69376K,   0% used [0x00000006c2c00000, 0x00000006c2c00000, 0x00000006c6fc0000)
  from space 8640K,  65% used [0x00000006c7830000, 0x00000006c7db0d08, 0x00000006c80a0000)
  to   space 8640K,   0% used [0x00000006c6fc0000, 0x00000006c6fc0000, 0x00000006c7830000)
 concurrent mark-sweep generation total 173440K, used 39212K [0x00000006d78c0000, 0x00000006e2220000, 0x00000007c0000000)
 Metaspace       used 58592K, capacity 60744K, committed 61092K, reserved 1101824K
  class space    used 7688K, capacity 8094K, committed 8132K, reserved 1048576K
}
2018-10-12T10:42:37.001+0800: 17.622: Application time: 0.0249871 seconds
2018-10-12T10:42:37.079+0800: 17.701: Application time: 0.0788631 seconds
2018-10-12T10:42:37.128+0800: 17.750: Application time: 0.0487824 seconds
2018-10-12T10:42:37.185+0800: 17.806: Application time: 0.0560252 seconds
2018-10-12T10:42:37.185+0800: 17.806: Application time: 0.0000233 seconds
2018-10-12T10:42:37.232+0800: 17.852: Application time: 0.0460207 seconds
{Heap before GC invocations=65 (full 2):
 par new generation   total 78016K, used 75011K [0x00000006c2c00000, 0x00000006c80a0000, 0x00000006d78c0000)
  eden space 69376K, 100% used [0x00000006c2c00000, 0x00000006c6fc0000, 0x00000006c6fc0000)
  from space 8640K,  65% used [0x00000006c7830000, 0x00000006c7db0d08, 0x00000006c80a0000)
  to   space 8640K,   0% used [0x00000006c6fc0000, 0x00000006c6fc0000, 0x00000006c7830000)
 concurrent mark-sweep generation total 173440K, used 39212K [0x00000006d78c0000, 0x00000006e2220000, 0x00000007c0000000)
 Metaspace       used 60377K, capacity 62926K, committed 63012K, reserved 1103872K
  class space    used 7970K, capacity 8451K, committed 8516K, reserved 1048576K
2018-10-12T10:42:37.232+0800: 17.853: [GC (Allocation Failure) 2018-10-12T10:42:37.232+0800: 17.853: [ParNew: 75011K->5644K(78016K), 0.0054969 secs] 114223K->45072K(251456K), 0.0055470 secs] [Times: user=0.06 sys=0.00, real=0.00 secs] 
Heap after GC invocations=66 (full 2):
 par new generation   total 78016K, used 5644K [0x00000006c2c00000, 0x00000006c80a0000, 0x00000006d78c0000)
  eden space 69376K,   0% used [0x00000006c2c00000, 0x00000006c2c00000, 0x00000006c6fc0000)
  from space 8640K,  65% used [0x00000006c6fc0000, 0x00000006c7543208, 0x00000006c7830000)
  to   space 8640K,   0% used [0x00000006c7830000, 0x00000006c7830000, 0x00000006c80a0000)
 concurrent mark-sweep generation total 173440K, used 39428K [0x00000006d78c0000, 0x00000006e2220000, 0x00000007c0000000)
 Metaspace       used 60377K, capacity 62926K, committed 63012K, reserved 1103872K
  class space    used 7970K, capacity 8451K, committed 8516K, reserved 1048576K
}
2018-10-12T10:42:37.277+0800: 17.898: Application time: 0.0398055 seconds
2018-10-12T10:42:37.277+0800: 17.898: Application time: 0.0000391 seconds
2018-10-12T10:42:37.304+0800: 17.924: Application time: 0.0260429 seconds
2018-10-12T10:42:37.327+0800: 17.948: Application time: 0.0233129 seconds
2018-10-12T10:42:37.481+0800: 18.102: Application time: 0.1536570 seconds
2018-10-12T10:42:37.495+0800: 18.116: Application time: 0.0139093 seconds
2018-10-12T10:42:37.549+0800: 18.170: Application time: 0.0106254 seconds
2018-10-12T10:42:37.597+0800: 18.218: Application time: 0.0470870 seconds
{Heap before GC invocations=66 (full 2):
 par new generation   total 78016K, used 75020K [0x00000006c2c00000, 0x00000006c80a0000, 0x00000006d78c0000)
  eden space 69376K, 100% used [0x00000006c2c00000, 0x00000006c6fc0000, 0x00000006c6fc0000)
  from space 8640K,  65% used [0x00000006c6fc0000, 0x00000006c7543208, 0x00000006c7830000)
  to   space 8640K,   0% used [0x00000006c7830000, 0x00000006c7830000, 0x00000006c80a0000)
 concurrent mark-sweep generation total 173440K, used 39428K [0x00000006d78c0000, 0x00000006e2220000, 0x00000007c0000000)
 Metaspace       used 61998K, capacity 64608K, committed 64804K, reserved 1105920K
  class space    used 8187K, capacity 8672K, committed 8772K, reserved 1048576K
2018-10-12T10:42:37.597+0800: 18.218: [GC (Allocation Failure) 2018-10-12T10:42:37.598+0800: 18.218: [ParNew: 75020K->6596K(78016K), 0.0064201 secs] 114448K->46736K(251456K), 0.0064949 secs] [Times: user=0.00 sys=0.00, real=0.01 secs] 
Heap after GC invocations=67 (full 2):
 par new generation   total 78016K, used 6596K [0x00000006c2c00000, 0x00000006c80a0000, 0x00000006d78c0000)
  eden space 69376K,   0% used [0x00000006c2c00000, 0x00000006c2c00000, 0x00000006c6fc0000)
  from space 8640K,  76% used [0x00000006c7830000, 0x00000006c7ea1240, 0x00000006c80a0000)
  to   space 8640K,   0% used [0x00000006c6fc0000, 0x00000006c6fc0000, 0x00000006c7830000)
 concurrent mark-sweep generation total 173440K, used 40139K [0x00000006d78c0000, 0x00000006e2220000, 0x00000007c0000000)
 Metaspace       used 61998K, capacity 64608K, committed 64804K, reserved 1105920K
  class space    used 8187K, capacity 8672K, committed 8772K, reserved 1048576K
}
2018-10-12T10:42:37.707+0800: 18.327: Application time: 0.1025026 seconds
2018-10-12T10:42:37.956+0800: 18.577: Application time: 0.2494553 seconds
{Heap before GC invocations=67 (full 2):
 par new generation   total 78016K, used 75972K [0x00000006c2c00000, 0x00000006c80a0000, 0x00000006d78c0000)
  eden space 69376K, 100% used [0x00000006c2c00000, 0x00000006c6fc0000, 0x00000006c6fc0000)
  from space 8640K,  76% used [0x00000006c7830000, 0x00000006c7ea1240, 0x00000006c80a0000)
  to   space 8640K,   0% used [0x00000006c6fc0000, 0x00000006c6fc0000, 0x00000006c7830000)
 concurrent mark-sweep generation total 173440K, used 40139K [0x00000006d78c0000, 0x00000006e2220000, 0x00000007c0000000)
 Metaspace       used 63217K, capacity 65888K, committed 66212K, reserved 1105920K
  class space    used 8338K, capacity 8812K, committed 8900K, reserved 1048576K
2018-10-12T10:42:37.956+0800: 18.577: [GC (Allocation Failure) 2018-10-12T10:42:37.956+0800: 18.577: [ParNew: 75972K->8189K(78016K), 0.0092774 secs] 116112K->48993K(251456K), 0.0093496 secs] [Times: user=0.00 sys=0.00, real=0.01 secs] 
Heap after GC invocations=68 (full 2):
 par new generation   total 78016K, used 8189K [0x00000006c2c00000, 0x00000006c80a0000, 0x00000006d78c0000)
  eden space 69376K,   0% used [0x00000006c2c00000, 0x00000006c2c00000, 0x00000006c6fc0000)
  from space 8640K,  94% used [0x00000006c6fc0000, 0x00000006c77bf738, 0x00000006c7830000)
  to   space 8640K,   0% used [0x00000006c7830000, 0x00000006c7830000, 0x00000006c80a0000)
 concurrent mark-sweep generation total 173440K, used 40803K [0x00000006d78c0000, 0x00000006e2220000, 0x00000007c0000000)
 Metaspace       used 63217K, capacity 65888K, committed 66212K, reserved 1105920K
  class space    used 8338K, capacity 8812K, committed 8900K, reserved 1048576K
}
2018-10-12T10:42:37.986+0800: 18.607: Application time: 0.0205047 seconds
2018-10-12T10:42:38.131+0800: 18.751: Application time: 0.1437506 seconds
{Heap before GC invocations=68 (full 2):
 par new generation   total 78016K, used 77565K [0x00000006c2c00000, 0x00000006c80a0000, 0x00000006d78c0000)
  eden space 69376K, 100% used [0x00000006c2c00000, 0x00000006c6fc0000, 0x00000006c6fc0000)
  from space 8640K,  94% used [0x00000006c6fc0000, 0x00000006c77bf738, 0x00000006c7830000)
  to   space 8640K,   0% used [0x00000006c7830000, 0x00000006c7830000, 0x00000006c80a0000)
 concurrent mark-sweep generation total 173440K, used 40803K [0x00000006d78c0000, 0x00000006e2220000, 0x00000007c0000000)
 Metaspace       used 63363K, capacity 66060K, committed 66212K, reserved 1105920K
  class space    used 8359K, capacity 8846K, committed 8900K, reserved 1048576K
2018-10-12T10:42:38.131+0800: 18.751: [GC (Allocation Failure) 2018-10-12T10:42:38.131+0800: 18.751: [ParNew: 77565K->4832K(78016K), 0.0081060 secs] 118369K->47462K(251456K), 0.0081670 secs] [Times: user=0.00 sys=0.00, real=0.01 secs] 
Heap after GC invocations=69 (full 2):
 par new generation   total 78016K, used 4832K [0x00000006c2c00000, 0x00000006c80a0000, 0x00000006d78c0000)
  eden space 69376K,   0% used [0x00000006c2c00000, 0x00000006c2c00000, 0x00000006c6fc0000)
  from space 8640K,  55% used [0x00000006c7830000, 0x00000006c7ce8020, 0x00000006c80a0000)
  to   space 8640K,   0% used [0x00000006c6fc0000, 0x00000006c6fc0000, 0x00000006c7830000)
 concurrent mark-sweep generation total 173440K, used 42630K [0x00000006d78c0000, 0x00000006e2220000, 0x00000007c0000000)
 Metaspace       used 63363K, capacity 66060K, committed 66212K, reserved 1105920K
  class space    used 8359K, capacity 8846K, committed 8900K, reserved 1048576K
}
2018-10-12T10:42:38.283+0800: 18.904: Application time: 0.1447757 seconds
{Heap before GC invocations=69 (full 2):
 par new generation   total 78016K, used 74208K [0x00000006c2c00000, 0x00000006c80a0000, 0x00000006d78c0000)
  eden space 69376K, 100% used [0x00000006c2c00000, 0x00000006c6fc0000, 0x00000006c6fc0000)
  from space 8640K,  55% used [0x00000006c7830000, 0x00000006c7ce8020, 0x00000006c80a0000)
  to   space 8640K,   0% used [0x00000006c6fc0000, 0x00000006c6fc0000, 0x00000006c7830000)
 concurrent mark-sweep generation total 173440K, used 42630K [0x00000006d78c0000, 0x00000006e2220000, 0x00000007c0000000)
 Metaspace       used 63495K, capacity 66144K, committed 66212K, reserved 1105920K
  class space    used 8377K, capacity 8852K, committed 8900K, reserved 1048576K
2018-10-12T10:42:38.283+0800: 18.904: [GC (Allocation Failure) 2018-10-12T10:42:38.283+0800: 18.904: [ParNew: 74208K->4444K(78016K), 0.0043777 secs] 116838K->47075K(251456K), 0.0044437 secs] [Times: user=0.00 sys=0.00, real=0.01 secs] 
Heap after GC invocations=70 (full 2):
 par new generation   total 78016K, used 4444K [0x00000006c2c00000, 0x00000006c80a0000, 0x00000006d78c0000)
  eden space 69376K,   0% used [0x00000006c2c00000, 0x00000006c2c00000, 0x00000006c6fc0000)
  from space 8640K,  51% used [0x00000006c6fc0000, 0x00000006c7417158, 0x00000006c7830000)
  to   space 8640K,   0% used [0x00000006c7830000, 0x00000006c7830000, 0x00000006c80a0000)
 concurrent mark-sweep generation total 173440K, used 42630K [0x00000006d78c0000, 0x00000006e2220000, 0x00000007c0000000)
 Metaspace       used 63495K, capacity 66144K, committed 66212K, reserved 1105920K
  class space    used 8377K, capacity 8852K, committed 8900K, reserved 1048576K
}
2018-10-12T10:42:38.495+0800: 19.116: Application time: 0.2069932 seconds
{Heap before GC invocations=70 (full 2):
 par new generation   total 78016K, used 73820K [0x00000006c2c00000, 0x00000006c80a0000, 0x00000006d78c0000)
  eden space 69376K, 100% used [0x00000006c2c00000, 0x00000006c6fc0000, 0x00000006c6fc0000)
  from space 8640K,  51% used [0x00000006c6fc0000, 0x00000006c7417158, 0x00000006c7830000)
  to   space 8640K,   0% used [0x00000006c7830000, 0x00000006c7830000, 0x00000006c80a0000)
 concurrent mark-sweep generation total 173440K, used 42630K [0x00000006d78c0000, 0x00000006e2220000, 0x00000007c0000000)
 Metaspace       used 63772K, capacity 66504K, committed 66724K, reserved 1107968K
  class space    used 8414K, capacity 8896K, committed 8900K, reserved 1048576K
2018-10-12T10:42:38.495+0800: 19.116: [GC (Allocation Failure) 2018-10-12T10:42:38.496+0800: 19.116: [ParNew: 73820K->5874K(78016K), 0.0056902 secs] 116451K->48505K(251456K), 0.0057646 secs] [Times: user=0.00 sys=0.00, real=0.01 secs] 
Heap after GC invocations=71 (full 2):
 par new generation   total 78016K, used 5874K [0x00000006c2c00000, 0x00000006c80a0000, 0x00000006d78c0000)
  eden space 69376K,   0% used [0x00000006c2c00000, 0x00000006c2c00000, 0x00000006c6fc0000)
  from space 8640K,  67% used [0x00000006c7830000, 0x00000006c7decb30, 0x00000006c80a0000)
  to   space 8640K,   0% used [0x00000006c6fc0000, 0x00000006c6fc0000, 0x00000006c7830000)
 concurrent mark-sweep generation total 173440K, used 42630K [0x00000006d78c0000, 0x00000006e2220000, 0x00000007c0000000)
 Metaspace       used 63772K, capacity 66504K, committed 66724K, reserved 1107968K
  class space    used 8414K, capacity 8896K, committed 8900K, reserved 1048576K
}
2018-10-12T10:42:38.680+0800: 19.301: Application time: 0.1791565 seconds
{Heap before GC invocations=71 (full 2):
 par new generation   total 78016K, used 75250K [0x00000006c2c00000, 0x00000006c80a0000, 0x00000006d78c0000)
  eden space 69376K, 100% used [0x00000006c2c00000, 0x00000006c6fc0000, 0x00000006c6fc0000)
  from space 8640K,  67% used [0x00000006c7830000, 0x00000006c7decb30, 0x00000006c80a0000)
  to   space 8640K,   0% used [0x00000006c6fc0000, 0x00000006c6fc0000, 0x00000006c7830000)
 concurrent mark-sweep generation total 173440K, used 42630K [0x00000006d78c0000, 0x00000006e2220000, 0x00000007c0000000)
 Metaspace       used 63953K, capacity 66710K, committed 66852K, reserved 1107968K
  class space    used 8429K, capacity 8909K, committed 9028K, reserved 1048576K
2018-10-12T10:42:38.680+0800: 19.301: [GC (Allocation Failure) 2018-10-12T10:42:38.680+0800: 19.301: [ParNew: 75250K->6868K(78016K), 0.0054649 secs] 117881K->49499K(251456K), 0.0055213 secs] [Times: user=0.00 sys=0.00, real=0.01 secs] 
Heap after GC invocations=72 (full 2):
 par new generation   total 78016K, used 6868K [0x00000006c2c00000, 0x00000006c80a0000, 0x00000006d78c0000)
  eden space 69376K,   0% used [0x00000006c2c00000, 0x00000006c2c00000, 0x00000006c6fc0000)
  from space 8640K,  79% used [0x00000006c6fc0000, 0x00000006c7675238, 0x00000006c7830000)
  to   space 8640K,   0% used [0x00000006c7830000, 0x00000006c7830000, 0x00000006c80a0000)
 concurrent mark-sweep generation total 173440K, used 42630K [0x00000006d78c0000, 0x00000006e2220000, 0x00000007c0000000)
 Metaspace       used 63953K, capacity 66710K, committed 66852K, reserved 1107968K
  class space    used 8429K, capacity 8909K, committed 9028K, reserved 1048576K
}
2018-10-12T10:42:38.762+0800: 19.383: Application time: 0.0763948 seconds
2018-10-12T10:42:38.762+0800: 19.383: Application time: 0.0000233 seconds
2018-10-12T10:42:39.063+0800: 19.684: Application time: 0.3008393 seconds
2018-10-12T10:42:39.138+0800: 19.758: Application time: 0.0734903 seconds
{Heap before GC invocations=72 (full 2):
 par new generation   total 78016K, used 76244K [0x00000006c2c00000, 0x00000006c80a0000, 0x00000006d78c0000)
  eden space 69376K, 100% used [0x00000006c2c00000, 0x00000006c6fc0000, 0x00000006c6fc0000)
  from space 8640K,  79% used [0x00000006c6fc0000, 0x00000006c7675238, 0x00000006c7830000)
  to   space 8640K,   0% used [0x00000006c7830000, 0x00000006c7830000, 0x00000006c80a0000)
 concurrent mark-sweep generation total 173440K, used 42630K [0x00000006d78c0000, 0x00000006e2220000, 0x00000007c0000000)
 Metaspace       used 64025K, capacity 66810K, committed 67108K, reserved 1107968K
  class space    used 8437K, capacity 8941K, committed 9028K, reserved 1048576K
2018-10-12T10:42:39.138+0800: 19.759: [GC (Allocation Failure) 2018-10-12T10:42:39.138+0800: 19.759: [ParNew: 76244K->5371K(78016K), 0.0057233 secs] 118875K->48002K(251456K), 0.0057875 secs] [Times: user=0.06 sys=0.00, real=0.00 secs] 
Heap after GC invocations=73 (full 2):
 par new generation   total 78016K, used 5371K [0x00000006c2c00000, 0x00000006c80a0000, 0x00000006d78c0000)
  eden space 69376K,   0% used [0x00000006c2c00000, 0x00000006c2c00000, 0x00000006c6fc0000)
  from space 8640K,  62% used [0x00000006c7830000, 0x00000006c7d6ed60, 0x00000006c80a0000)
  to   space 8640K,   0% used [0x00000006c6fc0000, 0x00000006c6fc0000, 0x00000006c7830000)
 concurrent mark-sweep generation total 173440K, used 42630K [0x00000006d78c0000, 0x00000006e2220000, 0x00000007c0000000)
 Metaspace       used 64025K, capacity 66810K, committed 67108K, reserved 1107968K
  class space    used 8437K, capacity 8941K, committed 9028K, reserved 1048576K
}
2018-10-12T10:42:39.536+0800: 20.156: Application time: 0.3919235 seconds
2018-10-12T10:42:39.589+0800: 20.209: Application time: 0.0530512 seconds
{Heap before GC invocations=73 (full 2):
 par new generation   total 78016K, used 74747K [0x00000006c2c00000, 0x00000006c80a0000, 0x00000006d78c0000)
  eden space 69376K, 100% used [0x00000006c2c00000, 0x00000006c6fc0000, 0x00000006c6fc0000)
  from space 8640K,  62% used [0x00000006c7830000, 0x00000006c7d6ed60, 0x00000006c80a0000)
  to   space 8640K,   0% used [0x00000006c6fc0000, 0x00000006c6fc0000, 0x00000006c7830000)
 concurrent mark-sweep generation total 173440K, used 42630K [0x00000006d78c0000, 0x00000006e2220000, 0x00000007c0000000)
 Metaspace       used 64101K, capacity 66874K, committed 67108K, reserved 1107968K
  class space    used 8447K, capacity 8941K, committed 9028K, reserved 1048576K
2018-10-12T10:42:39.589+0800: 20.210: [GC (Allocation Failure) 2018-10-12T10:42:39.589+0800: 20.210: [ParNew: 74747K->6770K(78016K), 0.0062389 secs] 117378K->49967K(251456K), 0.0062946 secs] [Times: user=0.02 sys=0.05, real=0.01 secs] 
Heap after GC invocations=74 (full 2):
 par new generation   total 78016K, used 6770K [0x00000006c2c00000, 0x00000006c80a0000, 0x00000006d78c0000)
  eden space 69376K,   0% used [0x00000006c2c00000, 0x00000006c2c00000, 0x00000006c6fc0000)
  from space 8640K,  78% used [0x00000006c6fc0000, 0x00000006c765c840, 0x00000006c7830000)
  to   space 8640K,   0% used [0x00000006c7830000, 0x00000006c7830000, 0x00000006c80a0000)
 concurrent mark-sweep generation total 173440K, used 43197K [0x00000006d78c0000, 0x00000006e2220000, 0x00000007c0000000)
 Metaspace       used 64101K, capacity 66874K, committed 67108K, reserved 1107968K
  class space    used 8447K, capacity 8941K, committed 9028K, reserved 1048576K
}
2018-10-12T10:42:39.598+0800: 20.218: Application time: 0.0022709 seconds
2018-10-12T10:42:39.740+0800: 20.362: Application time: 0.1431529 seconds
{Heap before GC invocations=74 (full 2):
 par new generation   total 78016K, used 76146K [0x00000006c2c00000, 0x00000006c80a0000, 0x00000006d78c0000)
  eden space 69376K, 100% used [0x00000006c2c00000, 0x00000006c6fc0000, 0x00000006c6fc0000)
  from space 8640K,  78% used [0x00000006c6fc0000, 0x00000006c765c840, 0x00000006c7830000)
  to   space 8640K,   0% used [0x00000006c7830000, 0x00000006c7830000, 0x00000006c80a0000)
 concurrent mark-sweep generation total 173440K, used 43197K [0x00000006d78c0000, 0x00000006e2220000, 0x00000007c0000000)
 Metaspace       used 64224K, capacity 66972K, committed 67108K, reserved 1107968K
  class space    used 8466K, capacity 8974K, committed 9028K, reserved 1048576K
2018-10-12T10:42:39.740+0800: 20.362: [GC (Allocation Failure) 2018-10-12T10:42:39.740+0800: 20.362: [ParNew: 76146K->5542K(78016K), 0.0051641 secs] 119343K->48739K(251456K), 0.0052251 secs] [Times: user=0.00 sys=0.00, real=0.01 secs] 
Heap after GC invocations=75 (full 2):
 par new generation   total 78016K, used 5542K [0x00000006c2c00000, 0x00000006c80a0000, 0x00000006d78c0000)
  eden space 69376K,   0% used [0x00000006c2c00000, 0x00000006c2c00000, 0x00000006c6fc0000)
  from space 8640K,  64% used [0x00000006c7830000, 0x00000006c7d99818, 0x00000006c80a0000)
  to   space 8640K,   0% used [0x00000006c6fc0000, 0x00000006c6fc0000, 0x00000006c7830000)
 concurrent mark-sweep generation total 173440K, used 43197K [0x00000006d78c0000, 0x00000006e2220000, 0x00000007c0000000)
 Metaspace       used 64224K, capacity 66972K, committed 67108K, reserved 1107968K
  class space    used 8466K, capacity 8974K, committed 9028K, reserved 1048576K
}
2018-10-12T10:42:39.890+0800: 20.511: Application time: 0.1442468 seconds
{Heap before GC invocations=75 (full 2):
 par new generation   total 78016K, used 74918K [0x00000006c2c00000, 0x00000006c80a0000, 0x00000006d78c0000)
  eden space 69376K, 100% used [0x00000006c2c00000, 0x00000006c6fc0000, 0x00000006c6fc0000)
  from space 8640K,  64% used [0x00000006c7830000, 0x00000006c7d99818, 0x00000006c80a0000)
  to   space 8640K,   0% used [0x00000006c6fc0000, 0x00000006c6fc0000, 0x00000006c7830000)
 concurrent mark-sweep generation total 173440K, used 43197K [0x00000006d78c0000, 0x00000006e2220000, 0x00000007c0000000)
 Metaspace       used 64370K, capacity 67120K, committed 67364K, reserved 1107968K
  class space    used 8484K, capacity 8978K, committed 9028K, reserved 1048576K
2018-10-12T10:42:39.890+0800: 20.511: [GC (Allocation Failure) 2018-10-12T10:42:39.891+0800: 20.511: [ParNew: 74918K->5667K(78016K), 0.0063464 secs] 118115K->49435K(251456K), 0.0064240 secs] [Times: user=0.06 sys=0.00, real=0.01 secs] 
Heap after GC invocations=76 (full 2):
 par new generation   total 78016K, used 5667K [0x00000006c2c00000, 0x00000006c80a0000, 0x00000006d78c0000)
  eden space 69376K,   0% used [0x00000006c2c00000, 0x00000006c2c00000, 0x00000006c6fc0000)
  from space 8640K,  65% used [0x00000006c6fc0000, 0x00000006c7548c90, 0x00000006c7830000)
  to   space 8640K,   0% used [0x00000006c7830000, 0x00000006c7830000, 0x00000006c80a0000)
 concurrent mark-sweep generation total 173440K, used 43768K [0x00000006d78c0000, 0x00000006e2220000, 0x00000007c0000000)
 Metaspace       used 64370K, capacity 67120K, committed 67364K, reserved 1107968K
  class space    used 8484K, capacity 8978K, committed 9028K, reserved 1048576K
}
2018-10-12T10:42:40.018+0800: 20.640: Application time: 0.1220806 seconds
{Heap before GC invocations=76 (full 2):
 par new generation   total 78016K, used 75043K [0x00000006c2c00000, 0x00000006c80a0000, 0x00000006d78c0000)
  eden space 69376K, 100% used [0x00000006c2c00000, 0x00000006c6fc0000, 0x00000006c6fc0000)
  from space 8640K,  65% used [0x00000006c6fc0000, 0x00000006c7548c90, 0x00000006c7830000)
  to   space 8640K,   0% used [0x00000006c7830000, 0x00000006c7830000, 0x00000006c80a0000)
 concurrent mark-sweep generation total 173440K, used 43768K [0x00000006d78c0000, 0x00000006e2220000, 0x00000007c0000000)
 Metaspace       used 64462K, capacity 67186K, committed 67364K, reserved 1107968K
  class space    used 8496K, capacity 8979K, committed 9028K, reserved 1048576K
2018-10-12T10:42:40.019+0800: 20.640: [GC (Allocation Failure) 2018-10-12T10:42:40.019+0800: 20.640: [ParNew: 75043K->4909K(78016K), 0.0060248 secs] 118811K->49549K(251456K), 0.0060971 secs] [Times: user=0.00 sys=0.00, real=0.01 secs] 
Heap after GC invocations=77 (full 2):
 par new generation   total 78016K, used 4909K [0x00000006c2c00000, 0x00000006c80a0000, 0x00000006d78c0000)
  eden space 69376K,   0% used [0x00000006c2c00000, 0x00000006c2c00000, 0x00000006c6fc0000)
  from space 8640K,  56% used [0x00000006c7830000, 0x00000006c7cfb6e8, 0x00000006c80a0000)
  to   space 8640K,   0% used [0x00000006c6fc0000, 0x00000006c6fc0000, 0x00000006c7830000)
 concurrent mark-sweep generation total 173440K, used 44640K [0x00000006d78c0000, 0x00000006e2220000, 0x00000007c0000000)
 Metaspace       used 64462K, capacity 67186K, committed 67364K, reserved 1107968K
  class space    used 8496K, capacity 8979K, committed 9028K, reserved 1048576K
}
2018-10-12T10:42:40.165+0800: 20.786: Application time: 0.1402569 seconds
{Heap before GC invocations=77 (full 2):
 par new generation   total 78016K, used 74285K [0x00000006c2c00000, 0x00000006c80a0000, 0x00000006d78c0000)
  eden space 69376K, 100% used [0x00000006c2c00000, 0x00000006c6fc0000, 0x00000006c6fc0000)
  from space 8640K,  56% used [0x00000006c7830000, 0x00000006c7cfb6e8, 0x00000006c80a0000)
  to   space 8640K,   0% used [0x00000006c6fc0000, 0x00000006c6fc0000, 0x00000006c7830000)
 concurrent mark-sweep generation total 173440K, used 44640K [0x00000006d78c0000, 0x00000006e2220000, 0x00000007c0000000)
 Metaspace       used 64628K, capacity 67472K, committed 67748K, reserved 1107968K
  class space    used 8516K, capacity 9050K, committed 9156K, reserved 1048576K
2018-10-12T10:42:40.166+0800: 20.787: [GC (Allocation Failure) 2018-10-12T10:42:40.166+0800: 20.787: [ParNew: 74285K->5275K(78016K), 0.0053125 secs] 118925K->50235K(251456K), 0.0053788 secs] [Times: user=0.00 sys=0.00, real=0.01 secs] 
Heap after GC invocations=78 (full 2):
 par new generation   total 78016K, used 5275K [0x00000006c2c00000, 0x00000006c80a0000, 0x00000006d78c0000)
  eden space 69376K,   0% used [0x00000006c2c00000, 0x00000006c2c00000, 0x00000006c6fc0000)
  from space 8640K,  61% used [0x00000006c6fc0000, 0x00000006c74e6c90, 0x00000006c7830000)
  to   space 8640K,   0% used [0x00000006c7830000, 0x00000006c7830000, 0x00000006c80a0000)
 concurrent mark-sweep generation total 173440K, used 44960K [0x00000006d78c0000, 0x00000006e2220000, 0x00000007c0000000)
 Metaspace       used 64628K, capacity 67472K, committed 67748K, reserved 1107968K
  class space    used 8516K, capacity 9050K, committed 9156K, reserved 1048576K
}
2018-10-12T10:42:40.304+0800: 20.924: Application time: 0.1323315 seconds
{Heap before GC invocations=78 (full 2):
 par new generation   total 78016K, used 74651K [0x00000006c2c00000, 0x00000006c80a0000, 0x00000006d78c0000)
  eden space 69376K, 100% used [0x00000006c2c00000, 0x00000006c6fc0000, 0x00000006c6fc0000)
  from space 8640K,  61% used [0x00000006c6fc0000, 0x00000006c74e6c90, 0x00000006c7830000)
  to   space 8640K,   0% used [0x00000006c7830000, 0x00000006c7830000, 0x00000006c80a0000)
 concurrent mark-sweep generation total 173440K, used 44960K [0x00000006d78c0000, 0x00000006e2220000, 0x00000007c0000000)
 Metaspace       used 64710K, capacity 67548K, committed 67748K, reserved 1107968K
  class space    used 8527K, capacity 9052K, committed 9156K, reserved 1048576K
2018-10-12T10:42:40.304+0800: 20.925: [GC (Allocation Failure) 2018-10-12T10:42:40.304+0800: 20.925: [ParNew: 74651K->5354K(78016K), 0.0057836 secs] 119611K->50616K(251456K), 0.0058457 secs] [Times: user=0.00 sys=0.00, real=0.01 secs] 
Heap after GC invocations=79 (full 2):
 par new generation   total 78016K, used 5354K [0x00000006c2c00000, 0x00000006c80a0000, 0x00000006d78c0000)
  eden space 69376K,   0% used [0x00000006c2c00000, 0x00000006c2c00000, 0x00000006c6fc0000)
  from space 8640K,  61% used [0x00000006c7830000, 0x00000006c7d6a9a8, 0x00000006c80a0000)
  to   space 8640K,   0% used [0x00000006c6fc0000, 0x00000006c6fc0000, 0x00000006c7830000)
 concurrent mark-sweep generation total 173440K, used 45262K [0x00000006d78c0000, 0x00000006e2220000, 0x00000007c0000000)
 Metaspace       used 64710K, capacity 67548K, committed 67748K, reserved 1107968K
  class space    used 8527K, capacity 9052K, committed 9156K, reserved 1048576K
}
2018-10-12T10:42:40.445+0800: 21.066: Application time: 0.1355692 seconds
2018-10-12T10:42:40.479+0800: 21.100: Application time: 0.0333167 seconds
{Heap before GC invocations=79 (full 2):
 par new generation   total 78016K, used 74730K [0x00000006c2c00000, 0x00000006c80a0000, 0x00000006d78c0000)
  eden space 69376K, 100% used [0x00000006c2c00000, 0x00000006c6fc0000, 0x00000006c6fc0000)
  from space 8640K,  61% used [0x00000006c7830000, 0x00000006c7d6a9a8, 0x00000006c80a0000)
  to   space 8640K,   0% used [0x00000006c6fc0000, 0x00000006c6fc0000, 0x00000006c7830000)
 concurrent mark-sweep generation total 173440K, used 45262K [0x00000006d78c0000, 0x00000006e2220000, 0x00000007c0000000)
 Metaspace       used 64735K, capacity 67556K, committed 67748K, reserved 1107968K
  class space    used 8532K, capacity 9054K, committed 9156K, reserved 1048576K
2018-10-12T10:42:40.479+0800: 21.100: [GC (Allocation Failure) 2018-10-12T10:42:40.479+0800: 21.100: [ParNew: 74730K->4382K(78016K), 0.0055354 secs] 119992K->50174K(251456K), 0.0056211 secs] [Times: user=0.00 sys=0.00, real=0.00 secs] 
Heap after GC invocations=80 (full 2):
 par new generation   total 78016K, used 4382K [0x00000006c2c00000, 0x00000006c80a0000, 0x00000006d78c0000)
  eden space 69376K,   0% used [0x00000006c2c00000, 0x00000006c2c00000, 0x00000006c6fc0000)
  from space 8640K,  50% used [0x00000006c6fc0000, 0x00000006c74078f0, 0x00000006c7830000)
  to   space 8640K,   0% used [0x00000006c7830000, 0x00000006c7830000, 0x00000006c80a0000)
 concurrent mark-sweep generation total 173440K, used 45792K [0x00000006d78c0000, 0x00000006e2220000, 0x00000007c0000000)
 Metaspace       used 64735K, capacity 67556K, committed 67748K, reserved 1107968K
  class space    used 8532K, capacity 9054K, committed 9156K, reserved 1048576K
}
2018-10-12T10:42:40.566+0800: 21.187: Application time: 0.0807627 seconds
2018-10-12T10:42:40.629+0800: 21.250: Application time: 0.0624523 seconds
2018-10-12T10:42:40.782+0800: 21.404: Application time: 0.1535047 seconds
{Heap before GC invocations=80 (full 2):
 par new generation   total 78016K, used 73758K [0x00000006c2c00000, 0x00000006c80a0000, 0x00000006d78c0000)
  eden space 69376K, 100% used [0x00000006c2c00000, 0x00000006c6fc0000, 0x00000006c6fc0000)
  from space 8640K,  50% used [0x00000006c6fc0000, 0x00000006c74078f0, 0x00000006c7830000)
  to   space 8640K,   0% used [0x00000006c7830000, 0x00000006c7830000, 0x00000006c80a0000)
 concurrent mark-sweep generation total 173440K, used 45792K [0x00000006d78c0000, 0x00000006e2220000, 0x00000007c0000000)
 Metaspace       used 65378K, capacity 68170K, committed 68260K, reserved 1107968K
  class space    used 8623K, capacity 9151K, committed 9156K, reserved 1048576K
2018-10-12T10:42:40.783+0800: 21.404: [GC (Allocation Failure) 2018-10-12T10:42:40.783+0800: 21.404: [ParNew: 73758K->6000K(78016K), 0.0063993 secs] 119550K->52279K(251456K), 0.0064582 secs] [Times: user=0.00 sys=0.00, real=0.01 secs] 
Heap after GC invocations=81 (full 2):
 par new generation   total 78016K, used 6000K [0x00000006c2c00000, 0x00000006c80a0000, 0x00000006d78c0000)
  eden space 69376K,   0% used [0x00000006c2c00000, 0x00000006c2c00000, 0x00000006c6fc0000)
  from space 8640K,  69% used [0x00000006c7830000, 0x00000006c7e0c0f8, 0x00000006c80a0000)
  to   space 8640K,   0% used [0x00000006c6fc0000, 0x00000006c6fc0000, 0x00000006c7830000)
 concurrent mark-sweep generation total 173440K, used 46278K [0x00000006d78c0000, 0x00000006e2220000, 0x00000007c0000000)
 Metaspace       used 65378K, capacity 68170K, committed 68260K, reserved 1107968K
  class space    used 8623K, capacity 9151K, committed 9156K, reserved 1048576K
}
2018-10-12T10:42:40.790+0800: 21.411: Application time: 0.0004993 seconds
2018-10-12T10:42:40.790+0800: 21.411: Application time: 0.0001682 seconds
2018-10-12T10:42:41.115+0800: 21.735: Application time: 0.3238000 seconds
2018-10-12T10:42:41.150+0800: 21.771: Application time: 0.0361376 seconds
{Heap before GC invocations=81 (full 2):
 par new generation   total 78016K, used 75376K [0x00000006c2c00000, 0x00000006c80a0000, 0x00000006d78c0000)
  eden space 69376K, 100% used [0x00000006c2c00000, 0x00000006c6fc0000, 0x00000006c6fc0000)
  from space 8640K,  69% used [0x00000006c7830000, 0x00000006c7e0c0f8, 0x00000006c80a0000)
  to   space 8640K,   0% used [0x00000006c6fc0000, 0x00000006c6fc0000, 0x00000006c7830000)
 concurrent mark-sweep generation total 173440K, used 46278K [0x00000006d78c0000, 0x00000006e2220000, 0x00000007c0000000)
 Metaspace       used 66129K, capacity 68938K, committed 69156K, reserved 1110016K
  class space    used 8742K, capacity 9279K, committed 9284K, reserved 1048576K
2018-10-12T10:42:41.150+0800: 21.771: [GC (Allocation Failure) 2018-10-12T10:42:41.150+0800: 21.772: [ParNew: 75376K->4524K(78016K), 0.0057843 secs] 121655K->51230K(251456K), 0.0058474 secs] [Times: user=0.00 sys=0.00, real=0.01 secs] 
Heap after GC invocations=82 (full 2):
 par new generation   total 78016K, used 4524K [0x00000006c2c00000, 0x00000006c80a0000, 0x00000006d78c0000)
  eden space 69376K,   0% used [0x00000006c2c00000, 0x00000006c2c00000, 0x00000006c6fc0000)
  from space 8640K,  52% used [0x00000006c6fc0000, 0x00000006c742b310, 0x00000006c7830000)
  to   space 8640K,   0% used [0x00000006c7830000, 0x00000006c7830000, 0x00000006c80a0000)
 concurrent mark-sweep generation total 173440K, used 46706K [0x00000006d78c0000, 0x00000006e2220000, 0x00000007c0000000)
 Metaspace       used 66129K, capacity 68938K, committed 69156K, reserved 1110016K
  class space    used 8742K, capacity 9279K, committed 9284K, reserved 1048576K
}
2018-10-12T10:42:41.257+0800: 21.878: Application time: 0.1008329 seconds
2018-10-12T10:42:41.283+0800: 21.904: Application time: 0.0250679 seconds
2018-10-12T10:42:41.285+0800: 21.906: Application time: 0.0013311 seconds
2018-10-12T10:42:41.321+0800: 21.942: Application time: 0.0349405 seconds
2018-10-12T10:42:41.448+0800: 22.069: Application time: 0.1265630 seconds
2018-10-12T10:42:41.452+0800: 22.073: Application time: 0.0032071 seconds
{Heap before GC invocations=82 (full 2):
 par new generation   total 78016K, used 73900K [0x00000006c2c00000, 0x00000006c80a0000, 0x00000006d78c0000)
  eden space 69376K, 100% used [0x00000006c2c00000, 0x00000006c6fc0000, 0x00000006c6fc0000)
  from space 8640K,  52% used [0x00000006c6fc0000, 0x00000006c742b310, 0x00000006c7830000)
  to   space 8640K,   0% used [0x00000006c7830000, 0x00000006c7830000, 0x00000006c80a0000)
 concurrent mark-sweep generation total 173440K, used 46706K [0x00000006d78c0000, 0x00000006e2220000, 0x00000007c0000000)
 Metaspace       used 67400K, capacity 70122K, committed 70436K, reserved 1110016K
  class space    used 8928K, capacity 9439K, committed 9540K, reserved 1048576K
2018-10-12T10:42:41.452+0800: 22.073: [GC (Allocation Failure) 2018-10-12T10:42:41.452+0800: 22.073: [ParNew: 73900K->5688K(78016K), 0.0060322 secs] 120606K->52691K(251456K), 0.0060953 secs] [Times: user=0.06 sys=0.00, real=0.01 secs] 
Heap after GC invocations=83 (full 2):
 par new generation   total 78016K, used 5688K [0x00000006c2c00000, 0x00000006c80a0000, 0x00000006d78c0000)
  eden space 69376K,   0% used [0x00000006c2c00000, 0x00000006c2c00000, 0x00000006c6fc0000)
  from space 8640K,  65% used [0x00000006c7830000, 0x00000006c7dbe2e8, 0x00000006c80a0000)
  to   space 8640K,   0% used [0x00000006c6fc0000, 0x00000006c6fc0000, 0x00000006c7830000)
 concurrent mark-sweep generation total 173440K, used 47003K [0x00000006d78c0000, 0x00000006e2220000, 0x00000007c0000000)
 Metaspace       used 67400K, capacity 70122K, committed 70436K, reserved 1110016K
  class space    used 8928K, capacity 9439K, committed 9540K, reserved 1048576K
}
2018-10-12T10:42:41.459+0800: 22.079: Application time: 0.0001629 seconds
2018-10-12T10:42:41.459+0800: 22.080: Application time: 0.0003403 seconds
2018-10-12T10:42:41.459+0800: 22.080: Application time: 0.0001262 seconds
2018-10-12T10:42:41.702+0800: 22.323: Application time: 0.2426533 seconds
2018-10-12T10:42:41.763+0800: 22.384: Application time: 0.0604600 seconds
{Heap before GC invocations=83 (full 2):
 par new generation   total 78016K, used 75064K [0x00000006c2c00000, 0x00000006c80a0000, 0x00000006d78c0000)
  eden space 69376K, 100% used [0x00000006c2c00000, 0x00000006c6fc0000, 0x00000006c6fc0000)
  from space 8640K,  65% used [0x00000006c7830000, 0x00000006c7dbe2e8, 0x00000006c80a0000)
  to   space 8640K,   0% used [0x00000006c6fc0000, 0x00000006c6fc0000, 0x00000006c7830000)
 concurrent mark-sweep generation total 173440K, used 47003K [0x00000006d78c0000, 0x00000006e2220000, 0x00000007c0000000)
 Metaspace       used 68789K, capacity 71546K, committed 71716K, reserved 1112064K
  class space    used 9153K, capacity 9671K, committed 9796K, reserved 1048576K
2018-10-12T10:42:41.763+0800: 22.384: [GC (Allocation Failure) 2018-10-12T10:42:41.763+0800: 22.384: [ParNew: 75064K->4357K(78016K), 0.0058813 secs] 122067K->51687K(251456K), 0.0059472 secs] [Times: user=0.06 sys=0.00, real=0.01 secs] 
Heap after GC invocations=84 (full 2):
 par new generation   total 78016K, used 4357K [0x00000006c2c00000, 0x00000006c80a0000, 0x00000006d78c0000)
  eden space 69376K,   0% used [0x00000006c2c00000, 0x00000006c2c00000, 0x00000006c6fc0000)
  from space 8640K,  50% used [0x00000006c6fc0000, 0x00000006c74016a8, 0x00000006c7830000)
  to   space 8640K,   0% used [0x00000006c7830000, 0x00000006c7830000, 0x00000006c80a0000)
 concurrent mark-sweep generation total 173440K, used 47329K [0x00000006d78c0000, 0x00000006e2220000, 0x00000007c0000000)
 Metaspace       used 68789K, capacity 71546K, committed 71716K, reserved 1112064K
  class space    used 9153K, capacity 9671K, committed 9796K, reserved 1048576K
}
2018-10-12T10:42:41.854+0800: 22.475: Application time: 0.0846492 seconds
2018-10-12T10:42:42.089+0800: 22.710: Application time: 0.2349109 seconds
2018-10-12T10:42:42.089+0800: 22.710: Application time: 0.0000515 seconds
2018-10-12T10:42:42.090+0800: 22.711: Application time: 0.0014024 seconds
2018-10-12T10:42:42.095+0800: 22.716: Application time: 0.0000483 seconds
2018-10-12T10:42:42.096+0800: 22.717: Application time: 0.0008918 seconds
2018-10-12T10:42:42.096+0800: 22.717: Application time: 0.0000286 seconds
2018-10-12T10:42:42.097+0800: 22.718: Application time: 0.0006555 seconds
2018-10-12T10:42:42.097+0800: 22.718: Application time: 0.0000296 seconds
2018-10-12T10:42:42.098+0800: 22.719: Application time: 0.0003614 seconds
2018-10-12T10:42:42.098+0800: 22.719: Application time: 0.0004355 seconds
2018-10-12T10:42:42.109+0800: 22.730: Application time: 0.0108324 seconds
2018-10-12T10:42:42.114+0800: 22.735: Application time: 0.0000398 seconds
2018-10-12T10:42:42.114+0800: 22.735: Application time: 0.0000215 seconds
2018-10-12T10:42:42.114+0800: 22.735: Application time: 0.0000176 seconds
2018-10-12T10:42:42.114+0800: 22.735: Application time: 0.0000219 seconds
2018-10-12T10:42:42.114+0800: 22.735: Application time: 0.0000187 seconds
2018-10-12T10:42:42.114+0800: 22.735: Application time: 0.0000194 seconds
2018-10-12T10:42:42.114+0800: 22.735: Application time: 0.0000190 seconds
2018-10-12T10:42:42.114+0800: 22.735: Application time: 0.0000314 seconds
2018-10-12T10:42:42.114+0800: 22.735: Application time: 0.0000183 seconds
2018-10-12T10:42:42.114+0800: 22.735: Application time: 0.0000180 seconds
2018-10-12T10:42:42.114+0800: 22.735: Application time: 0.0000183 seconds
2018-10-12T10:42:42.118+0800: 22.739: Application time: 0.0039719 seconds
2018-10-12T10:42:42.123+0800: 22.744: Application time: 0.0041577 seconds
2018-10-12T10:42:42.123+0800: 22.744: Application time: 0.0000388 seconds
2018-10-12T10:42:42.123+0800: 22.744: Application time: 0.0005014 seconds
2018-10-12T10:42:42.129+0800: 22.750: Application time: 0.0055386 seconds
2018-10-12T10:42:42.129+0800: 22.750: Application time: 0.0004380 seconds
2018-10-12T10:42:42.152+0800: 22.772: Application time: 0.0219853 seconds
{Heap before GC invocations=84 (full 2):
 par new generation   total 78016K, used 73733K [0x00000006c2c00000, 0x00000006c80a0000, 0x00000006d78c0000)
  eden space 69376K, 100% used [0x00000006c2c00000, 0x00000006c6fc0000, 0x00000006c6fc0000)
  from space 8640K,  50% used [0x00000006c6fc0000, 0x00000006c74016a8, 0x00000006c7830000)
  to   space 8640K,   0% used [0x00000006c7830000, 0x00000006c7830000, 0x00000006c80a0000)
 concurrent mark-sweep generation total 173440K, used 47329K [0x00000006d78c0000, 0x00000006e2220000, 0x00000007c0000000)
 Metaspace       used 70024K, capacity 72834K, committed 73124K, reserved 1112064K
  class space    used 9368K, capacity 9875K, committed 9924K, reserved 1048576K
2018-10-12T10:42:42.152+0800: 22.773: [GC (Allocation Failure) 2018-10-12T10:42:42.152+0800: 22.773: [ParNew: 73733K->4161K(78016K), 0.0059564 secs] 121063K->51808K(251456K), 0.0060273 secs] [Times: user=0.05 sys=0.00, real=0.01 secs] 
Heap after GC invocations=85 (full 2):
 par new generation   total 78016K, used 4161K [0x00000006c2c00000, 0x00000006c80a0000, 0x00000006d78c0000)
  eden space 69376K,   0% used [0x00000006c2c00000, 0x00000006c2c00000, 0x00000006c6fc0000)
  from space 8640K,  48% used [0x00000006c7830000, 0x00000006c7c40708, 0x00000006c80a0000)
  to   space 8640K,   0% used [0x00000006c6fc0000, 0x00000006c6fc0000, 0x00000006c7830000)
 concurrent mark-sweep generation total 173440K, used 47646K [0x00000006d78c0000, 0x00000006e2220000, 0x00000007c0000000)
 Metaspace       used 70024K, capacity 72834K, committed 73124K, reserved 1112064K
  class space    used 9368K, capacity 9875K, committed 9924K, reserved 1048576K
}
2018-10-12T10:42:42.159+0800: 22.779: Application time: 0.0007796 seconds
2018-10-12T10:42:42.176+0800: 22.797: Application time: 0.0173110 seconds
2018-10-12T10:42:42.210+0800: 22.831: Application time: 0.0340829 seconds
2018-10-12T10:42:42.211+0800: 22.831: Application time: 0.0000296 seconds
2018-10-12T10:42:42.225+0800: 22.845: Application time: 0.0140243 seconds
2018-10-12T10:42:42.226+0800: 22.846: Application time: 0.0008960 seconds
2018-10-12T10:42:42.226+0800: 22.846: Application time: 0.0000261 seconds
2018-10-12T10:42:42.226+0800: 22.846: Application time: 0.0000183 seconds
2018-10-12T10:42:42.226+0800: 22.846: Application time: 0.0000370 seconds
2018-10-12T10:42:42.226+0800: 22.846: Application time: 0.0000247 seconds
2018-10-12T10:42:42.229+0800: 22.849: Application time: 0.0027497 seconds
2018-10-12T10:42:42.230+0800: 22.850: Application time: 0.0008466 seconds
2018-10-12T10:42:42.232+0800: 22.852: Application time: 0.0019546 seconds
2018-10-12T10:42:42.235+0800: 22.856: Application time: 0.0035780 seconds
2018-10-12T10:42:42.235+0800: 22.856: Application time: 0.0000233 seconds
2018-10-12T10:42:42.237+0800: 22.858: Application time: 0.0019595 seconds
2018-10-12T10:42:42.238+0800: 22.858: Application time: 0.0000328 seconds
2018-10-12T10:42:42.238+0800: 22.859: Application time: 0.0004175 seconds
2018-10-12T10:42:42.291+0800: 22.912: Application time: 0.0533033 seconds
2018-10-12T10:42:42.291+0800: 22.912: Application time: 0.0000395 seconds
2018-10-12T10:42:42.291+0800: 22.913: Application time: 0.0005226 seconds
2018-10-12T10:42:42.292+0800: 22.913: Application time: 0.0006534 seconds
2018-10-12T10:42:42.292+0800: 22.914: Application time: 0.0000303 seconds
2018-10-12T10:42:42.293+0800: 22.914: Application time: 0.0006128 seconds
2018-10-12T10:42:42.294+0800: 22.915: Application time: 0.0005540 seconds
2018-10-12T10:42:42.336+0800: 22.957: Application time: 0.0422908 seconds
2018-10-12T10:42:42.336+0800: 22.958: Application time: 0.0001753 seconds
2018-10-12T10:42:42.393+0800: 23.014: Application time: 0.0562889 seconds
2018-10-12T10:42:42.423+0800: 23.044: Application time: 0.0301819 seconds
2018-10-12T10:42:42.439+0800: 23.060: Application time: 0.0150909 seconds
{Heap before GC invocations=85 (full 2):
 par new generation   total 78016K, used 73537K [0x00000006c2c00000, 0x00000006c80a0000, 0x00000006d78c0000)
  eden space 69376K, 100% used [0x00000006c2c00000, 0x00000006c6fc0000, 0x00000006c6fc0000)
  from space 8640K,  48% used [0x00000006c7830000, 0x00000006c7c40708, 0x00000006c80a0000)
  to   space 8640K,   0% used [0x00000006c6fc0000, 0x00000006c6fc0000, 0x00000006c7830000)
 concurrent mark-sweep generation total 173440K, used 47646K [0x00000006d78c0000, 0x00000006e2220000, 0x00000007c0000000)
 Metaspace       used 70297K, capacity 73184K, committed 73492K, reserved 1112064K
  class space    used 9400K, capacity 9928K, committed 10036K, reserved 1048576K
2018-10-12T10:42:42.440+0800: 23.061: [GC (Allocation Failure) 2018-10-12T10:42:42.440+0800: 23.061: [ParNew: 73537K->5876K(78016K), 0.0060756 secs] 121184K->53785K(251456K), 0.0061549 secs] [Times: user=0.00 sys=0.00, real=0.01 secs] 
Heap after GC invocations=86 (full 2):
 par new generation   total 78016K, used 5876K [0x00000006c2c00000, 0x00000006c80a0000, 0x00000006d78c0000)
  eden space 69376K,   0% used [0x00000006c2c00000, 0x00000006c2c00000, 0x00000006c6fc0000)
  from space 8640K,  68% used [0x00000006c6fc0000, 0x00000006c757d3f8, 0x00000006c7830000)
  to   space 8640K,   0% used [0x00000006c7830000, 0x00000006c7830000, 0x00000006c80a0000)
 concurrent mark-sweep generation total 173440K, used 47908K [0x00000006d78c0000, 0x00000006e2220000, 0x00000007c0000000)
 Metaspace       used 70297K, capacity 73184K, committed 73492K, reserved 1112064K
  class space    used 9400K, capacity 9928K, committed 10036K, reserved 1048576K
}
2018-10-12T10:42:42.448+0800: 23.069: Application time: 0.0012162 seconds
2018-10-12T10:42:42.448+0800: 23.069: [GC (CMS Initial Mark) [1 CMS-initial-mark: 47908K(173440K)] 53809K(251456K), 0.0033463 secs] [Times: user=0.00 sys=0.00, real=0.00 secs] 
2018-10-12T10:42:42.451+0800: 23.072: [CMS-concurrent-mark-start]
2018-10-12T10:42:42.539+0800: 23.160: [CMS-concurrent-mark: 0.088/0.088 secs] [Times: user=0.33 sys=0.00, real=0.09 secs] 
2018-10-12T10:42:42.539+0800: 23.160: [CMS-concurrent-preclean-start]
2018-10-12T10:42:42.541+0800: 23.162: [CMS-concurrent-preclean: 0.002/0.002 secs] [Times: user=0.00 sys=0.00, real=0.00 secs] 
2018-10-12T10:42:42.541+0800: 23.162: [CMS-concurrent-abortable-preclean-start]
2018-10-12T10:42:42.659+0800: 23.281: Application time: 0.2086321 seconds
2018-10-12T10:42:42.955+0800: 23.575: Application time: 0.2943949 seconds
2018-10-12T10:42:43.069+0800: 23.691: Application time: 0.1154298 seconds
{Heap before GC invocations=86 (full 3):
 par new generation   total 78016K, used 75252K [0x00000006c2c00000, 0x00000006c80a0000, 0x00000006d78c0000)
  eden space 69376K, 100% used [0x00000006c2c00000, 0x00000006c6fc0000, 0x00000006c6fc0000)
  from space 8640K,  68% used [0x00000006c6fc0000, 0x00000006c757d3f8, 0x00000006c7830000)
  to   space 8640K,   0% used [0x00000006c7830000, 0x00000006c7830000, 0x00000006c80a0000)
 concurrent mark-sweep generation total 173440K, used 47908K [0x00000006d78c0000, 0x00000006e2220000, 0x00000007c0000000)
 Metaspace       used 70951K, capacity 73888K, committed 74156K, reserved 1114112K
  class space    used 9436K, capacity 9984K, committed 10036K, reserved 1048576K
2018-10-12T10:42:43.070+0800: 23.691: [GC (Allocation Failure) 2018-10-12T10:42:43.070+0800: 23.691: [ParNew: 75252K->7345K(78016K), 0.0076511 secs] 123161K->55667K(251456K), 0.0077202 secs] [Times: user=0.00 sys=0.00, real=0.01 secs] 
Heap after GC invocations=87 (full 3):
 par new generation   total 78016K, used 7345K [0x00000006c2c00000, 0x00000006c80a0000, 0x00000006d78c0000)
  eden space 69376K,   0% used [0x00000006c2c00000, 0x00000006c2c00000, 0x00000006c6fc0000)
  from space 8640K,  85% used [0x00000006c7830000, 0x00000006c7f5c4b8, 0x00000006c80a0000)
  to   space 8640K,   0% used [0x00000006c6fc0000, 0x00000006c6fc0000, 0x00000006c7830000)
 concurrent mark-sweep generation total 173440K, used 48322K [0x00000006d78c0000, 0x00000006e2220000, 0x00000007c0000000)
 Metaspace       used 70951K, capacity 73888K, committed 74156K, reserved 1114112K
  class space    used 9436K, capacity 9984K, committed 10036K, reserved 1048576K
}
2018-10-12T10:42:43.412+0800: 24.033: Application time: 0.3343111 seconds
2018-10-12T10:42:43.494+0800: 24.115: Application time: 0.0819305 seconds
2018-10-12T10:42:43.542+0800: 24.163: [CMS-concurrent-abortable-preclean: 0.584/1.001 secs] [Times: user=3.03 sys=0.05, real=1.00 secs] 
2018-10-12T10:42:43.542+0800: 24.163: Application time: 0.0476234 seconds
2018-10-12T10:42:43.568+0800: 24.189: [GC (CMS Final Remark) [YG occupancy: 46672 K (78016 K)]2018-10-12T10:42:43.568+0800: 24.189: [Rescan (parallel) , 0.0093944 secs]2018-10-12T10:42:43.578+0800: 24.199: [weak refs processing, 0.0000800 secs]2018-10-12T10:42:43.578+0800: 24.199: [class unloading, 0.0159951 secs]2018-10-12T10:42:43.594+0800: 24.215: [scrub symbol table, 0.0169415 secs]2018-10-12T10:42:43.611+0800: 24.232: [scrub string table, 0.0011051 secs][1 CMS-remark: 48322K(173440K)] 94994K(251456K), 0.0440588 secs] [Times: user=0.14 sys=0.00, real=0.04 secs] 
2018-10-12T10:42:43.613+0800: 24.234: [CMS-concurrent-sweep-start]
2018-10-12T10:42:43.634+0800: 24.255: [CMS-concurrent-sweep: 0.022/0.022 secs] [Times: user=0.06 sys=0.00, real=0.02 secs] 
2018-10-12T10:42:43.634+0800: 24.255: [CMS-concurrent-reset-start]
2018-10-12T10:42:43.638+0800: 24.259: [CMS-concurrent-reset: 0.004/0.004 secs] [Times: user=0.00 sys=0.00, real=0.00 secs] 
2018-10-12T10:42:43.683+0800: 24.304: Application time: 0.0701281 seconds
{Heap before GC invocations=87 (full 3):
 par new generation   total 78016K, used 76721K [0x00000006c2c00000, 0x00000006c80a0000, 0x00000006d78c0000)
  eden space 69376K, 100% used [0x00000006c2c00000, 0x00000006c6fc0000, 0x00000006c6fc0000)
  from space 8640K,  85% used [0x00000006c7830000, 0x00000006c7f5c4b8, 0x00000006c80a0000)
  to   space 8640K,   0% used [0x00000006c6fc0000, 0x00000006c6fc0000, 0x00000006c7830000)
 concurrent mark-sweep generation total 173440K, used 46436K [0x00000006d78c0000, 0x00000006e2220000, 0x00000007c0000000)
 Metaspace       used 71142K, capacity 73962K, committed 74488K, reserved 1114112K
  class space    used 9440K, capacity 9939K, committed 10036K, reserved 1048576K
2018-10-12T10:42:43.683+0800: 24.304: [GC (Allocation Failure) 2018-10-12T10:42:43.683+0800: 24.304: [ParNew: 76721K->7182K(78016K), 0.0077322 secs] 123157K->54550K(251456K), 0.0077882 secs] [Times: user=0.06 sys=0.00, real=0.01 secs] 
Heap after GC invocations=88 (full 3):
 par new generation   total 78016K, used 7182K [0x00000006c2c00000, 0x00000006c80a0000, 0x00000006d78c0000)
  eden space 69376K,   0% used [0x00000006c2c00000, 0x00000006c2c00000, 0x00000006c6fc0000)
  from space 8640K,  83% used [0x00000006c6fc0000, 0x00000006c76c39e0, 0x00000006c7830000)
  to   space 8640K,   0% used [0x00000006c7830000, 0x00000006c7830000, 0x00000006c80a0000)
 concurrent mark-sweep generation total 173440K, used 47368K [0x00000006d78c0000, 0x00000006e2220000, 0x00000007c0000000)
 Metaspace       used 71142K, capacity 73962K, committed 74488K, reserved 1114112K
  class space    used 9440K, capacity 9939K, committed 10036K, reserved 1048576K
}
2018-10-12T10:42:43.824+0800: 24.445: Application time: 0.1336485 seconds
{Heap before GC invocations=88 (full 3):
 par new generation   total 78016K, used 76558K [0x00000006c2c00000, 0x00000006c80a0000, 0x00000006d78c0000)
  eden space 69376K, 100% used [0x00000006c2c00000, 0x00000006c6fc0000, 0x00000006c6fc0000)
  from space 8640K,  83% used [0x00000006c6fc0000, 0x00000006c76c39e0, 0x00000006c7830000)
  to   space 8640K,   0% used [0x00000006c7830000, 0x00000006c7830000, 0x00000006c80a0000)
 concurrent mark-sweep generation total 173440K, used 47368K [0x00000006d78c0000, 0x00000006e2220000, 0x00000007c0000000)
 Metaspace       used 71163K, capacity 74006K, committed 74488K, reserved 1114112K
  class space    used 9445K, capacity 9973K, committed 10036K, reserved 1048576K
2018-10-12T10:42:43.824+0800: 24.446: [GC (Allocation Failure) 2018-10-12T10:42:43.824+0800: 24.446: [ParNew: 76558K->5648K(78016K), 0.0066137 secs] 123926K->53639K(251456K), 0.0066831 secs] [Times: user=0.06 sys=0.00, real=0.01 secs] 
Heap after GC invocations=89 (full 3):
 par new generation   total 78016K, used 5648K [0x00000006c2c00000, 0x00000006c80a0000, 0x00000006d78c0000)
  eden space 69376K,   0% used [0x00000006c2c00000, 0x00000006c2c00000, 0x00000006c6fc0000)
  from space 8640K,  65% used [0x00000006c7830000, 0x00000006c7db43d8, 0x00000006c80a0000)
  to   space 8640K,   0% used [0x00000006c6fc0000, 0x00000006c6fc0000, 0x00000006c7830000)
 concurrent mark-sweep generation total 173440K, used 47990K [0x00000006d78c0000, 0x00000006e2220000, 0x00000007c0000000)
 Metaspace       used 71163K, capacity 74006K, committed 74488K, reserved 1114112K
  class space    used 9445K, capacity 9973K, committed 10036K, reserved 1048576K
}
2018-10-12T10:42:44.015+0800: 24.636: Application time: 0.1835508 seconds
{Heap before GC invocations=89 (full 3):
 par new generation   total 78016K, used 75024K [0x00000006c2c00000, 0x00000006c80a0000, 0x00000006d78c0000)
  eden space 69376K, 100% used [0x00000006c2c00000, 0x00000006c6fc0000, 0x00000006c6fc0000)
  from space 8640K,  65% used [0x00000006c7830000, 0x00000006c7db43d8, 0x00000006c80a0000)
  to   space 8640K,   0% used [0x00000006c6fc0000, 0x00000006c6fc0000, 0x00000006c7830000)
 concurrent mark-sweep generation total 173440K, used 47990K [0x00000006d78c0000, 0x00000006e2220000, 0x00000007c0000000)
 Metaspace       used 71363K, capacity 74186K, committed 74616K, reserved 1114112K
  class space    used 9496K, capacity 10009K, committed 10164K, reserved 1048576K
2018-10-12T10:42:44.015+0800: 24.636: [GC (Allocation Failure) 2018-10-12T10:42:44.015+0800: 24.636: [ParNew: 75024K->7607K(78016K), 0.0054275 secs] 123015K->55597K(251456K), 0.0054927 secs] [Times: user=0.06 sys=0.00, real=0.01 secs] 
Heap after GC invocations=90 (full 3):
 par new generation   total 78016K, used 7607K [0x00000006c2c00000, 0x00000006c80a0000, 0x00000006d78c0000)
  eden space 69376K,   0% used [0x00000006c2c00000, 0x00000006c2c00000, 0x00000006c6fc0000)
  from space 8640K,  88% used [0x00000006c6fc0000, 0x00000006c772dcc0, 0x00000006c7830000)
  to   space 8640K,   0% used [0x00000006c7830000, 0x00000006c7830000, 0x00000006c80a0000)
 concurrent mark-sweep generation total 173440K, used 47990K [0x00000006d78c0000, 0x00000006e2220000, 0x00000007c0000000)
 Metaspace       used 71363K, capacity 74186K, committed 74616K, reserved 1114112K
  class space    used 9496K, capacity 10009K, committed 10164K, reserved 1048576K
}
2018-10-12T10:42:44.169+0800: 24.791: Application time: 0.1491263 seconds
2018-10-12T10:42:44.170+0800: 24.791: Application time: 0.0000430 seconds
2018-10-12T10:42:44.170+0800: 24.791: Application time: 0.0000406 seconds
2018-10-12T10:42:44.170+0800: 24.791: Application time: 0.0000360 seconds
2018-10-12T10:42:44.170+0800: 24.791: Application time: 0.0002049 seconds
2018-10-12T10:42:44.170+0800: 24.792: Application time: 0.0001686 seconds
2018-10-12T10:42:44.173+0800: 24.794: Application time: 0.0027543 seconds
2018-10-12T10:42:44.270+0800: 24.891: Application time: 0.0969767 seconds
2018-10-12T10:42:44.277+0800: 24.898: Application time: 0.0004041 seconds
2018-10-12T10:42:44.280+0800: 24.901: Application time: 0.0034073 seconds
2018-10-12T10:42:44.281+0800: 24.902: Application time: 0.0001224 seconds
2018-10-12T10:42:44.281+0800: 24.902: Application time: 0.0000395 seconds
2018-10-12T10:42:44.281+0800: 24.903: Application time: 0.0001079 seconds
2018-10-12T10:42:44.282+0800: 24.903: Application time: 0.0001894 seconds
2018-10-12T10:42:44.282+0800: 24.903: Application time: 0.0001294 seconds
2018-10-12T10:42:44.282+0800: 24.903: Application time: 0.0000377 seconds
2018-10-12T10:42:44.282+0800: 24.903: Application time: 0.0000406 seconds
2018-10-12T10:42:44.282+0800: 24.903: Application time: 0.0000321 seconds
2018-10-12T10:42:44.282+0800: 24.903: Application time: 0.0000300 seconds
2018-10-12T10:42:44.323+0800: 24.944: Application time: 0.0410510 seconds
{Heap before GC invocations=90 (full 3):
 par new generation   total 78016K, used 76983K [0x00000006c2c00000, 0x00000006c80a0000, 0x00000006d78c0000)
  eden space 69376K, 100% used [0x00000006c2c00000, 0x00000006c6fc0000, 0x00000006c6fc0000)
  from space 8640K,  88% used [0x00000006c6fc0000, 0x00000006c772dcc0, 0x00000006c7830000)
  to   space 8640K,   0% used [0x00000006c7830000, 0x00000006c7830000, 0x00000006c80a0000)
 concurrent mark-sweep generation total 173440K, used 47990K [0x00000006d78c0000, 0x00000006e2220000, 0x00000007c0000000)
 Metaspace       used 71793K, capacity 74792K, committed 75128K, reserved 1114112K
  class space    used 9570K, capacity 10114K, committed 10164K, reserved 1048576K
2018-10-12T10:42:44.324+0800: 24.945: [GC (Allocation Failure) 2018-10-12T10:42:44.324+0800: 24.945: [ParNew: 76983K->8640K(78016K), 0.0068919 secs] 124973K->57375K(251456K), 0.0069631 secs] [Times: user=0.06 sys=0.00, real=0.01 secs] 
Heap after GC invocations=91 (full 3):
 par new generation   total 78016K, used 8640K [0x00000006c2c00000, 0x00000006c80a0000, 0x00000006d78c0000)
  eden space 69376K,   0% used [0x00000006c2c00000, 0x00000006c2c00000, 0x00000006c6fc0000)
  from space 8640K, 100% used [0x00000006c7830000, 0x00000006c80a0000, 0x00000006c80a0000)
  to   space 8640K,   0% used [0x00000006c6fc0000, 0x00000006c6fc0000, 0x00000006c7830000)
 concurrent mark-sweep generation total 173440K, used 48735K [0x00000006d78c0000, 0x00000006e2220000, 0x00000007c0000000)
 Metaspace       used 71793K, capacity 74792K, committed 75128K, reserved 1114112K
  class space    used 9570K, capacity 10114K, committed 10164K, reserved 1048576K
}
2018-10-12T10:42:44.566+0800: 25.187: Application time: 0.2359187 seconds
{Heap before GC invocations=91 (full 3):
 par new generation   total 78016K, used 78016K [0x00000006c2c00000, 0x00000006c80a0000, 0x00000006d78c0000)
  eden space 69376K, 100% used [0x00000006c2c00000, 0x00000006c6fc0000, 0x00000006c6fc0000)
  from space 8640K, 100% used [0x00000006c7830000, 0x00000006c80a0000, 0x00000006c80a0000)
  to   space 8640K,   0% used [0x00000006c6fc0000, 0x00000006c6fc0000, 0x00000006c7830000)
 concurrent mark-sweep generation total 173440K, used 48735K [0x00000006d78c0000, 0x00000006e2220000, 0x00000007c0000000)
 Metaspace       used 72296K, capacity 75336K, committed 75512K, reserved 1114112K
  class space    used 9637K, capacity 10184K, committed 10292K, reserved 1048576K
2018-10-12T10:42:44.566+0800: 25.188: [GC (Allocation Failure) 2018-10-12T10:42:44.566+0800: 25.188: [ParNew: 78016K->5587K(78016K), 0.0077558 secs] 126751K->55193K(251456K), 0.0078351 secs] [Times: user=0.00 sys=0.00, real=0.01 secs] 
Heap after GC invocations=92 (full 3):
 par new generation   total 78016K, used 5587K [0x00000006c2c00000, 0x00000006c80a0000, 0x00000006d78c0000)
  eden space 69376K,   0% used [0x00000006c2c00000, 0x00000006c2c00000, 0x00000006c6fc0000)
  from space 8640K,  64% used [0x00000006c6fc0000, 0x00000006c7534e40, 0x00000006c7830000)
  to   space 8640K,   0% used [0x00000006c7830000, 0x00000006c7830000, 0x00000006c80a0000)
 concurrent mark-sweep generation total 173440K, used 49606K [0x00000006d78c0000, 0x00000006e2220000, 0x00000007c0000000)
 Metaspace       used 72296K, capacity 75336K, committed 75512K, reserved 1114112K
  class space    used 9637K, capacity 10184K, committed 10292K, reserved 1048576K
}
2018-10-12T10:42:44.629+0800: 25.250: Application time: 0.0549307 seconds
2018-10-12T10:42:44.836+0800: 25.457: Application time: 0.2058070 seconds
{Heap before GC invocations=92 (full 3):
 par new generation   total 78016K, used 74963K [0x00000006c2c00000, 0x00000006c80a0000, 0x00000006d78c0000)
  eden space 69376K, 100% used [0x00000006c2c00000, 0x00000006c6fc0000, 0x00000006c6fc0000)
  from space 8640K,  64% used [0x00000006c6fc0000, 0x00000006c7534e40, 0x00000006c7830000)
  to   space 8640K,   0% used [0x00000006c7830000, 0x00000006c7830000, 0x00000006c80a0000)
 concurrent mark-sweep generation total 173440K, used 49606K [0x00000006d78c0000, 0x00000006e2220000, 0x00000007c0000000)
 Metaspace       used 73186K, capacity 76236K, committed 76408K, reserved 1116160K
  class space    used 9766K, capacity 10314K, committed 10420K, reserved 1048576K
2018-10-12T10:42:44.837+0800: 25.457: [GC (Allocation Failure) 2018-10-12T10:42:44.837+0800: 25.457: [ParNew: 74963K->6000K(78016K), 0.0078447 secs] 124569K->57188K(251456K), 0.0079028 secs] [Times: user=0.00 sys=0.00, real=0.01 secs] 
Heap after GC invocations=93 (full 3):
 par new generation   total 78016K, used 6000K [0x00000006c2c00000, 0x00000006c80a0000, 0x00000006d78c0000)
  eden space 69376K,   0% used [0x00000006c2c00000, 0x00000006c2c00000, 0x00000006c6fc0000)
  from space 8640K,  69% used [0x00000006c7830000, 0x00000006c7e0c148, 0x00000006c80a0000)
  to   space 8640K,   0% used [0x00000006c6fc0000, 0x00000006c6fc0000, 0x00000006c7830000)
 concurrent mark-sweep generation total 173440K, used 51187K [0x00000006d78c0000, 0x00000006e2220000, 0x00000007c0000000)
 Metaspace       used 73186K, capacity 76236K, committed 76408K, reserved 1116160K
  class space    used 9766K, capacity 10314K, committed 10420K, reserved 1048576K
}
2018-10-12T10:42:44.941+0800: 25.562: Application time: 0.0967366 seconds
{Heap before GC invocations=93 (full 3):
 par new generation   total 78016K, used 75376K [0x00000006c2c00000, 0x00000006c80a0000, 0x00000006d78c0000)
  eden space 69376K, 100% used [0x00000006c2c00000, 0x00000006c6fc0000, 0x00000006c6fc0000)
  from space 8640K,  69% used [0x00000006c7830000, 0x00000006c7e0c148, 0x00000006c80a0000)
  to   space 8640K,   0% used [0x00000006c6fc0000, 0x00000006c6fc0000, 0x00000006c7830000)
 concurrent mark-sweep generation total 173440K, used 51187K [0x00000006d78c0000, 0x00000006e2220000, 0x00000007c0000000)
 Metaspace       used 73280K, capacity 76334K, committed 76664K, reserved 1116160K
  class space    used 9784K, capacity 10347K, committed 10420K, reserved 1048576K
2018-10-12T10:42:44.941+0800: 25.562: [GC (Allocation Failure) 2018-10-12T10:42:44.941+0800: 25.562: [ParNew: 75376K->4424K(78016K), 0.0052325 secs] 126564K->55611K(251456K), 0.0053510 secs] [Times: user=0.00 sys=0.00, real=0.01 secs] 
Heap after GC invocations=94 (full 3):
 par new generation   total 78016K, used 4424K [0x00000006c2c00000, 0x00000006c80a0000, 0x00000006d78c0000)
  eden space 69376K,   0% used [0x00000006c2c00000, 0x00000006c2c00000, 0x00000006c6fc0000)
  from space 8640K,  51% used [0x00000006c6fc0000, 0x00000006c7412018, 0x00000006c7830000)
  to   space 8640K,   0% used [0x00000006c7830000, 0x00000006c7830000, 0x00000006c80a0000)
 concurrent mark-sweep generation total 173440K, used 51187K [0x00000006d78c0000, 0x00000006e2220000, 0x00000007c0000000)
 Metaspace       used 73280K, capacity 76334K, committed 76664K, reserved 1116160K
  class space    used 9784K, capacity 10347K, committed 10420K, reserved 1048576K
}
2018-10-12T10:42:45.055+0800: 25.676: Application time: 0.1088578 seconds
{Heap before GC invocations=94 (full 3):
 par new generation   total 78016K, used 73800K [0x00000006c2c00000, 0x00000006c80a0000, 0x00000006d78c0000)
  eden space 69376K, 100% used [0x00000006c2c00000, 0x00000006c6fc0000, 0x00000006c6fc0000)
  from space 8640K,  51% used [0x00000006c6fc0000, 0x00000006c7412018, 0x00000006c7830000)
  to   space 8640K,   0% used [0x00000006c7830000, 0x00000006c7830000, 0x00000006c80a0000)
 concurrent mark-sweep generation total 173440K, used 51187K [0x00000006d78c0000, 0x00000006e2220000, 0x00000007c0000000)
 Metaspace       used 73306K, capacity 76334K, committed 76664K, reserved 1116160K
  class space    used 9788K, capacity 10347K, committed 10420K, reserved 1048576K
2018-10-12T10:42:45.055+0800: 25.676: [GC (Allocation Failure) 2018-10-12T10:42:45.055+0800: 25.676: [ParNew: 73800K->4949K(78016K), 0.0046009 secs] 124987K->56137K(251456K), 0.0046581 secs] [Times: user=0.00 sys=0.00, real=0.00 secs] 
Heap after GC invocations=95 (full 3):
 par new generation   total 78016K, used 4949K [0x00000006c2c00000, 0x00000006c80a0000, 0x00000006d78c0000)
  eden space 69376K,   0% used [0x00000006c2c00000, 0x00000006c2c00000, 0x00000006c6fc0000)
  from space 8640K,  57% used [0x00000006c7830000, 0x00000006c7d057d8, 0x00000006c80a0000)
  to   space 8640K,   0% used [0x00000006c6fc0000, 0x00000006c6fc0000, 0x00000006c7830000)
 concurrent mark-sweep generation total 173440K, used 51187K [0x00000006d78c0000, 0x00000006e2220000, 0x00000007c0000000)
 Metaspace       used 73306K, capacity 76334K, committed 76664K, reserved 1116160K
  class space    used 9788K, capacity 10347K, committed 10420K, reserved 1048576K
}
2018-10-12T10:42:45.179+0800: 25.800: Application time: 0.1187631 seconds
{Heap before GC invocations=95 (full 3):
 par new generation   total 78016K, used 74325K [0x00000006c2c00000, 0x00000006c80a0000, 0x00000006d78c0000)
  eden space 69376K, 100% used [0x00000006c2c00000, 0x00000006c6fc0000, 0x00000006c6fc0000)
  from space 8640K,  57% used [0x00000006c7830000, 0x00000006c7d057d8, 0x00000006c80a0000)
  to   space 8640K,   0% used [0x00000006c6fc0000, 0x00000006c6fc0000, 0x00000006c7830000)
 concurrent mark-sweep generation total 173440K, used 51187K [0x00000006d78c0000, 0x00000006e2220000, 0x00000007c0000000)
 Metaspace       used 73421K, capacity 76494K, committed 76664K, reserved 1116160K
  class space    used 9810K, capacity 10379K, committed 10420K, reserved 1048576K
2018-10-12T10:42:45.179+0800: 25.800: [GC (Allocation Failure) 2018-10-12T10:42:45.179+0800: 25.800: [ParNew: 74325K->5905K(78016K), 0.0059025 secs] 125513K->57093K(251456K), 0.0060033 secs] [Times: user=0.00 sys=0.00, real=0.01 secs] 
Heap after GC invocations=96 (full 3):
 par new generation   total 78016K, used 5905K [0x00000006c2c00000, 0x00000006c80a0000, 0x00000006d78c0000)
  eden space 69376K,   0% used [0x00000006c2c00000, 0x00000006c2c00000, 0x00000006c6fc0000)
  from space 8640K,  68% used [0x00000006c6fc0000, 0x00000006c7584538, 0x00000006c7830000)
  to   space 8640K,   0% used [0x00000006c7830000, 0x00000006c7830000, 0x00000006c80a0000)
 concurrent mark-sweep generation total 173440K, used 51187K [0x00000006d78c0000, 0x00000006e2220000, 0x00000007c0000000)
 Metaspace       used 73421K, capacity 76494K, committed 76664K, reserved 1116160K
  class space    used 9810K, capacity 10379K, committed 10420K, reserved 1048576K
}
2018-10-12T10:42:45.187+0800: 25.808: Application time: 0.0020364 seconds
2018-10-12T10:42:45.285+0800: 25.906: Application time: 0.0978790 seconds
2018-10-12T10:42:45.298+0800: 25.919: Application time: 0.0127563 seconds
2018-10-12T10:42:45.306+0800: 25.927: Application time: 0.0072911 seconds
{Heap before GC invocations=96 (full 3):
 par new generation   total 78016K, used 75281K [0x00000006c2c00000, 0x00000006c80a0000, 0x00000006d78c0000)
  eden space 69376K, 100% used [0x00000006c2c00000, 0x00000006c6fc0000, 0x00000006c6fc0000)
  from space 8640K,  68% used [0x00000006c6fc0000, 0x00000006c7584538, 0x00000006c7830000)
  to   space 8640K,   0% used [0x00000006c7830000, 0x00000006c7830000, 0x00000006c80a0000)
 concurrent mark-sweep generation total 173440K, used 51187K [0x00000006d78c0000, 0x00000006e2220000, 0x00000007c0000000)
 Metaspace       used 73509K, capacity 76564K, committed 76664K, reserved 1116160K
  class space    used 9816K, capacity 10380K, committed 10420K, reserved 1048576K
2018-10-12T10:42:45.306+0800: 25.927: [GC (Allocation Failure) 2018-10-12T10:42:45.306+0800: 25.927: [ParNew: 75281K->4438K(78016K), 0.0067717 secs] 126469K->56533K(251456K), 0.0068415 secs] [Times: user=0.03 sys=0.00, real=0.01 secs] 
Heap after GC invocations=97 (full 3):
 par new generation   total 78016K, used 4438K [0x00000006c2c00000, 0x00000006c80a0000, 0x00000006d78c0000)
  eden space 69376K,   0% used [0x00000006c2c00000, 0x00000006c2c00000, 0x00000006c6fc0000)
  from space 8640K,  51% used [0x00000006c7830000, 0x00000006c7c85bc0, 0x00000006c80a0000)
  to   space 8640K,   0% used [0x00000006c6fc0000, 0x00000006c6fc0000, 0x00000006c7830000)
 concurrent mark-sweep generation total 173440K, used 52094K [0x00000006d78c0000, 0x00000006e2220000, 0x00000007c0000000)
 Metaspace       used 73509K, capacity 76564K, committed 76664K, reserved 1116160K
  class space    used 9816K, capacity 10380K, committed 10420K, reserved 1048576K
}
2018-10-12T10:42:45.369+0800: 25.991: Application time: 0.0564201 seconds
2018-10-12T10:42:45.374+0800: 25.995: Application time: 0.0043710 seconds
2018-10-12T10:42:45.439+0800: 26.060: Application time: 0.0645603 seconds
{Heap before GC invocations=97 (full 3):
 par new generation   total 78016K, used 73814K [0x00000006c2c00000, 0x00000006c80a0000, 0x00000006d78c0000)
  eden space 69376K, 100% used [0x00000006c2c00000, 0x00000006c6fc0000, 0x00000006c6fc0000)
  from space 8640K,  51% used [0x00000006c7830000, 0x00000006c7c85bc0, 0x00000006c80a0000)
  to   space 8640K,   0% used [0x00000006c6fc0000, 0x00000006c6fc0000, 0x00000006c7830000)
 concurrent mark-sweep generation total 173440K, used 52094K [0x00000006d78c0000, 0x00000006e2220000, 0x00000007c0000000)
 Metaspace       used 73583K, capacity 76712K, committed 76920K, reserved 1116160K
  class space    used 9825K, capacity 10384K, committed 10420K, reserved 1048576K
2018-10-12T10:42:45.439+0800: 26.060: [GC (Allocation Failure) 2018-10-12T10:42:45.439+0800: 26.060: [ParNew: 73814K->4929K(78016K), 0.0050273 secs] 125909K->57289K(251456K), 0.0051489 secs] [Times: user=0.00 sys=0.00, real=0.01 secs] 
Heap after GC invocations=98 (full 3):
 par new generation   total 78016K, used 4929K [0x00000006c2c00000, 0x00000006c80a0000, 0x00000006d78c0000)
  eden space 69376K,   0% used [0x00000006c2c00000, 0x00000006c2c00000, 0x00000006c6fc0000)
  from space 8640K,  57% used [0x00000006c6fc0000, 0x00000006c7490670, 0x00000006c7830000)
  to   space 8640K,   0% used [0x00000006c7830000, 0x00000006c7830000, 0x00000006c80a0000)
 concurrent mark-sweep generation total 173440K, used 52360K [0x00000006d78c0000, 0x00000006e2220000, 0x00000007c0000000)
 Metaspace       used 73583K, capacity 76712K, committed 76920K, reserved 1116160K
  class space    used 9825K, capacity 10384K, committed 10420K, reserved 1048576K
}
2018-10-12T10:42:45.561+0800: 26.182: Application time: 0.1161393 seconds
{Heap before GC invocations=98 (full 3):
 par new generation   total 78016K, used 74305K [0x00000006c2c00000, 0x00000006c80a0000, 0x00000006d78c0000)
  eden space 69376K, 100% used [0x00000006c2c00000, 0x00000006c6fc0000, 0x00000006c6fc0000)
  from space 8640K,  57% used [0x00000006c6fc0000, 0x00000006c7490670, 0x00000006c7830000)
  to   space 8640K,   0% used [0x00000006c7830000, 0x00000006c7830000, 0x00000006c80a0000)
 concurrent mark-sweep generation total 173440K, used 52360K [0x00000006d78c0000, 0x00000006e2220000, 0x00000007c0000000)
 Metaspace       used 73778K, capacity 76924K, committed 77304K, reserved 1116160K
  class space    used 9856K, capacity 10428K, committed 10548K, reserved 1048576K
2018-10-12T10:42:45.561+0800: 26.182: [GC (Allocation Failure) 2018-10-12T10:42:45.561+0800: 26.182: [ParNew: 74305K->4872K(78016K), 0.0051852 secs] 126665K->57548K(251456K), 0.0052438 secs] [Times: user=0.06 sys=0.00, real=0.00 secs] 
Heap after GC invocations=99 (full 3):
 par new generation   total 78016K, used 4872K [0x00000006c2c00000, 0x00000006c80a0000, 0x00000006d78c0000)
  eden space 69376K,   0% used [0x00000006c2c00000, 0x00000006c2c00000, 0x00000006c6fc0000)
  from space 8640K,  56% used [0x00000006c7830000, 0x00000006c7cf2318, 0x00000006c80a0000)
  to   space 8640K,   0% used [0x00000006c6fc0000, 0x00000006c6fc0000, 0x00000006c7830000)
 concurrent mark-sweep generation total 173440K, used 52676K [0x00000006d78c0000, 0x00000006e2220000, 0x00000007c0000000)
 Metaspace       used 73778K, capacity 76924K, committed 77304K, reserved 1116160K
  class space    used 9856K, capacity 10428K, committed 10548K, reserved 1048576K
}
2018-10-12T10:42:45.747+0800: 26.368: Application time: 0.1812585 seconds
{Heap before GC invocations=99 (full 3):
 par new generation   total 78016K, used 74248K [0x00000006c2c00000, 0x00000006c80a0000, 0x00000006d78c0000)
  eden space 69376K, 100% used [0x00000006c2c00000, 0x00000006c6fc0000, 0x00000006c6fc0000)
  from space 8640K,  56% used [0x00000006c7830000, 0x00000006c7cf2318, 0x00000006c80a0000)
  to   space 8640K,   0% used [0x00000006c6fc0000, 0x00000006c6fc0000, 0x00000006c7830000)
 concurrent mark-sweep generation total 173440K, used 52676K [0x00000006d78c0000, 0x00000006e2220000, 0x00000007c0000000)
 Metaspace       used 74074K, capacity 77264K, committed 77560K, reserved 1116160K
  class space    used 9894K, capacity 10480K, committed 10548K, reserved 1048576K
2018-10-12T10:42:45.747+0800: 26.369: [GC (Allocation Failure) 2018-10-12T10:42:45.748+0800: 26.369: [ParNew: 74248K->6459K(78016K), 0.0065608 secs] 126924K->59884K(251456K), 0.0066207 secs] [Times: user=0.06 sys=0.00, real=0.01 secs] 
Heap after GC invocations=100 (full 3):
 par new generation   total 78016K, used 6459K [0x00000006c2c00000, 0x00000006c80a0000, 0x00000006d78c0000)
  eden space 69376K,   0% used [0x00000006c2c00000, 0x00000006c2c00000, 0x00000006c6fc0000)
  from space 8640K,  74% used [0x00000006c6fc0000, 0x00000006c760ed00, 0x00000006c7830000)
  to   space 8640K,   0% used [0x00000006c7830000, 0x00000006c7830000, 0x00000006c80a0000)
 concurrent mark-sweep generation total 173440K, used 53425K [0x00000006d78c0000, 0x00000006e2220000, 0x00000007c0000000)
 Metaspace       used 74074K, capacity 77264K, committed 77560K, reserved 1116160K
  class space    used 9894K, capacity 10480K, committed 10548K, reserved 1048576K
}
2018-10-12T10:42:45.771+0800: 26.392: Application time: 0.0167461 seconds
2018-10-12T10:42:45.780+0800: 26.402: Application time: 0.0088528 seconds
2018-10-12T10:42:45.802+0800: 26.423: Application time: 0.0209581 seconds
2018-10-12T10:42:45.826+0800: 26.447: Application time: 0.0228965 seconds
2018-10-12T10:42:45.827+0800: 26.448: Application time: 0.0005681 seconds
2018-10-12T10:42:45.832+0800: 26.453: Application time: 0.0046337 seconds
2018-10-12T10:42:45.965+0800: 26.585: Application time: 0.1311992 seconds
{Heap before GC invocations=100 (full 3):
 par new generation   total 78016K, used 75835K [0x00000006c2c00000, 0x00000006c80a0000, 0x00000006d78c0000)
  eden space 69376K, 100% used [0x00000006c2c00000, 0x00000006c6fc0000, 0x00000006c6fc0000)
  from space 8640K,  74% used [0x00000006c6fc0000, 0x00000006c760ed00, 0x00000006c7830000)
  to   space 8640K,   0% used [0x00000006c7830000, 0x00000006c7830000, 0x00000006c80a0000)
 concurrent mark-sweep generation total 173440K, used 53425K [0x00000006d78c0000, 0x00000006e2220000, 0x00000007c0000000)
 Metaspace       used 74661K, capacity 77868K, committed 78200K, reserved 1116160K
  class space    used 9971K, capacity 10562K, committed 10676K, reserved 1048576K
2018-10-12T10:42:45.965+0800: 26.585: [GC (Allocation Failure) 2018-10-12T10:42:45.965+0800: 26.585: [ParNew: 75835K->4554K(78016K), 0.0064522 secs] 129260K->58416K(251456K), 0.0065192 secs] [Times: user=0.05 sys=0.02, real=0.01 secs] 
Heap after GC invocations=101 (full 3):
 par new generation   total 78016K, used 4554K [0x00000006c2c00000, 0x00000006c80a0000, 0x00000006d78c0000)
  eden space 69376K,   0% used [0x00000006c2c00000, 0x00000006c2c00000, 0x00000006c6fc0000)
  from space 8640K,  52% used [0x00000006c7830000, 0x00000006c7ca2bd0, 0x00000006c80a0000)
  to   space 8640K,   0% used [0x00000006c6fc0000, 0x00000006c6fc0000, 0x00000006c7830000)
 concurrent mark-sweep generation total 173440K, used 53861K [0x00000006d78c0000, 0x00000006e2220000, 0x00000007c0000000)
 Metaspace       used 74661K, capacity 77868K, committed 78200K, reserved 1116160K
  class space    used 9971K, capacity 10562K, committed 10676K, reserved 1048576K
}
2018-10-12T10:42:46.097+0800: 26.718: Application time: 0.1263546 seconds
{Heap before GC invocations=101 (full 3):
 par new generation   total 78016K, used 73930K [0x00000006c2c00000, 0x00000006c80a0000, 0x00000006d78c0000)
  eden space 69376K, 100% used [0x00000006c2c00000, 0x00000006c6fc0000, 0x00000006c6fc0000)
  from space 8640K,  52% used [0x00000006c7830000, 0x00000006c7ca2bd0, 0x00000006c80a0000)
  to   space 8640K,   0% used [0x00000006c6fc0000, 0x00000006c6fc0000, 0x00000006c7830000)
 concurrent mark-sweep generation total 173440K, used 53861K [0x00000006d78c0000, 0x00000006e2220000, 0x00000007c0000000)
 Metaspace       used 74785K, capacity 78110K, committed 78456K, reserved 1118208K
  class space    used 9989K, capacity 10581K, committed 10676K, reserved 1048576K
2018-10-12T10:42:46.097+0800: 26.718: [GC (Allocation Failure) 2018-10-12T10:42:46.097+0800: 26.718: [ParNew: 73930K->4752K(78016K), 0.0056147 secs] 127792K->58949K(251456K), 0.0056725 secs] [Times: user=0.00 sys=0.00, real=0.01 secs] 
Heap after GC invocations=102 (full 3):
 par new generation   total 78016K, used 4752K [0x00000006c2c00000, 0x00000006c80a0000, 0x00000006d78c0000)
  eden space 69376K,   0% used [0x00000006c2c00000, 0x00000006c2c00000, 0x00000006c6fc0000)
  from space 8640K,  55% used [0x00000006c6fc0000, 0x00000006c74642e8, 0x00000006c7830000)
  to   space 8640K,   0% used [0x00000006c7830000, 0x00000006c7830000, 0x00000006c80a0000)
 concurrent mark-sweep generation total 173440K, used 54197K [0x00000006d78c0000, 0x00000006e2220000, 0x00000007c0000000)
 Metaspace       used 74785K, capacity 78110K, committed 78456K, reserved 1118208K
  class space    used 9989K, capacity 10581K, committed 10676K, reserved 1048576K
}
2018-10-12T10:42:46.234+0800: 26.855: Application time: 0.1305363 seconds
{Heap before GC invocations=102 (full 3):
 par new generation   total 78016K, used 74128K [0x00000006c2c00000, 0x00000006c80a0000, 0x00000006d78c0000)
  eden space 69376K, 100% used [0x00000006c2c00000, 0x00000006c6fc0000, 0x00000006c6fc0000)
  from space 8640K,  55% used [0x00000006c6fc0000, 0x00000006c74642e8, 0x00000006c7830000)
  to   space 8640K,   0% used [0x00000006c7830000, 0x00000006c7830000, 0x00000006c80a0000)
 concurrent mark-sweep generation total 173440K, used 54197K [0x00000006d78c0000, 0x00000006e2220000, 0x00000007c0000000)
 Metaspace       used 74893K, capacity 78180K, committed 78456K, reserved 1118208K
  class space    used 10001K, capacity 10582K, committed 10676K, reserved 1048576K
2018-10-12T10:42:46.234+0800: 26.855: [GC (Allocation Failure) 2018-10-12T10:42:46.234+0800: 26.855: [ParNew: 74128K->4888K(78016K), 0.0054835 secs] 128325K->59274K(251456K), 0.0055474 secs] [Times: user=0.06 sys=0.00, real=0.01 secs] 
Heap after GC invocations=103 (full 3):
 par new generation   total 78016K, used 4888K [0x00000006c2c00000, 0x00000006c80a0000, 0x00000006d78c0000)
  eden space 69376K,   0% used [0x00000006c2c00000, 0x00000006c2c00000, 0x00000006c6fc0000)
  from space 8640K,  56% used [0x00000006c7830000, 0x00000006c7cf6228, 0x00000006c80a0000)
  to   space 8640K,   0% used [0x00000006c6fc0000, 0x00000006c6fc0000, 0x00000006c7830000)
 concurrent mark-sweep generation total 173440K, used 54385K [0x00000006d78c0000, 0x00000006e2220000, 0x00000007c0000000)
 Metaspace       used 74893K, capacity 78180K, committed 78456K, reserved 1118208K
  class space    used 10001K, capacity 10582K, committed 10676K, reserved 1048576K
}
2018-10-12T10:42:46.358+0800: 26.980: Application time: 0.1195925 seconds
{Heap before GC invocations=103 (full 3):
 par new generation   total 78016K, used 74264K [0x00000006c2c00000, 0x00000006c80a0000, 0x00000006d78c0000)
  eden space 69376K, 100% used [0x00000006c2c00000, 0x00000006c6fc0000, 0x00000006c6fc0000)
  from space 8640K,  56% used [0x00000006c7830000, 0x00000006c7cf6228, 0x00000006c80a0000)
  to   space 8640K,   0% used [0x00000006c6fc0000, 0x00000006c6fc0000, 0x00000006c7830000)
 concurrent mark-sweep generation total 173440K, used 54385K [0x00000006d78c0000, 0x00000006e2220000, 0x00000007c0000000)
 Metaspace       used 74922K, capacity 78192K, committed 78456K, reserved 1118208K
  class space    used 10005K, capacity 10584K, committed 10676K, reserved 1048576K
2018-10-12T10:42:46.359+0800: 26.980: [GC (Allocation Failure) 2018-10-12T10:42:46.359+0800: 26.980: [ParNew: 74264K->4855K(78016K), 0.0053661 secs] 128650K->59368K(251456K), 0.0054257 secs] [Times: user=0.06 sys=0.00, real=0.01 secs] 
Heap after GC invocations=104 (full 3):
 par new generation   total 78016K, used 4855K [0x00000006c2c00000, 0x00000006c80a0000, 0x00000006d78c0000)
  eden space 69376K,   0% used [0x00000006c2c00000, 0x00000006c2c00000, 0x00000006c6fc0000)
  from space 8640K,  56% used [0x00000006c6fc0000, 0x00000006c747df20, 0x00000006c7830000)
  to   space 8640K,   0% used [0x00000006c7830000, 0x00000006c7830000, 0x00000006c80a0000)
 concurrent mark-sweep generation total 173440K, used 54512K [0x00000006d78c0000, 0x00000006e2220000, 0x00000007c0000000)
 Metaspace       used 74922K, capacity 78192K, committed 78456K, reserved 1118208K
  class space    used 10005K, capacity 10584K, committed 10676K, reserved 1048576K
}
2018-10-12T10:42:46.470+0800: 27.092: Application time: 0.1060259 seconds
{Heap before GC invocations=104 (full 3):
 par new generation   total 78016K, used 74231K [0x00000006c2c00000, 0x00000006c80a0000, 0x00000006d78c0000)
  eden space 69376K, 100% used [0x00000006c2c00000, 0x00000006c6fc0000, 0x00000006c6fc0000)
  from space 8640K,  56% used [0x00000006c6fc0000, 0x00000006c747df20, 0x00000006c7830000)
  to   space 8640K,   0% used [0x00000006c7830000, 0x00000006c7830000, 0x00000006c80a0000)
 concurrent mark-sweep generation total 173440K, used 54512K [0x00000006d78c0000, 0x00000006e2220000, 0x00000007c0000000)
 Metaspace       used 74929K, capacity 78192K, committed 78456K, reserved 1118208K
  class space    used 10005K, capacity 10584K, committed 10676K, reserved 1048576K
2018-10-12T10:42:46.471+0800: 27.092: [GC (Allocation Failure) 2018-10-12T10:42:46.471+0800: 27.092: [ParNew: 74231K->4964K(78016K), 0.0056648 secs] 128744K->59709K(251456K), 0.0057336 secs] [Times: user=0.00 sys=0.00, real=0.01 secs] 
Heap after GC invocations=105 (full 3):
 par new generation   total 78016K, used 4964K [0x00000006c2c00000, 0x00000006c80a0000, 0x00000006d78c0000)
  eden space 69376K,   0% used [0x00000006c2c00000, 0x00000006c2c00000, 0x00000006c6fc0000)
  from space 8640K,  57% used [0x00000006c7830000, 0x00000006c7d09170, 0x00000006c80a0000)
  to   space 8640K,   0% used [0x00000006c6fc0000, 0x00000006c6fc0000, 0x00000006c7830000)
 concurrent mark-sweep generation total 173440K, used 54744K [0x00000006d78c0000, 0x00000006e2220000, 0x00000007c0000000)
 Metaspace       used 74929K, capacity 78192K, committed 78456K, reserved 1118208K
  class space    used 10005K, capacity 10584K, committed 10676K, reserved 1048576K
}
2018-10-12T10:42:46.616+0800: 27.237: Application time: 0.1389628 seconds
{Heap before GC invocations=105 (full 3):
 par new generation   total 78016K, used 74340K [0x00000006c2c00000, 0x00000006c80a0000, 0x00000006d78c0000)
  eden space 69376K, 100% used [0x00000006c2c00000, 0x00000006c6fc0000, 0x00000006c6fc0000)
  from space 8640K,  57% used [0x00000006c7830000, 0x00000006c7d09170, 0x00000006c80a0000)
  to   space 8640K,   0% used [0x00000006c6fc0000, 0x00000006c6fc0000, 0x00000006c7830000)
 concurrent mark-sweep generation total 173440K, used 54744K [0x00000006d78c0000, 0x00000006e2220000, 0x00000007c0000000)
 Metaspace       used 74994K, capacity 78294K, committed 78456K, reserved 1118208K
  class space    used 10018K, capacity 10617K, committed 10676K, reserved 1048576K
2018-10-12T10:42:46.616+0800: 27.237: [GC (Allocation Failure) 2018-10-12T10:42:46.616+0800: 27.237: [ParNew: 74340K->4081K(78016K), 0.0055170 secs] 129085K->59107K(251456K), 0.0055756 secs] [Times: user=0.00 sys=0.00, real=0.01 secs] 
Heap after GC invocations=106 (full 3):
 par new generation   total 78016K, used 4081K [0x00000006c2c00000, 0x00000006c80a0000, 0x00000006d78c0000)
  eden space 69376K,   0% used [0x00000006c2c00000, 0x00000006c2c00000, 0x00000006c6fc0000)
  from space 8640K,  47% used [0x00000006c6fc0000, 0x00000006c73bc420, 0x00000006c7830000)
  to   space 8640K,   0% used [0x00000006c7830000, 0x00000006c7830000, 0x00000006c80a0000)
 concurrent mark-sweep generation total 173440K, used 55026K [0x00000006d78c0000, 0x00000006e2220000, 0x00000007c0000000)
 Metaspace       used 74994K, capacity 78294K, committed 78456K, reserved 1118208K
  class space    used 10018K, capacity 10617K, committed 10676K, reserved 1048576K
}
2018-10-12T10:42:46.771+0800: 27.392: Application time: 0.1497585 seconds
{Heap before GC invocations=106 (full 3):
 par new generation   total 78016K, used 73457K [0x00000006c2c00000, 0x00000006c80a0000, 0x00000006d78c0000)
  eden space 69376K, 100% used [0x00000006c2c00000, 0x00000006c6fc0000, 0x00000006c6fc0000)
  from space 8640K,  47% used [0x00000006c6fc0000, 0x00000006c73bc420, 0x00000006c7830000)
  to   space 8640K,   0% used [0x00000006c7830000, 0x00000006c7830000, 0x00000006c80a0000)
 concurrent mark-sweep generation total 173440K, used 55026K [0x00000006d78c0000, 0x00000006e2220000, 0x00000007c0000000)
 Metaspace       used 75127K, capacity 78428K, committed 78712K, reserved 1118208K
  class space    used 10040K, capacity 10620K, committed 10676K, reserved 1048576K
2018-10-12T10:42:46.771+0800: 27.392: [GC (Allocation Failure) 2018-10-12T10:42:46.771+0800: 27.392: [ParNew: 73457K->4032K(78016K), 0.0059652 secs] 128483K->59409K(251456K), 0.0060238 secs] [Times: user=0.00 sys=0.00, real=0.01 secs] 
Heap after GC invocations=107 (full 3):
 par new generation   total 78016K, used 4032K [0x00000006c2c00000, 0x00000006c80a0000, 0x00000006d78c0000)
  eden space 69376K,   0% used [0x00000006c2c00000, 0x00000006c2c00000, 0x00000006c6fc0000)
  from space 8640K,  46% used [0x00000006c7830000, 0x00000006c7c202c0, 0x00000006c80a0000)
  to   space 8640K,   0% used [0x00000006c6fc0000, 0x00000006c6fc0000, 0x00000006c7830000)
 concurrent mark-sweep generation total 173440K, used 55376K [0x00000006d78c0000, 0x00000006e2220000, 0x00000007c0000000)
 Metaspace       used 75127K, capacity 78428K, committed 78712K, reserved 1118208K
  class space    used 10040K, capacity 10620K, committed 10676K, reserved 1048576K
}
2018-10-12T10:42:46.842+0800: 27.463: Application time: 0.0646505 seconds
2018-10-12T10:42:46.936+0800: 27.557: Application time: 0.0940620 seconds
{Heap before GC invocations=107 (full 3):
 par new generation   total 78016K, used 73408K [0x00000006c2c00000, 0x00000006c80a0000, 0x00000006d78c0000)
  eden space 69376K, 100% used [0x00000006c2c00000, 0x00000006c6fc0000, 0x00000006c6fc0000)
  from space 8640K,  46% used [0x00000006c7830000, 0x00000006c7c202c0, 0x00000006c80a0000)
  to   space 8640K,   0% used [0x00000006c6fc0000, 0x00000006c6fc0000, 0x00000006c7830000)
 concurrent mark-sweep generation total 173440K, used 55376K [0x00000006d78c0000, 0x00000006e2220000, 0x00000007c0000000)
 Metaspace       used 75271K, capacity 78606K, committed 78712K, reserved 1118208K
  class space    used 10066K, capacity 10655K, committed 10676K, reserved 1048576K
2018-10-12T10:42:46.936+0800: 27.557: [GC (Allocation Failure) 2018-10-12T10:42:46.936+0800: 27.557: [ParNew: 73408K->4905K(78016K), 0.0057230 secs] 128785K->60609K(251456K), 0.0057826 secs] [Times: user=0.06 sys=0.00, real=0.01 secs] 
Heap after GC invocations=108 (full 3):
 par new generation   total 78016K, used 4905K [0x00000006c2c00000, 0x00000006c80a0000, 0x00000006d78c0000)
  eden space 69376K,   0% used [0x00000006c2c00000, 0x00000006c2c00000, 0x00000006c6fc0000)
  from space 8640K,  56% used [0x00000006c6fc0000, 0x00000006c748a4d8, 0x00000006c7830000)
  to   space 8640K,   0% used [0x00000006c7830000, 0x00000006c7830000, 0x00000006c80a0000)
 concurrent mark-sweep generation total 173440K, used 55704K [0x00000006d78c0000, 0x00000006e2220000, 0x00000007c0000000)
 Metaspace       used 75271K, capacity 78606K, committed 78712K, reserved 1118208K
  class space    used 10066K, capacity 10655K, committed 10676K, reserved 1048576K
}
2018-10-12T10:42:47.107+0800: 27.729: Application time: 0.1656933 seconds
2018-10-12T10:42:47.235+0800: 27.857: Application time: 0.1268687 seconds
{Heap before GC invocations=108 (full 3):
 par new generation   total 78016K, used 74281K [0x00000006c2c00000, 0x00000006c80a0000, 0x00000006d78c0000)
  eden space 69376K, 100% used [0x00000006c2c00000, 0x00000006c6fc0000, 0x00000006c6fc0000)
  from space 8640K,  56% used [0x00000006c6fc0000, 0x00000006c748a4d8, 0x00000006c7830000)
  to   space 8640K,   0% used [0x00000006c7830000, 0x00000006c7830000, 0x00000006c80a0000)
 concurrent mark-sweep generation total 173440K, used 55704K [0x00000006d78c0000, 0x00000006e2220000, 0x00000007c0000000)
 Metaspace       used 75672K, capacity 79116K, committed 79352K, reserved 1118208K
  class space    used 10132K, capacity 10738K, committed 10804K, reserved 1048576K
2018-10-12T10:42:47.235+0800: 27.857: [GC (Allocation Failure) 2018-10-12T10:42:47.236+0800: 27.857: [ParNew: 74281K->6154K(78016K), 0.0068556 secs] 129985K->62470K(251456K), 0.0069190 secs] [Times: user=0.00 sys=0.00, real=0.01 secs] 
Heap after GC invocations=109 (full 3):
 par new generation   total 78016K, used 6154K [0x00000006c2c00000, 0x00000006c80a0000, 0x00000006d78c0000)
  eden space 69376K,   0% used [0x00000006c2c00000, 0x00000006c2c00000, 0x00000006c6fc0000)
  from space 8640K,  71% used [0x00000006c7830000, 0x00000006c7e32898, 0x00000006c80a0000)
  to   space 8640K,   0% used [0x00000006c6fc0000, 0x00000006c6fc0000, 0x00000006c7830000)
 concurrent mark-sweep generation total 173440K, used 56316K [0x00000006d78c0000, 0x00000006e2220000, 0x00000007c0000000)
 Metaspace       used 75672K, capacity 79116K, committed 79352K, reserved 1118208K
  class space    used 10132K, capacity 10738K, committed 10804K, reserved 1048576K
}
2018-10-12T10:42:47.333+0800: 27.954: Application time: 0.0901105 seconds
2018-10-12T10:42:47.372+0800: 27.993: Application time: 0.0391613 seconds
{Heap before GC invocations=109 (full 3):
 par new generation   total 78016K, used 75530K [0x00000006c2c00000, 0x00000006c80a0000, 0x00000006d78c0000)
  eden space 69376K, 100% used [0x00000006c2c00000, 0x00000006c6fc0000, 0x00000006c6fc0000)
  from space 8640K,  71% used [0x00000006c7830000, 0x00000006c7e32898, 0x00000006c80a0000)
  to   space 8640K,   0% used [0x00000006c6fc0000, 0x00000006c6fc0000, 0x00000006c7830000)
 concurrent mark-sweep generation total 173440K, used 56316K [0x00000006d78c0000, 0x00000006e2220000, 0x00000007c0000000)
 Metaspace       used 75718K, capacity 79146K, committed 79352K, reserved 1118208K
  class space    used 10141K, capacity 10745K, committed 10804K, reserved 1048576K
2018-10-12T10:42:47.372+0800: 27.993: [GC (Allocation Failure) 2018-10-12T10:42:47.372+0800: 27.993: [ParNew: 75530K->3785K(78016K), 0.0060230 secs] 131846K->60594K(251456K), 0.0060893 secs] [Times: user=0.06 sys=0.00, real=0.01 secs] 
Heap after GC invocations=110 (full 3):
 par new generation   total 78016K, used 3785K [0x00000006c2c00000, 0x00000006c80a0000, 0x00000006d78c0000)
  eden space 69376K,   0% used [0x00000006c2c00000, 0x00000006c2c00000, 0x00000006c6fc0000)
  from space 8640K,  43% used [0x00000006c6fc0000, 0x00000006c7372798, 0x00000006c7830000)
  to   space 8640K,   0% used [0x00000006c7830000, 0x00000006c7830000, 0x00000006c80a0000)
 concurrent mark-sweep generation total 173440K, used 56809K [0x00000006d78c0000, 0x00000006e2220000, 0x00000007c0000000)
 Metaspace       used 75718K, capacity 79146K, committed 79352K, reserved 1118208K
  class space    used 10141K, capacity 10745K, committed 10804K, reserved 1048576K
}
2018-10-12T10:42:47.485+0800: 28.106: Application time: 0.1067770 seconds
{Heap before GC invocations=110 (full 3):
 par new generation   total 78016K, used 73161K [0x00000006c2c00000, 0x00000006c80a0000, 0x00000006d78c0000)
  eden space 69376K, 100% used [0x00000006c2c00000, 0x00000006c6fc0000, 0x00000006c6fc0000)
  from space 8640K,  43% used [0x00000006c6fc0000, 0x00000006c7372798, 0x00000006c7830000)
  to   space 8640K,   0% used [0x00000006c7830000, 0x00000006c7830000, 0x00000006c80a0000)
 concurrent mark-sweep generation total 173440K, used 56809K [0x00000006d78c0000, 0x00000006e2220000, 0x00000007c0000000)
 Metaspace       used 75747K, capacity 79152K, committed 79352K, reserved 1118208K
  class space    used 10145K, capacity 10746K, committed 10804K, reserved 1048576K
2018-10-12T10:42:47.485+0800: 28.106: [GC (Allocation Failure) 2018-10-12T10:42:47.485+0800: 28.106: [ParNew: 73161K->4253K(78016K), 0.0055985 secs] 129970K->61323K(251456K), 0.0056588 secs] [Times: user=0.00 sys=0.00, real=0.01 secs] 
Heap after GC invocations=111 (full 3):
 par new generation   total 78016K, used 4253K [0x00000006c2c00000, 0x00000006c80a0000, 0x00000006d78c0000)
  eden space 69376K,   0% used [0x00000006c2c00000, 0x00000006c2c00000, 0x00000006c6fc0000)
  from space 8640K,  49% used [0x00000006c7830000, 0x00000006c7c57478, 0x00000006c80a0000)
  to   space 8640K,   0% used [0x00000006c6fc0000, 0x00000006c6fc0000, 0x00000006c7830000)
 concurrent mark-sweep generation total 173440K, used 57070K [0x00000006d78c0000, 0x00000006e2220000, 0x00000007c0000000)
 Metaspace       used 75747K, capacity 79152K, committed 79352K, reserved 1118208K
  class space    used 10145K, capacity 10746K, committed 10804K, reserved 1048576K
}
2018-10-12T10:42:47.609+0800: 28.230: Application time: 0.1182758 seconds
{Heap before GC invocations=111 (full 3):
 par new generation   total 78016K, used 73629K [0x00000006c2c00000, 0x00000006c80a0000, 0x00000006d78c0000)
  eden space 69376K, 100% used [0x00000006c2c00000, 0x00000006c6fc0000, 0x00000006c6fc0000)
  from space 8640K,  49% used [0x00000006c7830000, 0x00000006c7c57478, 0x00000006c80a0000)
  to   space 8640K,   0% used [0x00000006c6fc0000, 0x00000006c6fc0000, 0x00000006c7830000)
 concurrent mark-sweep generation total 173440K, used 57070K [0x00000006d78c0000, 0x00000006e2220000, 0x00000007c0000000)
 Metaspace       used 75774K, capacity 79216K, committed 79352K, reserved 1118208K
  class space    used 10150K, capacity 10746K, committed 10804K, reserved 1048576K
2018-10-12T10:42:47.609+0800: 28.230: [GC (Allocation Failure) 2018-10-12T10:42:47.609+0800: 28.230: [ParNew: 73629K->5248K(78016K), 0.0054483 secs] 130699K->62664K(251456K), 0.0055128 secs] [Times: user=0.06 sys=0.00, real=0.01 secs] 
Heap after GC invocations=112 (full 3):
 par new generation   total 78016K, used 5248K [0x00000006c2c00000, 0x00000006c80a0000, 0x00000006d78c0000)
  eden space 69376K,   0% used [0x00000006c2c00000, 0x00000006c2c00000, 0x00000006c6fc0000)
  from space 8640K,  60% used [0x00000006c6fc0000, 0x00000006c74e02d8, 0x00000006c7830000)
  to   space 8640K,   0% used [0x00000006c7830000, 0x00000006c7830000, 0x00000006c80a0000)
 concurrent mark-sweep generation total 173440K, used 57415K [0x00000006d78c0000, 0x00000006e2220000, 0x00000007c0000000)
 Metaspace       used 75774K, capacity 79216K, committed 79352K, reserved 1118208K
  class space    used 10150K, capacity 10746K, committed 10804K, reserved 1048576K
}
2018-10-12T10:42:47.786+0800: 28.406: Application time: 0.1703898 seconds
{Heap before GC invocations=112 (full 3):
 par new generation   total 78016K, used 74624K [0x00000006c2c00000, 0x00000006c80a0000, 0x00000006d78c0000)
  eden space 69376K, 100% used [0x00000006c2c00000, 0x00000006c6fc0000, 0x00000006c6fc0000)
  from space 8640K,  60% used [0x00000006c6fc0000, 0x00000006c74e02d8, 0x00000006c7830000)
  to   space 8640K,   0% used [0x00000006c7830000, 0x00000006c7830000, 0x00000006c80a0000)
 concurrent mark-sweep generation total 173440K, used 57415K [0x00000006d78c0000, 0x00000006e2220000, 0x00000007c0000000)
 Metaspace       used 76435K, capacity 79888K, committed 79992K, reserved 1118208K
  class space    used 10242K, capacity 10842K, committed 10932K, reserved 1048576K
2018-10-12T10:42:47.786+0800: 28.407: [GC (Allocation Failure) 2018-10-12T10:42:47.786+0800: 28.407: [ParNew: 74624K->5755K(78016K), 0.0052064 secs] 132040K->63377K(251456K), 0.0052649 secs] [Times: user=0.00 sys=0.00, real=0.00 secs] 
Heap after GC invocations=113 (full 3):
 par new generation   total 78016K, used 5755K [0x00000006c2c00000, 0x00000006c80a0000, 0x00000006d78c0000)
  eden space 69376K,   0% used [0x00000006c2c00000, 0x00000006c2c00000, 0x00000006c6fc0000)
  from space 8640K,  66% used [0x00000006c7830000, 0x00000006c7dceeb8, 0x00000006c80a0000)
  to   space 8640K,   0% used [0x00000006c6fc0000, 0x00000006c6fc0000, 0x00000006c7830000)
 concurrent mark-sweep generation total 173440K, used 57622K [0x00000006d78c0000, 0x00000006e2220000, 0x00000007c0000000)
 Metaspace       used 76435K, capacity 79888K, committed 79992K, reserved 1118208K
  class space    used 10242K, capacity 10842K, committed 10932K, reserved 1048576K
}
2018-10-12T10:42:47.932+0800: 28.553: Application time: 0.1414135 seconds
{Heap before GC invocations=113 (full 3):
 par new generation   total 78016K, used 75131K [0x00000006c2c00000, 0x00000006c80a0000, 0x00000006d78c0000)
  eden space 69376K, 100% used [0x00000006c2c00000, 0x00000006c6fc0000, 0x00000006c6fc0000)
  from space 8640K,  66% used [0x00000006c7830000, 0x00000006c7dceeb8, 0x00000006c80a0000)
  to   space 8640K,   0% used [0x00000006c6fc0000, 0x00000006c6fc0000, 0x00000006c7830000)
 concurrent mark-sweep generation total 173440K, used 57622K [0x00000006d78c0000, 0x00000006e2220000, 0x00000007c0000000)
 Metaspace       used 76592K, capacity 80070K, committed 80248K, reserved 1118208K
  class space    used 10258K, capacity 10877K, committed 10932K, reserved 1048576K
2018-10-12T10:42:47.932+0800: 28.553: [GC (Allocation Failure) 2018-10-12T10:42:47.932+0800: 28.553: [ParNew: 75131K->6037K(78016K), 0.0059705 secs] 132753K->63854K(251456K), 0.0060396 secs] [Times: user=0.06 sys=0.00, real=0.01 secs] 
Heap after GC invocations=114 (full 3):
 par new generation   total 78016K, used 6037K [0x00000006c2c00000, 0x00000006c80a0000, 0x00000006d78c0000)
  eden space 69376K,   0% used [0x00000006c2c00000, 0x00000006c2c00000, 0x00000006c6fc0000)
  from space 8640K,  69% used [0x00000006c6fc0000, 0x00000006c75a5780, 0x00000006c7830000)
  to   space 8640K,   0% used [0x00000006c7830000, 0x00000006c7830000, 0x00000006c80a0000)
 concurrent mark-sweep generation total 173440K, used 57817K [0x00000006d78c0000, 0x00000006e2220000, 0x00000007c0000000)
 Metaspace       used 76592K, capacity 80070K, committed 80248K, reserved 1118208K
  class space    used 10258K, capacity 10877K, committed 10932K, reserved 1048576K
}
2018-10-12T10:42:48.075+0800: 28.696: Application time: 0.1367018 seconds
{Heap before GC invocations=114 (full 3):
 par new generation   total 78016K, used 75413K [0x00000006c2c00000, 0x00000006c80a0000, 0x00000006d78c0000)
  eden space 69376K, 100% used [0x00000006c2c00000, 0x00000006c6fc0000, 0x00000006c6fc0000)
  from space 8640K,  69% used [0x00000006c6fc0000, 0x00000006c75a5780, 0x00000006c7830000)
  to   space 8640K,   0% used [0x00000006c7830000, 0x00000006c7830000, 0x00000006c80a0000)
 concurrent mark-sweep generation total 173440K, used 57817K [0x00000006d78c0000, 0x00000006e2220000, 0x00000007c0000000)
 Metaspace       used 76661K, capacity 80140K, committed 80248K, reserved 1118208K
  class space    used 10269K, capacity 10878K, committed 10932K, reserved 1048576K
2018-10-12T10:42:48.075+0800: 28.696: [GC (Allocation Failure) 2018-10-12T10:42:48.075+0800: 28.696: [ParNew: 75413K->6954K(78016K), 0.0056091 secs] 133230K->64979K(251456K), 0.0056687 secs] [Times: user=0.06 sys=0.00, real=0.01 secs] 
Heap after GC invocations=115 (full 3):
 par new generation   total 78016K, used 6954K [0x00000006c2c00000, 0x00000006c80a0000, 0x00000006d78c0000)
  eden space 69376K,   0% used [0x00000006c2c00000, 0x00000006c2c00000, 0x00000006c6fc0000)
  from space 8640K,  80% used [0x00000006c7830000, 0x00000006c7efa8e8, 0x00000006c80a0000)
  to   space 8640K,   0% used [0x00000006c6fc0000, 0x00000006c6fc0000, 0x00000006c7830000)
 concurrent mark-sweep generation total 173440K, used 58025K [0x00000006d78c0000, 0x00000006e2220000, 0x00000007c0000000)
 Metaspace       used 76661K, capacity 80140K, committed 80248K, reserved 1118208K
  class space    used 10269K, capacity 10878K, committed 10932K, reserved 1048576K
}
2018-10-12T10:42:48.199+0800: 28.820: Application time: 0.1175120 seconds
{Heap before GC invocations=115 (full 3):
 par new generation   total 78016K, used 76330K [0x00000006c2c00000, 0x00000006c80a0000, 0x00000006d78c0000)
  eden space 69376K, 100% used [0x00000006c2c00000, 0x00000006c6fc0000, 0x00000006c6fc0000)
  from space 8640K,  80% used [0x00000006c7830000, 0x00000006c7efa8e8, 0x00000006c80a0000)
  to   space 8640K,   0% used [0x00000006c6fc0000, 0x00000006c6fc0000, 0x00000006c7830000)
 concurrent mark-sweep generation total 173440K, used 58025K [0x00000006d78c0000, 0x00000006e2220000, 0x00000007c0000000)
 Metaspace       used 76691K, capacity 80152K, committed 80248K, reserved 1118208K
  class space    used 10274K, capacity 10880K, committed 10932K, reserved 1048576K
2018-10-12T10:42:48.199+0800: 28.820: [GC (Allocation Failure) 2018-10-12T10:42:48.199+0800: 28.820: [ParNew: 76330K->5189K(78016K), 0.0058672 secs] 134355K->63575K(251456K), 0.0059250 secs] [Times: user=0.05 sys=0.00, real=0.01 secs] 
Heap after GC invocations=116 (full 3):
 par new generation   total 78016K, used 5189K [0x00000006c2c00000, 0x00000006c80a0000, 0x00000006d78c0000)
  eden space 69376K,   0% used [0x00000006c2c00000, 0x00000006c2c00000, 0x00000006c6fc0000)
  from space 8640K,  60% used [0x00000006c6fc0000, 0x00000006c74d1540, 0x00000006c7830000)
  to   space 8640K,   0% used [0x00000006c7830000, 0x00000006c7830000, 0x00000006c80a0000)
 concurrent mark-sweep generation total 173440K, used 58385K [0x00000006d78c0000, 0x00000006e2220000, 0x00000007c0000000)
 Metaspace       used 76691K, capacity 80152K, committed 80248K, reserved 1118208K
  class space    used 10274K, capacity 10880K, committed 10932K, reserved 1048576K
}
2018-10-12T10:42:48.317+0800: 28.938: Application time: 0.1120722 seconds
{Heap before GC invocations=116 (full 3):
 par new generation   total 78016K, used 74565K [0x00000006c2c00000, 0x00000006c80a0000, 0x00000006d78c0000)
  eden space 69376K, 100% used [0x00000006c2c00000, 0x00000006c6fc0000, 0x00000006c6fc0000)
  from space 8640K,  60% used [0x00000006c6fc0000, 0x00000006c74d1540, 0x00000006c7830000)
  to   space 8640K,   0% used [0x00000006c7830000, 0x00000006c7830000, 0x00000006c80a0000)
 concurrent mark-sweep generation total 173440K, used 58385K [0x00000006d78c0000, 0x00000006e2220000, 0x00000007c0000000)
 Metaspace       used 76721K, capacity 80170K, committed 80248K, reserved 1118208K
  class space    used 10279K, capacity 10883K, committed 10932K, reserved 1048576K
2018-10-12T10:42:48.317+0800: 28.938: [GC (Allocation Failure) 2018-10-12T10:42:48.317+0800: 28.938: [ParNew: 74565K->4018K(78016K), 0.0056771 secs] 132951K->62892K(251456K), 0.0057491 secs] [Times: user=0.00 sys=0.00, real=0.01 secs] 
Heap after GC invocations=117 (full 3):
 par new generation   total 78016K, used 4018K [0x00000006c2c00000, 0x00000006c80a0000, 0x00000006d78c0000)
  eden space 69376K,   0% used [0x00000006c2c00000, 0x00000006c2c00000, 0x00000006c6fc0000)
  from space 8640K,  46% used [0x00000006c7830000, 0x00000006c7c1c930, 0x00000006c80a0000)
  to   space 8640K,   0% used [0x00000006c6fc0000, 0x00000006c6fc0000, 0x00000006c7830000)
 concurrent mark-sweep generation total 173440K, used 58873K [0x00000006d78c0000, 0x00000006e2220000, 0x00000007c0000000)
 Metaspace       used 76721K, capacity 80170K, committed 80248K, reserved 1118208K
  class space    used 10279K, capacity 10883K, committed 10932K, reserved 1048576K
}
2018-10-12T10:42:48.442+0800: 29.063: Application time: 0.1187977 seconds
{Heap before GC invocations=117 (full 3):
 par new generation   total 78016K, used 73394K [0x00000006c2c00000, 0x00000006c80a0000, 0x00000006d78c0000)
  eden space 69376K, 100% used [0x00000006c2c00000, 0x00000006c6fc0000, 0x00000006c6fc0000)
  from space 8640K,  46% used [0x00000006c7830000, 0x00000006c7c1c930, 0x00000006c80a0000)
  to   space 8640K,   0% used [0x00000006c6fc0000, 0x00000006c6fc0000, 0x00000006c7830000)
 concurrent mark-sweep generation total 173440K, used 58873K [0x00000006d78c0000, 0x00000006e2220000, 0x00000007c0000000)
 Metaspace       used 76831K, capacity 80258K, committed 80504K, reserved 1118208K
  class space    used 10294K, capacity 10887K, committed 10932K, reserved 1048576K
2018-10-12T10:42:48.442+0800: 29.063: [GC (Allocation Failure) 2018-10-12T10:42:48.442+0800: 29.063: [ParNew: 73394K->5711K(78016K), 0.0061126 secs] 132268K->65435K(251456K), 0.0061711 secs] [Times: user=0.00 sys=0.00, real=0.01 secs] 
Heap after GC invocations=118 (full 3):
 par new generation   total 78016K, used 5711K [0x00000006c2c00000, 0x00000006c80a0000, 0x00000006d78c0000)
  eden space 69376K,   0% used [0x00000006c2c00000, 0x00000006c2c00000, 0x00000006c6fc0000)
  from space 8640K,  66% used [0x00000006c6fc0000, 0x00000006c7553d80, 0x00000006c7830000)
  to   space 8640K,   0% used [0x00000006c7830000, 0x00000006c7830000, 0x00000006c80a0000)
 concurrent mark-sweep generation total 173440K, used 59724K [0x00000006d78c0000, 0x00000006e2220000, 0x00000007c0000000)
 Metaspace       used 76831K, capacity 80258K, committed 80504K, reserved 1118208K
  class space    used 10294K, capacity 10887K, committed 10932K, reserved 1048576K
}
2018-10-12T10:42:48.573+0800: 29.193: Application time: 0.1244406 seconds
{Heap before GC invocations=118 (full 3):
 par new generation   total 78016K, used 75087K [0x00000006c2c00000, 0x00000006c80a0000, 0x00000006d78c0000)
  eden space 69376K, 100% used [0x00000006c2c00000, 0x00000006c6fc0000, 0x00000006c6fc0000)
  from space 8640K,  66% used [0x00000006c6fc0000, 0x00000006c7553d80, 0x00000006c7830000)
  to   space 8640K,   0% used [0x00000006c7830000, 0x00000006c7830000, 0x00000006c80a0000)
 concurrent mark-sweep generation total 173440K, used 59724K [0x00000006d78c0000, 0x00000006e2220000, 0x00000007c0000000)
 Metaspace       used 76887K, capacity 80364K, committed 80504K, reserved 1118208K
  class space    used 10303K, capacity 10920K, committed 10932K, reserved 1048576K
2018-10-12T10:42:48.573+0800: 29.194: [GC (Allocation Failure) 2018-10-12T10:42:48.573+0800: 29.194: [ParNew: 75087K->4335K(78016K), 0.0049504 secs] 134811K->64298K(251456K), 0.0050142 secs] [Times: user=0.00 sys=0.00, real=0.01 secs] 
Heap after GC invocations=119 (full 3):
 par new generation   total 78016K, used 4335K [0x00000006c2c00000, 0x00000006c80a0000, 0x00000006d78c0000)
  eden space 69376K,   0% used [0x00000006c2c00000, 0x00000006c2c00000, 0x00000006c6fc0000)
  from space 8640K,  50% used [0x00000006c7830000, 0x00000006c7c6be08, 0x00000006c80a0000)
  to   space 8640K,   0% used [0x00000006c6fc0000, 0x00000006c6fc0000, 0x00000006c7830000)
 concurrent mark-sweep generation total 173440K, used 59962K [0x00000006d78c0000, 0x00000006e2220000, 0x00000007c0000000)
 Metaspace       used 76887K, capacity 80364K, committed 80504K, reserved 1118208K
  class space    used 10303K, capacity 10920K, committed 10932K, reserved 1048576K
}
2018-10-12T10:42:48.684+0800: 29.305: Application time: 0.1066698 seconds
2018-10-12T10:42:48.720+0800: 29.341: Application time: 0.0353449 seconds
{Heap before GC invocations=119 (full 3):
 par new generation   total 78016K, used 73711K [0x00000006c2c00000, 0x00000006c80a0000, 0x00000006d78c0000)
  eden space 69376K, 100% used [0x00000006c2c00000, 0x00000006c6fc0000, 0x00000006c6fc0000)
  from space 8640K,  50% used [0x00000006c7830000, 0x00000006c7c6be08, 0x00000006c80a0000)
  to   space 8640K,   0% used [0x00000006c6fc0000, 0x00000006c6fc0000, 0x00000006c7830000)
 concurrent mark-sweep generation total 173440K, used 59962K [0x00000006d78c0000, 0x00000006e2220000, 0x00000007c0000000)
 Metaspace       used 77083K, capacity 80544K, committed 80888K, reserved 1120256K
  class space    used 10349K, capacity 10956K, committed 11060K, reserved 1048576K
2018-10-12T10:42:48.720+0800: 29.341: [GC (Allocation Failure) 2018-10-12T10:42:48.720+0800: 29.341: [ParNew: 73711K->4573K(78016K), 0.0057039 secs] 133674K->65087K(251456K), 0.0057642 secs] [Times: user=0.00 sys=0.00, real=0.01 secs] 
Heap after GC invocations=120 (full 3):
 par new generation   total 78016K, used 4573K [0x00000006c2c00000, 0x00000006c80a0000, 0x00000006d78c0000)
  eden space 69376K,   0% used [0x00000006c2c00000, 0x00000006c2c00000, 0x00000006c6fc0000)
  from space 8640K,  52% used [0x00000006c6fc0000, 0x00000006c7437518, 0x00000006c7830000)
  to   space 8640K,   0% used [0x00000006c7830000, 0x00000006c7830000, 0x00000006c80a0000)
 concurrent mark-sweep generation total 173440K, used 60514K [0x00000006d78c0000, 0x00000006e2220000, 0x00000007c0000000)
 Metaspace       used 77083K, capacity 80544K, committed 80888K, reserved 1120256K
  class space    used 10349K, capacity 10956K, committed 11060K, reserved 1048576K
}
2018-10-12T10:42:48.925+0800: 29.546: Application time: 0.1991122 seconds
2018-10-12T10:42:49.262+0800: 29.883: Application time: 0.3361137 seconds
{Heap before GC invocations=120 (full 3):
 par new generation   total 78016K, used 73949K [0x00000006c2c00000, 0x00000006c80a0000, 0x00000006d78c0000)
  eden space 69376K, 100% used [0x00000006c2c00000, 0x00000006c6fc0000, 0x00000006c6fc0000)
  from space 8640K,  52% used [0x00000006c6fc0000, 0x00000006c7437518, 0x00000006c7830000)
  to   space 8640K,   0% used [0x00000006c7830000, 0x00000006c7830000, 0x00000006c80a0000)
 concurrent mark-sweep generation total 173440K, used 60514K [0x00000006d78c0000, 0x00000006e2220000, 0x00000007c0000000)
 Metaspace       used 79415K, capacity 83032K, committed 83192K, reserved 1122304K
  class space    used 10642K, capacity 11260K, committed 11316K, reserved 1048576K
2018-10-12T10:42:49.262+0800: 29.883: [GC (Allocation Failure) 2018-10-12T10:42:49.262+0800: 29.883: [ParNew: 73949K->8639K(78016K), 0.0088874 secs] 134463K->70126K(251456K), 0.0089596 secs] [Times: user=0.06 sys=0.00, real=0.01 secs] 
Heap after GC invocations=121 (full 3):
 par new generation   total 78016K, used 8639K [0x00000006c2c00000, 0x00000006c80a0000, 0x00000006d78c0000)
  eden space 69376K,   0% used [0x00000006c2c00000, 0x00000006c2c00000, 0x00000006c6fc0000)
  from space 8640K,  99% used [0x00000006c7830000, 0x00000006c809fff8, 0x00000006c80a0000)
  to   space 8640K,   0% used [0x00000006c6fc0000, 0x00000006c6fc0000, 0x00000006c7830000)
 concurrent mark-sweep generation total 173440K, used 61486K [0x00000006d78c0000, 0x00000006e2220000, 0x00000007c0000000)
 Metaspace       used 79415K, capacity 83032K, committed 83192K, reserved 1122304K
  class space    used 10642K, capacity 11260K, committed 11316K, reserved 1048576K
}
2018-10-12T10:42:50.271+0800: 30.892: Application time: 0.9998191 seconds
2018-10-12T10:42:51.741+0800: 32.362: Application time: 1.4700295 seconds
2018-10-12T10:42:51.784+0800: 32.405: Application time: 0.0420901 seconds
{Heap before GC invocations=121 (full 3):
 par new generation   total 78016K, used 78015K [0x00000006c2c00000, 0x00000006c80a0000, 0x00000006d78c0000)
  eden space 69376K, 100% used [0x00000006c2c00000, 0x00000006c6fc0000, 0x00000006c6fc0000)
  from space 8640K,  99% used [0x00000006c7830000, 0x00000006c809fff8, 0x00000006c80a0000)
  to   space 8640K,   0% used [0x00000006c6fc0000, 0x00000006c6fc0000, 0x00000006c7830000)
 concurrent mark-sweep generation total 173440K, used 61486K [0x00000006d78c0000, 0x00000006e2220000, 0x00000007c0000000)
 Metaspace       used 80532K, capacity 84136K, committed 84472K, reserved 1122304K
  class space    used 10814K, capacity 11456K, committed 11572K, reserved 1048576K
2018-10-12T10:42:51.784+0800: 32.406: [GC (Allocation Failure) 2018-10-12T10:42:51.784+0800: 32.406: [ParNew: 78015K->7620K(78016K), 0.0091159 secs] 139502K->70851K(251456K), 0.0091920 secs] [Times: user=0.00 sys=0.00, real=0.01 secs] 
Heap after GC invocations=122 (full 3):
 par new generation   total 78016K, used 7620K [0x00000006c2c00000, 0x00000006c80a0000, 0x00000006d78c0000)
  eden space 69376K,   0% used [0x00000006c2c00000, 0x00000006c2c00000, 0x00000006c6fc0000)
  from space 8640K,  88% used [0x00000006c6fc0000, 0x00000006c77313f8, 0x00000006c7830000)
  to   space 8640K,   0% used [0x00000006c7830000, 0x00000006c7830000, 0x00000006c80a0000)
 concurrent mark-sweep generation total 173440K, used 63230K [0x00000006d78c0000, 0x00000006e2220000, 0x00000007c0000000)
 Metaspace       used 80532K, capacity 84136K, committed 84472K, reserved 1122304K
  class space    used 10814K, capacity 11456K, committed 11572K, reserved 1048576K
}
2018-10-12T10:42:51.795+0800: 32.416: Application time: 0.0015713 seconds
2018-10-12T10:42:51.989+0800: 32.609: Application time: 0.1927746 seconds
{Heap before GC invocations=122 (full 3):
 par new generation   total 78016K, used 76996K [0x00000006c2c00000, 0x00000006c80a0000, 0x00000006d78c0000)
  eden space 69376K, 100% used [0x00000006c2c00000, 0x00000006c6fc0000, 0x00000006c6fc0000)
  from space 8640K,  88% used [0x00000006c6fc0000, 0x00000006c77313f8, 0x00000006c7830000)
  to   space 8640K,   0% used [0x00000006c7830000, 0x00000006c7830000, 0x00000006c80a0000)
 concurrent mark-sweep generation total 173440K, used 63230K [0x00000006d78c0000, 0x00000006e2220000, 0x00000007c0000000)
 Metaspace       used 80864K, capacity 84456K, committed 84728K, reserved 1122304K
  class space    used 10854K, capacity 11496K, committed 11572K, reserved 1048576K
2018-10-12T10:42:51.989+0800: 32.610: [GC (Allocation Failure) 2018-10-12T10:42:51.989+0800: 32.610: [ParNew: 76996K->4456K(78016K), 0.0086395 secs] 140227K->71011K(251456K), 0.0087181 secs] [Times: user=0.00 sys=0.00, real=0.01 secs] 
Heap after GC invocations=123 (full 3):
 par new generation   total 78016K, used 4456K [0x00000006c2c00000, 0x00000006c80a0000, 0x00000006d78c0000)
  eden space 69376K,   0% used [0x00000006c2c00000, 0x00000006c2c00000, 0x00000006c6fc0000)
  from space 8640K,  51% used [0x00000006c7830000, 0x00000006c7c8a228, 0x00000006c80a0000)
  to   space 8640K,   0% used [0x00000006c6fc0000, 0x00000006c6fc0000, 0x00000006c7830000)
 concurrent mark-sweep generation total 173440K, used 66554K [0x00000006d78c0000, 0x00000006e2220000, 0x00000007c0000000)
 Metaspace       used 80864K, capacity 84456K, committed 84728K, reserved 1122304K
  class space    used 10854K, capacity 11496K, committed 11572K, reserved 1048576K
}
2018-10-12T10:42:52.097+0800: 32.718: Application time: 0.0990857 seconds
2018-10-12T10:42:52.170+0800: 32.790: Application time: 0.0727100 seconds
{Heap before GC invocations=123 (full 3):
 par new generation   total 78016K, used 73832K [0x00000006c2c00000, 0x00000006c80a0000, 0x00000006d78c0000)
  eden space 69376K, 100% used [0x00000006c2c00000, 0x00000006c6fc0000, 0x00000006c6fc0000)
  from space 8640K,  51% used [0x00000006c7830000, 0x00000006c7c8a228, 0x00000006c80a0000)
  to   space 8640K,   0% used [0x00000006c6fc0000, 0x00000006c6fc0000, 0x00000006c7830000)
 concurrent mark-sweep generation total 173440K, used 66554K [0x00000006d78c0000, 0x00000006e2220000, 0x00000007c0000000)
 Metaspace       used 81090K, capacity 84748K, committed 84984K, reserved 1122304K
  class space    used 10875K, capacity 11512K, committed 11572K, reserved 1048576K
2018-10-12T10:42:52.170+0800: 32.791: [GC (Allocation Failure) 2018-10-12T10:42:52.170+0800: 32.791: [ParNew: 73832K->6060K(78016K), 0.0060181 secs] 140387K->72615K(251456K), 0.0060858 secs] [Times: user=0.06 sys=0.00, real=0.01 secs] 
Heap after GC invocations=124 (full 3):
 par new generation   total 78016K, used 6060K [0x00000006c2c00000, 0x00000006c80a0000, 0x00000006d78c0000)
  eden space 69376K,   0% used [0x00000006c2c00000, 0x00000006c2c00000, 0x00000006c6fc0000)
  from space 8640K,  70% used [0x00000006c6fc0000, 0x00000006c75ab078, 0x00000006c7830000)
  to   space 8640K,   0% used [0x00000006c7830000, 0x00000006c7830000, 0x00000006c80a0000)
 concurrent mark-sweep generation total 173440K, used 66554K [0x00000006d78c0000, 0x00000006e2220000, 0x00000007c0000000)
 Metaspace       used 81090K, capacity 84748K, committed 84984K, reserved 1122304K
  class space    used 10875K, capacity 11512K, committed 11572K, reserved 1048576K
}
2018-10-12T10:42:52.176+0800: 32.797: Application time: 0.0000853 seconds
2018-10-12T10:42:52.203+0800: 32.824: Application time: 0.0270023 seconds
2018-10-12T10:42:52.209+0800: 32.830: Application time: 0.0057286 seconds
2018-10-12T10:42:52.210+0800: 32.830: Application time: 0.0002542 seconds
2018-10-12T10:42:52.242+0800: 32.863: Application time: 0.0320532 seconds
2018-10-12T10:42:52.246+0800: 32.867: Application time: 0.0039387 seconds
2018-10-12T10:42:52.264+0800: 32.885: Application time: 0.0185275 seconds
2018-10-12T10:42:52.271+0800: 32.893: Application time: 0.0065259 seconds
2018-10-12T10:42:52.298+0800: 32.920: Application time: 0.0265076 seconds
2018-10-12T10:42:52.723+0800: 33.344: Application time: 0.4244375 seconds
2018-10-12T10:42:52.725+0800: 33.346: Application time: 0.0011375 seconds
2018-10-12T10:42:52.743+0800: 33.364: Application time: 0.0177539 seconds
2018-10-12T10:42:52.743+0800: 33.364: Application time: 0.0000659 seconds
2018-10-12T10:42:52.744+0800: 33.365: Application time: 0.0001171 seconds
2018-10-12T10:42:52.768+0800: 33.389: Application time: 0.0245675 seconds
2018-10-12T10:42:52.783+0800: 33.404: Application time: 0.0145828 seconds
2018-10-12T10:42:52.784+0800: 33.405: Application time: 0.0000610 seconds
2018-10-12T10:42:52.784+0800: 33.405: Application time: 0.0000843 seconds
2018-10-12T10:42:52.784+0800: 33.405: Application time: 0.0000829 seconds
2018-10-12T10:42:52.784+0800: 33.405: Application time: 0.0000994 seconds
2018-10-12T10:42:52.784+0800: 33.405: Application time: 0.0000642 seconds
2018-10-12T10:42:52.816+0800: 33.437: Application time: 0.0316805 seconds
{Heap before GC invocations=124 (full 3):
 par new generation   total 78016K, used 75436K [0x00000006c2c00000, 0x00000006c80a0000, 0x00000006d78c0000)
  eden space 69376K, 100% used [0x00000006c2c00000, 0x00000006c6fc0000, 0x00000006c6fc0000)
  from space 8640K,  70% used [0x00000006c6fc0000, 0x00000006c75ab078, 0x00000006c7830000)
  to   space 8640K,   0% used [0x00000006c7830000, 0x00000006c7830000, 0x00000006c80a0000)
 concurrent mark-sweep generation total 173440K, used 66554K [0x00000006d78c0000, 0x00000006e2220000, 0x00000007c0000000)
 Metaspace       used 82540K, capacity 86244K, committed 86392K, reserved 1124352K
  class space    used 11068K, capacity 11682K, committed 11700K, reserved 1048576K
2018-10-12T10:42:52.816+0800: 33.437: [GC (Allocation Failure) 2018-10-12T10:42:52.816+0800: 33.437: [ParNew: 75436K->4870K(78016K), 0.0056472 secs] 141991K->72467K(251456K), 0.0057135 secs] [Times: user=0.00 sys=0.00, real=0.01 secs] 
Heap after GC invocations=125 (full 3):
 par new generation   total 78016K, used 4870K [0x00000006c2c00000, 0x00000006c80a0000, 0x00000006d78c0000)
  eden space 69376K,   0% used [0x00000006c2c00000, 0x00000006c2c00000, 0x00000006c6fc0000)
  from space 8640K,  56% used [0x00000006c7830000, 0x00000006c7cf1988, 0x00000006c80a0000)
  to   space 8640K,   0% used [0x00000006c6fc0000, 0x00000006c6fc0000, 0x00000006c7830000)
 concurrent mark-sweep generation total 173440K, used 67597K [0x00000006d78c0000, 0x00000006e2220000, 0x00000007c0000000)
 Metaspace       used 82540K, capacity 86244K, committed 86392K, reserved 1124352K
  class space    used 11068K, capacity 11682K, committed 11700K, reserved 1048576K
}
2018-10-12T10:42:52.834+0800: 33.455: Application time: 0.0120785 seconds
2018-10-12T10:42:52.834+0800: 33.455: Application time: 0.0000236 seconds
2018-10-12T10:42:52.834+0800: 33.455: Application time: 0.0000187 seconds
2018-10-12T10:42:52.834+0800: 33.455: Application time: 0.0000360 seconds
2018-10-12T10:42:52.835+0800: 33.455: Application time: 0.0000328 seconds
2018-10-12T10:42:52.835+0800: 33.456: Application time: 0.0000236 seconds
2018-10-12T10:42:52.835+0800: 33.456: Application time: 0.0000229 seconds
2018-10-12T10:42:52.835+0800: 33.456: Application time: 0.0000176 seconds
2018-10-12T10:42:52.835+0800: 33.456: Application time: 0.0000423 seconds
2018-10-12T10:42:52.835+0800: 33.456: Application time: 0.0000314 seconds
2018-10-12T10:42:52.835+0800: 33.456: Application time: 0.0000331 seconds
2018-10-12T10:42:52.835+0800: 33.456: Application time: 0.0000229 seconds
2018-10-12T10:42:52.835+0800: 33.456: Application time: 0.0000243 seconds
2018-10-12T10:42:52.836+0800: 33.457: Application time: 0.0001735 seconds
2018-10-12T10:42:52.852+0800: 33.473: Application time: 0.0161996 seconds
2018-10-12T10:42:52.853+0800: 33.474: Application time: 0.0006150 seconds
2018-10-12T10:42:52.853+0800: 33.474: Application time: 0.0003769 seconds
2018-10-12T10:42:52.882+0800: 33.502: Application time: 0.0281046 seconds
2018-10-12T10:42:52.934+0800: 33.555: Application time: 0.0522405 seconds
2018-10-12T10:42:52.934+0800: 33.555: Application time: 0.0000769 seconds
2018-10-12T10:42:52.937+0800: 33.558: Application time: 0.0030456 seconds
2018-10-12T10:42:52.946+0800: 33.567: Application time: 0.0078094 seconds
2018-10-12T10:42:52.986+0800: 33.607: Application time: 0.0401423 seconds
{Heap before GC invocations=125 (full 3):
 par new generation   total 78016K, used 74246K [0x00000006c2c00000, 0x00000006c80a0000, 0x00000006d78c0000)
  eden space 69376K, 100% used [0x00000006c2c00000, 0x00000006c6fc0000, 0x00000006c6fc0000)
  from space 8640K,  56% used [0x00000006c7830000, 0x00000006c7cf1988, 0x00000006c80a0000)
  to   space 8640K,   0% used [0x00000006c6fc0000, 0x00000006c6fc0000, 0x00000006c7830000)
 concurrent mark-sweep generation total 173440K, used 67597K [0x00000006d78c0000, 0x00000006e2220000, 0x00000007c0000000)
 Metaspace       used 83716K, capacity 87444K, committed 87672K, reserved 1124352K
  class space    used 11223K, capacity 11862K, committed 11956K, reserved 1048576K
2018-10-12T10:42:52.986+0800: 33.607: [GC (Allocation Failure) 2018-10-12T10:42:52.986+0800: 33.607: [ParNew: 74246K->3083K(78016K), 0.0042427 secs] 141843K->70680K(251456K), 0.0043058 secs] [Times: user=0.00 sys=0.00, real=0.00 secs] 
Heap after GC invocations=126 (full 3):
 par new generation   total 78016K, used 3083K [0x00000006c2c00000, 0x00000006c80a0000, 0x00000006d78c0000)
  eden space 69376K,   0% used [0x00000006c2c00000, 0x00000006c2c00000, 0x00000006c6fc0000)
  from space 8640K,  35% used [0x00000006c6fc0000, 0x00000006c72c2d28, 0x00000006c7830000)
  to   space 8640K,   0% used [0x00000006c7830000, 0x00000006c7830000, 0x00000006c80a0000)
 concurrent mark-sweep generation total 173440K, used 67597K [0x00000006d78c0000, 0x00000006e2220000, 0x00000007c0000000)
 Metaspace       used 83716K, capacity 87444K, committed 87672K, reserved 1124352K
  class space    used 11223K, capacity 11862K, committed 11956K, reserved 1048576K
}
2018-10-12T10:42:52.999+0800: 33.620: Application time: 0.0086042 seconds
2018-10-12T10:42:53.018+0800: 33.639: Application time: 0.0187367 seconds
2018-10-12T10:42:53.032+0800: 33.653: Application time: 0.0137376 seconds
2018-10-12T10:42:53.041+0800: 33.663: Application time: 0.0096906 seconds
2018-10-12T10:42:53.524+0800: 34.145: Application time: 0.4819896 seconds
2018-10-12T10:42:53.525+0800: 34.145: Application time: 0.0003078 seconds
2018-10-12T10:42:53.527+0800: 34.147: Application time: 0.0018484 seconds
2018-10-12T10:42:53.546+0800: 34.166: Application time: 0.0184849 seconds
2018-10-12T10:42:53.555+0800: 34.176: Application time: 0.0094907 seconds
2018-10-12T10:42:53.556+0800: 34.177: Application time: 0.0003858 seconds
2018-10-12T10:42:53.556+0800: 34.177: Application time: 0.0001865 seconds
2018-10-12T10:42:53.557+0800: 34.177: Application time: 0.0001516 seconds
2018-10-12T10:42:53.557+0800: 34.178: Application time: 0.0000395 seconds
2018-10-12T10:42:53.557+0800: 34.178: Application time: 0.0001174 seconds
2018-10-12T10:42:53.560+0800: 34.180: Application time: 0.0025092 seconds
2018-10-12T10:42:53.560+0800: 34.181: Application time: 0.0000353 seconds
2018-10-12T10:42:53.560+0800: 34.181: Application time: 0.0000268 seconds
2018-10-12T10:42:53.560+0800: 34.181: Application time: 0.0000254 seconds
2018-10-12T10:42:53.560+0800: 34.181: Application time: 0.0000268 seconds
2018-10-12T10:42:53.561+0800: 34.181: Application time: 0.0000257 seconds
2018-10-12T10:42:53.561+0800: 34.181: Application time: 0.0001470 seconds
2018-10-12T10:42:53.561+0800: 34.182: Application time: 0.0001051 seconds
2018-10-12T10:42:53.561+0800: 34.182: Application time: 0.0000751 seconds
2018-10-12T10:42:53.561+0800: 34.182: Application time: 0.0000222 seconds
2018-10-12T10:42:53.562+0800: 34.182: Application time: 0.0000638 seconds
2018-10-12T10:42:53.562+0800: 34.182: Application time: 0.0000282 seconds
2018-10-12T10:42:53.562+0800: 34.182: Application time: 0.0000155 seconds
2018-10-12T10:42:53.562+0800: 34.183: Application time: 0.0000212 seconds
2018-10-12T10:42:53.562+0800: 34.183: Application time: 0.0000666 seconds
2018-10-12T10:42:53.562+0800: 34.183: Application time: 0.0000261 seconds
2018-10-12T10:42:53.562+0800: 34.183: Application time: 0.0000208 seconds
2018-10-12T10:42:53.562+0800: 34.183: Application time: 0.0000261 seconds
2018-10-12T10:42:53.563+0800: 34.183: Application time: 0.0001291 seconds
2018-10-12T10:42:53.570+0800: 34.190: Application time: 0.0067671 seconds
2018-10-12T10:42:53.570+0800: 34.191: Application time: 0.0001802 seconds
2018-10-12T10:42:53.573+0800: 34.193: Application time: 0.0023618 seconds
2018-10-12T10:42:53.576+0800: 34.196: Application time: 0.0029708 seconds
2018-10-12T10:42:53.576+0800: 34.197: Application time: 0.0004284 seconds
2018-10-12T10:42:53.576+0800: 34.197: Application time: 0.0000307 seconds
2018-10-12T10:42:53.579+0800: 34.199: Application time: 0.0024369 seconds
2018-10-12T10:42:53.579+0800: 34.200: Application time: 0.0001379 seconds
2018-10-12T10:42:53.580+0800: 34.200: Application time: 0.0004665 seconds
2018-10-12T10:42:53.580+0800: 34.200: Application time: 0.0000917 seconds
2018-10-12T10:42:53.580+0800: 34.201: Application time: 0.0000938 seconds
2018-10-12T10:42:53.581+0800: 34.201: Application time: 0.0003896 seconds
2018-10-12T10:42:54.581+0800: 35.202: Application time: 1.0003258 seconds
2018-10-12T10:42:55.582+0800: 36.203: Application time: 1.0008188 seconds
2018-10-12T10:42:56.723+0800: 37.345: Application time: 1.1416102 seconds
2018-10-12T10:42:56.724+0800: 37.345: Application time: 0.0000257 seconds
2018-10-12T10:42:56.724+0800: 37.345: Application time: 0.0000261 seconds
2018-10-12T10:42:56.727+0800: 37.349: Application time: 0.0036196 seconds
2018-10-12T10:42:56.728+0800: 37.349: Application time: 0.0000293 seconds
2018-10-12T10:42:56.729+0800: 37.350: Application time: 0.0010021 seconds
2018-10-12T10:42:56.729+0800: 37.350: Application time: 0.0000279 seconds
2018-10-12T10:42:56.729+0800: 37.350: Application time: 0.0000240 seconds
2018-10-12T10:42:56.737+0800: 37.358: Application time: 0.0083161 seconds
2018-10-12T10:42:56.746+0800: 37.368: Application time: 0.0089551 seconds
2018-10-12T10:42:56.748+0800: 37.369: Application time: 0.0017486 seconds
2018-10-12T10:42:56.748+0800: 37.370: Application time: 0.0000571 seconds
2018-10-12T10:42:56.801+0800: 37.422: Application time: 0.0525061 seconds
{Heap before GC invocations=126 (full 3):
 par new generation   total 78016K, used 72459K [0x00000006c2c00000, 0x00000006c80a0000, 0x00000006d78c0000)
  eden space 69376K, 100% used [0x00000006c2c00000, 0x00000006c6fc0000, 0x00000006c6fc0000)
  from space 8640K,  35% used [0x00000006c6fc0000, 0x00000006c72c2d28, 0x00000006c7830000)
  to   space 8640K,   0% used [0x00000006c7830000, 0x00000006c7830000, 0x00000006c80a0000)
 concurrent mark-sweep generation total 173440K, used 67597K [0x00000006d78c0000, 0x00000006e2220000, 0x00000007c0000000)
 Metaspace       used 85089K, capacity 88926K, committed 89208K, reserved 1126400K
  class space    used 11419K, capacity 12095K, committed 12212K, reserved 1048576K
2018-10-12T10:42:56.801+0800: 37.422: [GC (Allocation Failure) 2018-10-12T10:42:56.801+0800: 37.422: [ParNew: 72459K->3488K(78016K), 0.0042815 secs] 140056K->71086K(251456K), 0.0043721 secs] [Times: user=0.00 sys=0.00, real=0.00 secs] 
Heap after GC invocations=127 (full 3):
 par new generation   total 78016K, used 3488K [0x00000006c2c00000, 0x00000006c80a0000, 0x00000006d78c0000)
  eden space 69376K,   0% used [0x00000006c2c00000, 0x00000006c2c00000, 0x00000006c6fc0000)
  from space 8640K,  40% used [0x00000006c7830000, 0x00000006c7b982d0, 0x00000006c80a0000)
  to   space 8640K,   0% used [0x00000006c6fc0000, 0x00000006c6fc0000, 0x00000006c7830000)
 concurrent mark-sweep generation total 173440K, used 67597K [0x00000006d78c0000, 0x00000006e2220000, 0x00000007c0000000)
 Metaspace       used 85089K, capacity 88926K, committed 89208K, reserved 1126400K
  class space    used 11419K, capacity 12095K, committed 12212K, reserved 1048576K
}
2018-10-12T10:42:56.899+0800: 37.520: Application time: 0.0929823 seconds
{Heap before GC invocations=127 (full 3):
 par new generation   total 78016K, used 72864K [0x00000006c2c00000, 0x00000006c80a0000, 0x00000006d78c0000)
  eden space 69376K, 100% used [0x00000006c2c00000, 0x00000006c6fc0000, 0x00000006c6fc0000)
  from space 8640K,  40% used [0x00000006c7830000, 0x00000006c7b982d0, 0x00000006c80a0000)
  to   space 8640K,   0% used [0x00000006c6fc0000, 0x00000006c6fc0000, 0x00000006c7830000)
 concurrent mark-sweep generation total 173440K, used 67597K [0x00000006d78c0000, 0x00000006e2220000, 0x00000007c0000000)
 Metaspace       used 85876K, capacity 89741K, committed 89848K, reserved 1126400K
  class space    used 11584K, capacity 12255K, committed 12340K, reserved 1048576K
2018-10-12T10:42:56.899+0800: 37.520: [GC (Allocation Failure) 2018-10-12T10:42:56.899+0800: 37.520: [ParNew: 72864K->3726K(78016K), 0.0036912 secs] 140462K->71323K(251456K), 0.0037466 secs] [Times: user=0.00 sys=0.00, real=0.00 secs] 
Heap after GC invocations=128 (full 3):
 par new generation   total 78016K, used 3726K [0x00000006c2c00000, 0x00000006c80a0000, 0x00000006d78c0000)
  eden space 69376K,   0% used [0x00000006c2c00000, 0x00000006c2c00000, 0x00000006c6fc0000)
  from space 8640K,  43% used [0x00000006c6fc0000, 0x00000006c73639f8, 0x00000006c7830000)
  to   space 8640K,   0% used [0x00000006c7830000, 0x00000006c7830000, 0x00000006c80a0000)
 concurrent mark-sweep generation total 173440K, used 67597K [0x00000006d78c0000, 0x00000006e2220000, 0x00000007c0000000)
 Metaspace       used 85876K, capacity 89741K, committed 89848K, reserved 1126400K
  class space    used 11584K, capacity 12255K, committed 12340K, reserved 1048576K
}
2018-10-12T10:42:56.923+0800: 37.544: Application time: 0.0199207 seconds
2018-10-12T10:42:56.938+0800: 37.559: Application time: 0.0150497 seconds
2018-10-12T10:42:57.006+0800: 37.627: Application time: 0.0684754 seconds
2018-10-12T10:42:57.022+0800: 37.644: Application time: 0.0155091 seconds
{Heap before GC invocations=128 (full 3):
 par new generation   total 78016K, used 73102K [0x00000006c2c00000, 0x00000006c80a0000, 0x00000006d78c0000)
  eden space 69376K, 100% used [0x00000006c2c00000, 0x00000006c6fc0000, 0x00000006c6fc0000)
  from space 8640K,  43% used [0x00000006c6fc0000, 0x00000006c73639f8, 0x00000006c7830000)
  to   space 8640K,   0% used [0x00000006c7830000, 0x00000006c7830000, 0x00000006c80a0000)
 concurrent mark-sweep generation total 173440K, used 67597K [0x00000006d78c0000, 0x00000006e2220000, 0x00000007c0000000)
 Metaspace       used 86364K, capacity 90197K, committed 90360K, reserved 1128448K
  class space    used 11643K, capacity 12321K, committed 12340K, reserved 1048576K
2018-10-12T10:42:57.022+0800: 37.644: [GC (Allocation Failure) 2018-10-12T10:42:57.022+0800: 37.644: [ParNew: 73102K->4180K(78016K), 0.0039694 secs] 140699K->71777K(251456K), 0.0040269 secs] [Times: user=0.00 sys=0.00, real=0.00 secs] 
Heap after GC invocations=129 (full 3):
 par new generation   total 78016K, used 4180K [0x00000006c2c00000, 0x00000006c80a0000, 0x00000006d78c0000)
  eden space 69376K,   0% used [0x00000006c2c00000, 0x00000006c2c00000, 0x00000006c6fc0000)
  from space 8640K,  48% used [0x00000006c7830000, 0x00000006c7c450b0, 0x00000006c80a0000)
  to   space 8640K,   0% used [0x00000006c6fc0000, 0x00000006c6fc0000, 0x00000006c7830000)
 concurrent mark-sweep generation total 173440K, used 67597K [0x00000006d78c0000, 0x00000006e2220000, 0x00000007c0000000)
 Metaspace       used 86364K, capacity 90197K, committed 90360K, reserved 1128448K
  class space    used 11643K, capacity 12321K, committed 12340K, reserved 1048576K
}
2018-10-12T10:42:57.028+0800: 37.649: Application time: 0.0015110 seconds
2018-10-12T10:42:57.032+0800: 37.653: Application time: 0.0038460 seconds
2018-10-12T10:42:57.032+0800: 37.654: Application time: 0.0001509 seconds
2018-10-12T10:42:58.032+0800: 38.653: Application time: 0.9994256 seconds
2018-10-12T10:43:03.036+0800: 43.656: Application time: 5.0030540 seconds
2018-10-12T10:43:04.036+0800: 44.657: Application time: 1.0003523 seconds
2018-10-12T10:43:05.036+0800: 45.657: Application time: 0.9998452 seconds
2018-10-12T10:43:07.038+0800: 47.658: Application time: 2.0013142 seconds
2018-10-12T10:43:09.039+0800: 49.660: Application time: 2.0010522 seconds
2018-10-12T10:43:10.040+0800: 50.660: Application time: 1.0001425 seconds
2018-10-12T10:43:11.040+0800: 51.661: Application time: 1.0004718 seconds
2018-10-12T10:43:12.041+0800: 52.661: Application time: 1.0003798 seconds
2018-10-12T10:43:14.734+0800: 55.354: Application time: 2.6926894 seconds
2018-10-12T10:43:15.299+0800: 55.919: Application time: 0.5646338 seconds
2018-10-12T10:43:16.299+0800: 56.920: Application time: 1.0004009 seconds
2018-10-12T10:43:17.300+0800: 57.921: Application time: 1.0005515 seconds
2018-10-12T10:43:18.301+0800: 58.921: Application time: 1.0000113 seconds
2018-10-12T10:43:19.301+0800: 59.921: Application time: 0.9999919 seconds
2018-10-12T10:43:21.717+0800: 62.338: Application time: 2.4163602 seconds
2018-10-12T10:43:21.728+0800: 62.349: Application time: 0.0109156 seconds
2018-10-12T10:43:22.730+0800: 63.351: Application time: 1.0004672 seconds
2018-10-12T10:43:23.730+0800: 64.351: Application time: 1.0002013 seconds
2018-10-12T10:43:25.732+0800: 66.352: Application time: 2.0007243 seconds
2018-10-12T10:43:27.733+0800: 68.353: Application time: 2.0009757 seconds
2018-10-12T10:43:28.733+0800: 69.354: Application time: 1.0001185 seconds
2018-10-12T10:43:29.733+0800: 70.354: Application time: 0.9998925 seconds
2018-10-12T10:43:30.734+0800: 71.355: Application time: 1.0004538 seconds
2018-10-12T10:43:32.734+0800: 73.355: Application time: 2.0002422 seconds
2018-10-12T10:43:33.735+0800: 74.356: Application time: 1.0006340 seconds
2018-10-12T10:43:34.415+0800: 75.036: Application time: 0.6799237 seconds
2018-10-12T10:43:34.417+0800: 75.038: Application time: 0.0018456 seconds
2018-10-12T10:43:38.420+0800: 79.040: Application time: 4.0014937 seconds
2018-10-12T10:43:39.420+0800: 80.041: Application time: 1.0002207 seconds
2018-10-12T10:43:40.421+0800: 81.041: Application time: 1.0007384 seconds
2018-10-12T10:43:42.421+0800: 83.042: Application time: 2.0003290 seconds
2018-10-12T10:43:44.422+0800: 85.043: Application time: 2.0007401 seconds
2018-10-12T10:43:44.478+0800: 85.099: Application time: 0.0558309 seconds
2018-10-12T10:43:44.481+0800: 85.101: Application time: 0.0019221 seconds
2018-10-12T10:43:44.481+0800: 85.102: Application time: 0.0001178 seconds
2018-10-12T10:43:44.482+0800: 85.102: Application time: 0.0001509 seconds
2018-10-12T10:43:44.482+0800: 85.103: Application time: 0.0001305 seconds
2018-10-12T10:43:44.483+0800: 85.104: Application time: 0.0005212 seconds
2018-10-12T10:43:44.484+0800: 85.104: Application time: 0.0003526 seconds
2018-10-12T10:43:44.629+0800: 85.250: Application time: 0.1457140 seconds
2018-10-12T10:43:44.630+0800: 85.251: Application time: 0.0006220 seconds
2018-10-12T10:43:45.314+0800: 85.935: Application time: 0.6831388 seconds
2018-10-12T10:43:46.314+0800: 86.935: Application time: 0.9997338 seconds
2018-10-12T10:43:50.317+0800: 90.937: Application time: 4.0018597 seconds
2018-10-12T10:43:51.317+0800: 91.937: Application time: 1.0002017 seconds
2018-10-12T10:43:51.749+0800: 92.370: Application time: 0.4326549 seconds
2018-10-12T10:43:51.752+0800: 92.373: Application time: 0.0022881 seconds
2018-10-12T10:43:51.753+0800: 92.374: Application time: 0.0011227 seconds
2018-10-12T10:43:51.753+0800: 92.374: Application time: 0.0000286 seconds
2018-10-12T10:43:52.266+0800: 92.887: Application time: 0.5132473 seconds
2018-10-12T10:43:52.266+0800: 92.887: Application time: 0.0000342 seconds
2018-10-12T10:43:53.267+0800: 93.888: Application time: 0.9999594 seconds
2018-10-12T10:43:55.268+0800: 95.889: Application time: 2.0009535 seconds
2018-10-12T10:44:01.271+0800: 101.891: Application time: 6.0027335 seconds
2018-10-12T10:44:02.271+0800: 102.892: Application time: 1.0002239 seconds
2018-10-12T10:44:03.272+0800: 103.892: Application time: 1.0001188 seconds
2018-10-12T10:44:04.272+0800: 104.893: Application time: 1.0002560 seconds
2018-10-12T10:44:05.273+0800: 105.893: Application time: 1.0001597 seconds
2018-10-12T10:44:06.273+0800: 106.894: Application time: 1.0005272 seconds
2018-10-12T10:44:07.273+0800: 107.894: Application time: 0.9999831 seconds
2018-10-12T10:44:08.274+0800: 108.894: Application time: 1.0002144 seconds
2018-10-12T10:44:10.275+0800: 110.895: Application time: 2.0004281 seconds
2018-10-12T10:44:11.275+0800: 111.895: Application time: 1.0001174 seconds
2018-10-12T10:44:12.275+0800: 112.896: Application time: 1.0002345 seconds
2018-10-12T10:44:13.276+0800: 113.896: Application time: 1.0002803 seconds
2018-10-12T10:44:14.650+0800: 115.272: Application time: 1.3748039 seconds
2018-10-12T10:44:15.329+0800: 115.950: Application time: 0.6779134 seconds
2018-10-12T10:44:16.329+0800: 116.950: Application time: 0.9996745 seconds
2018-10-12T10:44:17.330+0800: 117.950: Application time: 1.0002084 seconds
2018-10-12T10:44:18.330+0800: 118.951: Application time: 1.0008114 seconds
2018-10-12T10:44:20.332+0800: 120.952: Application time: 2.0008964 seconds
2018-10-12T10:44:21.771+0800: 122.392: Application time: 1.4394097 seconds
2018-10-12T10:44:22.772+0800: 123.393: Application time: 1.0004355 seconds
2018-10-12T10:44:23.772+0800: 124.393: Application time: 0.9995487 seconds
2018-10-12T10:44:28.774+0800: 129.395: Application time: 5.0017585 seconds
2018-10-12T10:44:29.775+0800: 130.395: Application time: 1.0000599 seconds
2018-10-12T10:44:31.776+0800: 132.396: Application time: 2.0008791 seconds
2018-10-12T10:44:32.776+0800: 133.396: Application time: 0.9998374 seconds
2018-10-12T10:44:33.776+0800: 134.397: Application time: 1.0005892 seconds
2018-10-12T10:44:34.777+0800: 135.397: Application time: 0.9999475 seconds
2018-10-12T10:44:37.779+0800: 138.400: Application time: 3.0021344 seconds
2018-10-12T10:44:38.779+0800: 139.400: Application time: 0.9998269 seconds
2018-10-12T10:44:39.779+0800: 140.400: Application time: 1.0001516 seconds
2018-10-12T10:44:43.782+0800: 144.403: Application time: 4.0025688 seconds
2018-10-12T10:44:44.783+0800: 145.404: Application time: 1.0007031 seconds
2018-10-12T10:44:45.784+0800: 146.404: Application time: 0.9999767 seconds
2018-10-12T10:44:46.784+0800: 147.405: Application time: 1.0002980 seconds
2018-10-12T10:44:47.784+0800: 148.405: Application time: 0.9998773 seconds
2018-10-12T10:44:48.785+0800: 149.406: Application time: 1.0006213 seconds
2018-10-12T10:44:49.786+0800: 150.407: Application time: 1.0004401 seconds
2018-10-12T10:44:50.786+0800: 151.407: Application time: 1.0002095 seconds
2018-10-12T10:44:51.786+0800: 152.407: Application time: 0.9999362 seconds
2018-10-12T10:44:52.787+0800: 153.407: Application time: 1.0000614 seconds
2018-10-12T10:44:53.787+0800: 154.407: Application time: 0.9997553 seconds
2018-10-12T10:45:03.791+0800: 164.412: Application time: 10.0040837 seconds
2018-10-12T10:45:04.791+0800: 165.412: Application time: 0.9997172 seconds
2018-10-12T10:45:05.791+0800: 166.412: Application time: 0.9997831 seconds
2018-10-12T10:45:08.793+0800: 169.413: Application time: 3.0010991 seconds
2018-10-12T10:45:13.795+0800: 174.416: Application time: 5.0019814 seconds
2018-10-12T10:45:14.795+0800: 175.416: Application time: 0.9998078 seconds
2018-10-12T10:45:15.795+0800: 176.416: Application time: 0.9998473 seconds
2018-10-12T10:45:22.799+0800: 183.419: Application time: 7.0032271 seconds
2018-10-12T10:45:23.799+0800: 184.420: Application time: 0.9998089 seconds
2018-10-12T10:45:25.800+0800: 186.420: Application time: 2.0003727 seconds
2018-10-12T10:45:28.801+0800: 189.421: Application time: 3.0009327 seconds
2018-10-12T10:45:29.802+0800: 190.422: Application time: 1.0008706 seconds
2018-10-12T10:45:30.802+0800: 191.423: Application time: 1.0001604 seconds
2018-10-12T10:45:31.803+0800: 192.423: Application time: 1.0002613 seconds
2018-10-12T10:45:32.803+0800: 193.424: Application time: 1.0002137 seconds
2018-10-12T10:45:34.803+0800: 195.424: Application time: 2.0002676 seconds
2018-10-12T10:45:35.804+0800: 196.425: Application time: 1.0003068 seconds
2018-10-12T10:45:36.804+0800: 197.425: Application time: 0.9998882 seconds
2018-10-12T10:45:37.805+0800: 198.426: Application time: 1.0004767 seconds
2018-10-12T10:45:39.806+0800: 200.426: Application time: 2.0004669 seconds
2018-10-12T10:45:44.808+0800: 205.429: Application time: 5.0024993 seconds
2018-10-12T10:45:45.809+0800: 206.429: Application time: 1.0002218 seconds
2018-10-12T10:45:52.813+0800: 213.434: Application time: 7.0043234 seconds
2018-10-12T10:45:53.814+0800: 214.434: Application time: 1.0000825 seconds
2018-10-12T10:45:59.816+0800: 220.436: Application time: 6.0017620 seconds
2018-10-12T10:46:00.816+0800: 221.437: Application time: 1.0000769 seconds
2018-10-12T10:46:01.817+0800: 222.437: Application time: 1.0003251 seconds
2018-10-12T10:46:06.828+0800: 227.448: Application time: 5.0104509 seconds
2018-10-12T10:46:10.829+0800: 231.450: Application time: 4.0011488 seconds
2018-10-12T10:46:11.829+0800: 232.450: Application time: 1.0001844 seconds
2018-10-12T10:46:14.830+0800: 235.451: Application time: 3.0010025 seconds
2018-10-12T10:46:15.831+0800: 236.452: Application time: 1.0005166 seconds
2018-10-12T10:46:19.834+0800: 240.455: Application time: 4.0027448 seconds
2018-10-12T10:46:21.836+0800: 242.456: Application time: 2.0009055 seconds
2018-10-12T10:46:22.836+0800: 243.457: Application time: 1.0005356 seconds
2018-10-12T10:46:23.836+0800: 244.457: Application time: 1.0000790 seconds
2018-10-12T10:46:27.838+0800: 248.459: Application time: 4.0014256 seconds
2018-10-12T10:46:31.841+0800: 252.461: Application time: 4.0026986 seconds
2018-10-12T10:46:32.841+0800: 253.461: Application time: 0.9997250 seconds
2018-10-12T10:46:36.842+0800: 257.463: Application time: 4.0011689 seconds
2018-10-12T10:46:37.843+0800: 258.464: Application time: 1.0005695 seconds
2018-10-12T10:46:41.845+0800: 262.466: Application time: 4.0021524 seconds
2018-10-12T10:46:44.847+0800: 265.467: Application time: 3.0009281 seconds
2018-10-12T10:46:45.847+0800: 266.468: Application time: 1.0005832 seconds
2018-10-12T10:46:51.851+0800: 272.472: Application time: 6.0039423 seconds
2018-10-12T10:46:52.851+0800: 273.472: Application time: 0.9999549 seconds
2018-10-12T10:46:53.852+0800: 274.472: Application time: 1.0002669 seconds
2018-10-12T10:47:02.857+0800: 283.478: Application time: 9.0047282 seconds
2018-10-12T10:47:03.857+0800: 284.478: Application time: 1.0000621 seconds
2018-10-12T10:47:06.859+0800: 287.480: Application time: 3.0020441 seconds
2018-10-12T10:47:12.862+0800: 293.482: Application time: 6.0020314 seconds
2018-10-12T10:47:14.862+0800: 295.483: Application time: 2.0002525 seconds
2018-10-12T10:47:15.863+0800: 296.483: Application time: 1.0002130 seconds
2018-10-12T10:47:18.864+0800: 299.485: Application time: 3.0013449 seconds
2018-10-12T10:47:21.865+0800: 302.486: Application time: 3.0009358 seconds
2018-10-12T10:47:22.866+0800: 303.486: Application time: 1.0001347 seconds
2018-10-12T10:47:33.871+0800: 314.491: Application time: 11.0046722 seconds
2018-10-12T10:47:37.872+0800: 318.493: Application time: 4.0013981 seconds
2018-10-12T10:47:44.875+0800: 325.496: Application time: 7.0030515 seconds
2018-10-12T10:47:45.876+0800: 326.497: Application time: 1.0003784 seconds
2018-10-12T10:47:52.880+0800: 333.500: Application time: 7.0037328 seconds
2018-10-12T10:47:59.883+0800: 340.504: Application time: 7.0032095 seconds
2018-10-12T10:48:03.885+0800: 344.506: Application time: 4.0017701 seconds
2018-10-12T10:48:11.889+0800: 352.509: Application time: 8.0034511 seconds
2018-10-12T10:48:12.890+0800: 353.511: Application time: 1.0009119 seconds
2018-10-12T10:48:15.891+0800: 356.512: Application time: 3.0007634 seconds
2018-10-12T10:48:19.893+0800: 360.514: Application time: 4.0016524 seconds
2018-10-12T10:48:21.894+0800: 362.515: Application time: 2.0007394 seconds
2018-10-12T10:48:23.894+0800: 364.515: Application time: 2.0002281 seconds
2018-10-12T10:48:29.897+0800: 370.517: Application time: 6.0020977 seconds
2018-10-12T10:48:35.898+0800: 376.518: Application time: 6.0007846 seconds
2018-10-12T10:48:37.899+0800: 378.519: Application time: 2.0005131 seconds
2018-10-12T10:48:40.899+0800: 381.520: Application time: 3.0006961 seconds
2018-10-12T10:48:42.901+0800: 383.521: Application time: 2.0011136 seconds
2018-10-12T10:48:44.901+0800: 385.522: Application time: 2.0004210 seconds
2018-10-12T10:48:45.902+0800: 386.522: Application time: 1.0001894 seconds
2018-10-12T10:48:46.902+0800: 387.523: Application time: 1.0001911 seconds
2018-10-12T10:48:51.904+0800: 392.524: Application time: 5.0014905 seconds
2018-10-12T10:48:52.904+0800: 393.525: Application time: 1.0001728 seconds
2018-10-12T10:49:04.363+0800: 404.984: Application time: 11.4592733 seconds
2018-10-12T10:49:05.364+0800: 405.984: Application time: 1.0001749 seconds
2018-10-12T10:49:15.369+0800: 415.990: Application time: 10.0053957 seconds
2018-10-12T10:49:16.370+0800: 416.990: Application time: 1.0001298 seconds
2018-10-12T10:49:21.371+0800: 421.991: Application time: 5.0010011 seconds
2018-10-12T10:49:22.372+0800: 422.992: Application time: 1.0008107 seconds
2018-10-12T10:49:23.372+0800: 423.992: Application time: 0.9999203 seconds
2018-10-12T10:49:30.374+0800: 430.995: Application time: 7.0024849 seconds
2018-10-12T10:49:44.382+0800: 445.002: Application time: 14.0068771 seconds
2018-10-12T10:49:45.382+0800: 446.003: Application time: 1.0002976 seconds
2018-10-12T10:49:46.383+0800: 447.003: Application time: 1.0005614 seconds
2018-10-12T10:49:52.387+0800: 453.007: Application time: 6.0037765 seconds
2018-10-12T10:49:53.387+0800: 454.008: Application time: 1.0001745 seconds
2018-10-12T10:50:00.393+0800: 461.013: Application time: 7.0051711 seconds
2018-10-12T10:50:04.409+0800: 465.030: Application time: 4.0164097 seconds
2018-10-12T10:50:04.409+0800: 465.030: Application time: 0.0000578 seconds
2018-10-12T10:50:06.410+0800: 467.030: Application time: 2.0002433 seconds
2018-10-12T10:50:11.411+0800: 472.032: Application time: 5.0011150 seconds
2018-10-12T10:50:15.413+0800: 476.034: Application time: 4.0018470 seconds
2018-10-12T10:50:16.413+0800: 477.034: Application time: 0.9997288 seconds
2018-10-12T10:50:21.415+0800: 482.036: Application time: 5.0018593 seconds
2018-10-12T10:50:22.416+0800: 483.037: Application time: 1.0005268 seconds
2018-10-12T10:50:22.569+0800: 483.189: Application time: 0.1525837 seconds
{Heap before GC invocations=129 (full 3):
 par new generation   total 78016K, used 73556K [0x00000006c2c00000, 0x00000006c80a0000, 0x00000006d78c0000)
  eden space 69376K, 100% used [0x00000006c2c00000, 0x00000006c6fc0000, 0x00000006c6fc0000)
  from space 8640K,  48% used [0x00000006c7830000, 0x00000006c7c450b0, 0x00000006c80a0000)
  to   space 8640K,   0% used [0x00000006c6fc0000, 0x00000006c6fc0000, 0x00000006c7830000)
 concurrent mark-sweep generation total 173440K, used 67597K [0x00000006d78c0000, 0x00000006e2220000, 0x00000007c0000000)
 Metaspace       used 88297K, capacity 92297K, committed 92536K, reserved 1130496K
  class space    used 11727K, capacity 12407K, committed 12468K, reserved 1048576K
2018-10-12T10:50:22.569+0800: 483.190: [GC (Allocation Failure) 2018-10-12T10:50:22.569+0800: 483.190: [ParNew: 73556K->5694K(78016K), 0.0057850 secs] 141153K->73291K(251456K), 0.0058658 secs] [Times: user=0.00 sys=0.00, real=0.01 secs] 
Heap after GC invocations=130 (full 3):
 par new generation   total 78016K, used 5694K [0x00000006c2c00000, 0x00000006c80a0000, 0x00000006d78c0000)
  eden space 69376K,   0% used [0x00000006c2c00000, 0x00000006c2c00000, 0x00000006c6fc0000)
  from space 8640K,  65% used [0x00000006c6fc0000, 0x00000006c754f858, 0x00000006c7830000)
  to   space 8640K,   0% used [0x00000006c7830000, 0x00000006c7830000, 0x00000006c80a0000)
 concurrent mark-sweep generation total 173440K, used 67597K [0x00000006d78c0000, 0x00000006e2220000, 0x00000007c0000000)
 Metaspace       used 88297K, capacity 92297K, committed 92536K, reserved 1130496K
  class space    used 11727K, capacity 12407K, committed 12468K, reserved 1048576K
}
2018-10-12T10:50:23.575+0800: 484.196: Application time: 1.0000413 seconds
2018-10-12T10:50:38.581+0800: 499.202: Application time: 15.0058436 seconds
2018-10-12T10:50:44.584+0800: 505.205: Application time: 6.0025403 seconds
2018-10-12T10:50:45.584+0800: 506.205: Application time: 1.0002225 seconds
2018-10-12T10:50:47.586+0800: 508.206: Application time: 2.0012074 seconds
2018-10-12T10:50:52.588+0800: 513.208: Application time: 5.0017373 seconds
2018-10-12T10:50:59.591+0800: 520.211: Application time: 7.0030769 seconds
2018-10-12T10:51:04.594+0800: 525.215: Application time: 5.0033516 seconds
2018-10-12T10:51:15.600+0800: 536.220: Application time: 11.0049211 seconds
2018-10-12T10:51:20.601+0800: 541.222: Application time: 5.0013734 seconds
2018-10-12T10:51:22.603+0800: 543.223: Application time: 2.0012377 seconds
2018-10-12T10:51:33.607+0800: 554.228: Application time: 11.0048051 seconds
2018-10-12T10:51:38.610+0800: 559.231: Application time: 5.0024877 seconds
2018-10-12T10:51:43.612+0800: 564.233: Application time: 5.0015882 seconds
2018-10-12T10:51:45.614+0800: 566.234: Application time: 2.0013008 seconds
2018-10-12T10:51:52.617+0800: 573.238: Application time: 7.0036323 seconds
2018-10-12T10:51:53.618+0800: 574.238: Application time: 1.0001068 seconds
2018-10-12T10:52:00.621+0800: 581.241: Application time: 7.0024771 seconds
2018-10-12T10:52:04.622+0800: 585.242: Application time: 4.0011206 seconds
2018-10-12T10:52:11.625+0800: 592.246: Application time: 7.0033224 seconds
2018-10-12T10:52:15.627+0800: 596.247: Application time: 4.0010589 seconds
2018-10-12T10:52:20.628+0800: 601.249: Application time: 5.0016971 seconds
2018-10-12T10:52:22.629+0800: 603.250: Application time: 2.0003367 seconds
2018-10-12T10:52:33.634+0800: 614.254: Application time: 11.0044148 seconds
2018-10-12T10:52:44.639+0800: 625.260: Application time: 11.0051108 seconds
2018-10-12T10:52:45.640+0800: 626.261: Application time: 1.0006957 seconds
2018-10-12T10:52:49.642+0800: 630.262: Application time: 4.0013512 seconds
2018-10-12T10:52:52.643+0800: 633.264: Application time: 3.0008230 seconds
2018-10-12T10:53:00.647+0800: 641.267: Application time: 8.0036454 seconds
2018-10-12T10:53:15.653+0800: 656.274: Application time: 15.0064959 seconds
2018-10-12T10:53:22.656+0800: 663.276: Application time: 7.0018407 seconds
2018-10-12T10:53:24.656+0800: 665.277: Application time: 2.0002285 seconds
2018-10-12T10:53:38.664+0800: 679.284: Application time: 14.0072265 seconds
2018-10-12T10:53:45.666+0800: 686.287: Application time: 7.0022063 seconds
2018-10-12T10:53:52.670+0800: 693.291: Application time: 7.0041425 seconds
2018-10-12T10:53:53.671+0800: 694.292: Application time: 1.0003159 seconds
2018-10-12T10:54:04.443+0800: 705.064: Application time: 10.7717412 seconds
2018-10-12T10:54:05.443+0800: 706.063: Application time: 0.9993106 seconds
2018-10-12T10:54:15.449+0800: 716.070: Application time: 10.0062974 seconds
2018-10-12T10:54:16.450+0800: 717.070: Application time: 1.0000109 seconds
2018-10-12T10:54:21.453+0800: 722.073: Application time: 5.0028372 seconds
2018-10-12T10:54:23.453+0800: 724.074: Application time: 2.0005515 seconds
2018-10-12T10:54:38.460+0800: 739.080: Application time: 15.0062286 seconds
2018-10-12T10:54:44.462+0800: 745.083: Application time: 6.0024800 seconds
2018-10-12T10:54:45.463+0800: 746.083: Application time: 1.0000497 seconds
2018-10-12T10:54:52.465+0800: 753.085: Application time: 7.0018971 seconds
2018-10-12T10:54:53.465+0800: 754.085: Application time: 0.9999309 seconds
2018-10-12T10:55:04.988+0800: 765.609: Application time: 11.5231988 seconds
2018-10-12T10:55:11.992+0800: 772.612: Application time: 7.0031157 seconds
2018-10-12T10:55:13.992+0800: 774.613: Application time: 2.0002253 seconds
2018-10-12T10:55:14.993+0800: 775.613: Application time: 1.0003939 seconds
2018-10-12T10:55:15.993+0800: 776.614: Application time: 1.0005078 seconds
2018-10-12T10:55:21.995+0800: 782.616: Application time: 6.0017811 seconds
2018-10-12T10:55:30.999+0800: 791.619: Application time: 9.0033788 seconds
2018-10-12T10:55:38.003+0800: 798.623: Application time: 7.0039655 seconds
2018-10-12T10:55:44.135+0800: 804.757: Application time: 6.1328893 seconds
2018-10-12T10:55:44.135+0800: 804.757: Application time: 0.0000300 seconds
2018-10-12T10:55:45.111+0800: 805.732: Application time: 0.9747170 seconds
2018-10-12T10:55:45.111+0800: 805.732: Application time: 0.0000451 seconds
2018-10-12T10:55:45.118+0800: 805.739: Application time: 0.0068954 seconds
2018-10-12T10:55:45.127+0800: 805.747: Application time: 0.0074854 seconds
2018-10-12T10:55:46.128+0800: 806.749: Application time: 1.0002288 seconds
2018-10-12T10:55:46.165+0800: 806.786: Application time: 0.0374278 seconds
2018-10-12T10:55:46.171+0800: 806.792: Application time: 0.0057438 seconds
2018-10-12T10:55:46.171+0800: 806.792: Application time: 0.0000307 seconds
2018-10-12T10:55:46.191+0800: 806.812: Application time: 0.0199528 seconds
2018-10-12T10:55:46.196+0800: 806.817: Application time: 0.0038915 seconds
2018-10-12T10:55:46.230+0800: 806.851: Application time: 0.0329094 seconds
2018-10-12T10:55:46.231+0800: 806.852: Application time: 0.0001604 seconds
2018-10-12T10:55:47.231+0800: 807.852: Application time: 0.9998843 seconds
2018-10-12T10:55:48.232+0800: 808.852: Application time: 1.0002884 seconds
2018-10-12T10:55:49.232+0800: 809.852: Application time: 1.0000737 seconds
2018-10-12T10:55:50.232+0800: 810.853: Application time: 1.0004171 seconds
2018-10-12T10:55:52.233+0800: 812.853: Application time: 2.0002010 seconds
2018-10-12T10:55:54.022+0800: 814.643: Application time: 1.7894740 seconds
2018-10-12T10:56:04.027+0800: 824.648: Application time: 10.0046069 seconds
2018-10-12T10:56:16.033+0800: 836.654: Application time: 12.0056211 seconds
2018-10-12T10:56:19.549+0800: 840.170: Application time: 3.5163718 seconds
{Heap before GC invocations=130 (full 3):
 par new generation   total 78016K, used 75070K [0x00000006c2c00000, 0x00000006c80a0000, 0x00000006d78c0000)
  eden space 69376K, 100% used [0x00000006c2c00000, 0x00000006c6fc0000, 0x00000006c6fc0000)
  from space 8640K,  65% used [0x00000006c6fc0000, 0x00000006c754f858, 0x00000006c7830000)
  to   space 8640K,   0% used [0x00000006c7830000, 0x00000006c7830000, 0x00000006c80a0000)
 concurrent mark-sweep generation total 173440K, used 67597K [0x00000006d78c0000, 0x00000006e2220000, 0x00000007c0000000)
 Metaspace       used 89129K, capacity 93271K, committed 93432K, reserved 1130496K
  class space    used 11813K, capacity 12532K, committed 12596K, reserved 1048576K
2018-10-12T10:56:19.549+0800: 840.170: [GC (Allocation Failure) 2018-10-12T10:56:19.549+0800: 840.170: [ParNew: 75070K->6322K(78016K), 0.0059702 secs] 142667K->73920K(251456K), 0.0060463 secs] [Times: user=0.00 sys=0.00, real=0.01 secs] 
Heap after GC invocations=131 (full 3):
 par new generation   total 78016K, used 6322K [0x00000006c2c00000, 0x00000006c80a0000, 0x00000006d78c0000)
  eden space 69376K,   0% used [0x00000006c2c00000, 0x00000006c2c00000, 0x00000006c6fc0000)
  from space 8640K,  73% used [0x00000006c7830000, 0x00000006c7e5cb90, 0x00000006c80a0000)
  to   space 8640K,   0% used [0x00000006c6fc0000, 0x00000006c6fc0000, 0x00000006c7830000)
 concurrent mark-sweep generation total 173440K, used 67597K [0x00000006d78c0000, 0x00000006e2220000, 0x00000007c0000000)
 Metaspace       used 89129K, capacity 93271K, committed 93432K, reserved 1130496K
  class space    used 11813K, capacity 12532K, committed 12596K, reserved 1048576K
}
2018-10-12T10:56:22.514+0800: 843.136: Application time: 2.9591042 seconds
2018-10-12T10:56:22.515+0800: 843.136: Application time: 0.0000779 seconds
2018-10-12T10:56:23.516+0800: 844.136: Application time: 1.0001252 seconds
2018-10-12T10:56:26.517+0800: 847.138: Application time: 3.0012793 seconds
2018-10-12T10:56:27.518+0800: 848.139: Application time: 1.0005388 seconds
2018-10-12T10:56:28.518+0800: 849.139: Application time: 1.0001830 seconds
2018-10-12T10:56:38.523+0800: 859.144: Application time: 10.0047131 seconds
2018-10-12T10:56:43.525+0800: 864.146: Application time: 5.0019140 seconds
2018-10-12T10:56:44.526+0800: 865.146: Application time: 1.0002214 seconds
2018-10-12T10:56:45.526+0800: 866.147: Application time: 1.0004330 seconds
2018-10-12T10:56:46.526+0800: 867.147: Application time: 0.9998977 seconds
2018-10-12T10:56:47.163+0800: 867.784: Application time: 0.6367168 seconds
2018-10-12T10:56:47.164+0800: 867.784: Application time: 0.0000917 seconds
2018-10-12T10:56:47.172+0800: 867.793: Application time: 0.0079794 seconds
2018-10-12T10:56:48.172+0800: 868.793: Application time: 1.0000370 seconds
2018-10-12T10:56:50.172+0800: 870.793: Application time: 1.9996597 seconds
2018-10-12T10:56:52.174+0800: 872.794: Application time: 2.0012067 seconds
2018-10-12T10:56:54.175+0800: 874.796: Application time: 2.0007634 seconds
2018-10-12T10:57:15.184+0800: 895.805: Application time: 21.0088087 seconds
2018-10-12T10:57:16.185+0800: 896.806: Application time: 1.0006217 seconds
2018-10-12T10:57:23.188+0800: 903.809: Application time: 7.0032063 seconds
2018-10-12T10:57:28.190+0800: 908.811: Application time: 5.0017994 seconds
2018-10-12T10:57:29.190+0800: 909.811: Application time: 0.9997595 seconds
2018-10-12T10:57:30.191+0800: 910.811: Application time: 1.0001608 seconds
2018-10-12T10:57:38.194+0800: 918.815: Application time: 8.0030868 seconds
2018-10-12T10:57:45.197+0800: 925.818: Application time: 7.0026785 seconds
2018-10-12T10:57:46.198+0800: 926.818: Application time: 1.0002535 seconds
2018-10-12T10:57:47.225+0800: 927.846: Application time: 1.0273000 seconds
2018-10-12T10:57:47.225+0800: 927.846: Application time: 0.0000314 seconds
2018-10-12T10:57:47.227+0800: 927.848: Application time: 0.0019613 seconds
2018-10-12T10:57:52.230+0800: 932.850: Application time: 5.0018509 seconds
2018-10-12T10:57:53.230+0800: 933.851: Application time: 1.0005095 seconds
2018-10-12T10:57:58.233+0800: 938.853: Application time: 5.0026302 seconds
2018-10-12T10:58:00.235+0800: 940.855: Application time: 2.0013149 seconds
2018-10-12T10:58:15.243+0800: 955.863: Application time: 15.0078672 seconds
2018-10-12T10:58:16.243+0800: 956.864: Application time: 1.0006947 seconds
2018-10-12T10:58:22.247+0800: 962.867: Application time: 6.0031379 seconds
2018-10-12T10:58:23.247+0800: 963.868: Application time: 1.0002556 seconds
2018-10-12T10:58:24.247+0800: 964.868: Application time: 0.9997422 seconds
2018-10-12T10:58:30.250+0800: 970.870: Application time: 6.0019690 seconds
2018-10-12T10:58:37.252+0800: 977.873: Application time: 7.0023837 seconds
2018-10-12T10:58:47.255+0800: 987.876: Application time: 10.0028844 seconds
2018-10-12T10:58:47.255+0800: 987.876: Application time: 0.0001710 seconds
2018-10-12T10:58:52.030+0800: 992.651: Application time: 4.7749796 seconds
2018-10-12T10:58:52.032+0800: 992.653: Application time: 0.0019440 seconds
2018-10-12T10:58:53.033+0800: 993.653: Application time: 0.9997817 seconds
2018-10-12T10:59:05.038+0800: 1005.659: Application time: 12.0055438 seconds
2018-10-12T10:59:16.045+0800: 1016.665: Application time: 11.0064688 seconds
2018-10-12T10:59:22.048+0800: 1022.668: Application time: 6.0022839 seconds
2018-10-12T10:59:34.055+0800: 1034.676: Application time: 12.0074906 seconds
2018-10-12T10:59:44.060+0800: 1044.680: Application time: 10.0039299 seconds
2018-10-12T10:59:47.282+0800: 1047.902: Application time: 3.2221374 seconds
2018-10-12T10:59:47.282+0800: 1047.903: Application time: 0.0000529 seconds
2018-10-12T10:59:48.282+0800: 1048.903: Application time: 1.0000790 seconds
2018-10-12T10:59:53.284+0800: 1053.905: Application time: 5.0014715 seconds
2018-10-12T10:59:54.285+0800: 1054.905: Application time: 1.0002204 seconds
2018-10-12T11:00:04.559+0800: 1065.180: Application time: 10.2742732 seconds
2018-10-12T11:00:12.563+0800: 1073.184: Application time: 8.0036968 seconds
2018-10-12T11:00:16.565+0800: 1077.185: Application time: 4.0013590 seconds
2018-10-12T11:00:18.565+0800: 1079.186: Application time: 2.0003329 seconds
2018-10-12T11:00:22.568+0800: 1083.188: Application time: 4.0019482 seconds
2018-10-12T11:00:44.065+0800: 1104.686: Application time: 21.4978552 seconds
2018-10-12T11:00:44.155+0800: 1104.776: Application time: 0.0891786 seconds
2018-10-12T11:00:45.155+0800: 1105.775: Application time: 0.9995367 seconds
2018-10-12T11:00:47.311+0800: 1107.932: Application time: 2.1563888 seconds
2018-10-12T11:00:47.311+0800: 1107.932: Application time: 0.0000303 seconds
2018-10-12T11:00:48.312+0800: 1108.933: Application time: 1.0005748 seconds
2018-10-12T11:00:49.068+0800: 1109.690: Application time: 0.7565879 seconds
2018-10-12T11:00:52.071+0800: 1112.691: Application time: 3.0011002 seconds
2018-10-12T11:00:53.071+0800: 1113.691: Application time: 0.9999327 seconds
2018-10-12T11:00:54.071+0800: 1114.691: Application time: 0.9997588 seconds
2018-10-12T11:01:00.073+0800: 1120.693: Application time: 6.0016093 seconds
2018-10-12T11:01:06.076+0800: 1126.697: Application time: 6.0034260 seconds
2018-10-12T11:01:22.064+0800: 1142.686: Application time: 15.9884514 seconds
2018-10-12T11:01:22.067+0800: 1142.688: Application time: 0.0019359 seconds
2018-10-12T11:01:45.079+0800: 1165.700: Application time: 23.0113137 seconds
2018-10-12T11:01:46.080+0800: 1166.701: Application time: 1.0004087 seconds
2018-10-12T11:01:47.345+0800: 1167.966: Application time: 1.2653312 seconds
2018-10-12T11:01:47.346+0800: 1167.967: Application time: 0.0001513 seconds
2018-10-12T11:01:48.346+0800: 1168.967: Application time: 0.9997109 seconds
2018-10-12T11:01:52.348+0800: 1172.968: Application time: 4.0009556 seconds
2018-10-12T11:01:53.348+0800: 1173.969: Application time: 1.0000465 seconds
2018-10-12T11:01:54.348+0800: 1174.969: Application time: 0.9998223 seconds
2018-10-12T11:01:59.351+0800: 1179.971: Application time: 5.0018611 seconds
2018-10-12T11:02:15.356+0800: 1195.977: Application time: 16.0057868 seconds
2018-10-12T11:02:16.357+0800: 1196.977: Application time: 1.0002010 seconds
2018-10-12T11:02:22.360+0800: 1202.980: Application time: 6.0029528 seconds
2018-10-12T11:02:26.362+0800: 1206.982: Application time: 4.0012370 seconds
2018-10-12T11:02:34.366+0800: 1214.986: Application time: 8.0038404 seconds
2018-10-12T11:02:38.368+0800: 1218.988: Application time: 4.0020706 seconds
2018-10-12T11:02:44.371+0800: 1224.992: Application time: 6.0032395 seconds
2018-10-12T11:02:46.372+0800: 1226.993: Application time: 2.0007440 seconds
2018-10-12T11:02:47.376+0800: 1227.997: Application time: 1.0032282 seconds
2018-10-12T11:02:47.376+0800: 1227.997: Application time: 0.0001090 seconds
2018-10-12T11:02:48.377+0800: 1228.997: Application time: 1.0001428 seconds
2018-10-12T11:02:54.380+0800: 1235.001: Application time: 6.0028625 seconds
2018-10-12T11:02:55.381+0800: 1236.001: Application time: 1.0007133 seconds
2018-10-12T11:02:59.382+0800: 1240.003: Application time: 4.0011837 seconds
2018-10-12T11:03:15.387+0800: 1256.007: Application time: 16.0045985 seconds
2018-10-12T11:03:24.391+0800: 1265.011: Application time: 9.0037240 seconds
2018-10-12T11:03:44.400+0800: 1285.020: Application time: 20.0088316 seconds
2018-10-12T11:03:47.409+0800: 1288.029: Application time: 3.0089575 seconds
2018-10-12T11:03:47.409+0800: 1288.030: Application time: 0.0000698 seconds
2018-10-12T11:03:48.409+0800: 1289.030: Application time: 1.0003269 seconds
2018-10-12T11:03:49.410+0800: 1290.031: Application time: 1.0004133 seconds
2018-10-12T11:03:52.412+0800: 1293.032: Application time: 3.0014196 seconds
2018-10-12T11:03:53.413+0800: 1294.033: Application time: 1.0007303 seconds
2018-10-12T11:03:54.413+0800: 1295.034: Application time: 1.0004549 seconds
2018-10-12T11:04:03.417+0800: 1304.038: Application time: 9.0035777 seconds
2018-10-12T11:04:05.419+0800: 1306.039: Application time: 2.0010903 seconds
2018-10-12T11:04:15.422+0800: 1316.043: Application time: 10.0032130 seconds
2018-10-12T11:04:22.425+0800: 1323.046: Application time: 7.0030614 seconds
2018-10-12T11:04:23.426+0800: 1324.046: Application time: 1.0000123 seconds
2018-10-12T11:04:30.429+0800: 1331.049: Application time: 7.0030371 seconds
2018-10-12T11:04:45.434+0800: 1346.055: Application time: 15.0048502 seconds
2018-10-12T11:04:46.434+0800: 1347.055: Application time: 0.9998357 seconds
2018-10-12T11:04:47.435+0800: 1348.056: Application time: 1.0008625 seconds
2018-10-12T11:04:47.435+0800: 1348.056: Application time: 0.0001083 seconds
2018-10-12T11:04:52.437+0800: 1353.058: Application time: 5.0017246 seconds
2018-10-12T11:05:04.646+0800: 1365.267: Application time: 12.2089068 seconds
2018-10-12T11:05:06.648+0800: 1367.269: Application time: 2.0012881 seconds
2018-10-12T11:05:15.652+0800: 1376.273: Application time: 9.0036824 seconds
2018-10-12T11:05:16.652+0800: 1377.273: Application time: 0.9999073 seconds
2018-10-12T11:05:22.655+0800: 1383.275: Application time: 6.0025854 seconds
2018-10-12T11:05:25.655+0800: 1386.276: Application time: 3.0001037 seconds
2018-10-12T11:05:38.662+0800: 1399.282: Application time: 13.0060178 seconds
2018-10-12T11:05:44.665+0800: 1405.285: Application time: 6.0030106 seconds
2018-10-12T11:05:45.666+0800: 1406.286: Application time: 1.0008837 seconds
2018-10-12T11:05:46.666+0800: 1407.287: Application time: 1.0001093 seconds
2018-10-12T11:05:47.464+0800: 1408.085: Application time: 0.7973955 seconds
2018-10-12T11:05:47.464+0800: 1408.085: Application time: 0.0001284 seconds
2018-10-12T11:05:47.951+0800: 1408.572: Application time: 0.4867100 seconds
{Heap before GC invocations=131 (full 3):
 par new generation   total 78016K, used 75698K [0x00000006c2c00000, 0x00000006c80a0000, 0x00000006d78c0000)
  eden space 69376K, 100% used [0x00000006c2c00000, 0x00000006c6fc0000, 0x00000006c6fc0000)
  from space 8640K,  73% used [0x00000006c7830000, 0x00000006c7e5cb90, 0x00000006c80a0000)
  to   space 8640K,   0% used [0x00000006c6fc0000, 0x00000006c6fc0000, 0x00000006c7830000)
 concurrent mark-sweep generation total 173440K, used 67597K [0x00000006d78c0000, 0x00000006e2220000, 0x00000007c0000000)
 Metaspace       used 89689K, capacity 93947K, committed 94200K, reserved 1130496K
  class space    used 11821K, capacity 12544K, committed 12596K, reserved 1048576K
2018-10-12T11:05:47.951+0800: 1408.572: [GC (Allocation Failure) 2018-10-12T11:05:47.951+0800: 1408.572: [ParNew: 75698K->5909K(78016K), 0.0076916 secs] 143296K->73779K(251456K), 0.0077826 secs] [Times: user=0.06 sys=0.00, real=0.01 secs] 
Heap after GC invocations=132 (full 3):
 par new generation   total 78016K, used 5909K [0x00000006c2c00000, 0x00000006c80a0000, 0x00000006d78c0000)
  eden space 69376K,   0% used [0x00000006c2c00000, 0x00000006c2c00000, 0x00000006c6fc0000)
  from space 8640K,  68% used [0x00000006c6fc0000, 0x00000006c7585400, 0x00000006c7830000)
  to   space 8640K,   0% used [0x00000006c7830000, 0x00000006c7830000, 0x00000006c80a0000)
 concurrent mark-sweep generation total 173440K, used 67870K [0x00000006d78c0000, 0x00000006e2220000, 0x00000007c0000000)
 Metaspace       used 89689K, capacity 93947K, committed 94200K, reserved 1130496K
  class space    used 11821K, capacity 12544K, committed 12596K, reserved 1048576K
}
2018-10-12T11:05:49.061+0800: 1409.682: Application time: 1.1015551 seconds
2018-10-12T11:05:52.139+0800: 1412.760: Application time: 3.0778874 seconds
2018-10-12T11:05:52.147+0800: 1412.768: Application time: 0.0078031 seconds
2018-10-12T11:05:53.147+0800: 1413.768: Application time: 0.9999150 seconds
2018-10-12T11:06:16.158+0800: 1436.779: Application time: 23.0109054 seconds
2018-10-12T11:06:22.161+0800: 1442.782: Application time: 6.0030332 seconds
2018-10-12T11:06:24.163+0800: 1444.783: Application time: 2.0007204 seconds
2018-10-12T11:06:38.170+0800: 1458.790: Application time: 14.0066941 seconds
2018-10-12T11:06:43.172+0800: 1463.793: Application time: 5.0023160 seconds
2018-10-12T11:06:45.173+0800: 1465.794: Application time: 2.0011086 seconds
2018-10-12T11:06:46.174+0800: 1466.794: Application time: 1.0002765 seconds
2018-10-12T11:06:47.494+0800: 1468.115: Application time: 1.3204318 seconds
2018-10-12T11:06:47.494+0800: 1468.115: Application time: 0.0000959 seconds
2018-10-12T11:06:48.495+0800: 1469.116: Application time: 1.0005656 seconds
2018-10-12T11:06:52.497+0800: 1473.118: Application time: 4.0015773 seconds
2018-10-12T11:06:53.498+0800: 1474.118: Application time: 1.0003156 seconds
2018-10-12T11:06:54.499+0800: 1475.119: Application time: 1.0007733 seconds
2018-10-12T11:07:15.509+0800: 1496.130: Application time: 21.0102908 seconds
2018-10-12T11:07:46.526+0800: 1527.147: Application time: 31.0169947 seconds
2018-10-12T11:07:47.527+0800: 1528.147: Application time: 1.0000793 seconds
2018-10-12T11:07:47.527+0800: 1528.148: Application time: 0.0000772 seconds
2018-10-12T11:07:48.527+0800: 1529.148: Application time: 0.9998865 seconds
2018-10-12T11:07:49.528+0800: 1530.149: Application time: 1.0007980 seconds
2018-10-12T11:07:52.530+0800: 1533.150: Application time: 3.0017447 seconds
2018-10-12T11:07:53.530+0800: 1534.151: Application time: 1.0000384 seconds
2018-10-12T11:08:12.539+0800: 1553.160: Application time: 19.0087241 seconds
2018-10-12T11:08:15.064+0800: 1555.685: Application time: 2.5256026 seconds
2018-10-12T11:08:15.708+0800: 1556.330: Application time: 0.6442029 seconds
2018-10-12T11:08:15.712+0800: 1556.333: Application time: 0.0031855 seconds
2018-10-12T11:08:16.713+0800: 1557.333: Application time: 0.9997176 seconds
2018-10-12T11:08:22.172+0800: 1562.793: Application time: 5.4592927 seconds
2018-10-12T11:08:22.174+0800: 1562.795: Application time: 0.0020998 seconds
2018-10-12T11:08:23.175+0800: 1563.795: Application time: 1.0001379 seconds
2018-10-12T11:08:29.177+0800: 1569.797: Application time: 6.0018597 seconds
2018-10-12T11:08:37.181+0800: 1577.801: Application time: 8.0037822 seconds
2018-10-12T11:08:38.181+0800: 1578.801: Application time: 0.9999157 seconds
2018-10-12T11:08:46.185+0800: 1586.805: Application time: 8.0038368 seconds
2018-10-12T11:08:47.559+0800: 1588.180: Application time: 1.3743603 seconds
2018-10-12T11:08:47.559+0800: 1588.181: Application time: 0.0002250 seconds
2018-10-12T11:08:52.563+0800: 1593.183: Application time: 5.0023220 seconds
2018-10-12T11:09:04.567+0800: 1605.188: Application time: 12.0043918 seconds
2018-10-12T11:09:22.576+0800: 1623.196: Application time: 18.0080636 seconds
2018-10-12T11:09:23.576+0800: 1624.196: Application time: 0.9997384 seconds
2018-10-12T11:09:27.578+0800: 1628.199: Application time: 4.0028142 seconds
2018-10-12T11:09:38.585+0800: 1639.206: Application time: 11.0062244 seconds
2018-10-12T11:09:39.585+0800: 1640.206: Application time: 0.9995769 seconds
2018-10-12T11:09:47.589+0800: 1648.210: Application time: 8.0041281 seconds
2018-10-12T11:09:47.590+0800: 1648.210: Application time: 0.0001710 seconds
2018-10-12T11:09:52.592+0800: 1653.213: Application time: 5.0019948 seconds
2018-10-12T11:09:53.592+0800: 1654.213: Application time: 1.0001897 seconds
2018-10-12T11:10:05.207+0800: 1665.827: Application time: 11.6143429 seconds
2018-10-12T11:10:06.207+0800: 1666.827: Application time: 0.9996266 seconds
2018-10-12T11:10:11.210+0800: 1671.831: Application time: 5.0027825 seconds
2018-10-12T11:10:16.213+0800: 1676.833: Application time: 5.0028301 seconds
2018-10-12T11:10:22.215+0800: 1682.835: Application time: 6.0011315 seconds
2018-10-12T11:10:24.216+0800: 1684.836: Application time: 2.0011263 seconds
2018-10-12T11:10:26.216+0800: 1686.837: Application time: 2.0002334 seconds
2018-10-12T11:10:30.218+0800: 1690.839: Application time: 4.0016358 seconds
2018-10-12T11:10:38.222+0800: 1698.842: Application time: 8.0032610 seconds
2018-10-12T11:10:44.225+0800: 1704.845: Application time: 6.0025484 seconds
2018-10-12T11:10:45.225+0800: 1705.845: Application time: 0.9999841 seconds
2018-10-12T11:10:46.225+0800: 1706.846: Application time: 1.0002334 seconds
2018-10-12T11:10:47.643+0800: 1708.264: Application time: 1.4181275 seconds
2018-10-12T11:10:47.643+0800: 1708.264: Application time: 0.0000335 seconds
2018-10-12T11:10:48.644+0800: 1709.264: Application time: 0.9998766 seconds
2018-10-12T11:10:49.059+0800: 1709.680: Application time: 0.4154116 seconds
2018-10-12T11:10:53.061+0800: 1713.681: Application time: 4.0010226 seconds
2018-10-12T11:10:54.061+0800: 1714.681: Application time: 1.0000751 seconds
2018-10-12T11:10:58.062+0800: 1718.683: Application time: 4.0011266 seconds
2018-10-12T11:11:10.080+0800: 1730.701: Application time: 12.0184475 seconds
2018-10-12T11:11:11.081+0800: 1731.701: Application time: 0.9994316 seconds
2018-10-12T11:11:12.081+0800: 1732.702: Application time: 1.0002084 seconds
2018-10-12T11:11:16.083+0800: 1736.704: Application time: 4.0016587 seconds
2018-10-12T11:11:18.084+0800: 1738.705: Application time: 2.0007705 seconds
2018-10-12T11:11:20.085+0800: 1740.706: Application time: 2.0009489 seconds
2018-10-12T11:11:23.086+0800: 1743.707: Application time: 3.0004203 seconds
2018-10-12T11:11:34.092+0800: 1754.712: Application time: 11.0057089 seconds
2018-10-12T11:11:47.678+0800: 1768.299: Application time: 13.5864054 seconds
2018-10-12T11:11:47.679+0800: 1768.300: Application time: 0.0002010 seconds
2018-10-12T11:11:48.680+0800: 1769.300: Application time: 1.0005000 seconds
2018-10-12T11:11:51.006+0800: 1771.626: Application time: 2.3256406 seconds
2018-10-12T11:11:51.008+0800: 1771.628: Application time: 0.0018646 seconds
2018-10-12T11:11:51.010+0800: 1771.631: Application time: 0.0019556 seconds
2018-10-12T11:11:53.010+0800: 1773.631: Application time: 2.0002387 seconds
2018-10-12T11:11:53.184+0800: 1773.805: Application time: 0.1734886 seconds
2018-10-12T11:11:53.184+0800: 1773.805: Application time: 0.0000254 seconds
2018-10-12T11:11:53.184+0800: 1773.805: Application time: 0.0000469 seconds
2018-10-12T11:11:54.185+0800: 1774.806: Application time: 1.0008075 seconds
2018-10-12T11:11:59.189+0800: 1779.810: Application time: 5.0031549 seconds
2018-10-12T11:12:01.190+0800: 1781.811: Application time: 2.0002638 seconds
2018-10-12T11:12:01.283+0800: 1781.904: Application time: 0.0932079 seconds
2018-10-12T11:12:01.284+0800: 1781.905: Application time: 0.0001217 seconds
2018-10-12T11:12:01.284+0800: 1781.905: Application time: 0.0002303 seconds
2018-10-12T11:12:01.286+0800: 1781.907: Application time: 0.0010244 seconds
2018-10-12T11:12:01.381+0800: 1782.001: Application time: 0.0940595 seconds
2018-10-12T11:12:01.381+0800: 1782.002: Application time: 0.0000469 seconds
2018-10-12T11:12:01.381+0800: 1782.002: Application time: 0.0000800 seconds
2018-10-12T11:12:01.823+0800: 1782.444: Application time: 0.4421738 seconds
2018-10-12T11:12:01.823+0800: 1782.445: Application time: 0.0002430 seconds
2018-10-12T11:12:01.825+0800: 1782.446: Application time: 0.0001922 seconds
2018-10-12T11:12:04.762+0800: 1785.383: Application time: 2.9367592 seconds
2018-10-12T11:12:04.762+0800: 1785.383: Application time: 0.0000289 seconds
2018-10-12T11:12:04.762+0800: 1785.383: Application time: 0.0000547 seconds
2018-10-12T11:12:05.762+0800: 1786.383: Application time: 0.9998166 seconds
2018-10-12T11:12:07.514+0800: 1788.135: Application time: 1.7519933 seconds
2018-10-12T11:12:07.515+0800: 1788.136: Application time: 0.0001065 seconds
2018-10-12T11:12:07.515+0800: 1788.136: Application time: 0.0000811 seconds
2018-10-12T11:12:07.516+0800: 1788.136: Application time: 0.0000941 seconds
2018-10-12T11:12:07.516+0800: 1788.137: Application time: 0.0002891 seconds
2018-10-12T11:12:07.517+0800: 1788.137: Application time: 0.0002165 seconds
2018-10-12T11:12:08.517+0800: 1789.138: Application time: 0.9999877 seconds
2018-10-12T11:12:09.888+0800: 1790.509: Application time: 1.3706346 seconds
2018-10-12T11:12:09.888+0800: 1790.509: Application time: 0.0000462 seconds
2018-10-12T11:12:09.888+0800: 1790.509: Application time: 0.0000695 seconds
2018-10-12T11:12:11.888+0800: 1792.509: Application time: 1.9996597 seconds
2018-10-12T11:12:15.890+0800: 1796.511: Application time: 4.0020614 seconds
2018-10-12T11:12:19.533+0800: 1800.154: Application time: 3.6427575 seconds
2018-10-12T11:12:19.533+0800: 1800.154: Application time: 0.0001061 seconds
2018-10-12T11:12:19.534+0800: 1800.155: Application time: 0.0001030 seconds
2018-10-12T11:12:19.534+0800: 1800.155: Application time: 0.0001058 seconds
2018-10-12T11:12:19.534+0800: 1800.155: Application time: 0.0002303 seconds
2018-10-12T11:12:19.535+0800: 1800.156: Application time: 0.0001922 seconds
2018-10-12T11:12:20.536+0800: 1801.157: Application time: 1.0006700 seconds
2018-10-12T11:12:21.538+0800: 1802.158: Application time: 1.0016143 seconds
2018-10-12T11:12:21.538+0800: 1802.159: Application time: 0.0000956 seconds
2018-10-12T11:12:21.538+0800: 1802.159: Application time: 0.0000980 seconds
2018-10-12T11:12:21.538+0800: 1802.159: Application time: 0.0000864 seconds
2018-10-12T11:12:21.538+0800: 1802.159: Application time: 0.0001544 seconds
2018-10-12T11:12:24.541+0800: 1805.161: Application time: 3.0020180 seconds
2018-10-12T11:12:28.542+0800: 1809.162: Application time: 4.0004348 seconds
2018-10-12T11:12:29.543+0800: 1810.163: Application time: 1.0009031 seconds
2018-10-12T11:12:30.543+0800: 1811.164: Application time: 0.9998946 seconds
2018-10-12T11:12:37.547+0800: 1818.167: Application time: 7.0037737 seconds
2018-10-12T11:12:37.941+0800: 1818.563: Application time: 0.3950180 seconds
2018-10-12T11:12:47.714+0800: 1828.335: Application time: 9.7720808 seconds
2018-10-12T11:12:47.714+0800: 1828.335: Application time: 0.0000624 seconds
2018-10-12T11:12:48.714+0800: 1829.335: Application time: 0.9998406 seconds
2018-10-12T11:12:52.644+0800: 1833.265: Application time: 3.9292442 seconds
{Heap before GC invocations=132 (full 3):
 par new generation   total 78016K, used 75250K [0x00000006c2c00000, 0x00000006c80a0000, 0x00000006d78c0000)
  eden space 69376K,  99% used [0x00000006c2c00000, 0x00000006c6fb7690, 0x00000006c6fc0000)
  from space 8640K,  68% used [0x00000006c6fc0000, 0x00000006c7585400, 0x00000006c7830000)
  to   space 8640K,   0% used [0x00000006c7830000, 0x00000006c7830000, 0x00000006c80a0000)
 concurrent mark-sweep generation total 173440K, used 67870K [0x00000006d78c0000, 0x00000006e2220000, 0x00000007c0000000)
 Metaspace       used 90049K, capacity 94251K, committed 94456K, reserved 1130496K
  class space    used 11828K, capacity 12552K, committed 12596K, reserved 1048576K
2018-10-12T11:12:52.644+0800: 1833.265: [GC (Allocation Failure) 2018-10-12T11:12:52.644+0800: 1833.265: [ParNew: 75250K->6686K(78016K), 0.0090859 secs] 143120K->74556K(251456K), 0.0091772 secs] [Times: user=0.00 sys=0.00, real=0.01 secs] 
Heap after GC invocations=133 (full 3):
 par new generation   total 78016K, used 6686K [0x00000006c2c00000, 0x00000006c80a0000, 0x00000006d78c0000)
  eden space 69376K,   0% used [0x00000006c2c00000, 0x00000006c2c00000, 0x00000006c6fc0000)
  from space 8640K,  77% used [0x00000006c7830000, 0x00000006c7eb7820, 0x00000006c80a0000)
  to   space 8640K,   0% used [0x00000006c6fc0000, 0x00000006c6fc0000, 0x00000006c7830000)
 concurrent mark-sweep generation total 173440K, used 67870K [0x00000006d78c0000, 0x00000006e2220000, 0x00000007c0000000)
 Metaspace       used 90049K, capacity 94251K, committed 94456K, reserved 1130496K
  class space    used 11828K, capacity 12552K, committed 12596K, reserved 1048576K
}
2018-10-12T11:12:53.653+0800: 1834.274: Application time: 0.9996735 seconds
2018-10-12T11:13:06.659+0800: 1847.280: Application time: 13.0057075 seconds
2018-10-12T11:13:12.662+0800: 1853.282: Application time: 6.0023308 seconds
2018-10-12T11:13:15.663+0800: 1856.283: Application time: 3.0004027 seconds
2018-10-12T11:13:23.666+0800: 1864.287: Application time: 8.0031453 seconds
2018-10-12T11:13:38.674+0800: 1879.295: Application time: 15.0082530 seconds
2018-10-12T11:13:45.678+0800: 1886.299: Application time: 7.0033477 seconds
2018-10-12T11:13:46.679+0800: 1887.300: Application time: 1.0008399 seconds
2018-10-12T11:13:52.682+0800: 1893.302: Application time: 6.0023922 seconds
2018-10-12T11:13:53.682+0800: 1894.302: Application time: 0.9999189 seconds
2018-10-12T11:13:55.683+0800: 1896.303: Application time: 2.0005885 seconds
2018-10-12T11:13:56.684+0800: 1897.304: Application time: 1.0005832 seconds
2018-10-12T11:14:16.691+0800: 1917.311: Application time: 20.0067942 seconds
2018-10-12T11:14:22.246+0800: 1922.866: Application time: 5.5545747 seconds
2018-10-12T11:14:22.249+0800: 1922.870: Application time: 0.0024740 seconds
2018-10-12T11:14:46.261+0800: 1946.881: Application time: 24.0110616 seconds
2018-10-12T11:14:52.263+0800: 1952.884: Application time: 6.0020773 seconds
2018-10-12T11:14:53.264+0800: 1953.884: Application time: 1.0002066 seconds
2018-10-12T11:14:54.264+0800: 1954.885: Application time: 1.0007151 seconds
2018-10-12T11:15:05.273+0800: 1965.894: Application time: 11.0084110 seconds
2018-10-12T11:15:22.266+0800: 1982.887: Application time: 16.9936391 seconds
2018-10-12T11:15:23.268+0800: 1983.889: Application time: 1.0008406 seconds
2018-10-12T11:15:46.279+0800: 2006.900: Application time: 23.0106712 seconds
2018-10-12T11:15:52.283+0800: 2012.904: Application time: 6.0030671 seconds
2018-10-12T11:15:53.284+0800: 2013.905: Application time: 1.0005882 seconds
2018-10-12T11:15:54.284+0800: 2014.905: Application time: 0.9998392 seconds
2018-10-12T11:16:22.298+0800: 2042.919: Application time: 28.0136202 seconds
2018-10-12T11:16:23.299+0800: 2043.919: Application time: 1.0005349 seconds
2018-10-12T11:16:30.302+0800: 2050.923: Application time: 7.0028766 seconds
2018-10-12T11:16:33.305+0800: 2053.925: Application time: 3.0025117 seconds
2018-10-12T11:16:45.310+0800: 2065.930: Application time: 12.0047543 seconds
2018-10-12T11:16:46.310+0800: 2066.930: Application time: 0.9998177 seconds
2018-10-12T11:16:53.313+0800: 2073.934: Application time: 7.0032592 seconds
2018-10-12T11:17:15.323+0800: 2095.943: Application time: 22.0094769 seconds
2018-10-12T11:17:23.326+0800: 2103.947: Application time: 8.0032469 seconds
2018-10-12T11:17:46.337+0800: 2126.958: Application time: 23.0105436 seconds
2018-10-12T11:17:53.685+0800: 2134.306: Application time: 7.3481330 seconds
2018-10-12T11:17:53.686+0800: 2134.306: Application time: 0.0001181 seconds
2018-10-12T11:17:53.686+0800: 2134.307: Application time: 0.0001393 seconds
2018-10-12T11:17:53.686+0800: 2134.307: Application time: 0.0002535 seconds
2018-10-12T11:17:53.687+0800: 2134.308: Application time: 0.0002701 seconds
2018-10-12T11:18:15.698+0800: 2156.318: Application time: 22.0102851 seconds
2018-10-12T11:18:22.701+0800: 2163.322: Application time: 7.0032938 seconds
2018-10-12T11:18:23.701+0800: 2164.322: Application time: 0.9998872 seconds
2018-10-12T11:18:45.711+0800: 2186.332: Application time: 22.0097622 seconds
2018-10-12T11:18:46.712+0800: 2187.332: Application time: 1.0002701 seconds
2018-10-12T11:18:53.715+0800: 2194.335: Application time: 7.0028213 seconds
2018-10-12T11:19:16.724+0800: 2217.345: Application time: 23.0090746 seconds
2018-10-12T11:19:22.727+0800: 2223.348: Application time: 6.0029990 seconds
2018-10-12T11:19:30.731+0800: 2231.352: Application time: 8.0035865 seconds
2018-10-12T11:19:38.735+0800: 2239.356: Application time: 8.0037332 seconds
2018-10-12T11:19:44.738+0800: 2245.358: Application time: 6.0022127 seconds
2018-10-12T11:19:45.738+0800: 2246.359: Application time: 1.0003501 seconds
2018-10-12T11:20:04.845+0800: 2265.466: Application time: 19.1068376 seconds
2018-10-12T11:20:10.141+0800: 2270.762: Application time: 5.2954623 seconds
2018-10-12T11:20:16.144+0800: 2276.765: Application time: 6.0025318 seconds
2018-10-12T11:20:18.145+0800: 2278.766: Application time: 2.0007024 seconds
2018-10-12T11:20:19.145+0800: 2279.766: Application time: 1.0000268 seconds
2018-10-12T11:20:38.156+0800: 2298.776: Application time: 19.0100972 seconds
2018-10-12T11:20:45.160+0800: 2305.780: Application time: 7.0034860 seconds
2018-10-12T11:20:53.164+0800: 2313.785: Application time: 8.0043241 seconds
2018-10-12T11:21:16.177+0800: 2336.797: Application time: 23.0122178 seconds
2018-10-12T11:21:25.181+0800: 2345.802: Application time: 9.0046912 seconds
2018-10-12T11:21:39.186+0800: 2359.807: Application time: 14.0044155 seconds
2018-10-12T11:21:44.188+0800: 2364.809: Application time: 5.0016735 seconds
2018-10-12T11:21:46.190+0800: 2366.810: Application time: 2.0014387 seconds
2018-10-12T11:21:53.192+0800: 2373.812: Application time: 7.0015966 seconds
2018-10-12T11:21:54.192+0800: 2374.813: Application time: 1.0005578 seconds
2018-10-12T11:22:12.215+0800: 2392.836: Application time: 18.0223675 seconds
{Heap before GC invocations=133 (full 3):
 par new generation   total 78016K, used 76062K [0x00000006c2c00000, 0x00000006c80a0000, 0x00000006d78c0000)
  eden space 69376K, 100% used [0x00000006c2c00000, 0x00000006c6fc0000, 0x00000006c6fc0000)
  from space 8640K,  77% used [0x00000006c7830000, 0x00000006c7eb7820, 0x00000006c80a0000)
  to   space 8640K,   0% used [0x00000006c6fc0000, 0x00000006c6fc0000, 0x00000006c7830000)
 concurrent mark-sweep generation total 173440K, used 67870K [0x00000006d78c0000, 0x00000006e2220000, 0x00000007c0000000)
 Metaspace       used 90307K, capacity 94507K, committed 94712K, reserved 1132544K
  class space    used 11830K, capacity 12552K, committed 12596K, reserved 1048576K
2018-10-12T11:22:12.216+0800: 2392.837: [GC (Allocation Failure) 2018-10-12T11:22:12.216+0800: 2392.837: [ParNew: 76062K->6768K(78016K), 0.0089413 secs] 143932K->75103K(251456K), 0.0090612 secs] [Times: user=0.06 sys=0.00, real=0.01 secs] 
Heap after GC invocations=134 (full 3):
 par new generation   total 78016K, used 6768K [0x00000006c2c00000, 0x00000006c80a0000, 0x00000006d78c0000)
  eden space 69376K,   0% used [0x00000006c2c00000, 0x00000006c2c00000, 0x00000006c6fc0000)
  from space 8640K,  78% used [0x00000006c6fc0000, 0x00000006c765c3b8, 0x00000006c7830000)
  to   space 8640K,   0% used [0x00000006c7830000, 0x00000006c7830000, 0x00000006c80a0000)
 concurrent mark-sweep generation total 173440K, used 68334K [0x00000006d78c0000, 0x00000006e2220000, 0x00000007c0000000)
 Metaspace       used 90307K, capacity 94507K, committed 94712K, reserved 1132544K
  class space    used 11830K, capacity 12552K, committed 12596K, reserved 1048576K
}
2018-10-12T11:22:13.226+0800: 2393.846: Application time: 1.0004041 seconds
2018-10-12T11:22:23.230+0800: 2403.851: Application time: 10.0046302 seconds
2018-10-12T11:22:46.242+0800: 2426.862: Application time: 23.0111198 seconds
2018-10-12T11:23:23.258+0800: 2463.879: Application time: 37.0161890 seconds
2018-10-12T11:23:24.259+0800: 2464.879: Application time: 1.0004207 seconds
2018-10-12T11:23:46.270+0800: 2486.891: Application time: 22.0114583 seconds
2018-10-12T11:23:54.273+0800: 2494.894: Application time: 8.0022363 seconds
2018-10-12T11:24:05.288+0800: 2505.908: Application time: 11.0146502 seconds
2018-10-12T11:24:23.297+0800: 2523.918: Application time: 18.0092026 seconds
2018-10-12T11:24:35.303+0800: 2535.924: Application time: 12.0054543 seconds
2018-10-12T11:24:53.310+0800: 2553.931: Application time: 18.0073415 seconds
2018-10-12T11:25:05.402+0800: 2566.022: Application time: 12.0913620 seconds
2018-10-12T11:25:15.407+0800: 2576.027: Application time: 10.0046108 seconds
2018-10-12T11:25:16.407+0800: 2577.028: Application time: 1.0000695 seconds
2018-10-12T11:25:23.409+0800: 2584.030: Application time: 7.0022321 seconds
2018-10-12T11:25:24.410+0800: 2585.031: Application time: 1.0005825 seconds
2018-10-12T11:25:44.421+0800: 2605.042: Application time: 20.0108853 seconds
2018-10-12T11:25:45.422+0800: 2606.042: Application time: 1.0004503 seconds
2018-10-12T11:25:46.422+0800: 2607.043: Application time: 1.0001760 seconds
2018-10-12T11:25:52.426+0800: 2613.047: Application time: 6.0038573 seconds
2018-10-12T11:26:00.430+0800: 2621.051: Application time: 8.0037843 seconds
2018-10-12T11:26:24.442+0800: 2645.062: Application time: 24.0113811 seconds
2018-10-12T11:26:38.447+0800: 2659.068: Application time: 14.0055731 seconds
2018-10-12T11:27:22.471+0800: 2703.091: Application time: 44.0233841 seconds
2018-10-12T11:27:23.472+0800: 2704.092: Application time: 1.0006583 seconds
2018-10-12T11:27:52.487+0800: 2733.107: Application time: 29.0144457 seconds
2018-10-12T11:28:15.496+0800: 2756.117: Application time: 23.0094075 seconds
2018-10-12T11:28:16.496+0800: 2757.117: Application time: 0.9999750 seconds
2018-10-12T11:28:22.422+0800: 2763.043: Application time: 5.9263200 seconds
2018-10-12T11:28:22.424+0800: 2763.045: Application time: 0.0019824 seconds
2018-10-12T11:28:53.439+0800: 2794.060: Application time: 31.0142105 seconds
2018-10-12T11:29:00.444+0800: 2801.064: Application time: 7.0044250 seconds
2018-10-12T11:29:05.446+0800: 2806.067: Application time: 5.0021446 seconds
2018-10-12T11:29:15.450+0800: 2816.071: Application time: 10.0036238 seconds
2018-10-12T11:29:16.451+0800: 2817.071: Application time: 1.0004129 seconds
2018-10-12T11:29:53.470+0800: 2854.091: Application time: 37.0194197 seconds
2018-10-12T11:30:05.459+0800: 2866.080: Application time: 11.9883023 seconds
2018-10-12T11:30:46.479+0800: 2907.099: Application time: 41.0192712 seconds
2018-10-12T11:30:52.481+0800: 2913.102: Application time: 6.0024528 seconds
2018-10-12T11:30:53.482+0800: 2914.102: Application time: 1.0002796 seconds
2018-10-12T11:30:54.482+0800: 2915.103: Application time: 1.0001953 seconds
2018-10-12T11:31:15.492+0800: 2936.112: Application time: 21.0095104 seconds
2018-10-12T11:31:16.492+0800: 2937.113: Application time: 0.9998745 seconds
2018-10-12T11:31:22.458+0800: 2943.079: Application time: 5.9659397 seconds
2018-10-12T11:31:22.461+0800: 2943.082: Application time: 0.0032328 seconds
2018-10-12T11:31:23.462+0800: 2944.083: Application time: 0.9998565 seconds
2018-10-12T11:31:45.473+0800: 2966.094: Application time: 22.0107566 seconds
2018-10-12T11:31:46.473+0800: 2967.094: Application time: 1.0001855 seconds
2018-10-12T11:31:52.476+0800: 2973.097: Application time: 6.0026813 seconds
2018-10-12T11:32:23.500+0800: 3004.121: Application time: 31.0240312 seconds
2018-10-12T11:32:24.501+0800: 3005.121: Application time: 1.0001093 seconds
2018-10-12T11:32:38.507+0800: 3019.127: Application time: 14.0061997 seconds
2018-10-12T11:32:44.511+0800: 3025.131: Application time: 6.0035114 seconds
2018-10-12T11:32:45.511+0800: 3026.132: Application time: 1.0000000 seconds
2018-10-12T11:32:52.515+0800: 3033.135: Application time: 7.0034045 seconds
2018-10-12T11:32:53.515+0800: 3034.136: Application time: 1.0002765 seconds
2018-10-12T11:32:54.516+0800: 3035.137: Application time: 1.0003865 seconds
2018-10-12T11:33:15.462+0800: 3056.084: Application time: 20.9468987 seconds
2018-10-12T11:33:16.063+0800: 3056.684: Application time: 0.5996606 seconds
2018-10-12T11:33:16.064+0800: 3056.685: Application time: 0.0013001 seconds
2018-10-12T11:33:24.069+0800: 3064.690: Application time: 8.0046041 seconds
2018-10-12T11:33:30.707+0800: 3071.328: Application time: 6.6375497 seconds
{Heap before GC invocations=134 (full 3):
 par new generation   total 78016K, used 76144K [0x00000006c2c00000, 0x00000006c80a0000, 0x00000006d78c0000)
  eden space 69376K, 100% used [0x00000006c2c00000, 0x00000006c6fc0000, 0x00000006c6fc0000)
  from space 8640K,  78% used [0x00000006c6fc0000, 0x00000006c765c3b8, 0x00000006c7830000)
  to   space 8640K,   0% used [0x00000006c7830000, 0x00000006c7830000, 0x00000006c80a0000)
 concurrent mark-sweep generation total 173440K, used 68334K [0x00000006d78c0000, 0x00000006e2220000, 0x00000007c0000000)
 Metaspace       used 90645K, capacity 94891K, committed 94968K, reserved 1132544K
  class space    used 11830K, capacity 12552K, committed 12596K, reserved 1048576K
2018-10-12T11:33:30.708+0800: 3071.328: [GC (Allocation Failure) 2018-10-12T11:33:30.708+0800: 3071.329: [ParNew: 76144K->6458K(78016K), 0.0187296 secs] 144479K->75227K(251456K), 0.0189108 secs] [Times: user=0.06 sys=0.00, real=0.02 secs] 
Heap after GC invocations=135 (full 3):
 par new generation   total 78016K, used 6458K [0x00000006c2c00000, 0x00000006c80a0000, 0x00000006d78c0000)
  eden space 69376K,   0% used [0x00000006c2c00000, 0x00000006c2c00000, 0x00000006c6fc0000)
  from space 8640K,  74% used [0x00000006c7830000, 0x00000006c7e7e878, 0x00000006c80a0000)
  to   space 8640K,   0% used [0x00000006c6fc0000, 0x00000006c6fc0000, 0x00000006c7830000)
 concurrent mark-sweep generation total 173440K, used 68769K [0x00000006d78c0000, 0x00000006e2220000, 0x00000007c0000000)
 Metaspace       used 90645K, capacity 94891K, committed 94968K, reserved 1132544K
  class space    used 11830K, capacity 12552K, committed 12596K, reserved 1048576K
}
2018-10-12T11:33:31.727+0800: 3072.348: Application time: 1.0000956 seconds
2018-10-12T11:33:44.179+0800: 3084.799: Application time: 12.4514663 seconds
2018-10-12T11:33:52.495+0800: 3093.116: Application time: 8.3161087 seconds
2018-10-12T11:33:52.497+0800: 3093.118: Application time: 0.0021058 seconds
2018-10-12T11:33:53.498+0800: 3094.118: Application time: 1.0000518 seconds
2018-10-12T11:34:22.511+0800: 3123.131: Application time: 29.0125066 seconds
2018-10-12T11:34:52.524+0800: 3153.145: Application time: 30.0132224 seconds
2018-10-12T11:35:05.028+0800: 3165.648: Application time: 12.5031360 seconds
2018-10-12T11:35:23.037+0800: 3183.657: Application time: 18.0087713 seconds
2018-10-12T11:35:45.046+0800: 3205.667: Application time: 22.0094304 seconds
2018-10-12T11:35:46.050+0800: 3206.671: Application time: 1.0044525 seconds
2018-10-12T11:35:47.051+0800: 3207.672: Application time: 0.9999929 seconds
2018-10-12T11:35:50.052+0800: 3210.673: Application time: 3.0011591 seconds
2018-10-12T11:36:16.064+0800: 3236.684: Application time: 26.0108680 seconds
2018-10-12T11:36:17.064+0800: 3237.685: Application time: 1.0001830 seconds
2018-10-12T11:36:45.077+0800: 3265.697: Application time: 28.0121699 seconds
2018-10-12T11:36:53.532+0800: 3274.154: Application time: 8.4561741 seconds
2018-10-12T11:36:55.582+0800: 3276.203: Application time: 2.0494732 seconds
2018-10-12T11:36:55.588+0800: 3276.208: Application time: 0.0049155 seconds
2018-10-12T11:36:56.588+0800: 3277.209: Application time: 1.0001527 seconds
2018-10-12T11:36:58.478+0800: 3279.099: Application time: 1.8899779 seconds
2018-10-12T11:37:03.479+0800: 3284.100: Application time: 5.0006337 seconds
2018-10-12T11:37:44.500+0800: 3325.120: Application time: 41.0199853 seconds
2018-10-12T11:37:53.505+0800: 3334.125: Application time: 9.0048277 seconds
2018-10-12T11:37:54.505+0800: 3335.126: Application time: 1.0001537 seconds
2018-10-12T11:37:55.859+0800: 3336.480: Application time: 1.3541021 seconds
2018-10-12T11:37:55.859+0800: 3336.480: Application time: 0.0000927 seconds
2018-10-12T11:38:24.873+0800: 3365.494: Application time: 29.0138846 seconds
2018-10-12T11:38:53.886+0800: 3394.506: Application time: 29.0120919 seconds
2018-10-12T11:38:55.888+0800: 3396.509: Application time: 2.0019542 seconds
2018-10-12T11:38:55.888+0800: 3396.509: Application time: 0.0000952 seconds
2018-10-12T11:39:04.892+0800: 3405.513: Application time: 9.0034274 seconds
2018-10-12T11:39:12.897+0800: 3413.518: Application time: 8.0051108 seconds
2018-10-12T11:39:22.903+0800: 3423.523: Application time: 10.0048178 seconds
2018-10-12T11:39:55.917+0800: 3456.538: Application time: 33.0147708 seconds
2018-10-12T11:39:55.917+0800: 3456.539: Application time: 0.0000346 seconds
2018-10-12T11:39:56.918+0800: 3457.538: Application time: 0.9994168 seconds
2018-10-12T11:40:04.925+0800: 3465.546: Application time: 8.0070862 seconds
2018-10-12T11:40:55.947+0800: 3516.568: Application time: 51.0224546 seconds
2018-10-12T11:40:55.948+0800: 3516.569: Application time: 0.0001879 seconds
2018-10-12T11:40:56.949+0800: 3517.569: Application time: 1.0003678 seconds
2018-10-12T11:41:31.231+0800: 3551.852: Application time: 34.2821006 seconds
2018-10-12T11:41:31.231+0800: 3551.852: Application time: 0.0000839 seconds
2018-10-12T11:41:32.232+0800: 3552.853: Application time: 1.0001982 seconds
2018-10-12T11:41:33.064+0800: 3553.685: Application time: 0.8324382 seconds
2018-10-12T11:41:33.065+0800: 3553.686: Application time: 0.0001932 seconds
2018-10-12T11:41:36.987+0800: 3557.607: Application time: 3.9211891 seconds
2018-10-12T11:41:36.987+0800: 3557.608: Application time: 0.0001245 seconds
2018-10-12T11:41:41.191+0800: 3561.812: Application time: 4.2035245 seconds
2018-10-12T11:41:41.191+0800: 3561.812: Application time: 0.0000575 seconds
2018-10-12T11:41:43.163+0800: 3563.784: Application time: 1.9718721 seconds
2018-10-12T11:41:43.163+0800: 3563.784: Application time: 0.0000550 seconds
2018-10-12T11:41:47.165+0800: 3567.786: Application time: 4.0015085 seconds
2018-10-12T11:41:49.812+0800: 3570.433: Application time: 2.6464635 seconds
2018-10-12T11:41:49.813+0800: 3570.433: Application time: 0.0002147 seconds
2018-10-12T11:41:49.813+0800: 3570.434: Application time: 0.0001721 seconds
2018-10-12T11:41:49.814+0800: 3570.434: Application time: 0.0003047 seconds
2018-10-12T11:41:49.814+0800: 3570.435: Application time: 0.0001643 seconds
2018-10-12T11:41:52.814+0800: 3573.435: Application time: 2.9999732 seconds
2018-10-12T11:41:53.548+0800: 3574.169: Application time: 0.7333176 seconds
2018-10-12T11:41:54.113+0800: 3574.734: Application time: 0.5653105 seconds
2018-10-12T11:41:55.973+0800: 3576.594: Application time: 1.8591059 seconds
2018-10-12T11:41:55.973+0800: 3576.594: Application time: 0.0000296 seconds
2018-10-12T11:41:58.985+0800: 3579.605: Application time: 3.0111977 seconds
2018-10-12T11:41:58.985+0800: 3579.606: Application time: 0.0002073 seconds
2018-10-12T11:41:59.827+0800: 3580.448: Application time: 0.8414867 seconds
2018-10-12T11:41:59.829+0800: 3580.449: Application time: 0.0001707 seconds
2018-10-12T11:41:59.829+0800: 3580.450: Application time: 0.0001957 seconds
2018-10-12T11:41:59.830+0800: 3580.451: Application time: 0.0003001 seconds
2018-10-12T11:41:59.831+0800: 3580.452: Application time: 0.0001213 seconds
2018-10-12T11:41:59.872+0800: 3580.493: Application time: 0.0411497 seconds
2018-10-12T11:41:59.873+0800: 3580.494: Application time: 0.0002528 seconds
2018-10-12T11:42:03.516+0800: 3584.137: Application time: 3.6433262 seconds
2018-10-12T11:42:03.517+0800: 3584.138: Application time: 0.0005924 seconds
2018-10-12T11:42:06.788+0800: 3587.410: Application time: 3.2712745 seconds
2018-10-12T11:42:06.843+0800: 3587.463: Application time: 0.0531140 seconds
2018-10-12T11:42:06.843+0800: 3587.464: Application time: 0.0001121 seconds
2018-10-12T11:42:06.843+0800: 3587.464: Application time: 0.0001897 seconds
2018-10-12T11:42:06.844+0800: 3587.464: Application time: 0.0001287 seconds
2018-10-12T11:42:06.890+0800: 3587.511: Application time: 0.0463254 seconds
2018-10-12T11:42:06.890+0800: 3587.511: Application time: 0.0001812 seconds
2018-10-12T11:42:38.093+0800: 3618.714: Application time: 31.2025163 seconds
2018-10-12T11:42:46.098+0800: 3626.719: Application time: 8.0043940 seconds
2018-10-12T11:42:53.100+0800: 3633.721: Application time: 7.0020547 seconds
2018-10-12T11:42:56.003+0800: 3636.623: Application time: 2.9023699 seconds
2018-10-12T11:42:56.003+0800: 3636.624: Application time: 0.0000913 seconds
2018-10-12T11:42:57.004+0800: 3637.624: Application time: 1.0004686 seconds
2018-10-12T11:43:25.015+0800: 3665.636: Application time: 28.0112474 seconds
2018-10-12T11:43:56.032+0800: 3696.653: Application time: 31.0173124 seconds
2018-10-12T11:43:56.032+0800: 3696.654: Application time: 0.0001308 seconds
2018-10-12T11:44:13.612+0800: 3714.233: Application time: 17.5784433 seconds
{Heap before GC invocations=135 (full 3):
 par new generation   total 78016K, used 75834K [0x00000006c2c00000, 0x00000006c80a0000, 0x00000006d78c0000)
  eden space 69376K, 100% used [0x00000006c2c00000, 0x00000006c6fc0000, 0x00000006c6fc0000)
  from space 8640K,  74% used [0x00000006c7830000, 0x00000006c7e7e878, 0x00000006c80a0000)
  to   space 8640K,   0% used [0x00000006c6fc0000, 0x00000006c6fc0000, 0x00000006c7830000)
 concurrent mark-sweep generation total 173440K, used 68769K [0x00000006d78c0000, 0x00000006e2220000, 0x00000007c0000000)
 Metaspace       used 90776K, capacity 94995K, committed 95224K, reserved 1132544K
  class space    used 11834K, capacity 12558K, committed 12596K, reserved 1048576K
2018-10-12T11:44:13.613+0800: 3714.233: [GC (Allocation Failure) 2018-10-12T11:44:13.613+0800: 3714.234: [ParNew: 75834K->5217K(78016K), 0.0186485 secs] 144603K->74463K(251456K), 0.0190159 secs] [Times: user=0.06 sys=0.00, real=0.02 secs] 
Heap after GC invocations=136 (full 3):
 par new generation   total 78016K, used 5217K [0x00000006c2c00000, 0x00000006c80a0000, 0x00000006d78c0000)
  eden space 69376K,   0% used [0x00000006c2c00000, 0x00000006c2c00000, 0x00000006c6fc0000)
  from space 8640K,  60% used [0x00000006c6fc0000, 0x00000006c74d86f8, 0x00000006c7830000)
  to   space 8640K,   0% used [0x00000006c7830000, 0x00000006c7830000, 0x00000006c80a0000)
 concurrent mark-sweep generation total 173440K, used 69245K [0x00000006d78c0000, 0x00000006e2220000, 0x00000007c0000000)
 Metaspace       used 90776K, capacity 94995K, committed 95224K, reserved 1132544K
  class space    used 11834K, capacity 12558K, committed 12596K, reserved 1048576K
}
2018-10-12T11:44:13.632+0800: 3714.253: Application time: 0.0002363 seconds
2018-10-12T11:44:13.632+0800: 3714.253: Application time: 0.0000878 seconds
2018-10-12T11:44:13.633+0800: 3714.253: Application time: 0.0001710 seconds
2018-10-12T11:44:13.633+0800: 3714.254: Application time: 0.0001562 seconds
2018-10-12T11:44:13.633+0800: 3714.254: Application time: 0.0001453 seconds
2018-10-12T11:44:13.634+0800: 3714.254: Application time: 0.0001132 seconds
2018-10-12T11:44:53.656+0800: 3754.277: Application time: 40.0222381 seconds
2018-10-12T11:44:56.062+0800: 3756.683: Application time: 2.4059329 seconds
2018-10-12T11:44:56.062+0800: 3756.683: Application time: 0.0002207 seconds
2018-10-12T11:45:04.742+0800: 3765.363: Application time: 8.6796215 seconds
2018-10-12T11:45:22.752+0800: 3783.373: Application time: 18.0092537 seconds
2018-10-12T11:45:23.752+0800: 3784.373: Application time: 1.0002190 seconds
2018-10-12T11:45:52.767+0800: 3813.388: Application time: 29.0144002 seconds
2018-10-12T11:45:56.089+0800: 3816.710: Application time: 3.3223465 seconds
2018-10-12T11:45:56.089+0800: 3816.711: Application time: 0.0001075 seconds
2018-10-12T11:46:17.102+0800: 3837.723: Application time: 21.0119301 seconds
2018-10-12T11:46:24.107+0800: 3844.727: Application time: 7.0042265 seconds
2018-10-12T11:46:25.107+0800: 3845.728: Application time: 0.9999235 seconds
2018-10-12T11:46:39.114+0800: 3859.734: Application time: 14.0065188 seconds
2018-10-12T11:46:46.117+0800: 3866.737: Application time: 7.0028329 seconds
2018-10-12T11:46:47.117+0800: 3867.738: Application time: 1.0000938 seconds
2018-10-12T11:46:53.120+0800: 3873.740: Application time: 6.0023844 seconds
2018-10-12T11:46:54.120+0800: 3874.741: Application time: 0.9998519 seconds
2018-10-12T11:46:55.121+0800: 3875.741: Application time: 1.0003121 seconds
2018-10-12T11:46:56.121+0800: 3876.742: Application time: 1.0004609 seconds
2018-10-12T11:46:56.122+0800: 3876.743: Application time: 0.0001619 seconds
2018-10-12T11:46:58.512+0800: 3879.133: Application time: 2.3896998 seconds
2018-10-12T11:47:03.512+0800: 3884.134: Application time: 5.0006270 seconds
2018-10-12T11:47:16.519+0800: 3897.139: Application time: 13.0050625 seconds
2018-10-12T11:47:23.522+0800: 3904.142: Application time: 7.0028146 seconds
2018-10-12T11:47:38.550+0800: 3919.171: Application time: 15.0287348 seconds
2018-10-12T11:47:38.550+0800: 3919.171: Application time: 0.0000462 seconds
2018-10-12T11:47:38.550+0800: 3919.171: Application time: 0.0001160 seconds
2018-10-12T11:47:38.551+0800: 3919.172: Application time: 0.0000652 seconds
2018-10-12T11:47:44.553+0800: 3925.174: Application time: 6.0019468 seconds
2018-10-12T11:47:46.554+0800: 3927.175: Application time: 2.0010769 seconds
2018-10-12T11:47:52.695+0800: 3933.315: Application time: 6.1402696 seconds
2018-10-12T11:47:52.697+0800: 3933.318: Application time: 0.0021016 seconds
2018-10-12T11:47:54.698+0800: 3935.318: Application time: 2.0004055 seconds
2018-10-12T11:47:56.152+0800: 3936.773: Application time: 1.4541240 seconds
2018-10-12T11:47:56.152+0800: 3936.773: Application time: 0.0000314 seconds
2018-10-12T11:48:23.164+0800: 3963.784: Application time: 27.0114022 seconds
2018-10-12T11:48:25.165+0800: 3965.785: Application time: 2.0008928 seconds
2018-10-12T11:48:47.184+0800: 3987.804: Application time: 22.0190974 seconds
2018-10-12T11:48:56.278+0800: 3996.899: Application time: 9.0941004 seconds
2018-10-12T11:48:56.278+0800: 3996.899: Application time: 0.0001174 seconds
2018-10-12T11:48:57.279+0800: 3997.900: Application time: 1.0001678 seconds
2018-10-12T11:49:23.290+0800: 4023.911: Application time: 26.0112277 seconds
2018-10-12T11:49:47.301+0800: 4047.922: Application time: 24.0109632 seconds
2018-10-12T11:49:53.304+0800: 4053.924: Application time: 6.0015466 seconds
2018-10-12T11:49:56.305+0800: 4056.926: Application time: 3.0017313 seconds
2018-10-12T11:49:56.305+0800: 4056.926: Application time: 0.0001065 seconds
2018-10-12T11:50:04.813+0800: 4065.434: Application time: 8.5072577 seconds
2018-10-12T11:50:56.340+0800: 4116.960: Application time: 51.5263505 seconds
2018-10-12T11:50:56.340+0800: 4116.960: Application time: 0.0000307 seconds
2018-10-12T11:51:53.367+0800: 4173.988: Application time: 57.0273007 seconds
2018-10-12T11:51:55.368+0800: 4175.989: Application time: 2.0006915 seconds
2018-10-12T11:51:56.369+0800: 4176.990: Application time: 1.0002814 seconds
2018-10-12T11:51:56.369+0800: 4176.990: Application time: 0.0001227 seconds
2018-10-12T11:51:57.370+0800: 4177.991: Application time: 1.0004097 seconds
2018-10-12T11:51:58.517+0800: 4179.138: Application time: 1.1469799 seconds
2018-10-12T11:52:00.518+0800: 4181.138: Application time: 1.9999806 seconds
2018-10-12T11:52:03.517+0800: 4184.138: Application time: 2.9992789 seconds
2018-10-12T11:52:56.414+0800: 4237.034: Application time: 52.8964523 seconds
2018-10-12T11:52:56.414+0800: 4237.035: Application time: 0.0000321 seconds
2018-10-12T11:53:16.426+0800: 4257.046: Application time: 20.0116614 seconds
2018-10-12T11:53:23.430+0800: 4264.050: Application time: 7.0037349 seconds
2018-10-12T11:53:53.447+0800: 4294.067: Application time: 30.0165473 seconds
2018-10-12T11:53:56.448+0800: 4297.069: Application time: 3.0018879 seconds
2018-10-12T11:53:56.448+0800: 4297.069: Application time: 0.0000275 seconds
2018-10-12T11:54:05.451+0800: 4306.072: Application time: 9.0026626 seconds
2018-10-12T11:54:22.461+0800: 4323.081: Application time: 17.0089956 seconds
2018-10-12T11:54:53.475+0800: 4354.095: Application time: 31.0137556 seconds
2018-10-12T11:54:56.476+0800: 4357.097: Application time: 3.0015152 seconds
2018-10-12T11:54:56.477+0800: 4357.097: Application time: 0.0001753 seconds
2018-10-12T11:55:05.486+0800: 4366.107: Application time: 9.0095263 seconds
2018-10-12T11:55:15.786+0800: 4376.407: Application time: 10.3000357 seconds
{Heap before GC invocations=136 (full 3):
 par new generation   total 78016K, used 74593K [0x00000006c2c00000, 0x00000006c80a0000, 0x00000006d78c0000)
  eden space 69376K, 100% used [0x00000006c2c00000, 0x00000006c6fc0000, 0x00000006c6fc0000)
  from space 8640K,  60% used [0x00000006c6fc0000, 0x00000006c74d86f8, 0x00000006c7830000)
  to   space 8640K,   0% used [0x00000006c7830000, 0x00000006c7830000, 0x00000006c80a0000)
 concurrent mark-sweep generation total 173440K, used 69245K [0x00000006d78c0000, 0x00000006e2220000, 0x00000007c0000000)
 Metaspace       used 91081K, capacity 95337K, committed 95480K, reserved 1132544K
  class space    used 11835K, capacity 12561K, committed 12596K, reserved 1048576K
2018-10-12T11:55:15.786+0800: 4376.408: [GC (Allocation Failure) 2018-10-12T11:55:15.786+0800: 4376.408: [ParNew: 74593K->4948K(78016K), 0.0163949 secs] 143839K->74335K(251456K), 0.0165938 secs] [Times: user=0.06 sys=0.00, real=0.02 secs] 
Heap after GC invocations=137 (full 3):
 par new generation   total 78016K, used 4948K [0x00000006c2c00000, 0x00000006c80a0000, 0x00000006d78c0000)
  eden space 69376K,   0% used [0x00000006c2c00000, 0x00000006c2c00000, 0x00000006c6fc0000)
  from space 8640K,  57% used [0x00000006c7830000, 0x00000006c7d05060, 0x00000006c80a0000)
  to   space 8640K,   0% used [0x00000006c6fc0000, 0x00000006c6fc0000, 0x00000006c7830000)
 concurrent mark-sweep generation total 173440K, used 69387K [0x00000006d78c0000, 0x00000006e2220000, 0x00000007c0000000)
 Metaspace       used 91081K, capacity 95337K, committed 95480K, reserved 1132544K
  class space    used 11835K, capacity 12561K, committed 12596K, reserved 1048576K
}
2018-10-12T11:55:16.803+0800: 4377.424: Application time: 0.9994383 seconds
2018-10-12T11:55:22.807+0800: 4383.427: Application time: 6.0031037 seconds
2018-10-12T11:55:56.520+0800: 4417.140: Application time: 33.7126807 seconds
2018-10-12T11:55:56.520+0800: 4417.141: Application time: 0.0000917 seconds
2018-10-12T11:55:57.520+0800: 4418.140: Application time: 0.9994764 seconds
2018-10-12T11:56:00.520+0800: 4421.141: Application time: 3.0006492 seconds
2018-10-12T11:56:23.531+0800: 4444.151: Application time: 23.0101938 seconds
2018-10-12T11:56:53.545+0800: 4474.166: Application time: 30.0143713 seconds
2018-10-12T11:56:56.551+0800: 4477.172: Application time: 3.0064829 seconds
2018-10-12T11:56:56.552+0800: 4477.173: Application time: 0.0001608 seconds
2018-10-12T11:56:58.509+0800: 4479.130: Application time: 1.9563425 seconds
2018-10-12T11:57:03.509+0800: 4484.130: Application time: 5.0000180 seconds
2018-10-12T11:57:16.515+0800: 4497.135: Application time: 13.0053594 seconds
2018-10-12T11:57:23.519+0800: 4504.139: Application time: 7.0036037 seconds
2018-10-12T11:57:24.519+0800: 4505.140: Application time: 1.0004387 seconds
2018-10-12T11:57:34.524+0800: 4515.145: Application time: 10.0044486 seconds
2018-10-12T11:57:38.527+0800: 4519.147: Application time: 4.0024316 seconds
2018-10-12T11:57:46.532+0800: 4527.152: Application time: 8.0050139 seconds
2018-10-12T11:57:50.532+0800: 4531.153: Application time: 4.0002821 seconds
2018-10-12T11:57:53.533+0800: 4534.154: Application time: 3.0006516 seconds
2018-10-12T11:57:54.534+0800: 4535.154: Application time: 1.0004073 seconds
2018-10-12T11:57:56.605+0800: 4537.226: Application time: 2.0713379 seconds
2018-10-12T11:57:56.605+0800: 4537.226: Application time: 0.0000575 seconds
2018-10-12T11:58:15.840+0800: 4556.461: Application time: 19.2345999 seconds
2018-10-12T11:58:16.401+0800: 4557.022: Application time: 0.5603111 seconds
2018-10-12T11:58:16.403+0800: 4557.024: Application time: 0.0019133 seconds
2018-10-12T11:58:56.637+0800: 4597.258: Application time: 40.2339620 seconds
2018-10-12T11:58:56.637+0800: 4597.258: Application time: 0.0000296 seconds
2018-10-12T11:59:28.117+0800: 4628.738: Application time: 31.4800332 seconds
2018-10-12T11:59:28.117+0800: 4628.738: Application time: 0.0000324 seconds
2018-10-12T11:59:39.121+0800: 4639.742: Application time: 11.0034154 seconds
2018-10-12T11:59:46.125+0800: 4646.746: Application time: 7.0036189 seconds
2018-10-12T11:59:47.126+0800: 4647.746: Application time: 0.9999922 seconds
2018-10-12T11:59:53.129+0800: 4653.749: Application time: 6.0030741 seconds
2018-10-12T11:59:56.667+0800: 4657.288: Application time: 3.5382584 seconds
2018-10-12T11:59:56.668+0800: 4657.289: Application time: 0.0001693 seconds
2018-10-12T12:00:04.915+0800: 4665.536: Application time: 8.2461964 seconds
2018-10-12T12:00:45.935+0800: 4706.555: Application time: 41.0194969 seconds
2018-10-12T12:00:56.693+0800: 4717.314: Application time: 10.7584246 seconds
2018-10-12T12:00:56.693+0800: 4717.314: Application time: 0.0001139 seconds
2018-10-12T12:01:44.717+0800: 4765.337: Application time: 48.0227900 seconds
2018-10-12T12:01:46.718+0800: 4767.338: Application time: 2.0005430 seconds
2018-10-12T12:01:53.720+0800: 4774.341: Application time: 7.0025752 seconds
2018-10-12T12:01:56.724+0800: 4777.345: Application time: 3.0037226 seconds
2018-10-12T12:01:56.725+0800: 4777.345: Application time: 0.0002546 seconds
2018-10-12T12:01:57.726+0800: 4778.346: Application time: 1.0004298 seconds
2018-10-12T12:01:58.516+0800: 4779.137: Application time: 0.7912000 seconds
2018-10-12T12:02:03.518+0800: 4784.139: Application time: 5.0010822 seconds
2018-10-12T12:02:23.528+0800: 4804.149: Application time: 20.0099382 seconds
2018-10-12T12:02:53.540+0800: 4834.161: Application time: 30.0116871 seconds
2018-10-12T12:02:56.754+0800: 4837.375: Application time: 3.2137662 seconds
2018-10-12T12:02:56.755+0800: 4837.375: Application time: 0.0001777 seconds
2018-10-12T12:02:57.755+0800: 4838.375: Application time: 0.9996664 seconds
2018-10-12T12:03:16.764+0800: 4857.384: Application time: 19.0084166 seconds
2018-10-12T12:03:23.766+0800: 4864.387: Application time: 7.0022917 seconds
2018-10-12T12:03:56.790+0800: 4897.411: Application time: 33.0236909 seconds
2018-10-12T12:03:56.790+0800: 4897.411: Application time: 0.0001044 seconds
2018-10-12T12:04:04.794+0800: 4905.414: Application time: 8.0029218 seconds
2018-10-12T12:04:23.802+0800: 4924.422: Application time: 19.0077198 seconds
2018-10-12T12:04:56.821+0800: 4957.442: Application time: 33.0194034 seconds
2018-10-12T12:04:56.821+0800: 4957.442: Application time: 0.0000469 seconds
2018-10-12T12:04:57.822+0800: 4958.443: Application time: 1.0004866 seconds
2018-10-12T12:05:04.828+0800: 4965.449: Application time: 7.0063020 seconds
2018-10-12T12:05:16.833+0800: 4977.454: Application time: 12.0046288 seconds
2018-10-12T12:05:52.850+0800: 5013.471: Application time: 36.0165398 seconds
2018-10-12T12:05:53.851+0800: 5014.471: Application time: 1.0001192 seconds
2018-10-12T12:05:54.852+0800: 5015.472: Application time: 1.0006058 seconds
2018-10-12T12:05:56.848+0800: 5017.469: Application time: 1.9960447 seconds
2018-10-12T12:05:56.848+0800: 5017.469: Application time: 0.0000540 seconds
2018-10-12T12:05:57.848+0800: 5018.469: Application time: 1.0000599 seconds
2018-10-12T12:06:16.486+0800: 5037.107: Application time: 18.6379499 seconds
{Heap before GC invocations=137 (full 3):
 par new generation   total 78016K, used 74324K [0x00000006c2c00000, 0x00000006c80a0000, 0x00000006d78c0000)
  eden space 69376K, 100% used [0x00000006c2c00000, 0x00000006c6fc0000, 0x00000006c6fc0000)
  from space 8640K,  57% used [0x00000006c7830000, 0x00000006c7d05060, 0x00000006c80a0000)
  to   space 8640K,   0% used [0x00000006c6fc0000, 0x00000006c6fc0000, 0x00000006c7830000)
 concurrent mark-sweep generation total 173440K, used 69387K [0x00000006d78c0000, 0x00000006e2220000, 0x00000007c0000000)
 Metaspace       used 91121K, capacity 95347K, committed 95480K, reserved 1132544K
  class space    used 11837K, capacity 12562K, committed 12596K, reserved 1048576K
2018-10-12T12:06:16.486+0800: 5037.107: [GC (Allocation Failure) 2018-10-12T12:06:16.486+0800: 5037.107: [ParNew: 74324K->4933K(78016K), 0.0056070 secs] 143711K->74605K(251456K), 0.0056888 secs] [Times: user=0.00 sys=0.00, real=0.01 secs] 
Heap after GC invocations=138 (full 3):
 par new generation   total 78016K, used 4933K [0x00000006c2c00000, 0x00000006c80a0000, 0x00000006d78c0000)
  eden space 69376K,   0% used [0x00000006c2c00000, 0x00000006c2c00000, 0x00000006c6fc0000)
  from space 8640K,  57% used [0x00000006c6fc0000, 0x00000006c7491608, 0x00000006c7830000)
  to   space 8640K,   0% used [0x00000006c7830000, 0x00000006c7830000, 0x00000006c80a0000)
 concurrent mark-sweep generation total 173440K, used 69671K [0x00000006d78c0000, 0x00000006e2220000, 0x00000007c0000000)
 Metaspace       used 91121K, capacity 95347K, committed 95480K, reserved 1132544K
  class space    used 11837K, capacity 12562K, committed 12596K, reserved 1048576K
}
2018-10-12T12:06:23.496+0800: 5044.117: Application time: 7.0038883 seconds
2018-10-12T12:06:38.504+0800: 5059.124: Application time: 15.0072932 seconds
2018-10-12T12:06:44.506+0800: 5065.127: Application time: 6.0025745 seconds
2018-10-12T12:06:46.508+0800: 5067.128: Application time: 2.0011090 seconds
2018-10-12T12:06:53.511+0800: 5074.132: Application time: 7.0032554 seconds
2018-10-12T12:06:56.876+0800: 5077.497: Application time: 3.3643813 seconds
2018-10-12T12:06:56.876+0800: 5077.497: Application time: 0.0000279 seconds
2018-10-12T12:06:57.876+0800: 5078.497: Application time: 0.9997563 seconds
2018-10-12T12:06:58.514+0800: 5079.135: Application time: 0.6377732 seconds
2018-10-12T12:07:03.515+0800: 5084.136: Application time: 5.0010713 seconds
2018-10-12T12:07:46.536+0800: 5127.156: Application time: 43.0198206 seconds
2018-10-12T12:07:56.902+0800: 5137.523: Application time: 10.3670442 seconds
2018-10-12T12:07:56.902+0800: 5137.524: Application time: 0.0001181 seconds
2018-10-12T12:08:16.910+0800: 5157.531: Application time: 20.0070266 seconds
2018-10-12T12:08:23.913+0800: 5164.534: Application time: 7.0023527 seconds
2018-10-12T12:08:44.922+0800: 5185.542: Application time: 21.0085094 seconds
2018-10-12T12:08:56.928+0800: 5197.548: Application time: 12.0057237 seconds
2018-10-12T12:08:56.928+0800: 5197.549: Application time: 0.0000804 seconds
2018-10-12T12:09:24.938+0800: 5225.558: Application time: 28.0095020 seconds
2018-10-12T12:09:56.950+0800: 5257.570: Application time: 32.0117756 seconds
2018-10-12T12:09:56.950+0800: 5257.571: Application time: 0.0000257 seconds
2018-10-12T12:10:05.029+0800: 5265.649: Application time: 8.0786727 seconds
2018-10-12T12:10:53.050+0800: 5313.671: Application time: 48.0211369 seconds
2018-10-12T12:10:55.051+0800: 5315.672: Application time: 2.0008086 seconds
2018-10-12T12:10:56.981+0800: 5317.602: Application time: 1.9304647 seconds
2018-10-12T12:10:56.981+0800: 5317.602: Application time: 0.0000670 seconds
2018-10-12T12:10:57.982+0800: 5318.602: Application time: 0.9995564 seconds
2018-10-12T12:10:58.983+0800: 5319.603: Application time: 1.0005695 seconds
2018-10-12T12:11:06.987+0800: 5327.607: Application time: 8.0040375 seconds
2018-10-12T12:11:07.627+0800: 5328.248: Application time: 0.6404027 seconds
2018-10-12T12:11:07.628+0800: 5328.249: Application time: 0.0001781 seconds
2018-10-12T12:11:07.629+0800: 5328.250: Application time: 0.0005684 seconds
2018-10-12T12:11:07.629+0800: 5328.250: Application time: 0.0001992 seconds
2018-10-12T12:11:07.674+0800: 5328.295: Application time: 0.0437467 seconds
2018-10-12T12:11:07.674+0800: 5328.295: Application time: 0.0000910 seconds
2018-10-12T12:11:07.675+0800: 5328.296: Application time: 0.0001985 seconds
2018-10-12T12:11:16.647+0800: 5337.268: Application time: 8.9723763 seconds
2018-10-12T12:11:16.649+0800: 5337.270: Application time: 0.0001358 seconds
2018-10-12T12:11:16.649+0800: 5337.270: Application time: 0.0005575 seconds
2018-10-12T12:11:16.691+0800: 5337.313: Application time: 0.0416649 seconds
2018-10-12T12:11:16.692+0800: 5337.313: Application time: 0.0001908 seconds
2018-10-12T12:11:16.693+0800: 5337.314: Application time: 0.0002705 seconds
2018-10-12T12:11:24.566+0800: 5345.187: Application time: 7.8726337 seconds
2018-10-12T12:11:27.718+0800: 5348.339: Application time: 3.1518407 seconds
2018-10-12T12:11:27.718+0800: 5348.339: Application time: 0.0001329 seconds
2018-10-12T12:11:27.969+0800: 5348.589: Application time: 0.2499895 seconds
2018-10-12T12:11:27.969+0800: 5348.589: Application time: 0.0000261 seconds
2018-10-12T12:11:27.969+0800: 5348.590: Application time: 0.0000462 seconds
2018-10-12T12:11:28.675+0800: 5349.296: Application time: 0.7066446 seconds
2018-10-12T12:11:37.678+0800: 5358.299: Application time: 9.0021915 seconds
2018-10-12T12:11:39.703+0800: 5360.323: Application time: 2.0244420 seconds
2018-10-12T12:11:39.703+0800: 5360.324: Application time: 0.0001139 seconds
2018-10-12T12:11:39.742+0800: 5360.362: Application time: 0.0385615 seconds
2018-10-12T12:11:39.742+0800: 5360.363: Application time: 0.0000293 seconds
2018-10-12T12:11:39.742+0800: 5360.363: Application time: 0.0000476 seconds
2018-10-12T12:11:44.704+0800: 5365.325: Application time: 4.9618782 seconds
2018-10-12T12:11:46.714+0800: 5367.335: Application time: 2.0103084 seconds
2018-10-12T12:11:46.714+0800: 5367.335: Application time: 0.0000395 seconds
2018-10-12T12:11:46.714+0800: 5367.336: Application time: 0.0000652 seconds
2018-10-12T12:11:46.715+0800: 5367.336: Application time: 0.0001485 seconds
2018-10-12T12:11:46.755+0800: 5367.376: Application time: 0.0397050 seconds
2018-10-12T12:11:53.544+0800: 5374.165: Application time: 6.7892585 seconds
2018-10-12T12:11:54.545+0800: 5375.166: Application time: 1.0001456 seconds
2018-10-12T12:11:54.580+0800: 5375.200: Application time: 0.0346457 seconds
2018-10-12T12:11:57.020+0800: 5377.641: Application time: 2.4399576 seconds
2018-10-12T12:11:57.021+0800: 5377.641: Application time: 0.0001619 seconds
2018-10-12T12:11:58.515+0800: 5379.136: Application time: 1.4940096 seconds
2018-10-12T12:12:03.516+0800: 5384.137: Application time: 5.0012423 seconds
2018-10-12T12:12:23.527+0800: 5404.147: Application time: 20.0095753 seconds
2018-10-12T12:12:44.535+0800: 5425.155: Application time: 21.0079723 seconds
2018-10-12T12:12:52.992+0800: 5433.613: Application time: 8.4572612 seconds
2018-10-12T12:12:52.995+0800: 5433.616: Application time: 0.0024962 seconds
2018-10-12T12:12:57.049+0800: 5437.670: Application time: 4.0542766 seconds
2018-10-12T12:12:57.049+0800: 5437.671: Application time: 0.0000494 seconds
2018-10-12T12:13:45.071+0800: 5485.691: Application time: 48.0206344 seconds
2018-10-12T12:13:52.012+0800: 5492.632: Application time: 6.9407526 seconds
2018-10-12T12:13:52.012+0800: 5492.633: Application time: 0.0001294 seconds
2018-10-12T12:13:52.013+0800: 5492.633: Application time: 0.0001590 seconds
2018-10-12T12:13:52.013+0800: 5492.634: Application time: 0.0002906 seconds
2018-10-12T12:13:57.078+0800: 5497.699: Application time: 5.0644467 seconds
2018-10-12T12:13:57.078+0800: 5497.699: Application time: 0.0002218 seconds
2018-10-12T12:13:58.079+0800: 5498.699: Application time: 0.9994369 seconds
2018-10-12T12:14:47.100+0800: 5547.720: Application time: 49.0207427 seconds
2018-10-12T12:14:53.102+0800: 5553.723: Application time: 6.0020991 seconds
2018-10-12T12:14:57.104+0800: 5557.725: Application time: 4.0018943 seconds
2018-10-12T12:14:57.105+0800: 5557.725: Application time: 0.0001763 seconds
2018-10-12T12:14:58.105+0800: 5558.725: Application time: 0.9997687 seconds
2018-10-12T12:15:05.092+0800: 5565.713: Application time: 6.9870540 seconds
2018-10-12T12:15:16.217+0800: 5576.838: Application time: 11.1245196 seconds
2018-10-12T12:15:16.217+0800: 5576.838: Application time: 0.0000296 seconds
2018-10-12T12:15:16.217+0800: 5576.838: Application time: 0.0000240 seconds
2018-10-12T12:15:16.217+0800: 5576.838: Application time: 0.0000917 seconds
2018-10-12T12:15:16.217+0800: 5576.838: Application time: 0.0000363 seconds
2018-10-12T12:15:24.220+0800: 5584.841: Application time: 8.0022039 seconds
2018-10-12T12:15:57.129+0800: 5617.750: Application time: 32.9089878 seconds
2018-10-12T12:15:57.129+0800: 5617.750: Application time: 0.0000363 seconds
2018-10-12T12:16:57.160+0800: 5677.781: Application time: 60.0308614 seconds
2018-10-12T12:16:57.161+0800: 5677.782: Application time: 0.0001657 seconds
2018-10-12T12:16:58.515+0800: 5679.136: Application time: 1.3539664 seconds
2018-10-12T12:16:58.515+0800: 5679.136: Application time: 0.0000991 seconds
{Heap before GC invocations=138 (full 3):
 par new generation   total 78016K, used 74309K [0x00000006c2c00000, 0x00000006c80a0000, 0x00000006d78c0000)
  eden space 69376K, 100% used [0x00000006c2c00000, 0x00000006c6fc0000, 0x00000006c6fc0000)
  from space 8640K,  57% used [0x00000006c6fc0000, 0x00000006c7491608, 0x00000006c7830000)
  to   space 8640K,   0% used [0x00000006c7830000, 0x00000006c7830000, 0x00000006c80a0000)
 concurrent mark-sweep generation total 173440K, used 69671K [0x00000006d78c0000, 0x00000006e2220000, 0x00000007c0000000)
 Metaspace       used 91190K, capacity 95427K, committed 95480K, reserved 1132544K
  class space    used 11838K, capacity 12564K, committed 12596K, reserved 1048576K
2018-10-12T12:16:58.515+0800: 5679.137: [GC (Allocation Failure) 2018-10-12T12:16:58.515+0800: 5679.137: [ParNew: 74309K->4991K(78016K), 0.0061987 secs] 143981K->75619K(251456K), 0.0062660 secs] [Times: user=0.06 sys=0.00, real=0.01 secs] 
Heap after GC invocations=139 (full 3):
 par new generation   total 78016K, used 4991K [0x00000006c2c00000, 0x00000006c80a0000, 0x00000006d78c0000)
  eden space 69376K,   0% used [0x00000006c2c00000, 0x00000006c2c00000, 0x00000006c6fc0000)
  from space 8640K,  57% used [0x00000006c7830000, 0x00000006c7d0fec8, 0x00000006c80a0000)
  to   space 8640K,   0% used [0x00000006c6fc0000, 0x00000006c6fc0000, 0x00000006c7830000)
 concurrent mark-sweep generation total 173440K, used 70627K [0x00000006d78c0000, 0x00000006e2220000, 0x00000007c0000000)
 Metaspace       used 91190K, capacity 95427K, committed 95480K, reserved 1132544K
  class space    used 11838K, capacity 12564K, committed 12596K, reserved 1048576K
}
2018-10-12T12:16:58.522+0800: 5679.143: Application time: 0.0002239 seconds
2018-10-12T12:16:58.522+0800: 5679.143: Application time: 0.0000300 seconds
2018-10-12T12:16:58.522+0800: 5679.143: Application time: 0.0000578 seconds
2018-10-12T12:16:58.522+0800: 5679.144: Application time: 0.0000180 seconds
2018-10-12T12:16:58.523+0800: 5679.144: Application time: 0.0000289 seconds
2018-10-12T12:16:58.523+0800: 5679.144: Application time: 0.0000169 seconds
2018-10-12T12:16:58.523+0800: 5679.144: Application time: 0.0000356 seconds
2018-10-12T12:16:58.523+0800: 5679.144: Application time: 0.0000638 seconds
2018-10-12T12:17:03.516+0800: 5684.138: Application time: 4.9937107 seconds
2018-10-12T12:17:24.527+0800: 5705.148: Application time: 21.0092520 seconds
2018-10-12T12:17:25.527+0800: 5706.148: Application time: 1.0002154 seconds
2018-10-12T12:17:55.542+0800: 5736.163: Application time: 30.0147475 seconds
2018-10-12T12:17:57.188+0800: 5737.809: Application time: 1.6456168 seconds
2018-10-12T12:17:57.189+0800: 5737.810: Application time: 0.0002313 seconds
2018-10-12T12:18:25.203+0800: 5765.824: Application time: 28.0138970 seconds
2018-10-12T12:18:39.209+0800: 5779.830: Application time: 14.0058005 seconds
2018-10-12T12:18:44.211+0800: 5784.832: Application time: 5.0016947 seconds
2018-10-12T12:18:47.213+0800: 5787.833: Application time: 3.0014366 seconds
2018-10-12T12:18:50.214+0800: 5790.835: Application time: 3.0011227 seconds
2018-10-12T12:18:53.216+0800: 5793.836: Application time: 3.0009559 seconds
2018-10-12T12:18:54.216+0800: 5794.837: Application time: 1.0001389 seconds
2018-10-12T12:18:55.216+0800: 5795.837: Application time: 0.9999323 seconds
2018-10-12T12:18:57.217+0800: 5797.838: Application time: 2.0010272 seconds
2018-10-12T12:18:57.217+0800: 5797.838: Application time: 0.0000889 seconds
2018-10-12T12:18:58.218+0800: 5798.839: Application time: 0.9999852 seconds
2018-10-12T12:19:16.225+0800: 5816.846: Application time: 18.0070647 seconds
2018-10-12T12:19:17.226+0800: 5817.847: Application time: 1.0004584 seconds
2018-10-12T12:19:23.230+0800: 5823.850: Application time: 6.0031894 seconds
2018-10-12T12:19:46.138+0800: 5846.759: Application time: 22.9088633 seconds
2018-10-12T12:19:53.143+0800: 5853.763: Application time: 7.0032138 seconds
2018-10-12T12:19:57.248+0800: 5857.869: Application time: 4.1050717 seconds
2018-10-12T12:19:57.248+0800: 5857.869: Application time: 0.0000346 seconds
2018-10-12T12:20:00.249+0800: 5860.869: Application time: 3.0000666 seconds
2018-10-12T12:20:05.253+0800: 5865.874: Application time: 5.0046108 seconds
2018-10-12T12:20:17.257+0800: 5877.878: Application time: 12.0034578 seconds
2018-10-12T12:20:44.270+0800: 5904.891: Application time: 27.0130211 seconds
2018-10-12T12:20:47.271+0800: 5907.892: Application time: 3.0007126 seconds
2018-10-12T12:20:55.274+0800: 5915.895: Application time: 8.0028241 seconds
2018-10-12T12:20:57.275+0800: 5917.896: Application time: 2.0012641 seconds
2018-10-12T12:20:57.275+0800: 5917.896: Application time: 0.0000339 seconds
2018-10-12T12:21:46.294+0800: 5966.914: Application time: 49.0178484 seconds
2018-10-12T12:21:57.301+0800: 5977.922: Application time: 11.0077339 seconds
2018-10-12T12:21:57.301+0800: 5977.922: Application time: 0.0000317 seconds
2018-10-12T12:21:58.510+0800: 5979.131: Application time: 1.2088275 seconds
2018-10-12T12:22:03.511+0800: 5984.132: Application time: 5.0008597 seconds
2018-10-12T12:22:47.527+0800: 6028.148: Application time: 44.0157997 seconds
2018-10-12T12:22:53.529+0800: 6034.150: Application time: 6.0018498 seconds
2018-10-12T12:22:57.325+0800: 6037.946: Application time: 3.7954843 seconds
2018-10-12T12:22:57.325+0800: 6037.946: Application time: 0.0000582 seconds
2018-10-12T12:23:00.327+0800: 6040.947: Application time: 3.0012955 seconds
2018-10-12T12:23:16.678+0800: 6057.298: Application time: 16.3509000 seconds
2018-10-12T12:23:16.680+0800: 6057.300: Application time: 0.0020459 seconds
2018-10-12T12:23:23.684+0800: 6064.305: Application time: 7.0044955 seconds
2018-10-12T12:23:24.752+0800: 6065.372: Application time: 1.0669302 seconds
2018-10-12T12:23:24.752+0800: 6065.373: Application time: 0.0002916 seconds
2018-10-12T12:23:24.754+0800: 6065.374: Application time: 0.0009760 seconds
2018-10-12T12:23:46.764+0800: 6087.385: Application time: 22.0103645 seconds
2018-10-12T12:23:53.768+0800: 6094.388: Application time: 7.0034468 seconds
2018-10-12T12:23:57.354+0800: 6097.975: Application time: 3.5865112 seconds
2018-10-12T12:23:57.355+0800: 6097.976: Application time: 0.0001922 seconds
2018-10-12T12:23:58.356+0800: 6098.976: Application time: 1.0001139 seconds
2018-10-12T12:24:03.358+0800: 6103.978: Application time: 5.0016488 seconds
2018-10-12T12:24:17.366+0800: 6117.987: Application time: 14.0081793 seconds
2018-10-12T12:24:23.368+0800: 6123.988: Application time: 6.0011799 seconds
2018-10-12T12:24:53.382+0800: 6154.003: Application time: 30.0145352 seconds
2018-10-12T12:24:55.384+0800: 6156.004: Application time: 2.0006530 seconds
2018-10-12T12:24:57.385+0800: 6158.006: Application time: 2.0014076 seconds
2018-10-12T12:24:57.385+0800: 6158.006: Application time: 0.0000451 seconds
2018-10-12T12:25:05.204+0800: 6165.825: Application time: 7.8190529 seconds
2018-10-12T12:25:16.209+0800: 6176.830: Application time: 11.0045724 seconds
2018-10-12T12:25:17.210+0800: 6177.830: Application time: 1.0002698 seconds
2018-10-12T12:25:23.215+0800: 6183.835: Application time: 6.0049063 seconds
2018-10-12T12:25:25.216+0800: 6185.837: Application time: 2.0007952 seconds
2018-10-12T12:25:46.207+0800: 6206.829: Application time: 20.9922269 seconds
2018-10-12T12:25:46.208+0800: 6206.830: Application time: 0.0001855 seconds
2018-10-12T12:25:57.414+0800: 6218.035: Application time: 11.2051000 seconds
2018-10-12T12:25:57.414+0800: 6218.036: Application time: 0.0001026 seconds
2018-10-12T12:25:58.416+0800: 6219.037: Application time: 1.0005758 seconds
2018-10-12T12:26:24.426+0800: 6245.046: Application time: 26.0096120 seconds
2018-10-12T12:26:53.439+0800: 6274.059: Application time: 29.0125983 seconds
2018-10-12T12:26:54.439+0800: 6275.060: Application time: 1.0005198 seconds
2018-10-12T12:26:57.485+0800: 6278.106: Application time: 3.0459114 seconds
2018-10-12T12:26:57.485+0800: 6278.106: Application time: 0.0000317 seconds
2018-10-12T12:26:58.486+0800: 6279.106: Application time: 1.0001922 seconds
2018-10-12T12:26:58.510+0800: 6279.131: Application time: 0.0246317 seconds
2018-10-12T12:27:03.511+0800: 6284.132: Application time: 5.0004062 seconds
2018-10-12T12:27:23.524+0800: 6304.144: Application time: 20.0122136 seconds
2018-10-12T12:27:24.524+0800: 6305.145: Application time: 1.0002401 seconds
2018-10-12T12:27:57.513+0800: 6338.134: Application time: 32.9889486 seconds
2018-10-12T12:27:57.514+0800: 6338.134: Application time: 0.0001195 seconds
2018-10-12T12:27:58.514+0800: 6339.135: Application time: 1.0005638 seconds
2018-10-12T12:28:01.756+0800: 6342.377: Application time: 3.2421614 seconds
{Heap before GC invocations=139 (full 3):
 par new generation   total 78016K, used 74367K [0x00000006c2c00000, 0x00000006c80a0000, 0x00000006d78c0000)
  eden space 69376K, 100% used [0x00000006c2c00000, 0x00000006c6fc0000, 0x00000006c6fc0000)
  from space 8640K,  57% used [0x00000006c7830000, 0x00000006c7d0fec8, 0x00000006c80a0000)
  to   space 8640K,   0% used [0x00000006c6fc0000, 0x00000006c6fc0000, 0x00000006c7830000)
 concurrent mark-sweep generation total 173440K, used 70627K [0x00000006d78c0000, 0x00000006e2220000, 0x00000007c0000000)
 Metaspace       used 91317K, capacity 95571K, committed 95736K, reserved 1132544K
  class space    used 11839K, capacity 12566K, committed 12596K, reserved 1048576K
2018-10-12T12:28:01.756+0800: 6342.378: [GC (Allocation Failure) 2018-10-12T12:28:01.756+0800: 6342.378: [ParNew: 74367K->2893K(78016K), 0.0129280 secs] 144995K->73916K(251456K), 0.0130542 secs] [Times: user=0.05 sys=0.01, real=0.01 secs] 
Heap after GC invocations=140 (full 3):
 par new generation   total 78016K, used 2893K [0x00000006c2c00000, 0x00000006c80a0000, 0x00000006d78c0000)
  eden space 69376K,   0% used [0x00000006c2c00000, 0x00000006c2c00000, 0x00000006c6fc0000)
  from space 8640K,  33% used [0x00000006c6fc0000, 0x00000006c7293458, 0x00000006c7830000)
  to   space 8640K,   0% used [0x00000006c7830000, 0x00000006c7830000, 0x00000006c80a0000)
 concurrent mark-sweep generation total 173440K, used 71023K [0x00000006d78c0000, 0x00000006e2220000, 0x00000007c0000000)
 Metaspace       used 91317K, capacity 95571K, committed 95736K, reserved 1132544K
  class space    used 11839K, capacity 12566K, committed 12596K, reserved 1048576K
}
2018-10-12T12:28:03.770+0800: 6344.390: Application time: 1.9995353 seconds
2018-10-12T12:28:15.776+0800: 6356.396: Application time: 12.0058090 seconds
2018-10-12T12:28:16.776+0800: 6357.397: Application time: 1.0001855 seconds
2018-10-12T12:28:22.780+0800: 6363.400: Application time: 6.0031228 seconds
2018-10-12T12:28:49.793+0800: 6390.414: Application time: 27.0137870 seconds
2018-10-12T12:28:57.543+0800: 6398.163: Application time: 7.7493331 seconds
2018-10-12T12:28:57.543+0800: 6398.164: Application time: 0.0001354 seconds
2018-10-12T12:29:05.548+0800: 6406.169: Application time: 8.0043241 seconds
2018-10-12T12:29:23.558+0800: 6424.178: Application time: 18.0094424 seconds
2018-10-12T12:29:57.576+0800: 6458.197: Application time: 34.0181908 seconds
2018-10-12T12:29:57.577+0800: 6458.197: Application time: 0.0001502 seconds
2018-10-12T12:29:58.578+0800: 6459.198: Application time: 1.0005272 seconds
2018-10-12T12:30:05.586+0800: 6466.207: Application time: 7.0084388 seconds
2018-10-12T12:30:57.603+0800: 6518.224: Application time: 52.0164418 seconds
2018-10-12T12:30:57.603+0800: 6518.224: Application time: 0.0000279 seconds
2018-10-12T12:30:58.604+0800: 6519.224: Application time: 1.0004951 seconds
2018-10-12T12:31:57.632+0800: 6578.253: Application time: 59.0279230 seconds
2018-10-12T12:31:57.632+0800: 6578.253: Application time: 0.0000666 seconds
2018-10-12T12:32:03.516+0800: 6584.137: Application time: 5.8841033 seconds
2018-10-12T12:32:03.517+0800: 6584.138: Application time: 0.0006626 seconds
2018-10-12T12:32:57.659+0800: 6638.280: Application time: 54.1420701 seconds
2018-10-12T12:32:57.659+0800: 6638.281: Application time: 0.0000762 seconds
2018-10-12T12:33:17.671+0800: 6658.291: Application time: 20.0104879 seconds
2018-10-12T12:33:57.689+0800: 6698.310: Application time: 40.0184930 seconds
2018-10-12T12:33:57.690+0800: 6698.310: Application time: 0.0001576 seconds
2018-10-12T12:34:24.702+0800: 6725.323: Application time: 27.0122221 seconds
2018-10-12T12:34:53.713+0800: 6754.333: Application time: 29.0100559 seconds
2018-10-12T12:34:54.714+0800: 6755.334: Application time: 1.0007243 seconds
2018-10-12T12:34:57.712+0800: 6758.333: Application time: 2.9982355 seconds
2018-10-12T12:34:57.712+0800: 6758.333: Application time: 0.0000275 seconds
2018-10-12T12:35:00.714+0800: 6761.334: Application time: 3.0011058 seconds
2018-10-12T12:35:05.340+0800: 6765.960: Application time: 4.6257405 seconds
2018-10-12T12:35:44.361+0800: 6804.982: Application time: 39.0211958 seconds
2018-10-12T12:35:57.742+0800: 6818.362: Application time: 13.3802596 seconds
2018-10-12T12:35:57.742+0800: 6818.363: Application time: 0.0001812 seconds
2018-10-12T12:36:46.765+0800: 6867.386: Application time: 49.0224980 seconds
2018-10-12T12:36:57.767+0800: 6878.388: Application time: 11.0014796 seconds
2018-10-12T12:36:57.767+0800: 6878.388: Application time: 0.0001121 seconds
2018-10-12T12:36:58.518+0800: 6879.139: Application time: 0.7511110 seconds
2018-10-12T12:37:03.519+0800: 6884.140: Application time: 5.0009126 seconds
2018-10-12T12:37:23.527+0800: 6904.148: Application time: 20.0074251 seconds
2018-10-12T12:37:44.538+0800: 6925.159: Application time: 21.0106945 seconds
2018-10-12T12:37:53.267+0800: 6933.888: Application time: 8.7283143 seconds
2018-10-12T12:37:53.269+0800: 6933.890: Application time: 0.0019369 seconds
2018-10-12T12:37:57.799+0800: 6938.420: Application time: 4.5300424 seconds
2018-10-12T12:37:57.799+0800: 6938.420: Application time: 0.0000279 seconds
2018-10-12T12:38:23.810+0800: 6964.431: Application time: 26.0106568 seconds
2018-10-12T12:38:24.811+0800: 6965.431: Application time: 1.0000162 seconds
2018-10-12T12:38:47.823+0800: 6988.444: Application time: 23.0122295 seconds
2018-10-12T12:38:53.826+0800: 6994.447: Application time: 6.0029373 seconds
2018-10-12T12:38:54.827+0800: 6995.448: Application time: 1.0001848 seconds
2018-10-12T12:38:57.831+0800: 6998.452: Application time: 3.0040480 seconds
2018-10-12T12:38:57.831+0800: 6998.452: Application time: 0.0000335 seconds
2018-10-12T12:38:58.831+0800: 6999.452: Application time: 0.9999344 seconds
2018-10-12T12:39:04.618+0800: 7005.239: Application time: 5.7871079 seconds
{Heap before GC invocations=140 (full 3):
 par new generation   total 78016K, used 72269K [0x00000006c2c00000, 0x00000006c80a0000, 0x00000006d78c0000)
  eden space 69376K, 100% used [0x00000006c2c00000, 0x00000006c6fc0000, 0x00000006c6fc0000)
  from space 8640K,  33% used [0x00000006c6fc0000, 0x00000006c7293458, 0x00000006c7830000)
  to   space 8640K,   0% used [0x00000006c7830000, 0x00000006c7830000, 0x00000006c80a0000)
 concurrent mark-sweep generation total 173440K, used 71023K [0x00000006d78c0000, 0x00000006e2220000, 0x00000007c0000000)
 Metaspace       used 91363K, capacity 95583K, committed 95736K, reserved 1132544K
  class space    used 11840K, capacity 12568K, committed 12596K, reserved 1048576K
2018-10-12T12:39:04.619+0800: 7005.240: [GC (Allocation Failure) 2018-10-12T12:39:04.619+0800: 7005.240: [ParNew: 72269K->3019K(78016K), 0.0123846 secs] 143292K->74176K(251456K), 0.0125461 secs] [Times: user=0.05 sys=0.01, real=0.01 secs] 
Heap after GC invocations=141 (full 3):
 par new generation   total 78016K, used 3019K [0x00000006c2c00000, 0x00000006c80a0000, 0x00000006d78c0000)
  eden space 69376K,   0% used [0x00000006c2c00000, 0x00000006c2c00000, 0x00000006c6fc0000)
  from space 8640K,  34% used [0x00000006c7830000, 0x00000006c7b22ea8, 0x00000006c80a0000)
  to   space 8640K,   0% used [0x00000006c6fc0000, 0x00000006c6fc0000, 0x00000006c7830000)
 concurrent mark-sweep generation total 173440K, used 71156K [0x00000006d78c0000, 0x00000006e2220000, 0x00000007c0000000)
 Metaspace       used 91363K, capacity 95583K, committed 95736K, reserved 1132544K
  class space    used 11840K, capacity 12568K, committed 12596K, reserved 1048576K
}
2018-10-12T12:39:05.633+0800: 7006.253: Application time: 1.0005804 seconds
2018-10-12T12:39:57.856+0800: 7058.477: Application time: 52.2236303 seconds
2018-10-12T12:39:57.857+0800: 7058.478: Application time: 0.0001224 seconds
2018-10-12T12:40:05.414+0800: 7066.035: Application time: 7.5557553 seconds
2018-10-12T12:40:23.422+0800: 7084.043: Application time: 18.0077900 seconds
2018-10-12T12:40:24.423+0800: 7085.044: Application time: 1.0006389 seconds
2018-10-12T12:40:28.425+0800: 7089.045: Application time: 4.0011058 seconds
2018-10-12T12:40:39.969+0800: 7100.590: Application time: 11.5444898 seconds
2018-10-12T12:40:42.230+0800: 7102.851: Application time: 2.2603600 seconds
2018-10-12T12:40:42.231+0800: 7102.851: Application time: 0.0001446 seconds
2018-10-12T12:40:42.231+0800: 7102.852: Application time: 0.0001749 seconds
2018-10-12T12:40:42.232+0800: 7102.852: Application time: 0.0001830 seconds
2018-10-12T12:40:42.232+0800: 7102.853: Application time: 0.0003865 seconds
2018-10-12T12:40:42.233+0800: 7102.853: Application time: 0.0002013 seconds
2018-10-12T12:40:47.235+0800: 7107.855: Application time: 5.0016975 seconds
2018-10-12T12:40:54.998+0800: 7115.619: Application time: 7.7631892 seconds
2018-10-12T12:40:57.887+0800: 7118.508: Application time: 2.8891136 seconds
2018-10-12T12:40:57.888+0800: 7118.509: Application time: 0.0002331 seconds
2018-10-12T12:40:58.051+0800: 7118.672: Application time: 0.1627919 seconds
2018-10-12T12:40:58.051+0800: 7118.672: Application time: 0.0000980 seconds
2018-10-12T12:40:58.052+0800: 7118.673: Application time: 0.0001435 seconds
2018-10-12T12:41:03.295+0800: 7123.916: Application time: 5.2429516 seconds
2018-10-12T12:41:03.295+0800: 7123.916: Application time: 0.0000250 seconds
2018-10-12T12:41:03.295+0800: 7123.916: Application time: 0.0000522 seconds
2018-10-12T12:41:03.676+0800: 7124.297: Application time: 0.3805389 seconds
2018-10-12T12:41:03.676+0800: 7124.297: Application time: 0.0000257 seconds
2018-10-12T12:41:03.676+0800: 7124.297: Application time: 0.0000272 seconds
2018-10-12T12:41:03.676+0800: 7124.298: Application time: 0.0000286 seconds
2018-10-12T12:41:03.676+0800: 7124.298: Application time: 0.0001375 seconds
2018-10-12T12:41:03.677+0800: 7124.298: Application time: 0.0000681 seconds
2018-10-12T12:41:06.683+0800: 7127.304: Application time: 3.0057600 seconds
2018-10-12T12:41:06.684+0800: 7127.304: Application time: 0.0001231 seconds
2018-10-12T12:41:06.684+0800: 7127.305: Application time: 0.0000924 seconds
2018-10-12T12:41:06.685+0800: 7127.306: Application time: 0.0000917 seconds
2018-10-12T12:41:06.686+0800: 7127.306: Application time: 0.0003117 seconds
2018-10-12T12:41:06.687+0800: 7127.307: Application time: 0.0001830 seconds
2018-10-12T12:41:06.795+0800: 7127.416: Application time: 0.1080538 seconds
2018-10-12T12:41:06.796+0800: 7127.416: Application time: 0.0003780 seconds
2018-10-12T12:41:13.312+0800: 7133.933: Application time: 6.5161744 seconds
2018-10-12T12:41:13.312+0800: 7133.933: Application time: 0.0000807 seconds
2018-10-12T12:41:13.312+0800: 7133.934: Application time: 0.0001343 seconds
2018-10-12T12:41:16.264+0800: 7136.885: Application time: 2.9510205 seconds
2018-10-12T12:41:16.264+0800: 7136.885: Application time: 0.0000250 seconds
2018-10-12T12:41:16.264+0800: 7136.885: Application time: 0.0000250 seconds
2018-10-12T12:41:16.264+0800: 7136.885: Application time: 0.0002415 seconds
2018-10-12T12:41:16.708+0800: 7137.329: Application time: 0.4432317 seconds
2018-10-12T12:41:16.708+0800: 7137.329: Application time: 0.0001164 seconds
2018-10-12T12:41:24.713+0800: 7145.334: Application time: 8.0045438 seconds
2018-10-12T12:41:38.377+0800: 7158.998: Application time: 13.6637703 seconds
2018-10-12T12:41:39.752+0800: 7160.373: Application time: 1.3750077 seconds
2018-10-12T12:41:39.753+0800: 7160.373: Application time: 0.0001502 seconds
2018-10-12T12:41:39.753+0800: 7160.374: Application time: 0.0001869 seconds
2018-10-12T12:41:39.755+0800: 7160.375: Application time: 0.0005801 seconds
2018-10-12T12:41:39.867+0800: 7160.488: Application time: 0.1123875 seconds
2018-10-12T12:41:39.868+0800: 7160.489: Application time: 0.0001481 seconds
2018-10-12T12:41:39.869+0800: 7160.489: Application time: 0.0003350 seconds
2018-10-12T12:41:53.544+0800: 7174.164: Application time: 13.6746802 seconds
2018-10-12T12:41:57.916+0800: 7178.537: Application time: 4.3728709 seconds
2018-10-12T12:41:57.917+0800: 7178.538: Application time: 0.0002056 seconds
2018-10-12T12:41:58.511+0800: 7179.132: Application time: 0.5937659 seconds
2018-10-12T12:42:03.512+0800: 7184.134: Application time: 5.0012906 seconds
2018-10-12T12:42:55.034+0800: 7235.655: Application time: 51.5206554 seconds
2018-10-12T12:42:55.035+0800: 7235.655: Application time: 0.0001245 seconds
2018-10-12T12:42:55.036+0800: 7235.657: Application time: 0.0005106 seconds
2018-10-12T12:42:57.943+0800: 7238.564: Application time: 2.9069162 seconds
2018-10-12T12:42:57.943+0800: 7238.564: Application time: 0.0000649 seconds
2018-10-12T12:43:57.972+0800: 7298.593: Application time: 60.0286286 seconds
2018-10-12T12:43:57.973+0800: 7298.593: Application time: 0.0000631 seconds
2018-10-12T12:43:58.973+0800: 7299.594: Application time: 1.0002391 seconds
2018-10-12T12:44:23.983+0800: 7324.604: Application time: 25.0100136 seconds
2018-10-12T12:44:57.999+0800: 7358.620: Application time: 34.0157426 seconds
2018-10-12T12:44:57.999+0800: 7358.621: Application time: 0.0001668 seconds
2018-10-12T12:44:59.001+0800: 7359.621: Application time: 1.0002405 seconds
2018-10-12T12:45:05.009+0800: 7365.630: Application time: 6.0082720 seconds
2018-10-12T12:45:17.014+0800: 7377.635: Application time: 12.0048936 seconds
2018-10-12T12:45:24.017+0800: 7384.637: Application time: 7.0025127 seconds
2018-10-12T12:45:45.027+0800: 7405.647: Application time: 21.0096628 seconds
2018-10-12T12:45:56.032+0800: 7416.653: Application time: 11.0050710 seconds
2018-10-12T12:45:58.029+0800: 7418.650: Application time: 1.9970052 seconds
2018-10-12T12:45:58.029+0800: 7418.650: Application time: 0.0001749 seconds
2018-10-12T13:39:36.276+0800: 10636.903: Application time: 3218.2529141 seconds
2018-10-12T13:39:36.413+0800: 10637.042: Application time: 0.1379952 seconds
2018-10-12T13:39:36.414+0800: 10637.042: Application time: 0.0000324 seconds
2018-10-12T13:39:45.110+0800: 10645.738: Application time: 8.6955361 seconds
2018-10-12T13:39:45.112+0800: 10645.740: Application time: 0.0018745 seconds
2018-10-12T13:39:56.042+0800: 10656.670: Application time: 10.9301759 seconds
2018-10-12T13:39:56.042+0800: 10656.670: Application time: 0.0000441 seconds
2018-10-12T13:39:56.042+0800: 10656.670: Application time: 0.0001442 seconds
2018-10-12T13:39:56.042+0800: 10656.671: Application time: 0.0002137 seconds
2018-10-12T13:39:56.043+0800: 10656.671: Application time: 0.0001953 seconds
2018-10-12T13:39:56.688+0800: 10657.315: Application time: 0.6437797 seconds
2018-10-12T13:39:56.688+0800: 10657.316: Application time: 0.0000307 seconds
2018-10-12T13:39:56.688+0800: 10657.316: Application time: 0.0000257 seconds
2018-10-12T13:39:56.688+0800: 10657.316: Application time: 0.0001848 seconds
2018-10-12T13:39:56.688+0800: 10657.316: Application time: 0.0001174 seconds
2018-10-12T13:39:56.689+0800: 10657.316: Application time: 0.0000409 seconds
2018-10-12T13:40:07.746+0800: 10668.374: Application time: 11.0574371 seconds
2018-10-12T13:40:14.603+0800: 10675.231: Application time: 6.8574257 seconds
2018-10-12T13:40:14.744+0800: 10675.372: Application time: 0.1409269 seconds
2018-10-12T13:40:14.780+0800: 10675.408: Application time: 0.0350268 seconds
2018-10-12T13:40:14.782+0800: 10675.410: Application time: 0.0021404 seconds
2018-10-12T13:40:15.782+0800: 10676.410: Application time: 0.9996590 seconds
2018-10-12T13:40:16.783+0800: 10677.410: Application time: 1.0003152 seconds
2018-10-12T13:40:18.783+0800: 10679.411: Application time: 2.0005243 seconds
2018-10-12T13:40:29.841+0800: 10690.469: Application time: 11.0579046 seconds
2018-10-12T13:40:29.841+0800: 10690.469: Application time: 0.0000374 seconds
2018-10-12T13:40:29.841+0800: 10690.469: Application time: 0.0001188 seconds
2018-10-12T13:40:29.842+0800: 10690.470: Application time: 0.0000504 seconds
2018-10-12T13:40:29.842+0800: 10690.470: Application time: 0.0001111 seconds
2018-10-12T13:40:29.842+0800: 10690.470: Application time: 0.0000356 seconds
2018-10-12T13:40:36.568+0800: 10697.196: Application time: 6.7255794 seconds
2018-10-12T13:40:36.568+0800: 10697.196: Application time: 0.0001023 seconds
2018-10-12T13:40:37.568+0800: 10698.196: Application time: 0.9996523 seconds
2018-10-12T13:40:45.572+0800: 10706.200: Application time: 8.0042868 seconds
2018-10-12T13:41:14.612+0800: 10735.240: Application time: 29.0393298 seconds
2018-10-12T13:41:15.613+0800: 10736.240: Application time: 1.0003533 seconds
2018-10-12T13:41:16.614+0800: 10737.241: Application time: 1.0007387 seconds
2018-10-12T13:41:36.597+0800: 10757.225: Application time: 19.9832821 seconds
2018-10-12T13:41:36.597+0800: 10757.225: Application time: 0.0001636 seconds
2018-10-12T13:41:58.507+0800: 10779.135: Application time: 21.9092921 seconds
2018-10-12T13:42:03.508+0800: 10784.136: Application time: 5.0002944 seconds
2018-10-12T13:42:05.574+0800: 10786.202: Application time: 2.0659951 seconds
{Heap before GC invocations=141 (full 3):
 par new generation   total 78016K, used 72395K [0x00000006c2c00000, 0x00000006c80a0000, 0x00000006d78c0000)
  eden space 69376K, 100% used [0x00000006c2c00000, 0x00000006c6fc0000, 0x00000006c6fc0000)
  from space 8640K,  34% used [0x00000006c7830000, 0x00000006c7b22ea8, 0x00000006c80a0000)
  to   space 8640K,   0% used [0x00000006c6fc0000, 0x00000006c6fc0000, 0x00000006c7830000)
 concurrent mark-sweep generation total 173440K, used 71156K [0x00000006d78c0000, 0x00000006e2220000, 0x00000007c0000000)
 Metaspace       used 91478K, capacity 95723K, committed 95992K, reserved 1132544K
  class space    used 11842K, capacity 12570K, committed 12596K, reserved 1048576K
2018-10-12T13:42:05.574+0800: 10786.202: [GC (Allocation Failure) 2018-10-12T13:42:05.574+0800: 10786.202: [ParNew: 72395K->2958K(78016K), 0.0166107 secs] 143552K->74287K(251456K), 0.0168322 secs] [Times: user=0.05 sys=0.02, real=0.02 secs] 
Heap after GC invocations=142 (full 3):
 par new generation   total 78016K, used 2958K [0x00000006c2c00000, 0x00000006c80a0000, 0x00000006d78c0000)
  eden space 69376K,   0% used [0x00000006c2c00000, 0x00000006c2c00000, 0x00000006c6fc0000)
  from space 8640K,  34% used [0x00000006c6fc0000, 0x00000006c72a3bc0, 0x00000006c7830000)
  to   space 8640K,   0% used [0x00000006c7830000, 0x00000006c7830000, 0x00000006c80a0000)
 concurrent mark-sweep generation total 173440K, used 71328K [0x00000006d78c0000, 0x00000006e2220000, 0x00000007c0000000)
 Metaspace       used 91478K, capacity 95723K, committed 95992K, reserved 1132544K
  class space    used 11842K, capacity 12570K, committed 12596K, reserved 1048576K
}
2018-10-12T13:42:05.592+0800: 10786.219: Application time: 0.0002359 seconds
2018-10-12T13:42:05.592+0800: 10786.220: Application time: 0.0000681 seconds
2018-10-12T13:42:05.592+0800: 10786.220: Application time: 0.0000924 seconds
2018-10-12T13:42:05.592+0800: 10786.220: Application time: 0.0000677 seconds
2018-10-12T13:42:05.593+0800: 10786.221: Application time: 0.0000906 seconds
2018-10-12T13:42:05.593+0800: 10786.221: Application time: 0.0000666 seconds
2018-10-12T13:42:05.593+0800: 10786.221: Application time: 0.0001079 seconds
2018-10-12T13:42:05.594+0800: 10786.222: Application time: 0.0000508 seconds
2018-10-12T13:42:05.594+0800: 10786.222: Application time: 0.0000807 seconds
2018-10-12T13:42:05.594+0800: 10786.222: Application time: 0.0000339 seconds
2018-10-12T13:42:05.594+0800: 10786.222: Application time: 0.0000473 seconds
2018-10-12T13:42:05.594+0800: 10786.222: Application time: 0.0000331 seconds
2018-10-12T13:42:05.595+0800: 10786.222: Application time: 0.0000599 seconds
2018-10-12T13:42:05.595+0800: 10786.223: Application time: 0.0000508 seconds
2018-10-12T13:42:05.595+0800: 10786.223: Application time: 0.0000913 seconds
2018-10-12T13:42:05.595+0800: 10786.223: Application time: 0.0000490 seconds
2018-10-12T13:42:16.600+0800: 10797.228: Application time: 11.0046820 seconds
2018-10-12T13:42:36.653+0800: 10817.281: Application time: 20.0525463 seconds
2018-10-12T13:42:36.653+0800: 10817.281: Application time: 0.0001858 seconds
2018-10-12T13:42:38.655+0800: 10819.282: Application time: 2.0008177 seconds
2018-10-12T13:42:45.659+0800: 10826.286: Application time: 7.0035251 seconds
2018-10-12T13:43:16.672+0800: 10857.300: Application time: 31.0133571 seconds
2018-10-12T13:43:26.650+0800: 10867.278: Application time: 9.9776275 seconds
2018-10-12T13:43:36.682+0800: 10877.310: Application time: 10.0323656 seconds
2018-10-12T13:43:36.683+0800: 10877.311: Application time: 0.0001760 seconds
2018-10-12T13:43:37.684+0800: 10878.312: Application time: 1.0005346 seconds
2018-10-12T13:43:45.689+0800: 10886.316: Application time: 8.0044955 seconds
2018-10-12T13:43:46.689+0800: 10887.317: Application time: 1.0001760 seconds
2018-10-12T13:43:56.693+0800: 10897.320: Application time: 10.0035008 seconds
2018-10-12T13:44:08.699+0800: 10909.327: Application time: 12.0066087 seconds
2018-10-12T13:44:14.703+0800: 10915.331: Application time: 6.0033827 seconds
2018-10-12T13:44:16.704+0800: 10917.331: Application time: 2.0003241 seconds
2018-10-12T13:44:36.715+0800: 10937.342: Application time: 20.0106790 seconds
2018-10-12T13:44:36.715+0800: 10937.342: Application time: 0.0000289 seconds
2018-10-12T13:44:38.715+0800: 10939.343: Application time: 2.0003597 seconds
2018-10-12T13:44:44.717+0800: 10945.345: Application time: 6.0018696 seconds
2018-10-12T13:45:14.732+0800: 10975.360: Application time: 30.0143261 seconds
2018-10-12T13:45:36.745+0800: 10997.373: Application time: 22.0128716 seconds
2018-10-12T13:45:36.745+0800: 10997.373: Application time: 0.0000980 seconds
2018-10-12T13:45:44.748+0800: 11005.376: Application time: 8.0026143 seconds
2018-10-12T13:46:36.776+0800: 11057.403: Application time: 52.0273557 seconds
2018-10-12T13:46:36.776+0800: 11057.403: Application time: 0.0000427 seconds
2018-10-12T13:46:44.672+0800: 11065.300: Application time: 7.8960976 seconds
2018-10-12T13:46:44.674+0800: 11065.302: Application time: 0.0019598 seconds
2018-10-12T13:47:03.506+0800: 11084.133: Application time: 18.8314195 seconds
2018-10-12T13:47:03.506+0800: 11084.134: Application time: 0.0005254 seconds
2018-10-12T13:47:08.508+0800: 11089.136: Application time: 5.0016686 seconds
2018-10-12T13:47:36.801+0800: 11117.429: Application time: 28.2926128 seconds
2018-10-12T13:47:36.801+0800: 11117.429: Application time: 0.0001851 seconds
2018-10-12T13:47:37.801+0800: 11118.429: Application time: 0.9994936 seconds
2018-10-12T13:47:44.804+0800: 11125.431: Application time: 7.0024796 seconds
2018-10-12T13:48:26.861+0800: 11167.489: Application time: 42.0569610 seconds
2018-10-12T13:48:36.826+0800: 11177.454: Application time: 9.9651477 seconds
2018-10-12T13:48:36.826+0800: 11177.454: Application time: 0.0000543 seconds
2018-10-12T13:48:37.827+0800: 11178.455: Application time: 1.0001030 seconds
2018-10-12T13:48:59.837+0800: 11200.465: Application time: 22.0099960 seconds
2018-10-12T13:49:08.841+0800: 11209.469: Application time: 9.0040502 seconds
2018-10-12T13:49:36.857+0800: 11237.485: Application time: 28.0156816 seconds
2018-10-12T13:49:36.857+0800: 11237.485: Application time: 0.0001745 seconds
2018-10-12T13:49:37.858+0800: 11238.486: Application time: 1.0001636 seconds
2018-10-12T13:50:36.884+0800: 11297.512: Application time: 59.0260316 seconds
2018-10-12T13:50:36.885+0800: 11297.512: Application time: 0.0000360 seconds
2018-10-12T13:50:37.885+0800: 11298.513: Application time: 1.0001509 seconds
2018-10-12T13:50:38.885+0800: 11299.513: Application time: 1.0001171 seconds
2018-10-12T13:50:45.888+0800: 11306.516: Application time: 7.0026256 seconds
2018-10-12T13:51:07.899+0800: 11328.527: Application time: 22.0107337 seconds
2018-10-12T13:51:36.913+0800: 11357.540: Application time: 29.0137767 seconds
2018-10-12T13:51:36.913+0800: 11357.541: Application time: 0.0000490 seconds
2018-10-12T13:51:38.913+0800: 11359.541: Application time: 1.9997789 seconds
2018-10-12T13:51:46.917+0800: 11367.545: Application time: 8.0042772 seconds
2018-10-12T13:51:58.504+0800: 11379.132: Application time: 11.5863508 seconds
2018-10-12T13:52:00.505+0800: 11381.133: Application time: 2.0007874 seconds
2018-10-12T13:52:03.506+0800: 11384.134: Application time: 3.0008974 seconds
2018-10-12T13:52:15.512+0800: 11396.140: Application time: 12.0055350 seconds
2018-10-12T13:52:26.517+0800: 11407.144: Application time: 11.0045438 seconds
2018-10-12T13:52:36.938+0800: 11417.565: Application time: 10.4209036 seconds
2018-10-12T13:52:36.939+0800: 11417.566: Application time: 0.0001227 seconds
2018-10-12T13:53:07.907+0800: 11448.535: Application time: 30.9679468 seconds
{Heap before GC invocations=142 (full 3):
 par new generation   total 78016K, used 72334K [0x00000006c2c00000, 0x00000006c80a0000, 0x00000006d78c0000)
  eden space 69376K, 100% used [0x00000006c2c00000, 0x00000006c6fc0000, 0x00000006c6fc0000)
  from space 8640K,  34% used [0x00000006c6fc0000, 0x00000006c72a3bc0, 0x00000006c7830000)
  to   space 8640K,   0% used [0x00000006c7830000, 0x00000006c7830000, 0x00000006c80a0000)
 concurrent mark-sweep generation total 173440K, used 71328K [0x00000006d78c0000, 0x00000006e2220000, 0x00000007c0000000)
 Metaspace       used 91622K, capacity 95927K, committed 95992K, reserved 1132544K
  class space    used 11842K, capacity 12570K, committed 12596K, reserved 1048576K
2018-10-12T13:53:07.907+0800: 11448.535: [GC (Allocation Failure) 2018-10-12T13:53:07.907+0800: 11448.535: [ParNew: 72334K->2509K(78016K), 0.0055847 secs] 143663K->73851K(251456K), 0.0056637 secs] [Times: user=0.03 sys=0.03, real=0.01 secs] 
Heap after GC invocations=143 (full 3):
 par new generation   total 78016K, used 2509K [0x00000006c2c00000, 0x00000006c80a0000, 0x00000006d78c0000)
  eden space 69376K,   0% used [0x00000006c2c00000, 0x00000006c2c00000, 0x00000006c6fc0000)
  from space 8640K,  29% used [0x00000006c7830000, 0x00000006c7aa3718, 0x00000006c80a0000)
  to   space 8640K,   0% used [0x00000006c6fc0000, 0x00000006c6fc0000, 0x00000006c7830000)
 concurrent mark-sweep generation total 173440K, used 71342K [0x00000006d78c0000, 0x00000006e2220000, 0x00000007c0000000)
 Metaspace       used 91622K, capacity 95927K, committed 95992K, reserved 1132544K
  class space    used 11842K, capacity 12570K, committed 12596K, reserved 1048576K
}
2018-10-12T13:53:26.266+0800: 11466.893: Application time: 18.3524046 seconds
2018-10-12T13:53:37.050+0800: 11477.677: Application time: 10.7839675 seconds
2018-10-12T13:53:37.050+0800: 11477.678: Application time: 0.0001795 seconds
2018-10-12T13:54:37.078+0800: 11537.706: Application time: 60.0279668 seconds
2018-10-12T13:54:37.078+0800: 11537.706: Application time: 0.0000663 seconds
2018-10-12T13:54:44.753+0800: 11545.381: Application time: 7.6747987 seconds
2018-10-12T13:54:44.755+0800: 11545.383: Application time: 0.0019281 seconds
2018-10-12T13:55:37.109+0800: 11597.737: Application time: 52.3540697 seconds
2018-10-12T13:55:37.110+0800: 11597.738: Application time: 0.0001481 seconds
2018-10-12T13:56:09.123+0800: 11629.751: Application time: 32.0129023 seconds
2018-10-12T13:56:16.128+0800: 11636.755: Application time: 7.0043330 seconds
2018-10-12T13:56:37.164+0800: 11657.791: Application time: 21.0357822 seconds
2018-10-12T13:56:37.164+0800: 11657.792: Application time: 0.0001086 seconds
2018-10-12T13:56:54.172+0800: 11674.800: Application time: 17.0081596 seconds
2018-10-12T13:56:58.502+0800: 11679.131: Application time: 4.3310092 seconds
2018-10-12T13:57:03.505+0800: 11684.133: Application time: 5.0015875 seconds
2018-10-12T13:57:26.517+0800: 11707.145: Application time: 23.0115059 seconds
2018-10-12T13:57:37.193+0800: 11717.821: Application time: 10.6754906 seconds
2018-10-12T13:57:37.193+0800: 11717.821: Application time: 0.0001594 seconds
2018-10-12T13:57:38.194+0800: 11718.821: Application time: 1.0003889 seconds
2018-10-12T13:57:52.200+0800: 11732.828: Application time: 14.0061909 seconds
2018-10-12T13:58:26.307+0800: 11766.935: Application time: 34.1072431 seconds
2018-10-12T13:58:37.219+0800: 11777.847: Application time: 10.9117640 seconds
2018-10-12T13:58:37.219+0800: 11777.848: Application time: 0.0001523 seconds
2018-10-12T13:59:09.235+0800: 11809.862: Application time: 32.0144453 seconds
2018-10-12T13:59:37.246+0800: 11837.874: Application time: 28.0115119 seconds
2018-10-12T13:59:37.246+0800: 11837.874: Application time: 0.0000413 seconds
2018-10-12T13:59:45.250+0800: 11845.878: Application time: 8.0033559 seconds
2018-10-12T14:00:16.265+0800: 11876.892: Application time: 31.0143050 seconds
2018-10-12T14:00:37.274+0800: 11897.902: Application time: 21.0097386 seconds
2018-10-12T14:00:37.274+0800: 11897.902: Application time: 0.0000899 seconds
2018-10-12T14:01:37.303+0800: 11957.931: Application time: 60.0287792 seconds
2018-10-12T14:01:37.304+0800: 11957.932: Application time: 0.0001971 seconds
2018-10-12T14:01:54.310+0800: 11974.937: Application time: 17.0053171 seconds
2018-10-12T14:01:58.509+0800: 11979.137: Application time: 4.1992984 seconds
2018-10-12T14:02:03.510+0800: 11984.138: Application time: 5.0015899 seconds
2018-10-12T14:02:08.007+0800: 11988.635: Application time: 4.4961979 seconds
2018-10-12T14:02:37.328+0800: 12017.956: Application time: 29.3202036 seconds
2018-10-12T14:02:37.328+0800: 12017.956: Application time: 0.0000321 seconds
2018-10-12T14:02:38.328+0800: 12018.956: Application time: 0.9997909 seconds
2018-10-12T14:02:44.331+0800: 12024.959: Application time: 6.0028072 seconds
2018-10-12T14:03:26.371+0800: 12066.999: Application time: 42.0395555 seconds
2018-10-12T14:03:37.357+0800: 12077.985: Application time: 10.9857765 seconds
2018-10-12T14:03:37.357+0800: 12077.985: Application time: 0.0000398 seconds
2018-10-12T14:04:10.773+0800: 12111.401: Application time: 33.4157501 seconds
{Heap before GC invocations=143 (full 3):
 par new generation   total 78016K, used 71885K [0x00000006c2c00000, 0x00000006c80a0000, 0x00000006d78c0000)
  eden space 69376K, 100% used [0x00000006c2c00000, 0x00000006c6fc0000, 0x00000006c6fc0000)
  from space 8640K,  29% used [0x00000006c7830000, 0x00000006c7aa3718, 0x00000006c80a0000)
  to   space 8640K,   0% used [0x00000006c6fc0000, 0x00000006c6fc0000, 0x00000006c7830000)
 concurrent mark-sweep generation total 173440K, used 71342K [0x00000006d78c0000, 0x00000006e2220000, 0x00000007c0000000)
 Metaspace       used 91635K, capacity 95927K, committed 95992K, reserved 1132544K
  class space    used 11842K, capacity 12570K, committed 12596K, reserved 1048576K
2018-10-12T14:04:10.773+0800: 12111.401: [GC (Allocation Failure) 2018-10-12T14:04:10.773+0800: 12111.401: [ParNew: 71885K->2447K(78016K), 0.0041496 secs] 143227K->73803K(251456K), 0.0042226 secs] [Times: user=0.00 sys=0.00, real=0.00 secs] 
Heap after GC invocations=144 (full 3):
 par new generation   total 78016K, used 2447K [0x00000006c2c00000, 0x00000006c80a0000, 0x00000006d78c0000)
  eden space 69376K,   0% used [0x00000006c2c00000, 0x00000006c2c00000, 0x00000006c6fc0000)
  from space 8640K,  28% used [0x00000006c6fc0000, 0x00000006c7223f00, 0x00000006c7830000)
  to   space 8640K,   0% used [0x00000006c7830000, 0x00000006c7830000, 0x00000006c80a0000)
 concurrent mark-sweep generation total 173440K, used 71355K [0x00000006d78c0000, 0x00000006e2220000, 0x00000007c0000000)
 Metaspace       used 91635K, capacity 95927K, committed 95992K, reserved 1132544K
  class space    used 11842K, capacity 12570K, committed 12596K, reserved 1048576K
}
2018-10-12T14:04:15.779+0800: 12116.407: Application time: 5.0014126 seconds
2018-10-12T14:04:37.389+0800: 12138.017: Application time: 21.6102490 seconds
2018-10-12T14:04:37.389+0800: 12138.018: Application time: 0.0001139 seconds
2018-10-12T14:04:45.373+0800: 12146.001: Application time: 7.9829030 seconds
2018-10-12T14:04:45.375+0800: 12146.003: Application time: 0.0019605 seconds
2018-10-12T14:05:08.044+0800: 12168.671: Application time: 22.6681998 seconds
2018-10-12T14:05:16.047+0800: 12176.675: Application time: 8.0029422 seconds
2018-10-12T14:05:37.416+0800: 12198.044: Application time: 21.3689018 seconds
2018-10-12T14:05:37.416+0800: 12198.044: Application time: 0.0000321 seconds
2018-10-12T14:05:39.417+0800: 12200.045: Application time: 2.0007497 seconds
2018-10-12T14:05:45.420+0800: 12206.048: Application time: 6.0029352 seconds
2018-10-12T14:06:09.433+0800: 12230.061: Application time: 24.0126794 seconds
2018-10-12T14:06:15.436+0800: 12236.064: Application time: 6.0028040 seconds
2018-10-12T14:06:37.448+0800: 12258.076: Application time: 22.0115930 seconds
2018-10-12T14:06:37.448+0800: 12258.076: Application time: 0.0001559 seconds
2018-10-12T14:06:38.449+0800: 12259.077: Application time: 1.0005497 seconds
2018-10-12T14:06:47.454+0800: 12268.082: Application time: 9.0046785 seconds
2018-10-12T14:06:51.456+0800: 12272.083: Application time: 4.0010043 seconds
2018-10-12T14:06:58.504+0800: 12279.132: Application time: 7.0487214 seconds
2018-10-12T14:07:03.506+0800: 12284.134: Application time: 5.0013463 seconds
2018-10-12T14:07:15.513+0800: 12296.140: Application time: 12.0061715 seconds
2018-10-12T14:07:37.478+0800: 12318.106: Application time: 21.9649534 seconds
2018-10-12T14:07:37.478+0800: 12318.106: Application time: 0.0000275 seconds
2018-10-12T14:07:38.479+0800: 12319.106: Application time: 1.0006086 seconds
2018-10-12T14:08:26.914+0800: 12367.542: Application time: 48.4353458 seconds
2018-10-12T14:08:37.514+0800: 12378.141: Application time: 10.5991155 seconds
2018-10-12T14:08:37.514+0800: 12378.142: Application time: 0.0000666 seconds
2018-10-12T14:08:37.514+0800: 12378.142: Application time: 0.0000233 seconds
2018-10-12T14:09:12.392+0800: 12413.020: Application time: 34.8783951 seconds
2018-10-12T14:09:12.393+0800: 12413.021: Application time: 0.0001410 seconds
2018-10-12T14:09:12.394+0800: 12413.022: Application time: 0.0002310 seconds
2018-10-12T14:09:13.394+0800: 12414.022: Application time: 0.9995691 seconds
2018-10-12T14:09:13.521+0800: 12414.149: Application time: 0.1269703 seconds
2018-10-12T14:09:13.522+0800: 12414.150: Application time: 0.0001477 seconds
2018-10-12T14:09:13.522+0800: 12414.151: Application time: 0.0001661 seconds
2018-10-12T14:09:13.874+0800: 12414.502: Application time: 0.3509578 seconds
2018-10-12T14:09:13.874+0800: 12414.502: Application time: 0.0001037 seconds
2018-10-12T14:09:13.875+0800: 12414.503: Application time: 0.0001333 seconds
2018-10-12T14:09:22.086+0800: 12422.714: Application time: 8.2111241 seconds
2018-10-12T14:09:22.086+0800: 12422.714: Application time: 0.0000913 seconds
2018-10-12T14:09:24.131+0800: 12424.759: Application time: 2.0447065 seconds
2018-10-12T14:09:24.132+0800: 12424.760: Application time: 0.0001929 seconds
2018-10-12T14:09:26.354+0800: 12426.982: Application time: 2.2217442 seconds
2018-10-12T14:09:26.354+0800: 12426.982: Application time: 0.0001460 seconds
2018-10-12T14:09:37.544+0800: 12438.172: Application time: 11.1892569 seconds
2018-10-12T14:09:37.544+0800: 12438.172: Application time: 0.0001164 seconds
2018-10-12T14:09:38.344+0800: 12438.972: Application time: 0.7994054 seconds
2018-10-12T14:09:38.344+0800: 12438.973: Application time: 0.0001661 seconds
2018-10-12T14:09:38.345+0800: 12438.973: Application time: 0.0001365 seconds
2018-10-12T14:09:38.345+0800: 12438.974: Application time: 0.0003237 seconds
2018-10-12T14:09:38.346+0800: 12438.974: Application time: 0.0002080 seconds
2018-10-12T14:09:38.623+0800: 12439.251: Application time: 0.2768586 seconds
2018-10-12T14:09:38.725+0800: 12439.353: Application time: 0.1010057 seconds
2018-10-12T14:09:38.725+0800: 12439.353: Application time: 0.0000762 seconds
2018-10-12T14:09:38.726+0800: 12439.353: Application time: 0.0001583 seconds
2018-10-12T14:09:38.726+0800: 12439.354: Application time: 0.0002281 seconds
2018-10-12T14:09:38.726+0800: 12439.354: Application time: 0.0001523 seconds
2018-10-12T14:09:39.350+0800: 12439.978: Application time: 0.6233078 seconds
2018-10-12T14:09:42.728+0800: 12443.356: Application time: 3.3780737 seconds
2018-10-12T14:09:42.728+0800: 12443.356: Application time: 0.0001037 seconds
2018-10-12T14:09:42.728+0800: 12443.357: Application time: 0.0001023 seconds
2018-10-12T14:09:42.729+0800: 12443.357: Application time: 0.0001506 seconds
2018-10-12T14:09:42.729+0800: 12443.357: Application time: 0.0001044 seconds
2018-10-12T14:09:43.358+0800: 12443.986: Application time: 0.6282921 seconds
2018-10-12T14:09:43.358+0800: 12443.986: Application time: 0.0000998 seconds
2018-10-12T14:09:46.706+0800: 12447.334: Application time: 3.3477603 seconds
2018-10-12T14:10:15.720+0800: 12476.348: Application time: 29.0134485 seconds
2018-10-12T14:10:37.572+0800: 12498.200: Application time: 21.8523420 seconds
2018-10-12T14:10:37.572+0800: 12498.201: Application time: 0.0001520 seconds
2018-10-12T14:10:38.574+0800: 12499.201: Application time: 0.9997398 seconds
2018-10-12T14:11:11.587+0800: 12532.215: Application time: 33.0135624 seconds
2018-10-12T14:11:17.591+0800: 12538.219: Application time: 6.0039860 seconds
2018-10-12T14:11:29.591+0800: 12550.219: Application time: 11.9994552 seconds
2018-10-12T14:11:29.591+0800: 12550.219: Application time: 0.0000800 seconds
2018-10-12T14:11:29.592+0800: 12550.220: Application time: 0.0002669 seconds
2018-10-12T14:11:29.592+0800: 12550.220: Application time: 0.0000853 seconds
2018-10-12T14:11:37.598+0800: 12558.226: Application time: 8.0059229 seconds
2018-10-12T14:11:37.598+0800: 12558.226: Application time: 0.0000261 seconds
2018-10-12T14:11:38.598+0800: 12559.226: Application time: 0.9996957 seconds
2018-10-12T14:11:53.605+0800: 12574.232: Application time: 15.0060848 seconds
2018-10-12T14:12:03.508+0800: 12584.136: Application time: 9.9035438 seconds
2018-10-12T14:12:03.508+0800: 12584.137: Application time: 0.0002426 seconds
2018-10-12T14:13:25.960+0800: 12666.588: Application time: 82.4507893 seconds
2018-10-12T14:13:37.660+0800: 12678.287: Application time: 11.6992732 seconds
2018-10-12T14:13:37.660+0800: 12678.288: Application time: 0.0001347 seconds
2018-10-12T14:13:38.143+0800: 12678.771: Application time: 0.4822494 seconds
2018-10-12T14:14:37.687+0800: 12738.314: Application time: 59.5433869 seconds
2018-10-12T14:14:37.687+0800: 12738.315: Application time: 0.0000339 seconds
2018-10-12T14:14:41.993+0800: 12742.621: Application time: 4.3060475 seconds
2018-10-12T14:14:41.993+0800: 12742.621: Application time: 0.0001104 seconds
2018-10-12T14:15:01.331+0800: 12761.959: Application time: 19.3371984 seconds
{Heap before GC invocations=144 (full 3):
 par new generation   total 78016K, used 71823K [0x00000006c2c00000, 0x00000006c80a0000, 0x00000006d78c0000)
  eden space 69376K, 100% used [0x00000006c2c00000, 0x00000006c6fc0000, 0x00000006c6fc0000)
  from space 8640K,  28% used [0x00000006c6fc0000, 0x00000006c7223f00, 0x00000006c7830000)
  to   space 8640K,   0% used [0x00000006c7830000, 0x00000006c7830000, 0x00000006c80a0000)
 concurrent mark-sweep generation total 173440K, used 71355K [0x00000006d78c0000, 0x00000006e2220000, 0x00000007c0000000)
 Metaspace       used 91662K, capacity 95933K, committed 95992K, reserved 1132544K
  class space    used 11843K, capacity 12571K, committed 12596K, reserved 1048576K
2018-10-12T14:15:01.331+0800: 12761.959: [GC (Allocation Failure) 2018-10-12T14:15:01.331+0800: 12761.959: [ParNew: 71823K->3048K(78016K), 0.0107139 secs] 143179K->74459K(251456K), 0.0108183 secs] [Times: user=0.00 sys=0.00, real=0.01 secs] 
Heap after GC invocations=145 (full 3):
 par new generation   total 78016K, used 3048K [0x00000006c2c00000, 0x00000006c80a0000, 0x00000006d78c0000)
  eden space 69376K,   0% used [0x00000006c2c00000, 0x00000006c2c00000, 0x00000006c6fc0000)
  from space 8640K,  35% used [0x00000006c7830000, 0x00000006c7b2a398, 0x00000006c80a0000)
  to   space 8640K,   0% used [0x00000006c6fc0000, 0x00000006c6fc0000, 0x00000006c7830000)
 concurrent mark-sweep generation total 173440K, used 71410K [0x00000006d78c0000, 0x00000006e2220000, 0x00000007c0000000)
 Metaspace       used 91662K, capacity 95933K, committed 95992K, reserved 1132544K
  class space    used 11843K, capacity 12571K, committed 12596K, reserved 1048576K
}
2018-10-12T14:15:01.342+0800: 12761.970: Application time: 0.0000949 seconds
2018-10-12T14:15:01.342+0800: 12761.970: Application time: 0.0000878 seconds
2018-10-12T14:15:01.343+0800: 12761.970: Application time: 0.0000691 seconds
2018-10-12T14:15:01.343+0800: 12761.971: Application time: 0.0000670 seconds
2018-10-12T14:15:14.968+0800: 12775.595: Application time: 13.6246446 seconds
2018-10-12T14:15:14.970+0800: 12775.598: Application time: 0.0019415 seconds
2018-10-12T14:15:15.970+0800: 12776.598: Application time: 0.9996742 seconds
2018-10-12T14:15:21.973+0800: 12782.601: Application time: 6.0030399 seconds
2018-10-12T14:15:37.716+0800: 12798.344: Application time: 15.7433048 seconds
2018-10-12T14:15:37.717+0800: 12798.345: Application time: 0.0001636 seconds
2018-10-12T14:15:44.721+0800: 12805.348: Application time: 7.0032850 seconds
2018-10-12T14:16:15.733+0800: 12836.361: Application time: 31.0121554 seconds
2018-10-12T14:16:37.744+0800: 12858.372: Application time: 22.0110693 seconds
2018-10-12T14:16:37.745+0800: 12858.373: Application time: 0.0001611 seconds
2018-10-12T14:16:38.746+0800: 12859.373: Application time: 1.0000540 seconds
2018-10-12T14:16:45.749+0800: 12866.376: Application time: 7.0027917 seconds
2018-10-12T14:16:53.752+0800: 12874.380: Application time: 8.0031852 seconds
2018-10-12T14:16:58.550+0800: 12879.178: Application time: 4.7981780 seconds
2018-10-12T14:17:37.771+0800: 12918.399: Application time: 39.2200862 seconds
2018-10-12T14:17:37.771+0800: 12918.399: Application time: 0.0000314 seconds
2018-10-12T14:17:47.776+0800: 12928.404: Application time: 10.0047910 seconds
2018-10-12T14:18:08.191+0800: 12948.819: Application time: 20.4149945 seconds
2018-10-12T14:18:17.194+0800: 12957.822: Application time: 9.0026224 seconds
2018-10-12T14:18:26.015+0800: 12966.643: Application time: 8.8207169 seconds
2018-10-12T14:18:37.799+0800: 12978.427: Application time: 11.7838592 seconds
2018-10-12T14:18:37.799+0800: 12978.427: Application time: 0.0000702 seconds
2018-10-12T14:18:38.800+0800: 12979.427: Application time: 0.9998769 seconds
2018-10-12T14:18:51.807+0800: 12992.435: Application time: 13.0073027 seconds
2018-10-12T14:19:37.829+0800: 13038.457: Application time: 46.0219871 seconds
2018-10-12T14:19:37.829+0800: 13038.457: Application time: 0.0000705 seconds
2018-10-12T14:19:38.830+0800: 13039.457: Application time: 0.9998963 seconds
2018-10-12T14:20:15.843+0800: 13076.470: Application time: 37.0130863 seconds
2018-10-12T14:20:37.857+0800: 13098.485: Application time: 22.0141837 seconds
2018-10-12T14:20:37.857+0800: 13098.485: Application time: 0.0000356 seconds
2018-10-12T14:20:38.857+0800: 13099.485: Application time: 0.9996844 seconds
2018-10-12T14:21:37.895+0800: 13158.522: Application time: 59.0375347 seconds
2018-10-12T14:21:37.895+0800: 13158.523: Application time: 0.0000342 seconds
2018-10-12T14:21:58.509+0800: 13179.137: Application time: 20.6141973 seconds
2018-10-12T14:22:03.509+0800: 13184.137: Application time: 5.0000931 seconds
2018-10-12T14:22:17.516+0800: 13198.143: Application time: 14.0057674 seconds
2018-10-12T14:22:37.920+0800: 13218.548: Application time: 20.4045743 seconds
2018-10-12T14:22:37.920+0800: 13218.549: Application time: 0.0001643 seconds
2018-10-12T14:23:26.569+0800: 13267.197: Application time: 48.6479632 seconds
2018-10-12T14:23:37.946+0800: 13278.573: Application time: 11.3764284 seconds
2018-10-12T14:23:37.946+0800: 13278.574: Application time: 0.0000314 seconds
2018-10-12T14:24:38.139+0800: 13338.767: Application time: 60.1934957 seconds
2018-10-12T14:24:38.139+0800: 13338.767: Application time: 0.0000349 seconds
2018-10-12T14:24:45.142+0800: 13345.770: Application time: 7.0024080 seconds
2018-10-12T14:25:15.157+0800: 13375.784: Application time: 30.0144834 seconds
2018-10-12T14:25:16.158+0800: 13376.785: Application time: 1.0005448 seconds
2018-10-12T14:25:38.168+0800: 13398.795: Application time: 22.0099265 seconds
2018-10-12T14:25:38.168+0800: 13398.796: Application time: 0.0001224 seconds
2018-10-12T14:25:39.169+0800: 13399.796: Application time: 0.9998568 seconds
2018-10-12T14:26:08.289+0800: 13428.918: Application time: 29.1211366 seconds
{Heap before GC invocations=145 (full 3):
 par new generation   total 78016K, used 72424K [0x00000006c2c00000, 0x00000006c80a0000, 0x00000006d78c0000)
  eden space 69376K, 100% used [0x00000006c2c00000, 0x00000006c6fc0000, 0x00000006c6fc0000)
  from space 8640K,  35% used [0x00000006c7830000, 0x00000006c7b2a398, 0x00000006c80a0000)
  to   space 8640K,   0% used [0x00000006c6fc0000, 0x00000006c6fc0000, 0x00000006c7830000)
 concurrent mark-sweep generation total 173440K, used 71410K [0x00000006d78c0000, 0x00000006e2220000, 0x00000007c0000000)
 Metaspace       used 91699K, capacity 95933K, committed 95992K, reserved 1132544K
  class space    used 11843K, capacity 12571K, committed 12596K, reserved 1048576K
2018-10-12T14:26:08.290+0800: 13428.918: [GC (Allocation Failure) 2018-10-12T14:26:08.290+0800: 13428.918: [ParNew: 72424K->2858K(78016K), 0.0055579 secs] 143835K->74319K(251456K), 0.0056398 secs] [Times: user=0.00 sys=0.00, real=0.01 secs] 
Heap after GC invocations=146 (full 3):
 par new generation   total 78016K, used 2858K [0x00000006c2c00000, 0x00000006c80a0000, 0x00000006d78c0000)
  eden space 69376K,   0% used [0x00000006c2c00000, 0x00000006c2c00000, 0x00000006c6fc0000)
  from space 8640K,  33% used [0x00000006c6fc0000, 0x00000006c728aa28, 0x00000006c7830000)
  to   space 8640K,   0% used [0x00000006c7830000, 0x00000006c7830000, 0x00000006c80a0000)
 concurrent mark-sweep generation total 173440K, used 71461K [0x00000006d78c0000, 0x00000006e2220000, 0x00000007c0000000)
 Metaspace       used 91699K, capacity 95933K, committed 95992K, reserved 1132544K
  class space    used 11843K, capacity 12571K, committed 12596K, reserved 1048576K
}
2018-10-12T14:26:38.201+0800: 13458.829: Application time: 29.9053939 seconds
2018-10-12T14:26:38.201+0800: 13458.829: Application time: 0.0000353 seconds
2018-10-12T14:26:39.202+0800: 13459.829: Application time: 0.9999806 seconds
2018-10-12T14:26:54.206+0800: 13474.834: Application time: 15.0043989 seconds
2018-10-12T14:26:55.206+0800: 13475.834: Application time: 1.0001372 seconds
2018-10-12T14:27:03.502+0800: 13484.130: Application time: 8.2952243 seconds
2018-10-12T14:27:03.502+0800: 13484.130: Application time: 0.0002087 seconds
2018-10-12T14:27:38.226+0800: 13518.854: Application time: 34.7242956 seconds
2018-10-12T14:27:38.227+0800: 13518.855: Application time: 0.0002073 seconds
2018-10-12T14:27:46.231+0800: 13526.859: Application time: 8.0034764 seconds
2018-10-12T14:28:26.118+0800: 13566.746: Application time: 39.8864958 seconds
2018-10-12T14:28:27.118+0800: 13567.746: Application time: 0.9995821 seconds
2018-10-12T14:28:38.258+0800: 13578.886: Application time: 11.1397802 seconds
2018-10-12T14:28:38.258+0800: 13578.886: Application time: 0.0001686 seconds
2018-10-12T14:28:39.259+0800: 13579.887: Application time: 1.0001770 seconds
2018-10-12T14:28:45.261+0800: 13585.889: Application time: 6.0012796 seconds
2018-10-12T14:29:38.294+0800: 13638.922: Application time: 53.0330212 seconds
2018-10-12T14:29:38.294+0800: 13638.922: Application time: 0.0000688 seconds
2018-10-12T14:29:39.295+0800: 13639.922: Application time: 1.0003456 seconds
2018-10-12T14:29:45.625+0800: 13646.253: Application time: 6.3305611 seconds
2018-10-12T14:29:45.627+0800: 13646.255: Application time: 0.0015607 seconds
2018-10-12T14:30:15.124+0800: 13675.752: Application time: 29.4966493 seconds
2018-10-12T14:30:15.126+0800: 13675.754: Application time: 0.0018784 seconds
2018-10-12T14:30:35.136+0800: 13695.764: Application time: 20.0097273 seconds
2018-10-12T14:30:38.333+0800: 13698.961: Application time: 3.1968840 seconds
2018-10-12T14:30:38.333+0800: 13698.961: Application time: 0.0001135 seconds
2018-10-12T14:30:52.340+0800: 13712.968: Application time: 14.0064187 seconds
2018-10-12T14:31:38.358+0800: 13758.986: Application time: 46.0175416 seconds
2018-10-12T14:31:38.358+0800: 13758.986: Application time: 0.0001005 seconds
2018-10-12T14:31:47.362+0800: 13767.990: Application time: 9.0035861 seconds
2018-10-12T14:32:03.511+0800: 13784.139: Application time: 16.1487719 seconds
2018-10-12T14:32:03.512+0800: 13784.140: Application time: 0.0005945 seconds
2018-10-12T14:32:15.517+0800: 13796.145: Application time: 12.0046390 seconds
2018-10-12T14:32:38.383+0800: 13819.011: Application time: 22.8658804 seconds
2018-10-12T14:32:38.383+0800: 13819.011: Application time: 0.0000843 seconds
2018-10-12T14:33:26.673+0800: 13867.301: Application time: 48.2892344 seconds
2018-10-12T14:33:38.416+0800: 13879.043: Application time: 11.7425840 seconds
2018-10-12T14:33:38.416+0800: 13879.044: Application time: 0.0001805 seconds
2018-10-12T14:34:00.430+0800: 13901.057: Application time: 22.0128765 seconds
2018-10-12T14:34:17.437+0800: 13918.065: Application time: 17.0072618 seconds
2018-10-12T14:34:38.448+0800: 13939.075: Application time: 21.0105172 seconds
2018-10-12T14:34:38.448+0800: 13939.076: Application time: 0.0000628 seconds
2018-10-12T14:35:35.474+0800: 13996.102: Application time: 57.0256779 seconds
2018-10-12T14:35:38.475+0800: 13999.103: Application time: 3.0012687 seconds
2018-10-12T14:35:38.475+0800: 13999.103: Application time: 0.0000547 seconds
2018-10-12T14:35:39.476+0800: 14000.103: Application time: 1.0000018 seconds
2018-10-12T14:36:38.505+0800: 14059.133: Application time: 59.0291942 seconds
2018-10-12T14:36:38.505+0800: 14059.133: Application time: 0.0000268 seconds
2018-10-12T14:36:39.505+0800: 14060.133: Application time: 0.9999334 seconds
2018-10-12T14:36:58.504+0800: 14079.132: Application time: 18.9991706 seconds
2018-10-12T14:37:03.504+0800: 14084.132: Application time: 4.9994605 seconds
2018-10-12T14:37:08.425+0800: 14089.053: Application time: 4.9209902 seconds
{Heap before GC invocations=146 (full 3):
 par new generation   total 78016K, used 72234K [0x00000006c2c00000, 0x00000006c80a0000, 0x00000006d78c0000)
  eden space 69376K, 100% used [0x00000006c2c00000, 0x00000006c6fc0000, 0x00000006c6fc0000)
  from space 8640K,  33% used [0x00000006c6fc0000, 0x00000006c728aa28, 0x00000006c7830000)
  to   space 8640K,   0% used [0x00000006c7830000, 0x00000006c7830000, 0x00000006c80a0000)
 concurrent mark-sweep generation total 173440K, used 71461K [0x00000006d78c0000, 0x00000006e2220000, 0x00000007c0000000)
 Metaspace       used 91729K, capacity 95997K, committed 96248K, reserved 1132544K
  class space    used 11843K, capacity 12571K, committed 12596K, reserved 1048576K
2018-10-12T14:37:08.426+0800: 14089.054: [GC (Allocation Failure) 2018-10-12T14:37:08.426+0800: 14089.054: [ParNew: 72234K->2143K(78016K), 0.0083380 secs] 143695K->73615K(251456K), 0.0084635 secs] [Times: user=0.00 sys=0.00, real=0.01 secs] 
Heap after GC invocations=147 (full 3):
 par new generation   total 78016K, used 2143K [0x00000006c2c00000, 0x00000006c80a0000, 0x00000006d78c0000)
  eden space 69376K,   0% used [0x00000006c2c00000, 0x00000006c2c00000, 0x00000006c6fc0000)
  from space 8640K,  24% used [0x00000006c7830000, 0x00000006c7a47e48, 0x00000006c80a0000)
  to   space 8640K,   0% used [0x00000006c6fc0000, 0x00000006c6fc0000, 0x00000006c7830000)
 concurrent mark-sweep generation total 173440K, used 71472K [0x00000006d78c0000, 0x00000006e2220000, 0x00000007c0000000)
 Metaspace       used 91729K, capacity 95997K, committed 96248K, reserved 1132544K
  class space    used 11843K, capacity 12571K, committed 12596K, reserved 1048576K
}
2018-10-12T14:37:38.534+0800: 14119.162: Application time: 30.0993220 seconds
2018-10-12T14:37:38.534+0800: 14119.162: Application time: 0.0000635 seconds
2018-10-12T14:38:26.224+0800: 14166.851: Application time: 47.6895445 seconds
2018-10-12T14:38:38.567+0800: 14179.195: Application time: 12.3428928 seconds
2018-10-12T14:38:38.567+0800: 14179.195: Application time: 0.0000321 seconds
2018-10-12T14:38:44.314+0800: 14184.942: Application time: 5.7474625 seconds
2018-10-12T14:38:44.315+0800: 14184.943: Application time: 0.0000571 seconds
2018-10-12T14:38:45.315+0800: 14185.943: Application time: 0.9998738 seconds
2018-10-12T14:38:48.168+0800: 14188.796: Application time: 2.8525786 seconds
2018-10-12T14:38:48.168+0800: 14188.796: Application time: 0.0000328 seconds
2018-10-12T14:38:52.787+0800: 14193.415: Application time: 4.6191995 seconds
2018-10-12T14:38:52.787+0800: 14193.416: Application time: 0.0001181 seconds
2018-10-12T14:38:53.789+0800: 14194.417: Application time: 1.0003452 seconds
2018-10-12T14:38:54.756+0800: 14195.384: Application time: 0.9667574 seconds
2018-10-12T14:38:54.757+0800: 14195.384: Application time: 0.0002095 seconds
2018-10-12T14:38:54.757+0800: 14195.385: Application time: 0.0001827 seconds
2018-10-12T14:38:54.758+0800: 14195.385: Application time: 0.0003509 seconds
2018-10-12T14:38:54.758+0800: 14195.386: Application time: 0.0001901 seconds
2018-10-12T14:38:54.961+0800: 14195.589: Application time: 0.2025735 seconds
2018-10-12T14:38:57.208+0800: 14197.836: Application time: 2.2465451 seconds
2018-10-12T14:38:57.209+0800: 14197.836: Application time: 0.0001738 seconds
2018-10-12T14:38:57.209+0800: 14197.837: Application time: 0.0001583 seconds
2018-10-12T14:38:57.209+0800: 14197.837: Application time: 0.0003628 seconds
2018-10-12T14:38:57.209+0800: 14197.838: Application time: 0.0001619 seconds
2018-10-12T14:38:57.762+0800: 14198.390: Application time: 0.5525002 seconds
2018-10-12T14:39:00.766+0800: 14201.394: Application time: 3.0029243 seconds
2018-10-12T14:39:00.766+0800: 14201.394: Application time: 0.0000261 seconds
2018-10-12T14:39:00.766+0800: 14201.394: Application time: 0.0000275 seconds
2018-10-12T14:39:00.766+0800: 14201.394: Application time: 0.0001770 seconds
2018-10-12T14:39:00.766+0800: 14201.395: Application time: 0.0000501 seconds
2018-10-12T14:39:00.974+0800: 14201.601: Application time: 0.2066420 seconds
2018-10-12T14:39:08.976+0800: 14209.604: Application time: 8.0020709 seconds
2018-10-12T14:39:13.787+0800: 14214.415: Application time: 4.8110273 seconds
2018-10-12T14:39:13.787+0800: 14214.415: Application time: 0.0000607 seconds
2018-10-12T14:39:13.787+0800: 14214.415: Application time: 0.0000547 seconds
2018-10-12T14:39:13.787+0800: 14214.415: Application time: 0.0001389 seconds
2018-10-12T14:39:13.787+0800: 14214.416: Application time: 0.0000762 seconds
2018-10-12T14:39:13.996+0800: 14214.623: Application time: 0.2073722 seconds
2018-10-12T14:39:13.996+0800: 14214.624: Application time: 0.0001068 seconds
2018-10-12T14:39:37.041+0800: 14237.669: Application time: 23.0451611 seconds
2018-10-12T14:39:37.041+0800: 14237.669: Application time: 0.0000240 seconds
2018-10-12T14:39:37.041+0800: 14237.669: Application time: 0.0000194 seconds
2018-10-12T14:39:37.041+0800: 14237.669: Application time: 0.0000236 seconds
2018-10-12T14:39:37.041+0800: 14237.670: Application time: 0.0001026 seconds
2018-10-12T14:39:37.291+0800: 14237.919: Application time: 0.2495537 seconds
2018-10-12T14:39:38.600+0800: 14239.228: Application time: 1.3083543 seconds
2018-10-12T14:39:38.600+0800: 14239.228: Application time: 0.0000300 seconds
2018-10-12T14:39:45.603+0800: 14246.231: Application time: 7.0031221 seconds
2018-10-12T14:39:47.148+0800: 14247.776: Application time: 1.5446295 seconds
2018-10-12T14:40:38.628+0800: 14299.256: Application time: 51.4800622 seconds
2018-10-12T14:40:38.628+0800: 14299.257: Application time: 0.0000793 seconds
2018-10-12T14:41:38.693+0800: 14359.321: Application time: 60.0643099 seconds
2018-10-12T14:41:38.694+0800: 14359.322: Application time: 0.0002035 seconds
2018-10-12T14:41:39.695+0800: 14360.323: Application time: 1.0006326 seconds
2018-10-12T14:41:53.701+0800: 14374.329: Application time: 14.0057822 seconds
2018-10-12T14:41:58.506+0800: 14379.134: Application time: 4.8052490 seconds
2018-10-12T14:42:03.507+0800: 14384.136: Application time: 5.0014471 seconds
2018-10-12T14:42:38.787+0800: 14419.415: Application time: 35.2787080 seconds
2018-10-12T14:42:38.787+0800: 14419.415: Application time: 0.0000321 seconds
2018-10-12T14:42:39.787+0800: 14420.415: Application time: 0.9998755 seconds
2018-10-12T14:42:51.794+0800: 14432.422: Application time: 12.0067011 seconds
2018-10-12T14:42:57.286+0800: 14437.914: Application time: 5.4924341 seconds
2018-10-12T14:42:58.288+0800: 14438.915: Application time: 1.0008346 seconds
2018-10-12T14:42:58.316+0800: 14438.944: Application time: 0.0281589 seconds
2018-10-12T14:42:58.317+0800: 14438.945: Application time: 0.0001107 seconds
2018-10-12T14:42:59.329+0800: 14439.957: Application time: 1.0118342 seconds
2018-10-12T14:42:59.333+0800: 14439.961: Application time: 0.0034214 seconds
2018-10-12T14:43:00.333+0800: 14440.961: Application time: 0.9999104 seconds
2018-10-12T14:43:01.334+0800: 14441.962: Application time: 1.0006636 seconds
2018-10-12T14:43:02.335+0800: 14442.962: Application time: 0.9999171 seconds
2018-10-12T14:43:09.011+0800: 14449.639: Application time: 6.6764490 seconds
2018-10-12T14:43:09.012+0800: 14449.639: Application time: 0.0000677 seconds
2018-10-12T14:43:14.014+0800: 14454.642: Application time: 5.0019052 seconds
2018-10-12T14:43:16.016+0800: 14456.643: Application time: 2.0014002 seconds
2018-10-12T14:43:18.016+0800: 14458.644: Application time: 2.0005215 seconds
2018-10-12T14:43:27.021+0800: 14467.649: Application time: 9.0046038 seconds
2018-10-12T14:43:36.025+0800: 14476.653: Application time: 9.0037575 seconds
2018-10-12T14:43:38.840+0800: 14479.468: Application time: 2.8156783 seconds
2018-10-12T14:43:38.840+0800: 14479.469: Application time: 0.0000719 seconds
2018-10-12T14:43:39.842+0800: 14480.470: Application time: 1.0009076 seconds
2018-10-12T14:43:44.845+0800: 14485.473: Application time: 5.0022843 seconds
2018-10-12T14:43:47.846+0800: 14488.474: Application time: 3.0012719 seconds
2018-10-12T14:43:59.851+0800: 14500.479: Application time: 12.0047483 seconds
2018-10-12T14:43:59.851+0800: 14500.479: Application time: 0.0000966 seconds
2018-10-12T14:44:38.902+0800: 14539.530: Application time: 39.0503406 seconds
2018-10-12T14:44:38.902+0800: 14539.530: Application time: 0.0001322 seconds
2018-10-12T14:44:59.912+0800: 14560.539: Application time: 21.0092132 seconds
2018-10-12T14:44:59.912+0800: 14560.540: Application time: 0.0000321 seconds
2018-10-12T14:45:00.912+0800: 14561.540: Application time: 0.9998928 seconds
2018-10-12T14:45:38.929+0800: 14599.557: Application time: 38.0171576 seconds
2018-10-12T14:45:38.929+0800: 14599.557: Application time: 0.0001343 seconds
2018-10-12T14:45:44.913+0800: 14605.541: Application time: 5.9840402 seconds
2018-10-12T14:45:44.913+0800: 14605.542: Application time: 0.0000726 seconds
2018-10-12T14:45:45.914+0800: 14606.541: Application time: 0.9995758 seconds
2018-10-12T14:45:51.917+0800: 14612.545: Application time: 6.0031002 seconds
2018-10-12T14:45:55.002+0800: 14615.630: Application time: 3.0846489 seconds
2018-10-12T14:46:12.009+0800: 14632.637: Application time: 17.0071148 seconds
2018-10-12T14:46:16.012+0800: 14636.639: Application time: 4.0021901 seconds
2018-10-12T14:46:17.230+0800: 14637.858: Application time: 1.2182610 seconds
2018-10-12T14:46:17.232+0800: 14637.860: Application time: 0.0001005 seconds
2018-10-12T14:46:17.233+0800: 14637.861: Application time: 0.0000920 seconds
2018-10-12T14:46:17.233+0800: 14637.861: Application time: 0.0000554 seconds
2018-10-12T14:46:17.233+0800: 14637.861: Application time: 0.0001710 seconds
2018-10-12T14:46:18.234+0800: 14638.861: Application time: 1.0001192 seconds
2018-10-12T14:46:39.194+0800: 14659.822: Application time: 20.9607301 seconds
2018-10-12T14:46:39.194+0800: 14659.823: Application time: 0.0002183 seconds
2018-10-12T14:46:44.198+0800: 14664.825: Application time: 5.0021446 seconds
2018-10-12T14:46:45.197+0800: 14665.826: Application time: 0.9999217 seconds
2018-10-12T14:46:45.197+0800: 14665.826: Application time: 0.0000328 seconds
2018-10-12T14:46:54.201+0800: 14674.829: Application time: 9.0032779 seconds
2018-10-12T14:46:55.202+0800: 14675.829: Application time: 0.9998946 seconds
2018-10-12T14:46:58.506+0800: 14679.134: Application time: 3.3041113 seconds
2018-10-12T14:47:03.507+0800: 14684.135: Application time: 5.0011016 seconds
2018-10-12T14:47:11.511+0800: 14692.139: Application time: 8.0033763 seconds
2018-10-12T14:47:13.512+0800: 14694.139: Application time: 2.0007669 seconds
2018-10-12T14:47:36.625+0800: 14717.253: Application time: 23.1130539 seconds
{Heap before GC invocations=147 (full 3):
 par new generation   total 78016K, used 71519K [0x00000006c2c00000, 0x00000006c80a0000, 0x00000006d78c0000)
  eden space 69376K, 100% used [0x00000006c2c00000, 0x00000006c6fc0000, 0x00000006c6fc0000)
  from space 8640K,  24% used [0x00000006c7830000, 0x00000006c7a47e48, 0x00000006c80a0000)
  to   space 8640K,   0% used [0x00000006c6fc0000, 0x00000006c6fc0000, 0x00000006c7830000)
 concurrent mark-sweep generation total 173440K, used 71472K [0x00000006d78c0000, 0x00000006e2220000, 0x00000007c0000000)
 Metaspace       used 91894K, capacity 96141K, committed 96248K, reserved 1132544K
  class space    used 11853K, capacity 12573K, committed 12596K, reserved 1048576K
2018-10-12T14:47:36.625+0800: 14717.253: [GC (Allocation Failure) 2018-10-12T14:47:36.625+0800: 14717.253: [ParNew: 71519K->3300K(78016K), 0.0066987 secs] 142991K->74819K(251456K), 0.0067717 secs] [Times: user=0.06 sys=0.00, real=0.01 secs] 
Heap after GC invocations=148 (full 3):
 par new generation   total 78016K, used 3300K [0x00000006c2c00000, 0x00000006c80a0000, 0x00000006d78c0000)
  eden space 69376K,   0% used [0x00000006c2c00000, 0x00000006c2c00000, 0x00000006c6fc0000)
  from space 8640K,  38% used [0x00000006c6fc0000, 0x00000006c72f93f8, 0x00000006c7830000)
  to   space 8640K,   0% used [0x00000006c7830000, 0x00000006c7830000, 0x00000006c80a0000)
 concurrent mark-sweep generation total 173440K, used 71518K [0x00000006d78c0000, 0x00000006e2220000, 0x00000007c0000000)
 Metaspace       used 91894K, capacity 96141K, committed 96248K, reserved 1132544K
  class space    used 11853K, capacity 12573K, committed 12596K, reserved 1048576K
}
2018-10-12T14:47:36.632+0800: 14717.260: Application time: 0.0000656 seconds
2018-10-12T14:47:36.632+0800: 14717.260: Application time: 0.0000638 seconds
2018-10-12T14:47:36.632+0800: 14717.260: Application time: 0.0000264 seconds
2018-10-12T14:47:36.633+0800: 14717.261: Application time: 0.0000377 seconds
2018-10-12T14:47:36.633+0800: 14717.261: Application time: 0.0000772 seconds
2018-10-12T14:47:39.224+0800: 14719.852: Application time: 2.5904295 seconds
2018-10-12T14:47:39.225+0800: 14719.852: Application time: 0.0001580 seconds
2018-10-12T14:47:48.229+0800: 14728.857: Application time: 9.0039239 seconds
2018-10-12T14:47:56.232+0800: 14736.860: Application time: 8.0033830 seconds
2018-10-12T14:47:58.321+0800: 14738.949: Application time: 2.0887078 seconds
2018-10-12T14:47:58.324+0800: 14738.953: Application time: 0.0034310 seconds
2018-10-12T14:47:59.326+0800: 14739.953: Application time: 1.0004140 seconds
2018-10-12T14:48:00.326+0800: 14740.954: Application time: 0.9999196 seconds
2018-10-12T14:48:02.258+0800: 14742.886: Application time: 1.9321964 seconds
2018-10-12T14:48:16.264+0800: 14756.892: Application time: 14.0057395 seconds
2018-10-12T14:48:17.265+0800: 14757.893: Application time: 1.0006086 seconds
2018-10-12T14:48:26.322+0800: 14766.950: Application time: 9.0566384 seconds
2018-10-12T14:48:39.253+0800: 14779.881: Application time: 12.9306262 seconds
2018-10-12T14:48:39.253+0800: 14779.881: Application time: 0.0000275 seconds
2018-10-12T14:48:45.255+0800: 14785.883: Application time: 6.0022356 seconds
2018-10-12T14:48:45.256+0800: 14785.884: Application time: 0.0000867 seconds
2018-10-12T14:48:46.257+0800: 14786.885: Application time: 1.0000846 seconds
2018-10-12T14:48:48.258+0800: 14788.886: Application time: 2.0008209 seconds
2018-10-12T14:49:09.269+0800: 14809.897: Application time: 21.0108373 seconds
2018-10-12T14:49:45.285+0800: 14845.913: Application time: 36.0163064 seconds
2018-10-12T14:49:45.285+0800: 14845.913: Application time: 0.0000381 seconds
2018-10-12T14:50:39.311+0800: 14899.938: Application time: 54.0250263 seconds
2018-10-12T14:50:39.311+0800: 14899.939: Application time: 0.0001086 seconds
2018-10-12T14:50:45.312+0800: 14905.940: Application time: 6.0009789 seconds
2018-10-12T14:50:45.312+0800: 14905.940: Application time: 0.0000536 seconds
2018-10-12T14:50:45.323+0800: 14905.951: Application time: 0.0104724 seconds
2018-10-12T14:50:45.325+0800: 14905.953: Application time: 0.0018519 seconds
2018-10-12T14:51:39.341+0800: 14959.969: Application time: 54.0163265 seconds
2018-10-12T14:51:39.341+0800: 14959.969: Application time: 0.0000296 seconds
2018-10-12T14:51:45.345+0800: 14965.973: Application time: 6.0033671 seconds
2018-10-12T14:51:45.345+0800: 14965.973: Application time: 0.0001132 seconds
2018-10-12T14:52:03.505+0800: 14984.132: Application time: 18.1591247 seconds
2018-10-12T14:52:03.506+0800: 14984.134: Application time: 0.0007856 seconds
2018-10-12T14:52:15.513+0800: 14996.140: Application time: 12.0062519 seconds
2018-10-12T14:52:16.513+0800: 14997.141: Application time: 1.0004778 seconds
2018-10-12T14:52:39.523+0800: 15020.150: Application time: 23.0089702 seconds
2018-10-12T14:52:45.376+0800: 15026.004: Application time: 5.8531707 seconds
2018-10-12T14:52:45.376+0800: 15026.004: Application time: 0.0000384 seconds
2018-10-12T14:52:57.380+0800: 15038.007: Application time: 12.0033410 seconds
2018-10-12T14:52:58.321+0800: 15038.949: Application time: 0.9417145 seconds
2018-10-12T14:53:02.256+0800: 15042.884: Application time: 3.9343886 seconds
2018-10-12T14:53:26.265+0800: 15066.893: Application time: 24.0084420 seconds
2018-10-12T14:53:39.402+0800: 15080.030: Application time: 13.1372491 seconds
2018-10-12T14:53:39.402+0800: 15080.031: Application time: 0.0001865 seconds
2018-10-12T14:53:45.406+0800: 15086.034: Application time: 6.0026390 seconds
2018-10-12T14:53:45.406+0800: 15086.034: Application time: 0.0000970 seconds
2018-10-12T14:53:46.406+0800: 15087.034: Application time: 0.9995874 seconds
2018-10-12T14:54:39.428+0800: 15140.056: Application time: 53.0219137 seconds
2018-10-12T14:54:39.428+0800: 15140.056: Application time: 0.0000659 seconds
2018-10-12T14:54:40.429+0800: 15141.056: Application time: 0.9999785 seconds
2018-10-12T14:54:45.430+0800: 15146.058: Application time: 5.0013096 seconds
2018-10-12T14:54:45.431+0800: 15146.059: Application time: 0.0009651 seconds
2018-10-12T14:54:45.431+0800: 15146.059: Application time: 0.0000663 seconds
2018-10-12T14:54:45.882+0800: 15146.510: Application time: 0.4505252 seconds
2018-10-12T14:54:45.884+0800: 15146.512: Application time: 0.0020533 seconds
2018-10-12T14:54:46.884+0800: 15147.512: Application time: 0.9995247 seconds
2018-10-12T14:55:39.457+0800: 15200.085: Application time: 52.5732264 seconds
2018-10-12T14:55:39.458+0800: 15200.086: Application time: 0.0001537 seconds
2018-10-12T14:55:40.458+0800: 15201.086: Application time: 0.9997680 seconds
2018-10-12T14:55:44.460+0800: 15205.088: Application time: 4.0017768 seconds
2018-10-12T14:55:45.460+0800: 15206.088: Application time: 1.0002877 seconds
2018-10-12T14:55:45.460+0800: 15206.089: Application time: 0.0001731 seconds
2018-10-12T14:55:46.462+0800: 15207.090: Application time: 1.0008251 seconds
2018-10-12T14:56:17.477+0800: 15238.105: Application time: 31.0147017 seconds
2018-10-12T14:56:39.491+0800: 15260.119: Application time: 22.0138970 seconds
2018-10-12T14:56:39.491+0800: 15260.119: Application time: 0.0001865 seconds
2018-10-12T14:56:44.495+0800: 15265.123: Application time: 5.0029874 seconds
2018-10-12T14:56:45.495+0800: 15266.123: Application time: 0.9997863 seconds
2018-10-12T14:56:45.495+0800: 15266.123: Application time: 0.0001262 seconds
2018-10-12T14:56:46.496+0800: 15267.124: Application time: 1.0003487 seconds
2018-10-12T14:56:54.500+0800: 15275.127: Application time: 8.0036249 seconds
2018-10-12T14:56:58.505+0800: 15279.133: Application time: 4.0053813 seconds
2018-10-12T14:57:03.506+0800: 15284.135: Application time: 5.0014718 seconds
2018-10-12T14:57:45.529+0800: 15326.156: Application time: 42.0213277 seconds
2018-10-12T14:57:46.529+0800: 15327.157: Application time: 0.9999573 seconds
2018-10-12T14:57:57.535+0800: 15338.162: Application time: 11.0055555 seconds
2018-10-12T14:57:58.322+0800: 15338.950: Application time: 0.7874316 seconds
2018-10-12T14:57:59.322+0800: 15339.950: Application time: 1.0000896 seconds
2018-10-12T14:58:07.255+0800: 15347.883: Application time: 7.9323194 seconds
2018-10-12T14:58:26.265+0800: 15366.893: Application time: 19.0101451 seconds
2018-10-12T14:58:39.557+0800: 15380.185: Application time: 13.2911286 seconds
2018-10-12T14:58:39.557+0800: 15380.185: Application time: 0.0000307 seconds
2018-10-12T14:58:45.561+0800: 15386.189: Application time: 6.0039490 seconds
2018-10-12T14:58:45.561+0800: 15386.189: Application time: 0.0001336 seconds
2018-10-12T14:59:39.587+0800: 15440.216: Application time: 54.0257357 seconds
2018-10-12T14:59:39.587+0800: 15440.216: Application time: 0.0000310 seconds
2018-10-12T14:59:40.588+0800: 15441.215: Application time: 0.9993949 seconds
2018-10-12T14:59:44.590+0800: 15445.218: Application time: 4.0021446 seconds
2018-10-12T14:59:45.591+0800: 15446.218: Application time: 0.9999894 seconds
2018-10-12T14:59:45.591+0800: 15446.219: Application time: 0.0000656 seconds
2018-10-12T14:59:46.591+0800: 15447.219: Application time: 0.9999577 seconds
2018-10-12T14:59:55.595+0800: 15456.222: Application time: 9.0035815 seconds
2018-10-12T15:00:05.602+0800: 15466.230: Application time: 10.0070590 seconds
2018-10-12T15:00:08.710+0800: 15469.338: Application time: 3.1083077 seconds
2018-10-12T15:00:39.222+0800: 15499.850: Application time: 30.5104676 seconds
{Heap before GC invocations=148 (full 3):
 par new generation   total 78016K, used 72676K [0x00000006c2c00000, 0x00000006c80a0000, 0x00000006d78c0000)
  eden space 69376K, 100% used [0x00000006c2c00000, 0x00000006c6fc0000, 0x00000006c6fc0000)
  from space 8640K,  38% used [0x00000006c6fc0000, 0x00000006c72f93f8, 0x00000006c7830000)
  to   space 8640K,   0% used [0x00000006c7830000, 0x00000006c7830000, 0x00000006c80a0000)
 concurrent mark-sweep generation total 173440K, used 71518K [0x00000006d78c0000, 0x00000006e2220000, 0x00000007c0000000)
 Metaspace       used 92012K, capacity 96213K, committed 96248K, reserved 1132544K
  class space    used 11853K, capacity 12573K, committed 12596K, reserved 1048576K
2018-10-12T15:00:39.222+0800: 15499.851: [GC (Allocation Failure) 2018-10-12T15:00:39.222+0800: 15499.851: [ParNew: 72676K->2736K(78016K), 0.0134139 secs] 144195K->74266K(251456K), 0.0135662 secs] [Times: user=0.02 sys=0.00, real=0.01 secs] 
Heap after GC invocations=149 (full 3):
 par new generation   total 78016K, used 2736K [0x00000006c2c00000, 0x00000006c80a0000, 0x00000006d78c0000)
  eden space 69376K,   0% used [0x00000006c2c00000, 0x00000006c2c00000, 0x00000006c6fc0000)
  from space 8640K,  31% used [0x00000006c7830000, 0x00000006c7adc0a0, 0x00000006c80a0000)
  to   space 8640K,   0% used [0x00000006c6fc0000, 0x00000006c6fc0000, 0x00000006c7830000)
 concurrent mark-sweep generation total 173440K, used 71530K [0x00000006d78c0000, 0x00000006e2220000, 0x00000007c0000000)
 Metaspace       used 92012K, capacity 96213K, committed 96248K, reserved 1132544K
  class space    used 11853K, capacity 12573K, committed 12596K, reserved 1048576K
}
2018-10-12T15:00:39.619+0800: 15500.247: Application time: 0.3823622 seconds
2018-10-12T15:00:39.619+0800: 15500.247: Application time: 0.0001675 seconds
2018-10-12T15:00:45.621+0800: 15506.249: Application time: 6.0012306 seconds
2018-10-12T15:00:45.622+0800: 15506.250: Application time: 0.0000846 seconds
2018-10-12T15:01:45.654+0800: 15566.282: Application time: 60.0309876 seconds
2018-10-12T15:01:45.654+0800: 15566.282: Application time: 0.0000783 seconds
2018-10-12T15:01:48.977+0800: 15569.605: Application time: 3.3231159 seconds
2018-10-12T15:01:48.978+0800: 15569.606: Application time: 0.0000818 seconds
2018-10-12T15:01:49.979+0800: 15570.607: Application time: 1.0006608 seconds
2018-10-12T15:01:55.602+0800: 15576.231: Application time: 5.6230945 seconds
2018-10-12T15:01:59.151+0800: 15579.779: Application time: 3.5479370 seconds
2018-10-12T15:02:01.152+0800: 15581.780: Application time: 2.0008826 seconds
2018-10-12T15:02:01.181+0800: 15581.808: Application time: 0.0279837 seconds
2018-10-12T15:02:02.181+0800: 15582.809: Application time: 1.0006636 seconds
2018-10-12T15:02:09.098+0800: 15589.726: Application time: 6.9168861 seconds
2018-10-12T15:02:09.098+0800: 15589.726: Application time: 0.0000822 seconds
2018-10-12T15:02:09.098+0800: 15589.726: Application time: 0.0000254 seconds
2018-10-12T15:02:39.694+0800: 15620.322: Application time: 30.5950632 seconds
2018-10-12T15:02:39.694+0800: 15620.322: Application time: 0.0000374 seconds
2018-10-12T15:02:49.699+0800: 15630.326: Application time: 10.0042311 seconds
2018-10-12T15:02:49.699+0800: 15630.326: Application time: 0.0000543 seconds
2018-10-12T15:03:01.704+0800: 15642.331: Application time: 12.0049504 seconds
2018-10-12T15:03:01.704+0800: 15642.332: Application time: 0.0000434 seconds
2018-10-12T15:03:02.704+0800: 15643.332: Application time: 0.9999852 seconds
2018-10-12T15:03:09.708+0800: 15650.335: Application time: 7.0036877 seconds
2018-10-12T15:03:26.717+0800: 15667.344: Application time: 17.0087146 seconds
2018-10-12T15:03:39.724+0800: 15680.352: Application time: 13.0073387 seconds
2018-10-12T15:03:39.724+0800: 15680.352: Application time: 0.0000342 seconds
2018-10-12T15:04:01.737+0800: 15702.365: Application time: 22.0125063 seconds
2018-10-12T15:04:01.738+0800: 15702.365: Application time: 0.0001710 seconds
2018-10-12T15:04:16.746+0800: 15717.373: Application time: 15.0076722 seconds
2018-10-12T15:04:39.758+0800: 15740.386: Application time: 23.0126297 seconds
2018-10-12T15:04:39.761+0800: 15740.389: Application time: 0.0030106 seconds
2018-10-12T15:04:39.761+0800: 15740.389: Application time: 0.0001111 seconds
2018-10-12T15:04:40.762+0800: 15741.390: Application time: 1.0002035 seconds
2018-10-12T15:04:45.763+0800: 15746.391: Application time: 5.0009549 seconds
2018-10-12T15:05:01.771+0800: 15762.399: Application time: 16.0073348 seconds
2018-10-12T15:05:01.771+0800: 15762.399: Application time: 0.0000483 seconds
2018-10-12T15:05:30.468+0800: 15791.097: Application time: 28.6980693 seconds
2018-10-12T15:05:30.469+0800: 15791.097: Application time: 0.0000899 seconds
2018-10-12T15:05:31.470+0800: 15792.098: Application time: 0.9998674 seconds
2018-10-12T15:05:39.493+0800: 15800.121: Application time: 8.0227649 seconds
2018-10-12T15:05:39.494+0800: 15800.121: Application time: 0.0003322 seconds
2018-10-12T15:05:39.796+0800: 15800.424: Application time: 0.3027220 seconds
2018-10-12T15:05:39.796+0800: 15800.425: Application time: 0.0001079 seconds
2018-10-12T15:05:40.477+0800: 15801.105: Application time: 0.6795675 seconds
2018-10-12T15:05:44.174+0800: 15804.802: Application time: 3.6973979 seconds
2018-10-12T15:05:45.176+0800: 15805.803: Application time: 1.0003561 seconds
2018-10-12T15:06:30.823+0800: 15851.451: Application time: 45.6472484 seconds
2018-10-12T15:06:30.823+0800: 15851.451: Application time: 0.0001153 seconds
2018-10-12T15:06:31.825+0800: 15852.452: Application time: 1.0007380 seconds
2018-10-12T15:06:39.828+0800: 15860.455: Application time: 8.0031781 seconds
2018-10-12T15:06:39.828+0800: 15860.456: Application time: 0.0000631 seconds
2018-10-12T15:06:40.829+0800: 15861.456: Application time: 1.0005853 seconds
2018-10-12T15:06:53.835+0800: 15874.463: Application time: 13.0065350 seconds
2018-10-12T15:06:58.502+0800: 15879.130: Application time: 4.6666473 seconds
2018-10-12T15:07:00.170+0800: 15880.798: Application time: 1.6678603 seconds
2018-10-12T15:07:01.170+0800: 15881.798: Application time: 1.0000723 seconds
2018-10-12T15:07:03.502+0800: 15884.130: Application time: 2.3321087 seconds
2018-10-12T15:07:04.111+0800: 15884.739: Application time: 0.6083417 seconds
2018-10-12T15:07:30.854+0800: 15911.482: Application time: 26.7424479 seconds
2018-10-12T15:07:30.854+0800: 15911.482: Application time: 0.0000681 seconds
2018-10-12T15:07:38.788+0800: 15919.416: Application time: 7.9339750 seconds
2018-10-12T15:07:39.856+0800: 15920.484: Application time: 1.0672356 seconds
2018-10-12T15:07:39.856+0800: 15920.484: Application time: 0.0000430 seconds
2018-10-12T15:08:16.872+0800: 15957.500: Application time: 37.0157479 seconds
2018-10-12T15:08:23.838+0800: 15964.466: Application time: 6.9653688 seconds
2018-10-12T15:08:23.838+0800: 15964.466: Application time: 0.0000691 seconds
2018-10-12T15:08:23.839+0800: 15964.467: Application time: 0.0002807 seconds
2018-10-12T15:08:26.038+0800: 15966.666: Application time: 2.1988156 seconds
2018-10-12T15:08:28.851+0800: 15969.479: Application time: 2.8127068 seconds
2018-10-12T15:08:28.852+0800: 15969.480: Application time: 0.0001368 seconds
2018-10-12T15:08:28.853+0800: 15969.481: Application time: 0.0002542 seconds
2018-10-12T15:08:28.853+0800: 15969.481: Application time: 0.0000786 seconds
2018-10-12T15:08:28.854+0800: 15969.482: Application time: 0.0001090 seconds
2018-10-12T15:08:28.854+0800: 15969.482: Application time: 0.0000522 seconds
2018-10-12T15:08:31.257+0800: 15971.884: Application time: 2.4021934 seconds
2018-10-12T15:08:33.261+0800: 15973.888: Application time: 2.0032804 seconds
2018-10-12T15:08:33.261+0800: 15973.888: Application time: 0.0000275 seconds
2018-10-12T15:08:33.866+0800: 15974.494: Application time: 0.6051301 seconds
2018-10-12T15:08:33.866+0800: 15974.494: Application time: 0.0000293 seconds
2018-10-12T15:08:33.866+0800: 15974.494: Application time: 0.0001125 seconds
2018-10-12T15:08:39.883+0800: 15980.511: Application time: 6.0170853 seconds
2018-10-12T15:08:39.884+0800: 15980.512: Application time: 0.0001562 seconds
2018-10-12T15:08:44.890+0800: 15985.518: Application time: 5.0054779 seconds
2018-10-12T15:08:44.893+0800: 15985.520: Application time: 0.0018653 seconds
2018-10-12T15:08:44.893+0800: 15985.521: Application time: 0.0002264 seconds
2018-10-12T15:08:44.894+0800: 15985.522: Application time: 0.0004563 seconds
2018-10-12T15:08:44.894+0800: 15985.522: Application time: 0.0000307 seconds
2018-10-12T15:08:44.894+0800: 15985.522: Application time: 0.0001097 seconds
2018-10-12T15:08:45.042+0800: 15985.670: Application time: 0.1478914 seconds
2018-10-12T15:08:45.042+0800: 15985.671: Application time: 0.0000790 seconds
2018-10-12T15:08:47.507+0800: 15988.135: Application time: 2.4640763 seconds
2018-10-12T15:08:52.906+0800: 15993.534: Application time: 5.3990629 seconds
2018-10-12T15:08:52.907+0800: 15993.535: Application time: 0.0001365 seconds
2018-10-12T15:08:52.907+0800: 15993.535: Application time: 0.0001827 seconds
2018-10-12T15:08:52.907+0800: 15993.536: Application time: 0.0001541 seconds
2018-10-12T15:08:53.908+0800: 15994.536: Application time: 1.0005607 seconds
2018-10-12T15:08:53.909+0800: 15994.537: Application time: 0.0001580 seconds
2018-10-12T15:08:53.910+0800: 15994.538: Application time: 0.0002835 seconds
2018-10-12T15:08:53.910+0800: 15994.538: Application time: 0.0001470 seconds
2018-10-12T15:08:53.911+0800: 15994.539: Application time: 0.0004189 seconds
2018-10-12T15:08:53.912+0800: 15994.540: Application time: 0.0001506 seconds
2018-10-12T15:08:55.917+0800: 15996.545: Application time: 2.0046260 seconds
2018-10-12T15:08:55.917+0800: 15996.545: Application time: 0.0001460 seconds
2018-10-12T15:08:55.919+0800: 15996.546: Application time: 0.0010698 seconds
2018-10-12T15:08:55.919+0800: 15996.547: Application time: 0.0000656 seconds
2018-10-12T15:08:55.920+0800: 15996.547: Application time: 0.0000716 seconds
2018-10-12T15:08:55.921+0800: 15996.549: Application time: 0.0000779 seconds
2018-10-12T15:08:55.921+0800: 15996.549: Application time: 0.0002260 seconds
2018-10-12T15:08:55.922+0800: 15996.550: Application time: 0.0001506 seconds
2018-10-12T15:09:17.513+0800: 16018.141: Application time: 21.5912338 seconds
2018-10-12T15:09:24.168+0800: 16024.797: Application time: 6.6548025 seconds
2018-10-12T15:09:25.168+0800: 16025.796: Application time: 0.9993568 seconds
2018-10-12T15:09:26.169+0800: 16026.796: Application time: 1.0001703 seconds
2018-10-12T15:09:26.183+0800: 16026.811: Application time: 0.0146512 seconds
2018-10-12T15:09:28.184+0800: 16028.812: Application time: 2.0004260 seconds
2018-10-12T15:09:28.998+0800: 16029.626: Application time: 0.8135513 seconds
2018-10-12T15:09:28.998+0800: 16029.626: Application time: 0.0000236 seconds
2018-10-12T15:09:28.998+0800: 16029.626: Application time: 0.0000268 seconds
2018-10-12T15:09:28.999+0800: 16029.627: Application time: 0.0003840 seconds
2018-10-12T15:09:29.125+0800: 16029.754: Application time: 0.1264417 seconds
2018-10-12T15:09:39.940+0800: 16040.568: Application time: 10.8146452 seconds
2018-10-12T15:09:39.940+0800: 16040.569: Application time: 0.0000416 seconds
2018-10-12T15:09:40.941+0800: 16041.568: Application time: 0.9995159 seconds
2018-10-12T15:09:43.942+0800: 16044.570: Application time: 3.0010744 seconds
2018-10-12T15:09:45.942+0800: 16046.570: Application time: 2.0001400 seconds
2018-10-12T15:09:47.519+0800: 16048.146: Application time: 1.5763315 seconds
2018-10-12T15:09:47.519+0800: 16048.147: Application time: 0.0003794 seconds
2018-10-12T15:09:47.521+0800: 16048.149: Application time: 0.0016266 seconds
2018-10-12T15:10:00.068+0800: 16060.696: Application time: 12.5467843 seconds
2018-10-12T15:10:00.069+0800: 16060.696: Application time: 0.0000324 seconds
2018-10-12T15:10:01.070+0800: 16061.697: Application time: 1.0009425 seconds
2018-10-12T15:10:39.989+0800: 16100.617: Application time: 38.9189341 seconds
2018-10-12T15:10:39.989+0800: 16100.617: Application time: 0.0000286 seconds
2018-10-12T15:10:40.989+0800: 16101.617: Application time: 0.9994852 seconds
2018-10-12T15:11:01.000+0800: 16121.628: Application time: 20.0108906 seconds
2018-10-12T15:11:01.000+0800: 16121.628: Application time: 0.0000906 seconds
2018-10-12T15:11:01.001+0800: 16121.629: Application time: 0.0000409 seconds
2018-10-12T15:11:58.505+0800: 16179.133: Application time: 57.5039188 seconds
2018-10-12T15:12:01.028+0800: 16181.656: Application time: 2.5227066 seconds
2018-10-12T15:12:01.028+0800: 16181.656: Application time: 0.0000677 seconds
2018-10-12T15:12:03.507+0800: 16184.135: Application time: 2.4786439 seconds
2018-10-12T15:12:09.508+0800: 16190.136: Application time: 6.0009718 seconds
2018-10-12T15:12:15.533+0800: 16196.162: Application time: 6.0252629 seconds
{Heap before GC invocations=149 (full 3):
 par new generation   total 78016K, used 72112K [0x00000006c2c00000, 0x00000006c80a0000, 0x00000006d78c0000)
  eden space 69376K, 100% used [0x00000006c2c00000, 0x00000006c6fc0000, 0x00000006c6fc0000)
  from space 8640K,  31% used [0x00000006c7830000, 0x00000006c7adc0a0, 0x00000006c80a0000)
  to   space 8640K,   0% used [0x00000006c6fc0000, 0x00000006c6fc0000, 0x00000006c7830000)
 concurrent mark-sweep generation total 173440K, used 71530K [0x00000006d78c0000, 0x00000006e2220000, 0x00000007c0000000)
 Metaspace       used 92101K, capacity 96369K, committed 96504K, reserved 1132544K
  class space    used 11856K, capacity 12577K, committed 12596K, reserved 1048576K
2018-10-12T15:12:15.534+0800: 16196.162: [GC (Allocation Failure) 2018-10-12T15:12:15.534+0800: 16196.162: [ParNew: 72112K->2902K(78016K), 0.0069906 secs] 143642K->74440K(251456K), 0.0070633 secs] [Times: user=0.00 sys=0.00, real=0.01 secs] 
Heap after GC invocations=150 (full 3):
 par new generation   total 78016K, used 2902K [0x00000006c2c00000, 0x00000006c80a0000, 0x00000006d78c0000)
  eden space 69376K,   0% used [0x00000006c2c00000, 0x00000006c2c00000, 0x00000006c6fc0000)
  from space 8640K,  33% used [0x00000006c6fc0000, 0x00000006c7295ad8, 0x00000006c7830000)
  to   space 8640K,   0% used [0x00000006c7830000, 0x00000006c7830000, 0x00000006c80a0000)
 concurrent mark-sweep generation total 173440K, used 71537K [0x00000006d78c0000, 0x00000006e2220000, 0x00000007c0000000)
 Metaspace       used 92101K, capacity 96369K, committed 96504K, reserved 1132544K
  class space    used 11856K, capacity 12577K, committed 12596K, reserved 1048576K
}
2018-10-12T15:12:15.541+0800: 16196.169: Application time: 0.0000822 seconds
2018-10-12T15:12:15.541+0800: 16196.169: Application time: 0.0000776 seconds
2018-10-12T15:12:16.541+0800: 16197.169: Application time: 0.9993755 seconds
2018-10-12T15:12:40.550+0800: 16221.178: Application time: 24.0081455 seconds
2018-10-12T15:12:46.552+0800: 16227.180: Application time: 6.0024574 seconds
2018-10-12T15:13:01.057+0800: 16241.685: Application time: 14.5041297 seconds
2018-10-12T15:13:01.057+0800: 16241.685: Application time: 0.0001798 seconds
2018-10-12T15:13:16.062+0800: 16256.690: Application time: 15.0045100 seconds
2018-10-12T15:13:26.863+0800: 16267.491: Application time: 10.8006896 seconds
2018-10-12T15:13:40.072+0800: 16280.700: Application time: 13.2089527 seconds
2018-10-12T15:13:40.072+0800: 16280.700: Application time: 0.0000264 seconds
2018-10-12T15:13:41.073+0800: 16281.700: Application time: 0.9999224 seconds
2018-10-12T15:13:47.582+0800: 16288.210: Application time: 6.5097225 seconds
2018-10-12T15:13:47.583+0800: 16288.211: Application time: 0.0000994 seconds
2018-10-12T15:13:47.583+0800: 16288.211: Application time: 0.0002292 seconds
2018-10-12T15:14:01.081+0800: 16301.709: Application time: 13.4977448 seconds
2018-10-12T15:14:01.082+0800: 16301.710: Application time: 0.0002056 seconds
2018-10-12T15:14:02.083+0800: 16302.711: Application time: 1.0006523 seconds
2018-10-12T15:14:25.093+0800: 16325.720: Application time: 23.0088341 seconds
2018-10-12T15:14:25.180+0800: 16325.809: Application time: 0.0878802 seconds
2018-10-12T15:14:26.181+0800: 16326.809: Application time: 1.0002112 seconds
2018-10-12T15:14:29.144+0800: 16329.772: Application time: 2.9625394 seconds
2018-10-12T15:14:40.102+0800: 16340.730: Application time: 10.9580559 seconds
2018-10-12T15:14:40.103+0800: 16340.731: Application time: 0.0001287 seconds
2018-10-12T15:14:44.173+0800: 16344.801: Application time: 4.0697145 seconds
2018-10-12T15:15:01.112+0800: 16361.740: Application time: 16.9388256 seconds
2018-10-12T15:15:01.112+0800: 16361.740: Application time: 0.0000920 seconds
2018-10-12T15:15:09.116+0800: 16369.743: Application time: 8.0029916 seconds
2018-10-12T15:15:16.120+0800: 16376.747: Application time: 7.0037497 seconds
2018-10-12T15:15:18.121+0800: 16378.748: Application time: 2.0004799 seconds
2018-10-12T15:15:40.134+0800: 16400.762: Application time: 22.0134358 seconds
2018-10-12T15:15:40.135+0800: 16400.763: Application time: 0.0001883 seconds
2018-10-12T15:15:41.135+0800: 16401.763: Application time: 1.0001767 seconds
2018-10-12T15:15:45.573+0800: 16406.201: Application time: 4.4379343 seconds
2018-10-12T15:15:45.575+0800: 16406.204: Application time: 0.0020074 seconds
2018-10-12T15:16:01.147+0800: 16421.774: Application time: 15.5703508 seconds
2018-10-12T15:16:01.147+0800: 16421.775: Application time: 0.0000300 seconds
2018-10-12T15:16:02.147+0800: 16422.775: Application time: 0.9999559 seconds
2018-10-12T15:16:10.153+0800: 16430.780: Application time: 8.0053838 seconds
2018-10-12T15:16:40.167+0800: 16460.794: Application time: 30.0138384 seconds
2018-10-12T15:16:40.167+0800: 16460.794: Application time: 0.0000289 seconds
2018-10-12T15:16:46.170+0800: 16466.797: Application time: 6.0029616 seconds
2018-10-12T15:16:54.172+0800: 16474.800: Application time: 8.0022042 seconds
2018-10-12T15:16:58.509+0800: 16479.137: Application time: 4.3364011 seconds
2018-10-12T15:17:01.177+0800: 16481.805: Application time: 2.6676011 seconds
2018-10-12T15:17:01.178+0800: 16481.805: Application time: 0.0001798 seconds
2018-10-12T15:17:03.508+0800: 16484.136: Application time: 2.3306721 seconds
2018-10-12T15:17:09.512+0800: 16490.140: Application time: 6.0027652 seconds
2018-10-12T15:17:16.515+0800: 16497.142: Application time: 7.0022307 seconds
2018-10-12T15:18:01.205+0800: 16541.833: Application time: 44.6903149 seconds
2018-10-12T15:18:01.206+0800: 16541.833: Application time: 0.0001608 seconds
2018-10-12T15:18:26.926+0800: 16567.554: Application time: 25.7206132 seconds
2018-10-12T15:18:40.220+0800: 16580.848: Application time: 13.2937482 seconds
2018-10-12T15:18:40.220+0800: 16580.849: Application time: 0.0001093 seconds
2018-10-12T15:18:41.222+0800: 16581.850: Application time: 1.0004810 seconds
2018-10-12T15:18:46.224+0800: 16586.852: Application time: 5.0021862 seconds
2018-10-12T15:19:01.230+0800: 16601.858: Application time: 15.0065005 seconds
2018-10-12T15:19:01.231+0800: 16601.859: Application time: 0.0001414 seconds
2018-10-12T15:19:16.239+0800: 16616.867: Application time: 15.0077040 seconds
2018-10-12T15:19:24.243+0800: 16624.871: Application time: 8.0035040 seconds
2018-10-12T15:19:25.180+0800: 16625.808: Application time: 0.9371259 seconds
2018-10-12T15:19:29.136+0800: 16629.765: Application time: 3.9562706 seconds
2018-10-12T15:19:40.257+0800: 16640.885: Application time: 11.1200220 seconds
2018-10-12T15:19:40.258+0800: 16640.886: Application time: 0.0001298 seconds
2018-10-12T15:19:46.150+0800: 16646.778: Application time: 5.8922650 seconds
2018-10-12T15:19:46.153+0800: 16646.781: Application time: 0.0019863 seconds
2018-10-12T15:20:01.268+0800: 16661.896: Application time: 15.1150832 seconds
2018-10-12T15:20:01.268+0800: 16661.896: Application time: 0.0000335 seconds
2018-10-12T15:20:40.288+0800: 16700.916: Application time: 39.0192448 seconds
2018-10-12T15:20:40.288+0800: 16700.916: Application time: 0.0000959 seconds
2018-10-12T15:20:40.288+0800: 16700.916: Application time: 0.0000282 seconds
2018-10-12T15:21:01.298+0800: 16721.926: Application time: 21.0100256 seconds
2018-10-12T15:21:01.299+0800: 16721.927: Application time: 0.0001615 seconds
2018-10-12T15:21:16.305+0800: 16736.932: Application time: 15.0054338 seconds
2018-10-12T15:21:40.316+0800: 16760.944: Application time: 24.0107964 seconds
2018-10-12T15:21:40.316+0800: 16760.944: Application time: 0.0001467 seconds
2018-10-12T15:21:46.317+0800: 16766.944: Application time: 6.0002641 seconds
2018-10-12T15:21:58.509+0800: 16779.137: Application time: 12.1919251 seconds
2018-10-12T15:22:01.326+0800: 16781.954: Application time: 2.8172020 seconds
2018-10-12T15:22:01.327+0800: 16781.955: Application time: 0.0001435 seconds
2018-10-12T15:22:03.509+0800: 16784.137: Application time: 2.1822000 seconds
2018-10-12T15:23:01.355+0800: 16841.983: Application time: 57.8458355 seconds
2018-10-12T15:23:01.356+0800: 16841.984: Application time: 0.0001717 seconds
2018-10-12T15:23:18.367+0800: 16858.995: Application time: 17.0094826 seconds
2018-10-12T15:23:26.993+0800: 16867.620: Application time: 8.6254659 seconds
2018-10-12T15:23:42.000+0800: 16882.628: Application time: 15.0071172 seconds
2018-10-12T15:24:01.011+0800: 16901.638: Application time: 19.0100545 seconds
2018-10-12T15:24:01.388+0800: 16902.016: Application time: 0.3771195 seconds
2018-10-12T15:24:01.388+0800: 16902.016: Application time: 0.0000663 seconds
2018-10-12T15:24:02.388+0800: 16903.016: Application time: 0.9999062 seconds
2018-10-12T15:24:09.392+0800: 16910.020: Application time: 7.0036834 seconds
2018-10-12T15:24:25.179+0800: 16925.807: Application time: 15.7872585 seconds
2018-10-12T15:24:29.143+0800: 16929.771: Application time: 3.9634414 seconds
2018-10-12T15:24:40.407+0800: 16941.034: Application time: 11.2627475 seconds
2018-10-12T15:24:40.407+0800: 16941.034: Application time: 0.0000324 seconds
2018-10-12T15:25:01.417+0800: 16962.045: Application time: 21.0101518 seconds
2018-10-12T15:25:01.418+0800: 16962.045: Application time: 0.0001760 seconds
2018-10-12T15:25:02.418+0800: 16963.045: Application time: 0.9994506 seconds
2018-10-12T15:25:12.421+0800: 16973.049: Application time: 10.0034345 seconds
{Heap before GC invocations=150 (full 3):
 par new generation   total 78016K, used 72278K [0x00000006c2c00000, 0x00000006c80a0000, 0x00000006d78c0000)
  eden space 69376K, 100% used [0x00000006c2c00000, 0x00000006c6fc0000, 0x00000006c6fc0000)
  from space 8640K,  33% used [0x00000006c6fc0000, 0x00000006c7295ad8, 0x00000006c7830000)
  to   space 8640K,   0% used [0x00000006c7830000, 0x00000006c7830000, 0x00000006c80a0000)
 concurrent mark-sweep generation total 173440K, used 71537K [0x00000006d78c0000, 0x00000006e2220000, 0x00000007c0000000)
 Metaspace       used 92135K, capacity 96433K, committed 96504K, reserved 1132544K
  class space    used 11856K, capacity 12577K, committed 12596K, reserved 1048576K
2018-10-12T15:25:12.421+0800: 16973.049: [GC (Allocation Failure) 2018-10-12T15:25:12.421+0800: 16973.049: [ParNew: 72278K->2597K(78016K), 0.0061468 secs] 143816K->74163K(251456K), 0.0062367 secs] [Times: user=0.06 sys=0.00, real=0.01 secs] 
Heap after GC invocations=151 (full 3):
 par new generation   total 78016K, used 2597K [0x00000006c2c00000, 0x00000006c80a0000, 0x00000006d78c0000)
  eden space 69376K,   0% used [0x00000006c2c00000, 0x00000006c2c00000, 0x00000006c6fc0000)
  from space 8640K,  30% used [0x00000006c7830000, 0x00000006c7ab9420, 0x00000006c80a0000)
  to   space 8640K,   0% used [0x00000006c6fc0000, 0x00000006c6fc0000, 0x00000006c7830000)
 concurrent mark-sweep generation total 173440K, used 71566K [0x00000006d78c0000, 0x00000006e2220000, 0x00000007c0000000)
 Metaspace       used 92135K, capacity 96433K, committed 96504K, reserved 1132544K
  class space    used 11856K, capacity 12577K, committed 12596K, reserved 1048576K
}
2018-10-12T15:25:16.429+0800: 16977.056: Application time: 4.0010896 seconds
2018-10-12T15:25:18.430+0800: 16979.057: Application time: 2.0006315 seconds
2018-10-12T15:25:40.439+0800: 17001.066: Application time: 22.0088553 seconds
2018-10-12T15:25:40.444+0800: 17001.072: Application time: 0.0048481 seconds
2018-10-12T15:25:40.444+0800: 17001.072: Application time: 0.0001495 seconds
2018-10-12T15:25:41.445+0800: 17002.073: Application time: 1.0006851 seconds
2018-10-12T15:26:01.452+0800: 17022.080: Application time: 20.0065231 seconds
2018-10-12T15:26:01.452+0800: 17022.080: Application time: 0.0001939 seconds
2018-10-12T15:26:40.472+0800: 17061.100: Application time: 39.0194486 seconds
2018-10-12T15:26:40.472+0800: 17061.101: Application time: 0.0001252 seconds
2018-10-12T15:26:46.475+0800: 17067.103: Application time: 6.0020505 seconds
2018-10-12T15:27:01.481+0800: 17082.108: Application time: 15.0052205 seconds
2018-10-12T15:27:01.481+0800: 17082.109: Application time: 0.0000476 seconds
2018-10-12T15:27:03.507+0800: 17084.136: Application time: 2.0268218 seconds
2018-10-12T15:27:03.508+0800: 17084.137: Application time: 0.0006262 seconds
2018-10-12T15:27:10.512+0800: 17091.139: Application time: 7.0026231 seconds
2018-10-12T15:27:16.515+0800: 17097.142: Application time: 6.0023481 seconds
2018-10-12T15:27:46.527+0800: 17127.155: Application time: 30.0120750 seconds
2018-10-12T15:28:01.506+0800: 17142.134: Application time: 14.9787601 seconds
2018-10-12T15:28:01.506+0800: 17142.134: Application time: 0.0001488 seconds
2018-10-12T15:28:09.511+0800: 17150.138: Application time: 8.0037265 seconds
2018-10-12T15:28:26.248+0800: 17166.876: Application time: 16.7371336 seconds
2018-10-12T15:28:40.526+0800: 17181.154: Application time: 14.2776329 seconds
2018-10-12T15:28:40.526+0800: 17181.154: Application time: 0.0000733 seconds
2018-10-12T15:28:41.526+0800: 17182.154: Application time: 0.9999542 seconds
2018-10-12T15:29:01.538+0800: 17202.165: Application time: 20.0114777 seconds
2018-10-12T15:29:01.538+0800: 17202.166: Application time: 0.0002056 seconds
2018-10-12T15:29:24.548+0800: 17225.176: Application time: 23.0093250 seconds
2018-10-12T15:29:25.180+0800: 17225.808: Application time: 0.6321042 seconds
2018-10-12T15:29:26.182+0800: 17226.809: Application time: 1.0006809 seconds
2018-10-12T15:29:29.143+0800: 17229.771: Application time: 2.9616360 seconds
2018-10-12T15:29:40.554+0800: 17241.182: Application time: 11.4102779 seconds
2018-10-12T15:29:40.554+0800: 17241.182: Application time: 0.0001382 seconds
2018-10-12T15:30:01.566+0800: 17262.194: Application time: 21.0113578 seconds
2018-10-12T15:30:01.566+0800: 17262.195: Application time: 0.0001322 seconds
2018-10-12T15:30:16.574+0800: 17277.202: Application time: 15.0067632 seconds
2018-10-12T15:30:39.585+0800: 17300.212: Application time: 23.0102488 seconds
2018-10-12T15:30:40.585+0800: 17301.213: Application time: 1.0000783 seconds
2018-10-12T15:30:40.585+0800: 17301.213: Application time: 0.0001185 seconds
2018-10-12T15:31:01.592+0800: 17322.220: Application time: 21.0064092 seconds
2018-10-12T15:31:01.592+0800: 17322.220: Application time: 0.0000331 seconds
2018-10-12T15:31:40.613+0800: 17361.240: Application time: 39.0201267 seconds
2018-10-12T15:31:40.613+0800: 17361.241: Application time: 0.0001911 seconds
2018-10-12T15:31:41.613+0800: 17362.241: Application time: 0.9997860 seconds
2018-10-12T15:31:48.616+0800: 17369.243: Application time: 7.0018259 seconds
2018-10-12T15:31:53.617+0800: 17374.244: Application time: 5.0007006 seconds
2018-10-12T15:31:58.510+0800: 17379.138: Application time: 4.8933200 seconds
2018-10-12T15:32:01.621+0800: 17382.249: Application time: 3.1108557 seconds
2018-10-12T15:32:01.621+0800: 17382.250: Application time: 0.0001220 seconds
2018-10-12T15:32:03.511+0800: 17384.139: Application time: 1.8886922 seconds
2018-10-12T15:32:16.518+0800: 17397.146: Application time: 13.0068009 seconds
2018-10-12T15:32:18.519+0800: 17399.146: Application time: 2.0005215 seconds
2018-10-12T15:32:26.522+0800: 17407.149: Application time: 8.0030367 seconds
2018-10-12T15:32:41.530+0800: 17422.158: Application time: 15.0079540 seconds
2018-10-12T15:33:01.650+0800: 17442.277: Application time: 20.1195558 seconds
2018-10-12T15:33:01.650+0800: 17442.277: Application time: 0.0000490 seconds
2018-10-12T15:33:09.654+0800: 17450.281: Application time: 8.0039105 seconds
2018-10-12T15:33:26.086+0800: 17466.713: Application time: 16.4316130 seconds
2018-10-12T15:33:40.670+0800: 17481.298: Application time: 14.5843860 seconds
2018-10-12T15:33:40.670+0800: 17481.298: Application time: 0.0000867 seconds
2018-10-12T15:33:41.671+0800: 17482.299: Application time: 1.0001400 seconds
2018-10-12T15:34:01.681+0800: 17502.309: Application time: 20.0098324 seconds
2018-10-12T15:34:01.682+0800: 17502.309: Application time: 0.0001534 seconds
2018-10-12T15:34:25.180+0800: 17525.808: Application time: 23.4980964 seconds
2018-10-12T15:34:29.137+0800: 17529.764: Application time: 3.9563658 seconds
2018-10-12T15:34:40.697+0800: 17541.325: Application time: 11.5607367 seconds
2018-10-12T15:34:40.698+0800: 17541.327: Application time: 0.0001735 seconds
2018-10-12T15:34:41.700+0800: 17542.327: Application time: 0.9998233 seconds
2018-10-12T15:35:01.710+0800: 17562.337: Application time: 20.0097301 seconds
2018-10-12T15:35:40.726+0800: 17601.353: Application time: 39.0159274 seconds
2018-10-12T15:35:40.726+0800: 17601.354: Application time: 0.0000335 seconds
2018-10-12T15:36:01.738+0800: 17622.366: Application time: 21.0121177 seconds
2018-10-12T15:36:01.738+0800: 17622.366: Application time: 0.0000987 seconds
2018-10-12T15:36:40.759+0800: 17661.387: Application time: 39.0206069 seconds
2018-10-12T15:36:40.760+0800: 17661.387: Application time: 0.0001661 seconds
2018-10-12T15:36:58.508+0800: 17679.136: Application time: 17.7484967 seconds
2018-10-12T15:37:01.770+0800: 17682.398: Application time: 3.2613702 seconds
2018-10-12T15:37:01.771+0800: 17682.398: Application time: 0.0001830 seconds
2018-10-12T15:37:18.779+0800: 17699.406: Application time: 17.0074868 seconds
2018-10-12T15:38:01.806+0800: 17742.434: Application time: 43.0269858 seconds
2018-10-12T15:38:01.806+0800: 17742.434: Application time: 0.0000607 seconds
2018-10-12T15:38:07.704+0800: 17748.332: Application time: 5.8978712 seconds
2018-10-12T15:38:07.704+0800: 17748.332: Application time: 0.0001008 seconds
2018-10-12T15:38:09.149+0800: 17749.777: Application time: 1.4445938 seconds
2018-10-12T15:38:09.150+0800: 17749.778: Application time: 0.0001139 seconds
2018-10-12T15:38:09.151+0800: 17749.780: Application time: 0.0008932 seconds
2018-10-12T15:38:09.674+0800: 17750.302: Application time: 0.5223864 seconds
{Heap before GC invocations=151 (full 3):
 par new generation   total 78016K, used 71973K [0x00000006c2c00000, 0x00000006c80a0000, 0x00000006d78c0000)
  eden space 69376K, 100% used [0x00000006c2c00000, 0x00000006c6fc0000, 0x00000006c6fc0000)
  from space 8640K,  30% used [0x00000006c7830000, 0x00000006c7ab9420, 0x00000006c80a0000)
  to   space 8640K,   0% used [0x00000006c6fc0000, 0x00000006c6fc0000, 0x00000006c7830000)
 concurrent mark-sweep generation total 173440K, used 71566K [0x00000006d78c0000, 0x00000006e2220000, 0x00000007c0000000)
 Metaspace       used 92192K, capacity 96501K, committed 96760K, reserved 1134592K
  class space    used 11856K, capacity 12577K, committed 12596K, reserved 1048576K
2018-10-12T15:38:09.675+0800: 17750.303: [GC (Allocation Failure) 2018-10-12T15:38:09.675+0800: 17750.303: [ParNew: 71973K->3084K(78016K), 0.0164884 secs] 143539K->74658K(251456K), 0.0167423 secs] [Times: user=0.01 sys=0.00, real=0.02 secs] 
Heap after GC invocations=152 (full 3):
 par new generation   total 78016K, used 3084K [0x00000006c2c00000, 0x00000006c80a0000, 0x00000006d78c0000)
  eden space 69376K,   0% used [0x00000006c2c00000, 0x00000006c2c00000, 0x00000006c6fc0000)
  from space 8640K,  35% used [0x00000006c6fc0000, 0x00000006c72c3358, 0x00000006c7830000)
  to   space 8640K,   0% used [0x00000006c7830000, 0x00000006c7830000, 0x00000006c80a0000)
 concurrent mark-sweep generation total 173440K, used 71573K [0x00000006d78c0000, 0x00000006e2220000, 0x00000007c0000000)
 Metaspace       used 92192K, capacity 96501K, committed 96760K, reserved 1134592K
  class space    used 11856K, capacity 12577K, committed 12596K, reserved 1048576K
}
2018-10-12T15:38:09.692+0800: 17750.320: Application time: 0.0001834 seconds
2018-10-12T15:38:09.693+0800: 17750.321: Application time: 0.0001918 seconds
2018-10-12T15:38:09.694+0800: 17750.322: Application time: 0.0003858 seconds
2018-10-12T15:38:09.695+0800: 17750.323: Application time: 0.0000829 seconds
2018-10-12T15:38:09.695+0800: 17750.323: Application time: 0.0000518 seconds
2018-10-12T15:38:12.159+0800: 17752.787: Application time: 2.4640223 seconds
2018-10-12T15:38:12.160+0800: 17752.788: Application time: 0.0001499 seconds
2018-10-12T15:38:12.160+0800: 17752.788: Application time: 0.0003308 seconds
2018-10-12T15:38:12.161+0800: 17752.789: Application time: 0.0001481 seconds
2018-10-12T15:38:12.162+0800: 17752.790: Application time: 0.0005681 seconds
2018-10-12T15:38:17.684+0800: 17758.312: Application time: 5.5216554 seconds
2018-10-12T15:38:17.685+0800: 17758.312: Application time: 0.0000568 seconds
2018-10-12T15:38:18.685+0800: 17759.313: Application time: 1.0002387 seconds
2018-10-12T15:38:22.183+0800: 17762.811: Application time: 3.4976225 seconds
2018-10-12T15:38:22.184+0800: 17762.811: Application time: 0.0004281 seconds
2018-10-12T15:38:26.362+0800: 17766.989: Application time: 4.1777901 seconds
2018-10-12T15:38:34.802+0800: 17775.430: Application time: 8.4404044 seconds
2018-10-12T15:38:35.214+0800: 17775.842: Application time: 0.4118297 seconds
2018-10-12T15:38:35.215+0800: 17775.842: Application time: 0.0000963 seconds
2018-10-12T15:38:35.215+0800: 17775.843: Application time: 0.0001100 seconds
2018-10-12T15:38:36.216+0800: 17776.844: Application time: 1.0005191 seconds
2018-10-12T15:38:36.216+0800: 17776.844: Application time: 0.0001368 seconds
2018-10-12T15:38:36.217+0800: 17776.845: Application time: 0.0002849 seconds
2018-10-12T15:38:36.217+0800: 17776.845: Application time: 0.0001703 seconds
2018-10-12T15:38:36.248+0800: 17776.876: Application time: 0.0303977 seconds
2018-10-12T15:38:37.218+0800: 17777.846: Application time: 0.9700558 seconds
2018-10-12T15:38:37.218+0800: 17777.847: Application time: 0.0001336 seconds
2018-10-12T15:38:37.220+0800: 17777.848: Application time: 0.0012327 seconds
2018-10-12T15:38:37.220+0800: 17777.849: Application time: 0.0000688 seconds
2018-10-12T15:38:37.220+0800: 17777.849: Application time: 0.0000561 seconds
2018-10-12T15:38:37.221+0800: 17777.849: Application time: 0.0001812 seconds
2018-10-12T15:38:37.221+0800: 17777.849: Application time: 0.0000800 seconds
2018-10-12T15:38:40.842+0800: 17781.470: Application time: 3.6200003 seconds
2018-10-12T15:38:40.842+0800: 17781.470: Application time: 0.0000691 seconds
2018-10-12T15:38:41.843+0800: 17782.470: Application time: 1.0002606 seconds
2018-10-12T15:39:00.138+0800: 17800.766: Application time: 18.2953988 seconds
2018-10-12T15:39:01.851+0800: 17802.479: Application time: 1.7126461 seconds
2018-10-12T15:39:01.852+0800: 17802.480: Application time: 0.0001943 seconds
2018-10-12T15:39:06.286+0800: 17806.914: Application time: 4.4337223 seconds
2018-10-12T15:39:10.288+0800: 17810.916: Application time: 4.0019983 seconds
2018-10-12T15:39:18.293+0800: 17818.920: Application time: 8.0039359 seconds
2018-10-12T15:39:25.179+0800: 17825.807: Application time: 6.8869468 seconds
2018-10-12T15:39:26.180+0800: 17826.807: Application time: 0.9994972 seconds
2018-10-12T15:39:29.142+0800: 17829.770: Application time: 2.9623705 seconds
2018-10-12T15:39:35.351+0800: 17835.979: Application time: 6.2083518 seconds
2018-10-12T15:39:35.351+0800: 17835.979: Application time: 0.0000564 seconds
2018-10-12T15:39:35.351+0800: 17835.979: Application time: 0.0000536 seconds
2018-10-12T15:39:35.352+0800: 17835.980: Application time: 0.0002267 seconds
2018-10-12T15:39:35.352+0800: 17835.980: Application time: 0.0001707 seconds
2018-10-12T15:39:40.871+0800: 17841.499: Application time: 5.5188105 seconds
2018-10-12T15:39:40.872+0800: 17841.499: Application time: 0.0001340 seconds
2018-10-12T15:39:47.964+0800: 17848.592: Application time: 7.0926564 seconds
2018-10-12T15:39:51.966+0800: 17852.594: Application time: 4.0004774 seconds
2018-10-12T15:40:00.145+0800: 17860.773: Application time: 8.1782577 seconds
2018-10-12T15:40:01.881+0800: 17862.509: Application time: 1.7362955 seconds
2018-10-12T15:40:01.882+0800: 17862.510: Application time: 0.0001340 seconds
2018-10-12T15:40:09.199+0800: 17869.827: Application time: 7.3169053 seconds
2018-10-12T15:40:40.901+0800: 17901.529: Application time: 31.7017425 seconds
2018-10-12T15:40:40.901+0800: 17901.529: Application time: 0.0000532 seconds
2018-10-12T15:40:45.831+0800: 17906.459: Application time: 4.9293532 seconds
2018-10-12T15:40:45.834+0800: 17906.462: Application time: 0.0024063 seconds
2018-10-12T15:40:46.835+0800: 17907.462: Application time: 1.0000719 seconds
2018-10-12T15:41:01.912+0800: 17922.540: Application time: 15.0779911 seconds
2018-10-12T15:41:01.913+0800: 17922.541: Application time: 0.0001760 seconds
2018-10-12T15:41:15.920+0800: 17936.548: Application time: 14.0067512 seconds
2018-10-12T15:41:40.936+0800: 17961.564: Application time: 25.0156982 seconds
2018-10-12T15:41:40.936+0800: 17961.564: Application time: 0.0001030 seconds
2018-10-12T15:41:41.936+0800: 17962.564: Application time: 0.9998667 seconds
2018-10-12T15:41:58.509+0800: 17979.137: Application time: 16.5726378 seconds
2018-10-12T15:42:01.946+0800: 17982.574: Application time: 3.4364237 seconds
2018-10-12T15:42:01.946+0800: 17982.574: Application time: 0.0000286 seconds
2018-10-12T15:42:02.946+0800: 17983.574: Application time: 0.9996534 seconds
2018-10-12T15:42:03.509+0800: 17984.138: Application time: 0.5638658 seconds
2018-10-12T15:43:01.999+0800: 18042.626: Application time: 58.4886329 seconds
2018-10-12T15:43:01.999+0800: 18042.627: Application time: 0.0001820 seconds
2018-10-12T15:43:03.000+0800: 18043.628: Application time: 1.0004048 seconds
2018-10-12T15:43:26.242+0800: 18066.869: Application time: 23.2413335 seconds
2018-10-12T15:43:41.020+0800: 18081.647: Application time: 14.7777378 seconds
2018-10-12T15:43:41.020+0800: 18081.648: Application time: 0.0001414 seconds
2018-10-12T15:44:02.031+0800: 18102.659: Application time: 21.0102679 seconds
2018-10-12T15:44:02.031+0800: 18102.659: Application time: 0.0001403 seconds
2018-10-12T15:44:25.179+0800: 18125.808: Application time: 23.1480356 seconds
2018-10-12T15:44:29.137+0800: 18129.765: Application time: 3.9574282 seconds
2018-10-12T15:44:41.047+0800: 18141.675: Application time: 11.9097163 seconds
2018-10-12T15:44:41.047+0800: 18141.676: Application time: 0.0001308 seconds
2018-10-12T15:44:46.428+0800: 18147.056: Application time: 5.3800780 seconds
2018-10-12T15:44:46.430+0800: 18147.058: Application time: 0.0019722 seconds
2018-10-12T15:44:48.432+0800: 18149.059: Application time: 2.0006086 seconds
2018-10-12T15:45:02.058+0800: 18162.686: Application time: 13.6264856 seconds
2018-10-12T15:45:02.059+0800: 18162.686: Application time: 0.0000367 seconds
2018-10-12T15:45:41.076+0800: 18201.704: Application time: 39.0173248 seconds
2018-10-12T15:45:41.076+0800: 18201.704: Application time: 0.0000384 seconds
2018-10-12T15:46:02.090+0800: 18222.718: Application time: 21.0136780 seconds
2018-10-12T15:46:02.091+0800: 18222.719: Application time: 0.0001142 seconds
2018-10-12T15:46:58.509+0800: 18279.137: Application time: 56.4168820 seconds
2018-10-12T15:47:02.124+0800: 18282.752: Application time: 3.6152572 seconds
2018-10-12T15:47:02.125+0800: 18282.753: Application time: 0.0001964 seconds
2018-10-12T15:47:03.512+0800: 18284.139: Application time: 1.3860369 seconds
2018-10-12T15:48:02.168+0800: 18342.796: Application time: 58.6558843 seconds
2018-10-12T15:48:02.168+0800: 18342.796: Application time: 0.0001710 seconds
2018-10-12T15:48:26.298+0800: 18366.926: Application time: 24.1293258 seconds
2018-10-12T15:48:41.308+0800: 18381.935: Application time: 15.0094152 seconds
2018-10-12T15:48:41.308+0800: 18381.936: Application time: 0.0001354 seconds
2018-10-12T15:48:41.308+0800: 18381.936: Application time: 0.0001001 seconds
2018-10-12T15:49:02.318+0800: 18402.946: Application time: 21.0103031 seconds
2018-10-12T15:49:02.319+0800: 18402.947: Application time: 0.0001513 seconds
2018-10-12T15:49:25.179+0800: 18425.807: Application time: 22.8597942 seconds
2018-10-12T15:49:34.141+0800: 18434.769: Application time: 8.9617936 seconds
2018-10-12T15:49:41.336+0800: 18441.964: Application time: 7.1946181 seconds
2018-10-12T15:49:41.336+0800: 18441.964: Application time: 0.0000289 seconds
2018-10-12T15:50:02.406+0800: 18463.034: Application time: 21.0701902 seconds
2018-10-12T15:50:02.406+0800: 18463.035: Application time: 0.0000307 seconds
2018-10-12T15:50:41.452+0800: 18502.080: Application time: 39.0451170 seconds
2018-10-12T15:50:41.452+0800: 18502.080: Application time: 0.0000303 seconds
2018-10-12T15:50:48.454+0800: 18509.082: Application time: 7.0020723 seconds
2018-10-12T15:51:02.593+0800: 18523.221: Application time: 14.1385548 seconds
2018-10-12T15:51:02.593+0800: 18523.221: Application time: 0.0000314 seconds
2018-10-12T15:51:03.907+0800: 18524.535: Application time: 1.3137553 seconds
{Heap before GC invocations=152 (full 3):
 par new generation   total 78016K, used 72460K [0x00000006c2c00000, 0x00000006c80a0000, 0x00000006d78c0000)
  eden space 69376K, 100% used [0x00000006c2c00000, 0x00000006c6fc0000, 0x00000006c6fc0000)
  from space 8640K,  35% used [0x00000006c6fc0000, 0x00000006c72c3358, 0x00000006c7830000)
  to   space 8640K,   0% used [0x00000006c7830000, 0x00000006c7830000, 0x00000006c80a0000)
 concurrent mark-sweep generation total 173440K, used 71573K [0x00000006d78c0000, 0x00000006e2220000, 0x00000007c0000000)
 Metaspace       used 92207K, capacity 96507K, committed 96760K, reserved 1134592K
  class space    used 11857K, capacity 12578K, committed 12596K, reserved 1048576K
2018-10-12T15:51:03.907+0800: 18524.535: [GC (Allocation Failure) 2018-10-12T15:51:03.907+0800: 18524.535: [ParNew: 72460K->2590K(78016K), 0.0059501 secs] 144034K->74165K(251456K), 0.0060562 secs] [Times: user=0.00 sys=0.00, real=0.01 secs] 
Heap after GC invocations=153 (full 3):
 par new generation   total 78016K, used 2590K [0x00000006c2c00000, 0x00000006c80a0000, 0x00000006d78c0000)
  eden space 69376K,   0% used [0x00000006c2c00000, 0x00000006c2c00000, 0x00000006c6fc0000)
  from space 8640K,  29% used [0x00000006c7830000, 0x00000006c7ab7be0, 0x00000006c80a0000)
  to   space 8640K,   0% used [0x00000006c6fc0000, 0x00000006c6fc0000, 0x00000006c7830000)
 concurrent mark-sweep generation total 173440K, used 71574K [0x00000006d78c0000, 0x00000006e2220000, 0x00000007c0000000)
 Metaspace       used 92207K, capacity 96507K, committed 96760K, reserved 1134592K
  class space    used 11857K, capacity 12578K, committed 12596K, reserved 1048576K
}
2018-10-12T15:51:03.913+0800: 18524.541: Application time: 0.0001534 seconds
2018-10-12T15:51:03.914+0800: 18524.542: Application time: 0.0001361 seconds
2018-10-12T15:51:04.914+0800: 18525.542: Application time: 1.0002119 seconds
2018-10-12T15:51:13.922+0800: 18534.550: Application time: 9.0074078 seconds
2018-10-12T15:51:41.620+0800: 18562.248: Application time: 27.6977269 seconds
2018-10-12T15:51:41.620+0800: 18562.248: Application time: 0.0000286 seconds
2018-10-12T15:51:53.625+0800: 18574.252: Application time: 12.0046122 seconds
2018-10-12T15:51:58.503+0800: 18579.131: Application time: 4.8783958 seconds
2018-10-12T15:52:03.505+0800: 18584.133: Application time: 5.0013544 seconds
2018-10-12T15:52:03.631+0800: 18584.258: Application time: 0.1254480 seconds
2018-10-12T15:52:03.631+0800: 18584.259: Application time: 0.0001008 seconds
2018-10-12T15:52:04.631+0800: 18585.259: Application time: 1.0001492 seconds
2018-10-12T15:52:16.637+0800: 18597.265: Application time: 12.0057353 seconds
2018-10-12T15:52:18.638+0800: 18599.265: Application time: 2.0005381 seconds
2018-10-12T15:52:46.654+0800: 18627.282: Application time: 28.0164556 seconds
2018-10-12T15:53:00.660+0800: 18641.287: Application time: 14.0051055 seconds
2018-10-12T15:53:03.661+0800: 18644.289: Application time: 3.0014175 seconds
2018-10-12T15:53:03.662+0800: 18644.290: Application time: 0.0001844 seconds
2018-10-12T15:53:26.371+0800: 18666.998: Application time: 22.7082589 seconds
2018-10-12T15:53:41.743+0800: 18682.370: Application time: 15.3714572 seconds
2018-10-12T15:53:41.743+0800: 18682.371: Application time: 0.0000339 seconds
2018-10-12T15:54:03.753+0800: 18704.380: Application time: 22.0096744 seconds
2018-10-12T15:54:03.753+0800: 18704.381: Application time: 0.0001502 seconds
2018-10-12T15:54:24.765+0800: 18725.392: Application time: 21.0110313 seconds
2018-10-12T15:54:25.180+0800: 18725.808: Application time: 0.4158407 seconds
2018-10-12T15:54:29.141+0800: 18729.770: Application time: 3.9610330 seconds
2018-10-12T15:54:41.773+0800: 18742.401: Application time: 12.6304882 seconds
2018-10-12T15:54:41.773+0800: 18742.401: Application time: 0.0000973 seconds
2018-10-12T15:54:42.773+0800: 18743.401: Application time: 0.9997637 seconds
2018-10-12T15:55:03.783+0800: 18764.411: Application time: 21.0098137 seconds
2018-10-12T15:55:03.783+0800: 18764.411: Application time: 0.0001347 seconds
2018-10-12T15:55:41.804+0800: 18802.432: Application time: 38.0200967 seconds
2018-10-12T15:55:41.804+0800: 18802.432: Application time: 0.0000970 seconds
2018-10-12T15:56:03.814+0800: 18824.442: Application time: 22.0096476 seconds
2018-10-12T15:56:03.814+0800: 18824.442: Application time: 0.0001664 seconds
2018-10-12T15:56:41.831+0800: 18862.459: Application time: 38.0161068 seconds
2018-10-12T15:56:41.831+0800: 18862.459: Application time: 0.0001738 seconds
2018-10-12T15:56:42.833+0800: 18863.460: Application time: 1.0006985 seconds
2018-10-12T15:56:58.508+0800: 18879.136: Application time: 15.6753139 seconds
2018-10-12T15:57:00.510+0800: 18881.137: Application time: 2.0009408 seconds
2018-10-12T15:57:03.508+0800: 18884.136: Application time: 2.9987768 seconds
2018-10-12T15:57:03.842+0800: 18884.470: Application time: 0.3334902 seconds
2018-10-12T15:57:03.842+0800: 18884.470: Application time: 0.0000776 seconds
2018-10-12T15:57:04.843+0800: 18885.470: Application time: 0.9999023 seconds
2018-10-12T15:57:10.845+0800: 18891.472: Application time: 6.0014736 seconds
2018-10-12T15:57:26.852+0800: 18907.479: Application time: 16.0066331 seconds
2018-10-12T15:58:03.986+0800: 18944.614: Application time: 37.1342462 seconds
2018-10-12T15:58:03.986+0800: 18944.614: Application time: 0.0000286 seconds
2018-10-12T15:58:26.568+0800: 18967.195: Application time: 22.5808573 seconds
2018-10-12T15:59:04.025+0800: 19004.652: Application time: 37.4568871 seconds
2018-10-12T15:59:04.025+0800: 19004.653: Application time: 0.0001026 seconds
2018-10-12T15:59:25.033+0800: 19025.661: Application time: 21.0078373 seconds
2018-10-12T15:59:25.180+0800: 19025.808: Application time: 0.1471156 seconds
2018-10-12T15:59:26.180+0800: 19026.807: Application time: 0.9995564 seconds
2018-10-12T15:59:29.137+0800: 19029.765: Application time: 2.9577353 seconds
2018-10-12T15:59:42.154+0800: 19042.782: Application time: 13.0165187 seconds
2018-10-12T15:59:42.154+0800: 19042.782: Application time: 0.0000695 seconds
2018-10-12T16:00:04.165+0800: 19064.793: Application time: 22.0108521 seconds
2018-10-12T16:00:04.165+0800: 19064.793: Application time: 0.0000913 seconds
2018-10-12T16:00:41.185+0800: 19101.813: Application time: 37.0193509 seconds
2018-10-12T16:00:42.345+0800: 19102.973: Application time: 1.1601981 seconds
2018-10-12T16:00:42.345+0800: 19102.974: Application time: 0.0000388 seconds
2018-10-12T16:01:04.423+0800: 19125.051: Application time: 22.0772728 seconds
2018-10-12T16:01:04.423+0800: 19125.052: Application time: 0.0001795 seconds
2018-10-12T16:01:05.425+0800: 19126.052: Application time: 1.0004284 seconds
2018-10-12T16:01:42.443+0800: 19163.071: Application time: 37.0188086 seconds
2018-10-12T16:01:42.443+0800: 19163.072: Application time: 0.0001202 seconds
2018-10-12T16:01:58.505+0800: 19179.133: Application time: 16.0608878 seconds
2018-10-12T16:02:03.505+0800: 19184.133: Application time: 4.9999573 seconds
2018-10-12T16:02:04.453+0800: 19185.080: Application time: 0.9468035 seconds
2018-10-12T16:02:04.453+0800: 19185.081: Application time: 0.0000289 seconds
2018-10-12T16:02:10.457+0800: 19191.084: Application time: 6.0037853 seconds
2018-10-12T16:03:04.488+0800: 19245.116: Application time: 54.0316051 seconds
2018-10-12T16:03:04.488+0800: 19245.117: Application time: 0.0000688 seconds
2018-10-12T16:03:16.494+0800: 19257.122: Application time: 12.0047360 seconds
2018-10-12T16:03:26.836+0800: 19267.464: Application time: 10.3422136 seconds
2018-10-12T16:03:42.506+0800: 19283.133: Application time: 15.6690348 seconds
2018-10-12T16:03:42.506+0800: 19283.134: Application time: 0.0001238 seconds
2018-10-12T16:04:04.515+0800: 19305.143: Application time: 22.0089614 seconds
2018-10-12T16:04:04.515+0800: 19305.144: Application time: 0.0001093 seconds
2018-10-12T16:04:07.511+0800: 19308.139: Application time: 2.9948292 seconds
{Heap before GC invocations=153 (full 3):
 par new generation   total 78016K, used 71966K [0x00000006c2c00000, 0x00000006c80a0000, 0x00000006d78c0000)
  eden space 69376K, 100% used [0x00000006c2c00000, 0x00000006c6fc0000, 0x00000006c6fc0000)
  from space 8640K,  29% used [0x00000006c7830000, 0x00000006c7ab7be0, 0x00000006c80a0000)
  to   space 8640K,   0% used [0x00000006c6fc0000, 0x00000006c6fc0000, 0x00000006c7830000)
 concurrent mark-sweep generation total 173440K, used 71574K [0x00000006d78c0000, 0x00000006e2220000, 0x00000007c0000000)
 Metaspace       used 92306K, capacity 96571K, committed 96760K, reserved 1134592K
  class space    used 11857K, capacity 12578K, committed 12596K, reserved 1048576K
2018-10-12T16:04:07.511+0800: 19308.139: [GC (Allocation Failure) 2018-10-12T16:04:07.511+0800: 19308.140: [ParNew: 71966K->2814K(78016K), 0.0161164 secs] 143541K->74396K(251456K), 0.0163205 secs] [Times: user=0.06 sys=0.00, real=0.02 secs] 
Heap after GC invocations=154 (full 3):
 par new generation   total 78016K, used 2814K [0x00000006c2c00000, 0x00000006c80a0000, 0x00000006d78c0000)
  eden space 69376K,   0% used [0x00000006c2c00000, 0x00000006c2c00000, 0x00000006c6fc0000)
  from space 8640K,  32% used [0x00000006c6fc0000, 0x00000006c727f8f0, 0x00000006c7830000)
  to   space 8640K,   0% used [0x00000006c7830000, 0x00000006c7830000, 0x00000006c80a0000)
 concurrent mark-sweep generation total 173440K, used 71582K [0x00000006d78c0000, 0x00000006e2220000, 0x00000007c0000000)
 Metaspace       used 92306K, capacity 96571K, committed 96760K, reserved 1134592K
  class space    used 11857K, capacity 12578K, committed 12596K, reserved 1048576K
}
2018-10-12T16:04:08.529+0800: 19309.156: Application time: 1.0001485 seconds
2018-10-12T16:04:24.536+0800: 19325.163: Application time: 16.0068267 seconds
2018-10-12T16:04:25.180+0800: 19325.807: Application time: 0.6440597 seconds
2018-10-12T16:04:34.137+0800: 19334.765: Application time: 8.9579307 seconds
2018-10-12T16:04:42.542+0800: 19343.170: Application time: 8.4041085 seconds
2018-10-12T16:04:42.542+0800: 19343.170: Application time: 0.0001798 seconds
2018-10-12T16:05:04.552+0800: 19365.180: Application time: 22.0088412 seconds
2018-10-12T16:05:04.552+0800: 19365.180: Application time: 0.0001146 seconds
2018-10-12T16:05:09.847+0800: 19370.475: Application time: 5.2952761 seconds
2018-10-12T16:05:10.849+0800: 19371.477: Application time: 1.0009228 seconds
2018-10-12T16:05:16.852+0800: 19377.479: Application time: 6.0024951 seconds
2018-10-12T16:05:42.570+0800: 19403.197: Application time: 25.7180842 seconds
2018-10-12T16:05:42.570+0800: 19403.198: Application time: 0.0001453 seconds
2018-10-12T16:05:43.570+0800: 19404.198: Application time: 0.9998078 seconds
2018-10-12T16:05:46.079+0800: 19406.707: Application time: 2.5089700 seconds
2018-10-12T16:05:46.080+0800: 19406.708: Application time: 0.0011291 seconds
2018-10-12T16:06:04.579+0800: 19425.207: Application time: 18.4987061 seconds
2018-10-12T16:06:04.579+0800: 19425.207: Application time: 0.0000303 seconds
2018-10-12T16:06:40.597+0800: 19461.225: Application time: 36.0173212 seconds
2018-10-12T16:06:42.731+0800: 19463.359: Application time: 2.1340949 seconds
2018-10-12T16:06:42.731+0800: 19463.359: Application time: 0.0000860 seconds
2018-10-12T16:06:46.734+0800: 19467.361: Application time: 4.0015593 seconds
2018-10-12T16:06:58.504+0800: 19479.132: Application time: 11.7710811 seconds
2018-10-12T16:07:03.505+0800: 19484.134: Application time: 5.0010596 seconds
2018-10-12T16:07:04.743+0800: 19485.370: Application time: 1.2363736 seconds
2018-10-12T16:07:04.743+0800: 19485.371: Application time: 0.0000688 seconds
2018-10-12T16:07:25.711+0800: 19506.339: Application time: 20.9679697 seconds
2018-10-12T16:07:25.711+0800: 19506.339: Application time: 0.0001760 seconds
2018-10-12T16:07:28.006+0800: 19508.634: Application time: 2.2939774 seconds
2018-10-12T16:07:28.006+0800: 19508.634: Application time: 0.0001604 seconds
2018-10-12T16:07:33.044+0800: 19513.672: Application time: 5.0370262 seconds
2018-10-12T16:07:35.981+0800: 19516.609: Application time: 2.9376393 seconds
2018-10-12T16:07:35.982+0800: 19516.610: Application time: 0.0000317 seconds
2018-10-12T16:07:35.982+0800: 19516.610: Application time: 0.0000624 seconds
2018-10-12T16:07:36.983+0800: 19517.611: Application time: 1.0001520 seconds
2018-10-12T16:07:44.189+0800: 19524.817: Application time: 7.2057230 seconds
2018-10-12T16:07:45.189+0800: 19525.817: Application time: 0.9998431 seconds
2018-10-12T16:07:47.190+0800: 19527.817: Application time: 1.9997567 seconds
2018-10-12T16:07:55.193+0800: 19535.820: Application time: 8.0032487 seconds
2018-10-12T16:07:55.896+0800: 19536.524: Application time: 0.7033131 seconds
2018-10-12T16:07:55.896+0800: 19536.524: Application time: 0.0000374 seconds
2018-10-12T16:07:55.896+0800: 19536.524: Application time: 0.0000317 seconds
2018-10-12T16:07:55.896+0800: 19536.524: Application time: 0.0001202 seconds
2018-10-12T16:07:55.897+0800: 19536.525: Application time: 0.0000582 seconds
2018-10-12T16:07:55.900+0800: 19536.528: Application time: 0.0030466 seconds
2018-10-12T16:07:59.907+0800: 19540.535: Application time: 4.0071042 seconds
2018-10-12T16:07:59.907+0800: 19540.535: Application time: 0.0000423 seconds
2018-10-12T16:07:59.907+0800: 19540.535: Application time: 0.0000342 seconds
2018-10-12T16:07:59.907+0800: 19540.536: Application time: 0.0001061 seconds
2018-10-12T16:07:59.908+0800: 19540.536: Application time: 0.0000938 seconds
2018-10-12T16:08:04.910+0800: 19545.537: Application time: 5.0014468 seconds
2018-10-12T16:08:04.910+0800: 19545.538: Application time: 0.0000991 seconds
2018-10-12T16:08:07.923+0800: 19548.551: Application time: 3.0131872 seconds
2018-10-12T16:08:07.923+0800: 19548.551: Application time: 0.0000406 seconds
2018-10-12T16:08:07.923+0800: 19548.551: Application time: 0.0000339 seconds
2018-10-12T16:08:07.923+0800: 19548.552: Application time: 0.0001425 seconds
2018-10-12T16:08:07.924+0800: 19548.552: Application time: 0.0000695 seconds
2018-10-12T16:08:16.927+0800: 19557.555: Application time: 9.0029496 seconds
2018-10-12T16:08:18.473+0800: 19559.102: Application time: 1.5465974 seconds
2018-10-12T16:08:22.111+0800: 19562.739: Application time: 3.6296257 seconds
2018-10-12T16:08:25.007+0800: 19565.635: Application time: 2.8953874 seconds
2018-10-12T16:08:25.007+0800: 19565.635: Application time: 0.0000317 seconds
2018-10-12T16:08:25.007+0800: 19565.635: Application time: 0.0000300 seconds
2018-10-12T16:08:25.007+0800: 19565.636: Application time: 0.0001368 seconds
2018-10-12T16:08:25.007+0800: 19565.636: Application time: 0.0000540 seconds
2018-10-12T16:08:25.008+0800: 19565.637: Application time: 0.0006774 seconds
2018-10-12T16:08:26.681+0800: 19567.309: Application time: 1.6717514 seconds
2018-10-12T16:08:43.102+0800: 19583.731: Application time: 16.4218948 seconds
2018-10-12T16:08:43.103+0800: 19583.731: Application time: 0.0000730 seconds
2018-10-12T16:08:43.103+0800: 19583.731: Application time: 0.0000406 seconds
2018-10-12T16:08:43.104+0800: 19583.732: Application time: 0.0002288 seconds
2018-10-12T16:08:43.104+0800: 19583.732: Application time: 0.0000462 seconds
2018-10-12T16:08:43.446+0800: 19584.074: Application time: 0.3420595 seconds
2018-10-12T16:08:43.446+0800: 19584.075: Application time: 0.0000307 seconds
2018-10-12T16:08:48.503+0800: 19589.131: Application time: 5.0562315 seconds
2018-10-12T16:09:05.669+0800: 19606.297: Application time: 17.1655191 seconds
2018-10-12T16:09:05.669+0800: 19606.297: Application time: 0.0000748 seconds
2018-10-12T16:09:14.673+0800: 19615.301: Application time: 9.0036792 seconds
2018-10-12T16:09:20.228+0800: 19620.856: Application time: 5.5553755 seconds
2018-10-12T16:09:20.229+0800: 19620.857: Application time: 0.0001139 seconds
2018-10-12T16:09:20.229+0800: 19620.858: Application time: 0.0003258 seconds
2018-10-12T16:09:20.230+0800: 19620.858: Application time: 0.0002105 seconds
2018-10-12T16:09:24.162+0800: 19624.790: Application time: 3.9309234 seconds
2018-10-12T16:09:24.163+0800: 19624.791: Application time: 0.0000483 seconds
2018-10-12T16:09:25.180+0800: 19625.808: Application time: 1.0169154 seconds
2018-10-12T16:09:29.138+0800: 19629.766: Application time: 3.9576525 seconds
2018-10-12T16:09:41.142+0800: 19641.770: Application time: 12.0035375 seconds
2018-10-12T16:09:43.687+0800: 19644.315: Application time: 2.5451704 seconds
2018-10-12T16:09:43.687+0800: 19644.315: Application time: 0.0000307 seconds
2018-10-12T16:09:46.672+0800: 19647.300: Application time: 2.9847222 seconds
2018-10-12T16:09:46.674+0800: 19647.302: Application time: 0.0020194 seconds
2018-10-12T16:09:48.516+0800: 19649.144: Application time: 1.8413876 seconds
2018-10-12T16:10:10.409+0800: 19671.037: Application time: 21.8928623 seconds
2018-10-12T16:10:43.714+0800: 19704.342: Application time: 33.3041761 seconds
2018-10-12T16:10:43.715+0800: 19704.343: Application time: 0.0001908 seconds
2018-10-12T16:11:05.725+0800: 19726.353: Application time: 22.0100066 seconds
2018-10-12T16:11:05.725+0800: 19726.354: Application time: 0.0001943 seconds
2018-10-12T16:11:43.741+0800: 19764.369: Application time: 38.0148007 seconds
2018-10-12T16:11:43.741+0800: 19764.369: Application time: 0.0000293 seconds
2018-10-12T16:11:53.745+0800: 19774.373: Application time: 10.0033629 seconds
2018-10-12T16:12:03.503+0800: 19784.131: Application time: 9.7580829 seconds
2018-10-12T16:12:03.503+0800: 19784.131: Application time: 0.0001206 seconds
2018-10-12T16:12:05.750+0800: 19786.378: Application time: 2.2466844 seconds
2018-10-12T16:12:05.750+0800: 19786.378: Application time: 0.0001072 seconds
2018-10-12T16:12:10.753+0800: 19791.381: Application time: 5.0023297 seconds
2018-10-12T16:12:18.756+0800: 19799.384: Application time: 8.0027092 seconds
2018-10-12T16:12:26.759+0800: 19807.386: Application time: 8.0024620 seconds
2018-10-12T16:13:05.819+0800: 19846.448: Application time: 39.0612030 seconds
2018-10-12T16:13:05.820+0800: 19846.448: Application time: 0.0000349 seconds
2018-10-12T16:13:26.969+0800: 19867.597: Application time: 21.1484108 seconds
2018-10-12T16:13:45.027+0800: 19885.655: Application time: 18.0578278 seconds
2018-10-12T16:13:45.027+0800: 19885.655: Application time: 0.0001774 seconds
2018-10-12T16:14:06.039+0800: 19906.667: Application time: 21.0118698 seconds
2018-10-12T16:14:06.040+0800: 19906.668: Application time: 0.0001841 seconds
2018-10-12T16:14:25.178+0800: 19925.806: Application time: 19.1380523 seconds
2018-10-12T16:14:26.179+0800: 19926.806: Application time: 0.9997874 seconds
2018-10-12T16:14:29.142+0800: 19929.770: Application time: 2.9633934 seconds
2018-10-12T16:14:34.144+0800: 19934.772: Application time: 5.0020381 seconds
2018-10-12T16:14:45.064+0800: 19945.692: Application time: 10.9201312 seconds
2018-10-12T16:14:45.065+0800: 19945.693: Application time: 0.0001728 seconds
2018-10-12T16:15:06.076+0800: 19966.704: Application time: 21.0106349 seconds
2018-10-12T16:15:06.077+0800: 19966.704: Application time: 0.0001714 seconds
2018-10-12T16:15:45.094+0800: 20005.722: Application time: 39.0172574 seconds
2018-10-12T16:15:45.094+0800: 20005.722: Application time: 0.0001820 seconds
2018-10-12T16:15:46.096+0800: 20006.723: Application time: 1.0005092 seconds
2018-10-12T16:16:06.104+0800: 20026.732: Application time: 20.0081264 seconds
2018-10-12T16:16:06.105+0800: 20026.732: Application time: 0.0001950 seconds
2018-10-12T16:16:45.151+0800: 20065.779: Application time: 39.0465895 seconds
2018-10-12T16:16:45.152+0800: 20065.780: Application time: 0.0002045 seconds
2018-10-12T16:16:46.152+0800: 20066.780: Application time: 0.9997680 seconds
2018-10-12T16:16:54.155+0800: 20074.782: Application time: 8.0022088 seconds
{Heap before GC invocations=154 (full 3):
 par new generation   total 78016K, used 72190K [0x00000006c2c00000, 0x00000006c80a0000, 0x00000006d78c0000)
  eden space 69376K, 100% used [0x00000006c2c00000, 0x00000006c6fc0000, 0x00000006c6fc0000)
  from space 8640K,  32% used [0x00000006c6fc0000, 0x00000006c727f8f0, 0x00000006c7830000)
  to   space 8640K,   0% used [0x00000006c7830000, 0x00000006c7830000, 0x00000006c80a0000)
 concurrent mark-sweep generation total 173440K, used 71582K [0x00000006d78c0000, 0x00000006e2220000, 0x00000007c0000000)
 Metaspace       used 92370K, capacity 96641K, committed 96760K, reserved 1134592K
  class space    used 11858K, capacity 12579K, committed 12596K, reserved 1048576K
2018-10-12T16:16:54.155+0800: 20074.783: [GC (Allocation Failure) 2018-10-12T16:16:54.155+0800: 20074.783: [ParNew: 72190K->2866K(78016K), 0.0053503 secs] 143772K->74450K(251456K), 0.0054278 secs] [Times: user=0.05 sys=0.01, real=0.01 secs] 
Heap after GC invocations=155 (full 3):
 par new generation   total 78016K, used 2866K [0x00000006c2c00000, 0x00000006c80a0000, 0x00000006d78c0000)
  eden space 69376K,   0% used [0x00000006c2c00000, 0x00000006c2c00000, 0x00000006c6fc0000)
  from space 8640K,  33% used [0x00000006c7830000, 0x00000006c7afcaa0, 0x00000006c80a0000)
  to   space 8640K,   0% used [0x00000006c6fc0000, 0x00000006c6fc0000, 0x00000006c7830000)
 concurrent mark-sweep generation total 173440K, used 71584K [0x00000006d78c0000, 0x00000006e2220000, 0x00000007c0000000)
 Metaspace       used 92370K, capacity 96641K, committed 96760K, reserved 1134592K
  class space    used 11858K, capacity 12579K, committed 12596K, reserved 1048576K
}
2018-10-12T16:16:54.160+0800: 20074.788: Application time: 0.0001319 seconds
2018-10-12T16:16:54.161+0800: 20074.789: Application time: 0.0000631 seconds
2018-10-12T16:16:54.161+0800: 20074.789: Application time: 0.0000363 seconds
2018-10-12T16:16:58.510+0800: 20079.138: Application time: 4.3489194 seconds
2018-10-12T16:17:00.511+0800: 20081.138: Application time: 2.0005028 seconds
2018-10-12T16:17:03.512+0800: 20084.140: Application time: 3.0013177 seconds
2018-10-12T16:17:06.160+0800: 20086.788: Application time: 2.6480838 seconds
2018-10-12T16:17:06.161+0800: 20086.789: Application time: 0.0001982 seconds
2018-10-12T16:18:06.188+0800: 20146.815: Application time: 60.0262566 seconds
2018-10-12T16:18:06.188+0800: 20146.816: Application time: 0.0000635 seconds
2018-10-12T16:18:17.194+0800: 20157.821: Application time: 11.0052089 seconds
2018-10-12T16:18:26.759+0800: 20167.387: Application time: 9.5652819 seconds
2018-10-12T16:18:27.760+0800: 20168.387: Application time: 1.0005363 seconds
2018-10-12T16:18:45.236+0800: 20185.863: Application time: 17.4754743 seconds
2018-10-12T16:18:45.236+0800: 20185.864: Application time: 0.0000363 seconds
2018-10-12T16:19:06.253+0800: 20206.881: Application time: 21.0172874 seconds
2018-10-12T16:19:06.253+0800: 20206.881: Application time: 0.0001083 seconds
2018-10-12T16:19:22.261+0800: 20222.888: Application time: 16.0070298 seconds
2018-10-12T16:19:25.178+0800: 20225.806: Application time: 2.9179711 seconds
2018-10-12T16:19:26.179+0800: 20226.807: Application time: 1.0001897 seconds
2018-10-12T16:19:29.159+0800: 20229.788: Application time: 2.9806600 seconds
2018-10-12T16:19:36.161+0800: 20236.788: Application time: 7.0004676 seconds
2018-10-12T16:19:45.271+0800: 20245.899: Application time: 9.1108211 seconds
2018-10-12T16:19:45.271+0800: 20245.900: Application time: 0.0001425 seconds
2018-10-12T16:20:06.286+0800: 20266.914: Application time: 21.0134664 seconds
2018-10-12T16:20:06.286+0800: 20266.914: Application time: 0.0000346 seconds
2018-10-12T16:20:44.300+0800: 20304.928: Application time: 38.0140345 seconds
2018-10-12T16:20:45.405+0800: 20306.032: Application time: 1.1043044 seconds
2018-10-12T16:20:45.405+0800: 20306.033: Application time: 0.0000324 seconds
2018-10-12T16:21:06.414+0800: 20327.042: Application time: 21.0090563 seconds
2018-10-12T16:21:06.414+0800: 20327.042: Application time: 0.0000374 seconds
2018-10-12T16:21:11.416+0800: 20332.044: Application time: 5.0011076 seconds
2018-10-12T16:21:58.509+0800: 20379.137: Application time: 47.0925662 seconds
2018-10-12T16:22:03.510+0800: 20384.137: Application time: 5.0004559 seconds
2018-10-12T16:22:06.441+0800: 20387.068: Application time: 2.9308046 seconds
2018-10-12T16:22:06.441+0800: 20387.069: Application time: 0.0000427 seconds
2018-10-12T16:22:26.451+0800: 20407.079: Application time: 20.0097936 seconds
2018-10-12T16:23:06.793+0800: 20447.420: Application time: 40.3416812 seconds
2018-10-12T16:23:06.793+0800: 20447.421: Application time: 0.0000286 seconds
2018-10-12T16:23:16.288+0800: 20456.916: Application time: 9.4955667 seconds
2018-10-12T16:23:16.290+0800: 20456.919: Application time: 0.0019958 seconds
2018-10-12T16:23:26.126+0800: 20466.754: Application time: 9.8348744 seconds
2018-10-12T16:23:46.810+0800: 20487.438: Application time: 20.6839400 seconds
2018-10-12T16:23:46.811+0800: 20487.439: Application time: 0.0001231 seconds
2018-10-12T16:24:06.831+0800: 20507.460: Application time: 20.0204416 seconds
2018-10-12T16:24:06.833+0800: 20507.460: Application time: 0.0001234 seconds
2018-10-12T16:24:16.836+0800: 20517.464: Application time: 10.0032617 seconds
2018-10-12T16:24:25.178+0800: 20525.806: Application time: 8.3424605 seconds
2018-10-12T16:24:29.136+0800: 20529.764: Application time: 3.9576419 seconds
2018-10-12T16:24:46.848+0800: 20547.476: Application time: 17.7117995 seconds
2018-10-12T16:24:46.848+0800: 20547.476: Application time: 0.0000360 seconds
2018-10-12T16:25:06.860+0800: 20567.488: Application time: 20.0117450 seconds
2018-10-12T16:25:06.860+0800: 20567.489: Application time: 0.0001463 seconds
2018-10-12T16:25:46.880+0800: 20607.508: Application time: 40.0189902 seconds
2018-10-12T16:25:46.880+0800: 20607.508: Application time: 0.0000296 seconds
2018-10-12T16:26:06.891+0800: 20627.519: Application time: 20.0106162 seconds
2018-10-12T16:26:06.891+0800: 20627.519: Application time: 0.0000324 seconds
2018-10-12T16:26:47.045+0800: 20667.673: Application time: 40.1542431 seconds
2018-10-12T16:26:47.045+0800: 20667.673: Application time: 0.0000973 seconds
2018-10-12T16:26:58.508+0800: 20679.136: Application time: 11.4624620 seconds
2018-10-12T16:27:03.509+0800: 20684.137: Application time: 5.0002049 seconds
2018-10-12T16:27:16.330+0800: 20696.958: Application time: 12.8213699 seconds
2018-10-12T16:27:16.332+0800: 20696.960: Application time: 0.0020134 seconds
2018-10-12T16:28:07.161+0800: 20747.788: Application time: 50.8273648 seconds
2018-10-12T16:28:07.161+0800: 20747.789: Application time: 0.0000437 seconds
2018-10-12T16:28:26.861+0800: 20767.488: Application time: 19.6994868 seconds
2018-10-12T16:29:46.897+0800: 20847.524: Application time: 80.0357539 seconds
2018-10-12T16:30:10.327+0800: 20870.955: Application time: 23.4305371 seconds
2018-10-12T16:30:11.328+0800: 20871.955: Application time: 0.9997853 seconds
2018-10-12T16:30:16.370+0800: 20876.998: Application time: 5.0423687 seconds
{Heap before GC invocations=155 (full 3):
 par new generation   total 78016K, used 72242K [0x00000006c2c00000, 0x00000006c80a0000, 0x00000006d78c0000)
  eden space 69376K, 100% used [0x00000006c2c00000, 0x00000006c6fc0000, 0x00000006c6fc0000)
  from space 8640K,  33% used [0x00000006c7830000, 0x00000006c7afcaa0, 0x00000006c80a0000)
  to   space 8640K,   0% used [0x00000006c6fc0000, 0x00000006c6fc0000, 0x00000006c7830000)
 concurrent mark-sweep generation total 173440K, used 71584K [0x00000006d78c0000, 0x00000006e2220000, 0x00000007c0000000)
 Metaspace       used 92380K, capacity 96641K, committed 96760K, reserved 1134592K
  class space    used 11858K, capacity 12579K, committed 12596K, reserved 1048576K
2018-10-12T16:30:16.370+0800: 20876.998: [GC (Allocation Failure) 2018-10-12T16:30:16.370+0800: 20876.998: [ParNew: 72242K->2945K(78016K), 0.0051309 secs] 143826K->74541K(251456K), 0.0052205 secs] [Times: user=0.00 sys=0.00, real=0.01 secs] 
Heap after GC invocations=156 (full 3):
 par new generation   total 78016K, used 2945K [0x00000006c2c00000, 0x00000006c80a0000, 0x00000006d78c0000)
  eden space 69376K,   0% used [0x00000006c2c00000, 0x00000006c2c00000, 0x00000006c6fc0000)
  from space 8640K,  34% used [0x00000006c6fc0000, 0x00000006c72a0750, 0x00000006c7830000)
  to   space 8640K,   0% used [0x00000006c7830000, 0x00000006c7830000, 0x00000006c80a0000)
 concurrent mark-sweep generation total 173440K, used 71595K [0x00000006d78c0000, 0x00000006e2220000, 0x00000007c0000000)
 Metaspace       used 92380K, capacity 96641K, committed 96760K, reserved 1134592K
  class space    used 11858K, capacity 12579K, committed 12596K, reserved 1048576K
}
2018-10-12T16:30:17.377+0800: 20878.005: Application time: 1.0015998 seconds
2018-10-12T16:33:26.921+0800: 21067.548: Application time: 189.5432818 seconds
2018-10-12T16:34:16.942+0800: 21117.569: Application time: 50.0204186 seconds
2018-10-12T16:34:46.932+0800: 21147.559: Application time: 29.9897667 seconds
2018-10-12T16:34:46.934+0800: 21147.562: Application time: 0.0016721 seconds
2018-10-12T16:35:10.938+0800: 21171.566: Application time: 24.0038865 seconds
2018-10-12T16:35:17.940+0800: 21178.568: Application time: 7.0016996 seconds
2018-10-12T16:36:16.962+0800: 21237.590: Application time: 59.0219613 seconds
2018-10-12T16:37:12.442+0800: 21293.071: Application time: 55.4806602 seconds
2018-10-12T16:37:12.443+0800: 21293.071: Application time: 0.0000719 seconds
2018-10-12T16:37:21.634+0800: 21302.262: Application time: 9.1905729 seconds
2018-10-12T16:37:21.635+0800: 21302.262: Application time: 0.0001989 seconds
2018-10-12T16:37:21.636+0800: 21302.263: Application time: 0.0004090 seconds
2018-10-12T16:37:21.636+0800: 21302.264: Application time: 0.0001939 seconds
2018-10-12T16:37:21.776+0800: 21302.404: Application time: 0.1393344 seconds
2018-10-12T16:37:21.776+0800: 21302.405: Application time: 0.0002983 seconds
2018-10-12T16:37:31.528+0800: 21312.156: Application time: 9.7513585 seconds
2018-10-12T16:37:31.656+0800: 21312.284: Application time: 0.1278145 seconds
2018-10-12T16:37:31.657+0800: 21312.285: Application time: 0.0001820 seconds
2018-10-12T16:37:31.657+0800: 21312.285: Application time: 0.0003632 seconds
2018-10-12T16:37:31.795+0800: 21312.423: Application time: 0.1372942 seconds
2018-10-12T16:37:31.796+0800: 21312.424: Application time: 0.0002662 seconds
2018-10-12T16:37:45.060+0800: 21325.688: Application time: 13.2639017 seconds
2018-10-12T16:37:45.315+0800: 21325.943: Application time: 0.2546003 seconds
2018-10-12T16:37:45.685+0800: 21326.313: Application time: 0.3696187 seconds
2018-10-12T16:37:45.685+0800: 21326.313: Application time: 0.0001231 seconds
2018-10-12T16:37:45.686+0800: 21326.313: Application time: 0.0001611 seconds
2018-10-12T16:37:45.820+0800: 21326.448: Application time: 0.1344038 seconds
2018-10-12T16:37:45.820+0800: 21326.448: Application time: 0.0001128 seconds
2018-10-12T16:37:46.453+0800: 21327.081: Application time: 0.6327037 seconds
2018-10-12T16:37:46.455+0800: 21327.083: Application time: 0.0019549 seconds
2018-10-12T16:37:51.568+0800: 21332.195: Application time: 5.1115831 seconds
2018-10-12T16:37:51.699+0800: 21332.326: Application time: 0.1305508 seconds
2018-10-12T16:37:51.699+0800: 21332.326: Application time: 0.0000286 seconds
2018-10-12T16:37:51.699+0800: 21332.327: Application time: 0.0000240 seconds
2018-10-12T16:37:51.699+0800: 21332.327: Application time: 0.0001054 seconds
2018-10-12T16:37:51.832+0800: 21332.460: Application time: 0.1331309 seconds
2018-10-12T16:38:00.575+0800: 21341.203: Application time: 8.7425861 seconds
2018-10-12T16:38:18.890+0800: 21359.518: Application time: 18.3145526 seconds
2018-10-12T16:38:26.972+0800: 21367.600: Application time: 8.0822535 seconds
2018-10-12T16:38:50.979+0800: 21391.607: Application time: 24.0065682 seconds
2018-10-12T16:38:50.979+0800: 21391.607: Application time: 0.0000367 seconds
2018-10-12T16:38:50.979+0800: 21391.607: Application time: 0.0000254 seconds
2018-10-12T16:38:50.979+0800: 21391.608: Application time: 0.0000293 seconds
2018-10-12T16:38:50.980+0800: 21391.608: Application time: 0.0001319 seconds
2018-10-12T16:38:51.049+0800: 21391.677: Application time: 0.0689020 seconds
2018-10-12T16:39:18.899+0800: 21419.526: Application time: 27.8491099 seconds
2018-10-12T16:41:13.950+0800: 21534.578: Application time: 115.0514941 seconds
2018-10-12T16:42:26.987+0800: 21607.614: Application time: 73.0361217 seconds
2018-10-12T16:43:26.517+0800: 21667.144: Application time: 59.5298756 seconds
2018-10-12T16:44:16.540+0800: 21717.168: Application time: 50.0231186 seconds
2018-10-12T16:44:17.541+0800: 21718.168: Application time: 1.0004270 seconds
2018-10-12T16:44:19.542+0800: 21720.169: Application time: 2.0008710 seconds
2018-10-12T16:44:20.020+0800: 21720.647: Application time: 0.4778604 seconds
{Heap before GC invocations=156 (full 3):
 par new generation   total 78016K, used 72321K [0x00000006c2c00000, 0x00000006c80a0000, 0x00000006d78c0000)
  eden space 69376K, 100% used [0x00000006c2c00000, 0x00000006c6fc0000, 0x00000006c6fc0000)
  from space 8640K,  34% used [0x00000006c6fc0000, 0x00000006c72a0750, 0x00000006c7830000)
  to   space 8640K,   0% used [0x00000006c7830000, 0x00000006c7830000, 0x00000006c80a0000)
 concurrent mark-sweep generation total 173440K, used 71595K [0x00000006d78c0000, 0x00000006e2220000, 0x00000007c0000000)
 Metaspace       used 92385K, capacity 96647K, committed 96760K, reserved 1134592K
  class space    used 11858K, capacity 12580K, committed 12596K, reserved 1048576K
2018-10-12T16:44:20.020+0800: 21720.648: [GC (Allocation Failure) 2018-10-12T16:44:20.020+0800: 21720.648: [ParNew: 72321K->2647K(78016K), 0.0058869 secs] 143917K->74418K(251456K), 0.0059783 secs] [Times: user=0.00 sys=0.00, real=0.01 secs] 
Heap after GC invocations=157 (full 3):
 par new generation   total 78016K, used 2647K [0x00000006c2c00000, 0x00000006c80a0000, 0x00000006d78c0000)
  eden space 69376K,   0% used [0x00000006c2c00000, 0x00000006c2c00000, 0x00000006c6fc0000)
  from space 8640K,  30% used [0x00000006c7830000, 0x00000006c7ac5da0, 0x00000006c80a0000)
  to   space 8640K,   0% used [0x00000006c6fc0000, 0x00000006c6fc0000, 0x00000006c7830000)
 concurrent mark-sweep generation total 173440K, used 71771K [0x00000006d78c0000, 0x00000006e2220000, 0x00000007c0000000)
 Metaspace       used 92385K, capacity 96647K, committed 96760K, reserved 1134592K
  class space    used 11858K, capacity 12580K, committed 12596K, reserved 1048576K
}
2018-10-12T16:44:20.026+0800: 21720.654: Application time: 0.0002983 seconds
2018-10-12T16:44:20.027+0800: 21720.654: Application time: 0.0000843 seconds
2018-10-12T16:44:20.027+0800: 21720.655: Application time: 0.0001580 seconds
2018-10-12T16:44:20.027+0800: 21720.655: Application time: 0.0000582 seconds
2018-10-12T16:44:20.027+0800: 21720.655: Application time: 0.0000994 seconds
2018-10-12T16:44:20.027+0800: 21720.655: Application time: 0.0000564 seconds
2018-10-12T16:44:20.027+0800: 21720.655: Application time: 0.0000402 seconds
2018-10-12T16:44:20.028+0800: 21720.655: Application time: 0.0001079 seconds
2018-10-12T16:44:22.029+0800: 21722.656: Application time: 2.0008428 seconds
2018-10-12T16:45:11.052+0800: 21771.680: Application time: 49.0232427 seconds
2018-10-12T16:45:34.850+0800: 21795.478: Application time: 23.7978684 seconds
2018-10-12T16:45:34.851+0800: 21795.479: Application time: 0.0001090 seconds
2018-10-12T16:45:34.851+0800: 21795.479: Application time: 0.0001171 seconds
2018-10-12T16:45:34.852+0800: 21795.480: Application time: 0.0000949 seconds
2018-10-12T16:45:34.852+0800: 21795.480: Application time: 0.0002627 seconds
2018-10-12T16:45:40.856+0800: 21801.484: Application time: 6.0034355 seconds
2018-10-12T16:48:27.142+0800: 21967.770: Application time: 166.2862685 seconds
2018-10-12T16:48:46.633+0800: 21987.261: Application time: 19.4897292 seconds
2018-10-12T16:49:16.636+0800: 22017.264: Application time: 30.0027388 seconds
2018-10-12T16:50:47.677+0800: 22108.305: Application time: 91.0411617 seconds
2018-10-12T16:53:26.229+0800: 22266.857: Application time: 158.5521314 seconds
2018-10-12T16:54:11.260+0800: 22311.888: Application time: 45.0300564 seconds
2018-10-12T16:54:18.262+0800: 22318.890: Application time: 7.0020526 seconds
2018-10-12T16:55:10.782+0800: 22371.410: Application time: 52.5201822 seconds
2018-10-12T16:56:19.814+0800: 22440.442: Application time: 69.0312598 seconds
2018-10-12T16:56:47.826+0800: 22468.453: Application time: 28.0113983 seconds
2018-10-12T16:58:26.619+0800: 22567.247: Application time: 98.7930791 seconds
2018-10-12T16:58:52.104+0800: 22592.731: Application time: 25.4844727 seconds
{Heap before GC invocations=157 (full 3):
 par new generation   total 78016K, used 72023K [0x00000006c2c00000, 0x00000006c80a0000, 0x00000006d78c0000)
  eden space 69376K, 100% used [0x00000006c2c00000, 0x00000006c6fc0000, 0x00000006c6fc0000)
  from space 8640K,  30% used [0x00000006c7830000, 0x00000006c7ac5da0, 0x00000006c80a0000)
  to   space 8640K,   0% used [0x00000006c6fc0000, 0x00000006c6fc0000, 0x00000006c7830000)
 concurrent mark-sweep generation total 173440K, used 71771K [0x00000006d78c0000, 0x00000006e2220000, 0x00000007c0000000)
 Metaspace       used 92390K, capacity 96647K, committed 96760K, reserved 1134592K
  class space    used 11858K, capacity 12580K, committed 12596K, reserved 1048576K
2018-10-12T16:58:52.104+0800: 22592.732: [GC (Allocation Failure) 2018-10-12T16:58:52.104+0800: 22592.732: [ParNew: 72023K->2257K(78016K), 0.0104854 secs] 143794K->74038K(251456K), 0.0106243 secs] [Times: user=0.03 sys=0.02, real=0.01 secs] 
Heap after GC invocations=158 (full 3):
 par new generation   total 78016K, used 2257K [0x00000006c2c00000, 0x00000006c80a0000, 0x00000006d78c0000)
  eden space 69376K,   0% used [0x00000006c2c00000, 0x00000006c2c00000, 0x00000006c6fc0000)
  from space 8640K,  26% used [0x00000006c6fc0000, 0x00000006c71f46f0, 0x00000006c7830000)
  to   space 8640K,   0% used [0x00000006c7830000, 0x00000006c7830000, 0x00000006c80a0000)
 concurrent mark-sweep generation total 173440K, used 71780K [0x00000006d78c0000, 0x00000006e2220000, 0x00000007c0000000)
 Metaspace       used 92390K, capacity 96647K, committed 96760K, reserved 1134592K
  class space    used 11858K, capacity 12580K, committed 12596K, reserved 1048576K
}
2018-10-12T16:58:53.115+0800: 22593.743: Application time: 1.0004993 seconds
2018-10-12T16:59:47.620+0800: 22648.248: Application time: 54.5049365 seconds
2018-10-12T16:59:47.623+0800: 22648.250: Application time: 0.0019482 seconds
2018-10-12T16:59:49.214+0800: 22649.842: Application time: 1.5908026 seconds
2018-10-12T16:59:49.215+0800: 22649.843: Application time: 0.0001044 seconds
2018-10-12T16:59:49.216+0800: 22649.844: Application time: 0.0002080 seconds
2018-10-12T16:59:49.218+0800: 22649.846: Application time: 0.0001104 seconds
2018-10-12T16:59:49.219+0800: 22649.846: Application time: 0.0003318 seconds
2018-10-12T17:03:26.215+0800: 22866.842: Application time: 216.9943031 seconds
2018-10-12T17:04:22.243+0800: 22922.870: Application time: 56.0279523 seconds
2018-10-12T17:05:20.270+0800: 22980.897: Application time: 58.0266663 seconds
2018-10-12T17:05:47.280+0800: 23007.907: Application time: 27.0098659 seconds
2018-10-12T17:06:41.304+0800: 23061.931: Application time: 54.0235809 seconds
2018-10-12T17:07:07.776+0800: 23088.404: Application time: 26.4726960 seconds
2018-10-12T17:07:07.776+0800: 23088.404: Application time: 0.0000328 seconds
2018-10-12T17:07:07.776+0800: 23088.405: Application time: 0.0000589 seconds
2018-10-12T17:07:12.192+0800: 23092.820: Application time: 4.4150086 seconds
2018-10-12T17:07:12.192+0800: 23092.820: Application time: 0.0001329 seconds
2018-10-12T17:07:12.193+0800: 23092.821: Application time: 0.0001671 seconds
2018-10-12T17:07:12.194+0800: 23092.822: Application time: 0.0007140 seconds
2018-10-12T17:07:15.201+0800: 23095.829: Application time: 3.0059486 seconds
2018-10-12T17:07:15.201+0800: 23095.829: Application time: 0.0001252 seconds
2018-10-12T17:07:16.203+0800: 23096.831: Application time: 1.0018936 seconds
2018-10-12T17:07:16.203+0800: 23096.831: Application time: 0.0000709 seconds
2018-10-12T17:07:16.203+0800: 23096.831: Application time: 0.0000723 seconds
2018-10-12T17:07:16.204+0800: 23096.832: Application time: 0.0002810 seconds
2018-10-12T17:07:16.204+0800: 23096.832: Application time: 0.0001403 seconds
2018-10-12T17:07:16.204+0800: 23096.832: Application time: 0.0000219 seconds
2018-10-12T17:07:16.204+0800: 23096.832: Application time: 0.0000222 seconds
2018-10-12T17:07:16.204+0800: 23096.833: Application time: 0.0001351 seconds
2018-10-12T17:07:19.304+0800: 23099.932: Application time: 3.0990719 seconds
2018-10-12T17:07:19.304+0800: 23099.932: Application time: 0.0001375 seconds
2018-10-12T17:07:25.221+0800: 23105.849: Application time: 5.9165324 seconds
2018-10-12T17:07:25.221+0800: 23105.849: Application time: 0.0001030 seconds
2018-10-12T17:07:25.221+0800: 23105.849: Application time: 0.0000483 seconds
2018-10-12T17:07:25.222+0800: 23105.850: Application time: 0.0002514 seconds
2018-10-12T17:07:28.222+0800: 23108.850: Application time: 3.0002031 seconds
2018-10-12T17:07:28.225+0800: 23108.853: Application time: 0.0031051 seconds
2018-10-12T17:07:28.225+0800: 23108.854: Application time: 0.0002489 seconds
2018-10-12T17:07:30.229+0800: 23110.857: Application time: 2.0035808 seconds
2018-10-12T17:07:30.230+0800: 23110.858: Application time: 0.0000959 seconds
2018-10-12T17:07:30.231+0800: 23110.860: Application time: 0.0000956 seconds
2018-10-12T17:07:30.231+0800: 23110.860: Application time: 0.0000931 seconds
2018-10-12T17:07:30.232+0800: 23110.861: Application time: 0.0003209 seconds
2018-10-12T17:07:30.233+0800: 23110.861: Application time: 0.0001950 seconds
2018-10-12T17:07:44.239+0800: 23124.867: Application time: 14.0052082 seconds
2018-10-12T17:08:00.679+0800: 23141.308: Application time: 16.4405095 seconds
2018-10-12T17:08:25.356+0800: 23165.984: Application time: 24.6763210 seconds
2018-10-12T17:08:25.357+0800: 23165.985: Application time: 0.0001224 seconds
2018-10-12T17:08:25.358+0800: 23165.986: Application time: 0.0000317 seconds
2018-10-12T17:08:25.358+0800: 23165.986: Application time: 0.0001301 seconds
2018-10-12T17:08:25.358+0800: 23165.987: Application time: 0.0001206 seconds
2018-10-12T17:08:25.359+0800: 23165.987: Application time: 0.0000635 seconds
2018-10-12T17:08:26.714+0800: 23167.342: Application time: 1.3542425 seconds
2018-10-12T17:08:49.322+0800: 23189.949: Application time: 22.6076238 seconds
2018-10-12T17:09:17.334+0800: 23217.961: Application time: 28.0119209 seconds
2018-10-12T17:09:23.337+0800: 23223.964: Application time: 6.0026228 seconds
2018-10-12T17:12:17.414+0800: 23398.042: Application time: 174.0772259 seconds
2018-10-12T17:12:56.178+0800: 23436.806: Application time: 38.7641381 seconds
{Heap before GC invocations=158 (full 3):
 par new generation   total 78016K, used 71633K [0x00000006c2c00000, 0x00000006c80a0000, 0x00000006d78c0000)
  eden space 69376K, 100% used [0x00000006c2c00000, 0x00000006c6fc0000, 0x00000006c6fc0000)
  from space 8640K,  26% used [0x00000006c6fc0000, 0x00000006c71f46f0, 0x00000006c7830000)
  to   space 8640K,   0% used [0x00000006c7830000, 0x00000006c7830000, 0x00000006c80a0000)
 concurrent mark-sweep generation total 173440K, used 71780K [0x00000006d78c0000, 0x00000006e2220000, 0x00000007c0000000)
 Metaspace       used 92404K, capacity 96653K, committed 96760K, reserved 1134592K
  class space    used 11859K, capacity 12581K, committed 12596K, reserved 1048576K
2018-10-12T17:12:56.178+0800: 23436.807: [GC (Allocation Failure) 2018-10-12T17:12:56.179+0800: 23436.807: [ParNew: 71633K->2656K(78016K), 0.0201799 secs] 143414K->74558K(251456K), 0.0203964 secs] [Times: user=0.06 sys=0.00, real=0.02 secs] 
Heap after GC invocations=159 (full 3):
 par new generation   total 78016K, used 2656K [0x00000006c2c00000, 0x00000006c80a0000, 0x00000006d78c0000)
  eden space 69376K,   0% used [0x00000006c2c00000, 0x00000006c2c00000, 0x00000006c6fc0000)
  from space 8640K,  30% used [0x00000006c7830000, 0x00000006c7ac8168, 0x00000006c80a0000)
  to   space 8640K,   0% used [0x00000006c6fc0000, 0x00000006c6fc0000, 0x00000006c7830000)
 concurrent mark-sweep generation total 173440K, used 71902K [0x00000006d78c0000, 0x00000006e2220000, 0x00000007c0000000)
 Metaspace       used 92404K, capacity 96653K, committed 96760K, reserved 1134592K
  class space    used 11859K, capacity 12581K, committed 12596K, reserved 1048576K
}
2018-10-12T17:13:26.222+0800: 23466.850: Application time: 30.0226214 seconds
2018-10-12T17:13:27.222+0800: 23467.850: Application time: 0.9993755 seconds
2018-10-12T17:13:48.233+0800: 23488.861: Application time: 21.0108902 seconds
2018-10-12T17:18:26.817+0800: 23767.445: Application time: 278.5835831 seconds
2018-10-12T17:19:17.306+0800: 23817.934: Application time: 50.4891424 seconds
2018-10-12T17:19:17.308+0800: 23817.936: Application time: 0.0017938 seconds
2018-10-12T17:19:18.310+0800: 23818.937: Application time: 1.0009806 seconds
2018-10-12T17:20:11.049+0800: 23871.677: Application time: 52.7392285 seconds
2018-10-12T17:20:18.053+0800: 23878.681: Application time: 7.0035191 seconds
2018-10-12T17:20:41.063+0800: 23901.691: Application time: 23.0099353 seconds
2018-10-12T17:20:42.063+0800: 23902.691: Application time: 0.9998759 seconds
2018-10-12T17:21:12.080+0800: 23932.707: Application time: 30.0160194 seconds
2018-10-12T17:21:22.084+0800: 23942.712: Application time: 10.0043756 seconds
2018-10-12T17:22:18.110+0800: 23998.737: Application time: 56.0251240 seconds
2018-10-12T17:22:27.114+0800: 24007.742: Application time: 9.0040763 seconds
2018-10-12T17:23:26.356+0800: 24066.983: Application time: 59.2411776 seconds
2018-10-12T17:24:17.378+0800: 24118.005: Application time: 51.0219546 seconds
2018-10-12T17:24:47.876+0800: 24148.503: Application time: 30.4980784 seconds
2018-10-12T17:24:47.878+0800: 24148.506: Application time: 0.0018297 seconds
2018-10-12T17:24:48.878+0800: 24149.506: Application time: 0.9998113 seconds
2018-10-12T17:25:11.616+0800: 24172.244: Application time: 22.7384947 seconds
2018-10-12T17:25:22.621+0800: 24183.249: Application time: 11.0041732 seconds
2018-10-12T17:25:41.631+0800: 24202.258: Application time: 19.0094762 seconds
2018-10-12T17:26:47.394+0800: 24268.022: Application time: 65.7633863 seconds
2018-10-12T17:26:47.396+0800: 24268.024: Application time: 0.0019017 seconds
2018-10-12T17:26:52.399+0800: 24273.026: Application time: 5.0019739 seconds
2018-10-12T17:27:12.406+0800: 24293.034: Application time: 20.0076564 seconds
2018-10-12T17:27:17.400+0800: 24298.028: Application time: 4.9937083 seconds
{Heap before GC invocations=159 (full 3):
 par new generation   total 78016K, used 72032K [0x00000006c2c00000, 0x00000006c80a0000, 0x00000006d78c0000)
  eden space 69376K, 100% used [0x00000006c2c00000, 0x00000006c6fc0000, 0x00000006c6fc0000)
  from space 8640K,  30% used [0x00000006c7830000, 0x00000006c7ac8168, 0x00000006c80a0000)
  to   space 8640K,   0% used [0x00000006c6fc0000, 0x00000006c6fc0000, 0x00000006c7830000)
 concurrent mark-sweep generation total 173440K, used 71902K [0x00000006d78c0000, 0x00000006e2220000, 0x00000007c0000000)
 Metaspace       used 92411K, capacity 96653K, committed 96760K, reserved 1134592K
  class space    used 11859K, capacity 12581K, committed 12596K, reserved 1048576K
2018-10-12T17:27:17.401+0800: 24298.029: [GC (Allocation Failure) 2018-10-12T17:27:17.401+0800: 24298.029: [ParNew: 72032K->2427K(78016K), 0.0040840 secs] 143934K->74331K(251456K), 0.0041510 secs] [Times: user=0.00 sys=0.00, real=0.00 secs] 
Heap after GC invocations=160 (full 3):
 par new generation   total 78016K, used 2427K [0x00000006c2c00000, 0x00000006c80a0000, 0x00000006d78c0000)
  eden space 69376K,   0% used [0x00000006c2c00000, 0x00000006c2c00000, 0x00000006c6fc0000)
  from space 8640K,  28% used [0x00000006c6fc0000, 0x00000006c721ee30, 0x00000006c7830000)
  to   space 8640K,   0% used [0x00000006c7830000, 0x00000006c7830000, 0x00000006c80a0000)
 concurrent mark-sweep generation total 173440K, used 71904K [0x00000006d78c0000, 0x00000006e2220000, 0x00000007c0000000)
 Metaspace       used 92411K, capacity 96653K, committed 96760K, reserved 1134592K
  class space    used 11859K, capacity 12581K, committed 12596K, reserved 1048576K
}
2018-10-12T17:27:18.405+0800: 24299.033: Application time: 0.9999030 seconds
2018-10-12T17:28:18.436+0800: 24359.064: Application time: 60.0308388 seconds
2018-10-12T17:28:26.934+0800: 24367.562: Application time: 8.4979384 seconds
2018-10-12T17:28:47.942+0800: 24388.570: Application time: 21.0075189 seconds
2018-10-12T17:31:50.032+0800: 24570.660: Application time: 182.0901398 seconds
2018-10-12T17:33:26.471+0800: 24667.098: Application time: 96.4382555 seconds
2018-10-12T17:36:08.885+0800: 24829.513: Application time: 162.4143633 seconds
2018-10-12T17:36:08.885+0800: 24829.513: Application time: 0.0000927 seconds
2018-10-12T17:36:08.885+0800: 24829.514: Application time: 0.0001273 seconds
2018-10-12T17:36:39.959+0800: 24860.587: Application time: 31.0732653 seconds
2018-10-12T17:36:39.959+0800: 24860.587: Application time: 0.0001252 seconds
2018-10-12T17:36:39.959+0800: 24860.588: Application time: 0.0000423 seconds
2018-10-12T17:36:40.035+0800: 24860.663: Application time: 0.0752301 seconds
2018-10-12T17:36:40.035+0800: 24860.663: Application time: 0.0001016 seconds
2018-10-12T17:36:49.408+0800: 24870.036: Application time: 9.3726572 seconds
2018-10-12T17:36:49.655+0800: 24870.283: Application time: 0.2465102 seconds
2018-10-12T17:36:49.656+0800: 24870.284: Application time: 0.0006284 seconds
2018-10-12T17:36:49.657+0800: 24870.285: Application time: 0.0001841 seconds
2018-10-12T17:36:49.981+0800: 24870.609: Application time: 0.3236808 seconds
2018-10-12T17:36:49.981+0800: 24870.609: Application time: 0.0001319 seconds
2018-10-12T17:36:50.967+0800: 24871.595: Application time: 0.9857194 seconds
2018-10-12T17:36:50.984+0800: 24871.612: Application time: 0.0168223 seconds
2018-10-12T17:36:50.984+0800: 24871.612: Application time: 0.0001213 seconds
2018-10-12T17:36:50.984+0800: 24871.612: Application time: 0.0000892 seconds
2018-10-12T17:36:51.057+0800: 24871.685: Application time: 0.0723870 seconds
2018-10-12T17:36:51.057+0800: 24871.685: Application time: 0.0000748 seconds
2018-10-12T17:37:00.770+0800: 24881.398: Application time: 9.7124272 seconds
2018-10-12T17:37:02.771+0800: 24883.398: Application time: 2.0003466 seconds
2018-10-12T17:37:03.018+0800: 24883.645: Application time: 0.2469969 seconds
2018-10-12T17:37:03.018+0800: 24883.646: Application time: 0.0000906 seconds
2018-10-12T17:37:03.018+0800: 24883.646: Application time: 0.0001442 seconds
2018-10-12T17:37:03.018+0800: 24883.646: Application time: 0.0001312 seconds
2018-10-12T17:37:03.078+0800: 24883.706: Application time: 0.0597456 seconds
2018-10-12T17:37:03.078+0800: 24883.706: Application time: 0.0001322 seconds
2018-10-12T17:37:44.172+0800: 24924.800: Application time: 41.0934512 seconds
2018-10-12T17:37:48.175+0800: 24928.802: Application time: 4.0021517 seconds
2018-10-12T17:38:11.153+0800: 24951.781: Application time: 22.9785281 seconds
2018-10-12T17:38:11.153+0800: 24951.781: Application time: 0.0000649 seconds
2018-10-12T17:38:11.153+0800: 24951.782: Application time: 0.0000839 seconds
2018-10-12T17:38:11.153+0800: 24951.782: Application time: 0.0000882 seconds
2018-10-12T17:38:11.153+0800: 24951.782: Application time: 0.0001252 seconds
2018-10-12T17:38:11.154+0800: 24951.782: Application time: 0.0000339 seconds
2018-10-12T17:38:27.027+0800: 24967.654: Application time: 15.8721979 seconds
2018-10-12T17:38:44.172+0800: 24984.800: Application time: 17.1456904 seconds
2018-10-12T17:38:50.175+0800: 24990.802: Application time: 6.0018946 seconds
2018-10-12T17:40:01.208+0800: 25061.835: Application time: 71.0329432 seconds
2018-10-12T17:40:59.554+0800: 25120.183: Application time: 58.3468290 seconds
2018-10-12T17:40:59.555+0800: 25120.183: Application time: 0.0000536 seconds
2018-10-12T17:40:59.555+0800: 25120.183: Application time: 0.0000726 seconds
2018-10-12T17:40:59.624+0800: 25120.252: Application time: 0.0000508 seconds
2018-10-12T17:40:59.624+0800: 25120.252: Application time: 0.0001932 seconds
2018-10-12T17:40:59.624+0800: 25120.252: Application time: 0.0000462 seconds
2018-10-12T17:41:11.631+0800: 25132.258: Application time: 12.0059624 seconds
2018-10-12T17:41:18.062+0800: 25138.689: Application time: 6.4308844 seconds
{Heap before GC invocations=160 (full 3):
 par new generation   total 78016K, used 71803K [0x00000006c2c00000, 0x00000006c80a0000, 0x00000006d78c0000)
  eden space 69376K, 100% used [0x00000006c2c00000, 0x00000006c6fc0000, 0x00000006c6fc0000)
  from space 8640K,  28% used [0x00000006c6fc0000, 0x00000006c721ee30, 0x00000006c7830000)
  to   space 8640K,   0% used [0x00000006c7830000, 0x00000006c7830000, 0x00000006c80a0000)
 concurrent mark-sweep generation total 173440K, used 71904K [0x00000006d78c0000, 0x00000006e2220000, 0x00000007c0000000)
 Metaspace       used 92428K, capacity 96659K, committed 96760K, reserved 1134592K
  class space    used 11861K, capacity 12582K, committed 12596K, reserved 1048576K
2018-10-12T17:41:18.062+0800: 25138.690: [GC (Allocation Failure) 2018-10-12T17:41:18.063+0800: 25138.690: [ParNew: 71803K->2401K(78016K), 0.0162990 secs] 143707K->74309K(251456K), 0.0164905 secs] [Times: user=0.06 sys=0.00, real=0.02 secs] 
Heap after GC invocations=161 (full 3):
 par new generation   total 78016K, used 2401K [0x00000006c2c00000, 0x00000006c80a0000, 0x00000006d78c0000)
  eden space 69376K,   0% used [0x00000006c2c00000, 0x00000006c2c00000, 0x00000006c6fc0000)
  from space 8640K,  27% used [0x00000006c7830000, 0x00000006c7a88620, 0x00000006c80a0000)
  to   space 8640K,   0% used [0x00000006c6fc0000, 0x00000006c6fc0000, 0x00000006c7830000)
 concurrent mark-sweep generation total 173440K, used 71907K [0x00000006d78c0000, 0x00000006e2220000, 0x00000007c0000000)
 Metaspace       used 92428K, capacity 96659K, committed 96760K, reserved 1134592K
  class space    used 11861K, capacity 12582K, committed 12596K, reserved 1048576K
}
2018-10-12T17:41:18.078+0800: 25138.707: Application time: 0.0002006 seconds
2018-10-12T17:41:18.079+0800: 25138.707: Application time: 0.0000610 seconds
2018-10-12T17:41:18.079+0800: 25138.708: Application time: 0.0001093 seconds
2018-10-12T17:41:18.079+0800: 25138.708: Application time: 0.0001146 seconds
2018-10-12T17:41:18.080+0800: 25138.708: Application time: 0.0001255 seconds
2018-10-12T17:41:18.080+0800: 25138.709: Application time: 0.0000497 seconds
2018-10-12T17:41:18.080+0800: 25138.709: Application time: 0.0000769 seconds
2018-10-12T17:41:18.080+0800: 25138.709: Application time: 0.0000568 seconds
2018-10-12T17:42:27.112+0800: 25207.739: Application time: 69.0299738 seconds
2018-10-12T17:43:26.578+0800: 25267.206: Application time: 59.4663256 seconds
2018-10-12T17:45:11.340+0800: 25371.968: Application time: 104.7627322 seconds
2018-10-12T17:46:28.378+0800: 25449.006: Application time: 77.0368767 seconds
2018-10-12T17:46:47.601+0800: 25468.229: Application time: 19.2231599 seconds
2018-10-12T17:46:47.603+0800: 25468.231: Application time: 0.0018643 seconds
2018-10-12T17:46:48.604+0800: 25469.232: Application time: 1.0003561 seconds
2018-10-12T17:46:52.605+0800: 25473.233: Application time: 4.0007620 seconds
2018-10-12T17:47:07.613+0800: 25488.241: Application time: 15.0076930 seconds
2018-10-12T17:47:41.631+0800: 25522.258: Application time: 34.0177567 seconds
2018-10-12T17:47:48.635+0800: 25529.262: Application time: 7.0036651 seconds
2018-10-12T17:48:27.198+0800: 25567.826: Application time: 38.5637216 seconds
2018-10-12T17:48:41.203+0800: 25581.831: Application time: 14.0046411 seconds
2018-10-12T17:48:47.664+0800: 25588.292: Application time: 6.4610596 seconds
2018-10-12T17:48:47.666+0800: 25588.294: Application time: 0.0018713 seconds
2018-10-12T17:49:28.641+0800: 25629.269: Application time: 40.9742096 seconds
2018-10-12T17:49:29.641+0800: 25630.269: Application time: 0.9999718 seconds
2018-10-12T17:49:30.669+0800: 25631.297: Application time: 1.0279043 seconds
2018-10-12T17:49:33.594+0800: 25634.222: Application time: 2.9242618 seconds
2018-10-12T17:49:34.594+0800: 25635.222: Application time: 0.9998392 seconds
2018-10-12T17:49:48.177+0800: 25648.804: Application time: 13.5826275 seconds
2018-10-12T17:49:48.179+0800: 25648.806: Application time: 0.0020526 seconds
2018-10-12T17:49:53.181+0800: 25653.809: Application time: 5.0023576 seconds
2018-10-12T17:51:30.944+0800: 25751.572: Application time: 97.7627530 seconds
2018-10-12T17:51:30.944+0800: 25751.572: Application time: 0.0000469 seconds
2018-10-12T17:51:31.944+0800: 25752.572: Application time: 0.9993935 seconds
2018-10-12T17:52:22.968+0800: 25803.596: Application time: 51.0240428 seconds
2018-10-12T17:52:30.979+0800: 25811.607: Application time: 8.0108789 seconds
2018-10-12T17:52:30.979+0800: 25811.607: Application time: 0.0000289 seconds
2018-10-12T17:52:52.992+0800: 25833.620: Application time: 22.0123924 seconds
2018-10-12T17:53:26.424+0800: 25867.051: Application time: 33.4316993 seconds
2018-10-12T17:53:31.010+0800: 25871.638: Application time: 4.5858740 seconds
2018-10-12T17:53:31.010+0800: 25871.638: Application time: 0.0000363 seconds
2018-10-12T17:53:32.011+0800: 25872.638: Application time: 1.0002394 seconds
2018-10-12T17:53:42.016+0800: 25882.644: Application time: 10.0057032 seconds
2018-10-12T17:53:50.052+0800: 25890.680: Application time: 8.0358315 seconds
2018-10-12T17:53:51.052+0800: 25891.680: Application time: 0.9994415 seconds
2018-10-12T17:53:52.071+0800: 25892.699: Application time: 1.0196133 seconds
2018-10-12T17:53:54.975+0800: 25895.604: Application time: 2.9042769 seconds
2018-10-12T17:54:27.769+0800: 25928.397: Application time: 32.7930939 seconds
2018-10-12T17:54:28.779+0800: 25929.406: Application time: 1.0092305 seconds
{Heap before GC invocations=161 (full 3):
 par new generation   total 78016K, used 71777K [0x00000006c2c00000, 0x00000006c80a0000, 0x00000006d78c0000)
  eden space 69376K, 100% used [0x00000006c2c00000, 0x00000006c6fc0000, 0x00000006c6fc0000)
  from space 8640K,  27% used [0x00000006c7830000, 0x00000006c7a88620, 0x00000006c80a0000)
  to   space 8640K,   0% used [0x00000006c6fc0000, 0x00000006c6fc0000, 0x00000006c7830000)
 concurrent mark-sweep generation total 173440K, used 71907K [0x00000006d78c0000, 0x00000006e2220000, 0x00000007c0000000)
 Metaspace       used 92453K, capacity 96723K, committed 97016K, reserved 1134592K
  class space    used 11861K, capacity 12582K, committed 12596K, reserved 1048576K
2018-10-12T17:54:28.781+0800: 25929.408: [GC (Allocation Failure) 2018-10-12T17:54:28.781+0800: 25929.408: [ParNew: 71777K->2102K(78016K), 0.0137545 secs] 143685K->74014K(251456K), 0.0139760 secs] [Times: user=0.05 sys=0.01, real=0.01 secs] 
Heap after GC invocations=162 (full 3):
 par new generation   total 78016K, used 2102K [0x00000006c2c00000, 0x00000006c80a0000, 0x00000006d78c0000)
  eden space 69376K,   0% used [0x00000006c2c00000, 0x00000006c2c00000, 0x00000006c6fc0000)
  from space 8640K,  24% used [0x00000006c6fc0000, 0x00000006c71cd980, 0x00000006c7830000)
  to   space 8640K,   0% used [0x00000006c7830000, 0x00000006c7830000, 0x00000006c80a0000)
 concurrent mark-sweep generation total 173440K, used 71911K [0x00000006d78c0000, 0x00000006e2220000, 0x00000007c0000000)
 Metaspace       used 92453K, capacity 96723K, committed 97016K, reserved 1134592K
  class space    used 11861K, capacity 12582K, committed 12596K, reserved 1048576K
}
2018-10-12T17:54:29.807+0800: 25930.435: Application time: 1.0126720 seconds
2018-10-12T17:54:31.808+0800: 25932.435: Application time: 1.9999669 seconds
2018-10-12T17:54:37.700+0800: 25938.328: Application time: 5.8926768 seconds
2018-10-12T17:54:52.233+0800: 25952.860: Application time: 14.5316458 seconds
2018-10-12T17:54:52.233+0800: 25952.861: Application time: 0.0000652 seconds
2018-10-12T17:54:53.233+0800: 25953.860: Application time: 0.9995391 seconds
2018-10-12T17:55:23.247+0800: 25983.875: Application time: 30.0142482 seconds
2018-10-12T17:55:30.266+0800: 25990.893: Application time: 7.0183114 seconds
2018-10-12T17:55:30.266+0800: 25990.893: Application time: 0.0000698 seconds
2018-10-12T17:55:53.276+0800: 26013.903: Application time: 23.0098849 seconds
2018-10-12T17:56:11.282+0800: 26031.910: Application time: 18.0061778 seconds
2018-10-12T17:56:12.283+0800: 26032.911: Application time: 1.0008579 seconds
2018-10-12T17:56:30.293+0800: 26050.921: Application time: 18.0091638 seconds
2018-10-12T17:56:30.293+0800: 26050.921: Application time: 0.0000480 seconds
2018-10-12T17:57:00.656+0800: 26081.284: Application time: 30.3634493 seconds
2018-10-12T17:57:00.657+0800: 26081.285: Application time: 0.0001065 seconds
2018-10-12T17:57:01.657+0800: 26082.285: Application time: 0.9999686 seconds
2018-10-12T17:57:10.660+0800: 26091.288: Application time: 9.0029288 seconds
2018-10-12T17:57:10.677+0800: 26091.305: Application time: 0.0170712 seconds
2018-10-12T17:57:10.677+0800: 26091.305: Application time: 0.0000279 seconds
2018-10-12T17:57:20.680+0800: 26101.308: Application time: 10.0024902 seconds
2018-10-12T17:58:11.342+0800: 26151.970: Application time: 50.6620590 seconds
2018-10-12T17:58:11.342+0800: 26151.970: Application time: 0.0000349 seconds
2018-10-12T17:58:26.362+0800: 26166.990: Application time: 15.0193879 seconds
2018-10-12T17:58:52.372+0800: 26192.999: Application time: 26.0091384 seconds
2018-10-12T17:59:10.519+0800: 26211.147: Application time: 18.1480145 seconds
2018-10-12T17:59:11.405+0800: 26212.033: Application time: 0.8857990 seconds
2018-10-12T17:59:11.406+0800: 26212.034: Application time: 0.0001294 seconds
2018-10-12T17:59:12.406+0800: 26213.034: Application time: 0.9991174 seconds
2018-10-12T17:59:13.560+0800: 26214.189: Application time: 1.1543919 seconds
2018-10-12T17:59:14.561+0800: 26215.188: Application time: 0.9995561 seconds
2018-10-12T17:59:47.856+0800: 26248.483: Application time: 33.2946946 seconds
2018-10-12T17:59:47.858+0800: 26248.485: Application time: 0.0018925 seconds
2018-10-12T17:59:50.000+0800: 26250.628: Application time: 2.1425404 seconds
2018-10-12T17:59:50.000+0800: 26250.628: Application time: 0.0000307 seconds
2018-10-12T17:59:51.001+0800: 26251.628: Application time: 0.9999231 seconds
2018-10-12T18:00:00.020+0800: 26260.648: Application time: 9.0185491 seconds
2018-10-12T18:00:19.029+0800: 26279.657: Application time: 19.0086663 seconds
2018-10-12T18:00:20.030+0800: 26280.657: Application time: 1.0004714 seconds
2018-10-12T18:00:42.039+0800: 26302.666: Application time: 22.0086966 seconds
2018-10-12T18:00:48.043+0800: 26308.671: Application time: 6.0045114 seconds
2018-10-12T18:00:50.632+0800: 26311.259: Application time: 2.5883004 seconds
2018-10-12T18:00:50.632+0800: 26311.260: Application time: 0.0000688 seconds
2018-10-12T18:01:01.636+0800: 26322.264: Application time: 