Java HotSpot(TM) 64-Bit Server VM (25.111-b14) for windows-amd64 JRE (1.8.0_111-b14), built on Sep 22 2016 19:24:05 by "java_re" with MS VC++ 10.0 (VS2010)
Memory: 4k page, physical 16595624k(8791124k free), swap 19085992k(8099224k free)
CommandLine flags: -XX:+CMSClassUnloadingEnabled -XX:CMSFullGCsBeforeCompaction=9 -XX:CMSInitiatingOccupancyFraction=60 -XX:+CMSParallelRemarkEnabled -XX:+DisableExplicitGC -XX:+ExplicitGCInvokesConcurrent -XX:GCLogFileSize=5242880 -XX:+HeapDumpOnOutOfMemoryError -XX:HeapDumpPath=D:datalogs100003172/HeapDumpOnOutOfMemoryError/ -XX:InitialHeapSize=265529984 -XX:MaxHeapSize=4248479744 -XX:MaxNewSize=348966912 -XX:MaxTenuringThreshold=9 -XX:NumberOfGCLogFiles=5 -XX:OldPLABSize=16 -XX:-OmitStackTraceInFastThrow -XX:ParallelGCThreads=4 -XX:+PrintGC -XX:+PrintGCApplicationConcurrentTime -XX:+PrintGCDateStamps -XX:+PrintGCDetails -XX:+PrintGCTimeStamps -XX:+PrintHeapAtGC -XX:+ScavengeBeforeFullGC -XX:SoftRefLRUPolicyMSPerMB=0 -XX:+UseCMSCompactAtFullCollection -XX:+UseCMSInitiatingOccupancyOnly -XX:+UseCompressedClassPointers -XX:+UseCompressedOops -XX:+UseConcMarkSweepGC -XX:+UseGCLogFileRotation -XX:-UseLargePagesIndividualAllocation -XX:+UseParNewGC 
2018-10-12T10:41:41.716+0800: 0.266: Application time: 0.1913800 seconds
2018-10-12T10:41:41.899+0800: 0.449: Application time: 0.1823474 seconds
2018-10-12T10:41:42.009+0800: 0.560: Application time: 0.1111191 seconds
{Heap before GC invocations=0 (full 0):
 par new generation   total 78016K, used 69376K [0x00000006c2c00000, 0x00000006c80a0000, 0x00000006d78c0000)
  eden space 69376K, 100% used [0x00000006c2c00000, 0x00000006c6fc0000, 0x00000006c6fc0000)
  from space 8640K,   0% used [0x00000006c6fc0000, 0x00000006c6fc0000, 0x00000006c7830000)
  to   space 8640K,   0% used [0x00000006c7830000, 0x00000006c7830000, 0x00000006c80a0000)
 concurrent mark-sweep generation total 173440K, used 0K [0x00000006d78c0000, 0x00000006e2220000, 0x00000007c0000000)
 Metaspace       used 5360K, capacity 5744K, committed 5888K, reserved 1056768K
  class space    used 611K, capacity 664K, committed 768K, reserved 1048576K
2018-10-12T10:41:42.009+0800: 0.560: [GC (Allocation Failure) 2018-10-12T10:41:42.009+0800: 0.560: [ParNew: 69376K->8640K(78016K), 0.0212043 secs] 69376K->14239K(251456K), 0.0213499 secs] [Times: user=0.05 sys=0.00, real=0.02 secs] 
Heap after GC invocations=1 (full 0):
 par new generation   total 78016K, used 8640K [0x00000006c2c00000, 0x00000006c80a0000, 0x00000006d78c0000)
  eden space 69376K,   0% used [0x00000006c2c00000, 0x00000006c2c00000, 0x00000006c6fc0000)
  from space 8640K, 100% used [0x00000006c7830000, 0x00000006c80a0000, 0x00000006c80a0000)
  to   space 8640K,   0% used [0x00000006c6fc0000, 0x00000006c6fc0000, 0x00000006c7830000)
 concurrent mark-sweep generation total 173440K, used 5599K [0x00000006d78c0000, 0x00000006e2220000, 0x00000007c0000000)
 Metaspace       used 5360K, capacity 5744K, committed 5888K, reserved 1056768K
  class space    used 611K, capacity 664K, committed 768K, reserved 1048576K
}
2018-10-12T10:41:42.041+0800: 0.592: Application time: 0.0103959 seconds
2018-10-12T10:41:42.196+0800: 0.747: Application time: 0.1544434 seconds
2018-10-12T10:41:42.417+0800: 0.968: Application time: 0.2214593 seconds
{Heap before GC invocations=1 (full 0):
 par new generation   total 78016K, used 78016K [0x00000006c2c00000, 0x00000006c80a0000, 0x00000006d78c0000)
  eden space 69376K, 100% used [0x00000006c2c00000, 0x00000006c6fc0000, 0x00000006c6fc0000)
  from space 8640K, 100% used [0x00000006c7830000, 0x00000006c80a0000, 0x00000006c80a0000)
  to   space 8640K,   0% used [0x00000006c6fc0000, 0x00000006c6fc0000, 0x00000006c7830000)
 concurrent mark-sweep generation total 173440K, used 5599K [0x00000006d78c0000, 0x00000006e2220000, 0x00000007c0000000)
 Metaspace       used 9235K, capacity 9500K, committed 9728K, reserved 1058816K
  class space    used 1099K, capacity 1192K, committed 1280K, reserved 1048576K
2018-10-12T10:41:42.417+0800: 0.968: [GC (Allocation Failure) 2018-10-12T10:41:42.417+0800: 0.968: [ParNew: 78016K->8639K(78016K), 0.0158364 secs] 83615K->23274K(251456K), 0.0159073 secs] [Times: user=0.05 sys=0.01, real=0.02 secs] 
Heap after GC invocations=2 (full 0):
 par new generation   total 78016K, used 8639K [0x00000006c2c00000, 0x00000006c80a0000, 0x00000006d78c0000)
  eden space 69376K,   0% used [0x00000006c2c00000, 0x00000006c2c00000, 0x00000006c6fc0000)
  from space 8640K,  99% used [0x00000006c6fc0000, 0x00000006c782fff8, 0x00000006c7830000)
  to   space 8640K,   0% used [0x00000006c7830000, 0x00000006c7830000, 0x00000006c80a0000)
 concurrent mark-sweep generation total 173440K, used 14634K [0x00000006d78c0000, 0x00000006e2220000, 0x00000007c0000000)
 Metaspace       used 9235K, capacity 9500K, committed 9728K, reserved 1058816K
  class space    used 1099K, capacity 1192K, committed 1280K, reserved 1048576K
}
2018-10-12T10:41:42.598+0800: 1.149: Application time: 0.1644961 seconds
{Heap before GC invocations=2 (full 0):
 par new generation   total 78016K, used 78015K [0x00000006c2c00000, 0x00000006c80a0000, 0x00000006d78c0000)
  eden space 69376K, 100% used [0x00000006c2c00000, 0x00000006c6fc0000, 0x00000006c6fc0000)
  from space 8640K,  99% used [0x00000006c6fc0000, 0x00000006c782fff8, 0x00000006c7830000)
  to   space 8640K,   0% used [0x00000006c7830000, 0x00000006c7830000, 0x00000006c80a0000)
 concurrent mark-sweep generation total 173440K, used 14634K [0x00000006d78c0000, 0x00000006e2220000, 0x00000007c0000000)
 Metaspace       used 10697K, capacity 11000K, committed 11264K, reserved 1058816K
  class space    used 1316K, capacity 1410K, committed 1536K, reserved 1048576K
2018-10-12T10:41:42.598+0800: 1.149: [GC (Allocation Failure) 2018-10-12T10:41:42.598+0800: 1.149: [ParNew: 78015K->2851K(78016K), 0.0018886 secs] 92650K->17485K(251456K), 0.0019338 secs] [Times: user=0.00 sys=0.00, real=0.00 secs] 
Heap after GC invocations=3 (full 0):
 par new generation   total 78016K, used 2851K [0x00000006c2c00000, 0x00000006c80a0000, 0x00000006d78c0000)
  eden space 69376K,   0% used [0x00000006c2c00000, 0x00000006c2c00000, 0x00000006c6fc0000)
  from space 8640K,  33% used [0x00000006c7830000, 0x00000006c7af8d90, 0x00000006c80a0000)
  to   space 8640K,   0% used [0x00000006c6fc0000, 0x00000006c6fc0000, 0x00000006c7830000)
 concurrent mark-sweep generation total 173440K, used 14634K [0x00000006d78c0000, 0x00000006e2220000, 0x00000007c0000000)
 Metaspace       used 10697K, capacity 11000K, committed 11264K, reserved 1058816K
  class space    used 1316K, capacity 1410K, committed 1536K, reserved 1048576K
}
2018-10-12T10:41:42.675+0800: 1.225: Application time: 0.0741864 seconds
{Heap before GC invocations=3 (full 0):
 par new generation   total 78016K, used 72227K [0x00000006c2c00000, 0x00000006c80a0000, 0x00000006d78c0000)
  eden space 69376K, 100% used [0x00000006c2c00000, 0x00000006c6fc0000, 0x00000006c6fc0000)
  from space 8640K,  33% used [0x00000006c7830000, 0x00000006c7af8d90, 0x00000006c80a0000)
  to   space 8640K,   0% used [0x00000006c6fc0000, 0x00000006c6fc0000, 0x00000006c7830000)
 concurrent mark-sweep generation total 173440K, used 14634K [0x00000006d78c0000, 0x00000006e2220000, 0x00000007c0000000)
 Metaspace       used 12037K, capacity 12374K, committed 12672K, reserved 1060864K
  class space    used 1466K, capacity 1587K, committed 1664K, reserved 1048576K
2018-10-12T10:41:42.675+0800: 1.225: [GC (Allocation Failure) 2018-10-12T10:41:42.675+0800: 1.225: [ParNew: 72227K->2994K(78016K), 0.0026489 secs] 86861K->17628K(251456K), 0.0027053 secs] [Times: user=0.00 sys=0.00, real=0.00 secs] 
Heap after GC invocations=4 (full 0):
 par new generation   total 78016K, used 2994K [0x00000006c2c00000, 0x00000006c80a0000, 0x00000006d78c0000)
  eden space 69376K,   0% used [0x00000006c2c00000, 0x00000006c2c00000, 0x00000006c6fc0000)
  from space 8640K,  34% used [0x00000006c6fc0000, 0x00000006c72ac928, 0x00000006c7830000)
  to   space 8640K,   0% used [0x00000006c7830000, 0x00000006c7830000, 0x00000006c80a0000)
 concurrent mark-sweep generation total 173440K, used 14634K [0x00000006d78c0000, 0x00000006e2220000, 0x00000007c0000000)
 Metaspace       used 12037K, capacity 12374K, committed 12672K, reserved 1060864K
  class space    used 1466K, capacity 1587K, committed 1664K, reserved 1048576K
}
2018-10-12T10:41:42.785+0800: 1.336: Application time: 0.1082950 seconds
2018-10-12T10:41:42.788+0800: 1.339: Application time: 0.0027723 seconds
{Heap before GC invocations=4 (full 0):
 par new generation   total 78016K, used 72370K [0x00000006c2c00000, 0x00000006c80a0000, 0x00000006d78c0000)
  eden space 69376K, 100% used [0x00000006c2c00000, 0x00000006c6fc0000, 0x00000006c6fc0000)
  from space 8640K,  34% used [0x00000006c6fc0000, 0x00000006c72ac928, 0x00000006c7830000)
  to   space 8640K,   0% used [0x00000006c7830000, 0x00000006c7830000, 0x00000006c80a0000)
 concurrent mark-sweep generation total 173440K, used 14634K [0x00000006d78c0000, 0x00000006e2220000, 0x00000007c0000000)
 Metaspace       used 13674K, capacity 14084K, committed 14336K, reserved 1062912K
  class space    used 1660K, capacity 1776K, committed 1792K, reserved 1048576K
2018-10-12T10:41:42.788+0800: 1.339: [GC (Allocation Failure) 2018-10-12T10:41:42.788+0800: 1.339: [ParNew: 72370K->3782K(78016K), 0.0026594 secs] 87004K->18416K(251456K), 0.0027268 secs] [Times: user=0.00 sys=0.00, real=0.00 secs] 
Heap after GC invocations=5 (full 0):
 par new generation   total 78016K, used 3782K [0x00000006c2c00000, 0x00000006c80a0000, 0x00000006d78c0000)
  eden space 69376K,   0% used [0x00000006c2c00000, 0x00000006c2c00000, 0x00000006c6fc0000)
  from space 8640K,  43% used [0x00000006c7830000, 0x00000006c7be1b70, 0x00000006c80a0000)
  to   space 8640K,   0% used [0x00000006c6fc0000, 0x00000006c6fc0000, 0x00000006c7830000)
 concurrent mark-sweep generation total 173440K, used 14634K [0x00000006d78c0000, 0x00000006e2220000, 0x00000007c0000000)
 Metaspace       used 13674K, capacity 14084K, committed 14336K, reserved 1062912K
  class space    used 1660K, capacity 1776K, committed 1792K, reserved 1048576K
}
2018-10-12T10:41:43.017+0800: 1.568: Application time: 0.2256247 seconds
{Heap before GC invocations=5 (full 0):
 par new generation   total 78016K, used 73158K [0x00000006c2c00000, 0x00000006c80a0000, 0x00000006d78c0000)
  eden space 69376K, 100% used [0x00000006c2c00000, 0x00000006c6fc0000, 0x00000006c6fc0000)
  from space 8640K,  43% used [0x00000006c7830000, 0x00000006c7be1b70, 0x00000006c80a0000)
  to   space 8640K,   0% used [0x00000006c6fc0000, 0x00000006c6fc0000, 0x00000006c7830000)
 concurrent mark-sweep generation total 173440K, used 14634K [0x00000006d78c0000, 0x00000006e2220000, 0x00000007c0000000)
 Metaspace       used 15316K, capacity 15802K, committed 16000K, reserved 1062912K
  class space    used 1972K, capacity 2115K, committed 2176K, reserved 1048576K
2018-10-12T10:41:43.017+0800: 1.568: [GC (Allocation Failure) 2018-10-12T10:41:43.018+0800: 1.568: [ParNew: 73158K->4384K(78016K), 0.0034313 secs] 87792K->19018K(251456K), 0.0034793 secs] [Times: user=0.00 sys=0.00, real=0.00 secs] 
Heap after GC invocations=6 (full 0):
 par new generation   total 78016K, used 4384K [0x00000006c2c00000, 0x00000006c80a0000, 0x00000006d78c0000)
  eden space 69376K,   0% used [0x00000006c2c00000, 0x00000006c2c00000, 0x00000006c6fc0000)
  from space 8640K,  50% used [0x00000006c6fc0000, 0x00000006c7408358, 0x00000006c7830000)
  to   space 8640K,   0% used [0x00000006c7830000, 0x00000006c7830000, 0x00000006c80a0000)
 concurrent mark-sweep generation total 173440K, used 14634K [0x00000006d78c0000, 0x00000006e2220000, 0x00000007c0000000)
 Metaspace       used 15316K, capacity 15802K, committed 16000K, reserved 1062912K
  class space    used 1972K, capacity 2115K, committed 2176K, reserved 1048576K
}
2018-10-12T10:41:43.038+0800: 1.589: Application time: 0.0172691 seconds
2018-10-12T10:41:43.039+0800: 1.589: Application time: 0.0003639 seconds
2018-10-12T10:41:43.148+0800: 1.699: Application time: 0.1097531 seconds
{Heap before GC invocations=6 (full 0):
 par new generation   total 78016K, used 73760K [0x00000006c2c00000, 0x00000006c80a0000, 0x00000006d78c0000)
  eden space 69376K, 100% used [0x00000006c2c00000, 0x00000006c6fc0000, 0x00000006c6fc0000)
  from space 8640K,  50% used [0x00000006c6fc0000, 0x00000006c7408358, 0x00000006c7830000)
  to   space 8640K,   0% used [0x00000006c7830000, 0x00000006c7830000, 0x00000006c80a0000)
 concurrent mark-sweep generation total 173440K, used 14634K [0x00000006d78c0000, 0x00000006e2220000, 0x00000007c0000000)
 Metaspace       used 17115K, capacity 17642K, committed 17792K, reserved 1064960K
  class space    used 2180K, capacity 2313K, committed 2432K, reserved 1048576K
2018-10-12T10:41:43.148+0800: 1.699: [GC (Allocation Failure) 2018-10-12T10:41:43.148+0800: 1.699: [ParNew: 73760K->5632K(78016K), 0.0035078 secs] 88394K->20267K(251456K), 0.0035537 secs] [Times: user=0.00 sys=0.00, real=0.00 secs] 
Heap after GC invocations=7 (full 0):
 par new generation   total 78016K, used 5632K [0x00000006c2c00000, 0x00000006c80a0000, 0x00000006d78c0000)
  eden space 69376K,   0% used [0x00000006c2c00000, 0x00000006c2c00000, 0x00000006c6fc0000)
  from space 8640K,  65% used [0x00000006c7830000, 0x00000006c7db03f8, 0x00000006c80a0000)
  to   space 8640K,   0% used [0x00000006c6fc0000, 0x00000006c6fc0000, 0x00000006c7830000)
 concurrent mark-sweep generation total 173440K, used 14634K [0x00000006d78c0000, 0x00000006e2220000, 0x00000007c0000000)
 Metaspace       used 17115K, capacity 17642K, committed 17792K, reserved 1064960K
  class space    used 2180K, capacity 2313K, committed 2432K, reserved 1048576K
}
2018-10-12T10:41:43.223+0800: 1.773: Application time: 0.0705731 seconds
{Heap before GC invocations=7 (full 0):
 par new generation   total 78016K, used 75008K [0x00000006c2c00000, 0x00000006c80a0000, 0x00000006d78c0000)
  eden space 69376K, 100% used [0x00000006c2c00000, 0x00000006c6fc0000, 0x00000006c6fc0000)
  from space 8640K,  65% used [0x00000006c7830000, 0x00000006c7db03f8, 0x00000006c80a0000)
  to   space 8640K,   0% used [0x00000006c6fc0000, 0x00000006c6fc0000, 0x00000006c7830000)
 concurrent mark-sweep generation total 173440K, used 14634K [0x00000006d78c0000, 0x00000006e2220000, 0x00000007c0000000)
 Metaspace       used 18635K, capacity 19180K, committed 19456K, reserved 1067008K
  class space    used 2365K, capacity 2506K, committed 2560K, reserved 1048576K
2018-10-12T10:41:43.223+0800: 1.774: [GC (Allocation Failure) 2018-10-12T10:41:43.223+0800: 1.774: [ParNew: 75008K->5914K(78016K), 0.0034891 secs] 89643K->20549K(251456K), 0.0035360 secs] [Times: user=0.00 sys=0.00, real=0.00 secs] 
Heap after GC invocations=8 (full 0):
 par new generation   total 78016K, used 5914K [0x00000006c2c00000, 0x00000006c80a0000, 0x00000006d78c0000)
  eden space 69376K,   0% used [0x00000006c2c00000, 0x00000006c2c00000, 0x00000006c6fc0000)
  from space 8640K,  68% used [0x00000006c6fc0000, 0x00000006c7586be0, 0x00000006c7830000)
  to   space 8640K,   0% used [0x00000006c7830000, 0x00000006c7830000, 0x00000006c80a0000)
 concurrent mark-sweep generation total 173440K, used 14634K [0x00000006d78c0000, 0x00000006e2220000, 0x00000007c0000000)
 Metaspace       used 18635K, capacity 19180K, committed 19456K, reserved 1067008K
  class space    used 2365K, capacity 2506K, committed 2560K, reserved 1048576K
}
2018-10-12T10:41:43.230+0800: 1.781: Application time: 0.0036499 seconds
2018-10-12T10:41:43.350+0800: 1.901: Application time: 0.1199560 seconds
{Heap before GC invocations=8 (full 0):
 par new generation   total 78016K, used 75290K [0x00000006c2c00000, 0x00000006c80a0000, 0x00000006d78c0000)
  eden space 69376K, 100% used [0x00000006c2c00000, 0x00000006c6fc0000, 0x00000006c6fc0000)
  from space 8640K,  68% used [0x00000006c6fc0000, 0x00000006c7586be0, 0x00000006c7830000)
  to   space 8640K,   0% used [0x00000006c7830000, 0x00000006c7830000, 0x00000006c80a0000)
 concurrent mark-sweep generation total 173440K, used 14634K [0x00000006d78c0000, 0x00000006e2220000, 0x00000007c0000000)
 Metaspace       used 20138K, capacity 20812K, committed 20992K, reserved 1067008K
  class space    used 2588K, capacity 2782K, committed 2816K, reserved 1048576K
2018-10-12T10:41:43.351+0800: 1.901: [GC (Allocation Failure) 2018-10-12T10:41:43.351+0800: 1.901: [ParNew: 75290K->6279K(78016K), 0.0038968 secs] 89925K->20913K(251456K), 0.0039888 secs] [Times: user=0.00 sys=0.00, real=0.00 secs] 
Heap after GC invocations=9 (full 0):
 par new generation   total 78016K, used 6279K [0x00000006c2c00000, 0x00000006c80a0000, 0x00000006d78c0000)
  eden space 69376K,   0% used [0x00000006c2c00000, 0x00000006c2c00000, 0x00000006c6fc0000)
  from space 8640K,  72% used [0x00000006c7830000, 0x00000006c7e51d40, 0x00000006c80a0000)
  to   space 8640K,   0% used [0x00000006c6fc0000, 0x00000006c6fc0000, 0x00000006c7830000)
 concurrent mark-sweep generation total 173440K, used 14634K [0x00000006d78c0000, 0x00000006e2220000, 0x00000007c0000000)
 Metaspace       used 20138K, capacity 20812K, committed 20992K, reserved 1067008K
  class space    used 2588K, capacity 2782K, committed 2816K, reserved 1048576K
}
2018-10-12T10:41:43.387+0800: 1.938: Application time: 0.0325233 seconds
2018-10-12T10:41:43.402+0800: 1.953: Application time: 0.0147884 seconds
2018-10-12T10:41:43.409+0800: 1.959: Application time: 0.0061493 seconds
2018-10-12T10:41:43.425+0800: 1.976: Application time: 0.0172327 seconds
2018-10-12T10:41:43.473+0800: 2.024: Application time: 0.0473702 seconds
2018-10-12T10:41:43.540+0800: 2.091: Application time: 0.0665349 seconds
2018-10-12T10:41:43.541+0800: 2.092: Application time: 0.0009641 seconds
{Heap before GC invocations=9 (full 0):
 par new generation   total 78016K, used 75655K [0x00000006c2c00000, 0x00000006c80a0000, 0x00000006d78c0000)
  eden space 69376K, 100% used [0x00000006c2c00000, 0x00000006c6fc0000, 0x00000006c6fc0000)
  from space 8640K,  72% used [0x00000006c7830000, 0x00000006c7e51d40, 0x00000006c80a0000)
  to   space 8640K,   0% used [0x00000006c6fc0000, 0x00000006c6fc0000, 0x00000006c7830000)
 concurrent mark-sweep generation total 173440K, used 14634K [0x00000006d78c0000, 0x00000006e2220000, 0x00000007c0000000)
 Metaspace       used 21893K, capacity 22632K, committed 22880K, reserved 1069056K
  class space    used 2807K, capacity 2984K, committed 3016K, reserved 1048576K
2018-10-12T10:41:43.541+0800: 2.092: [GC (Allocation Failure) 2018-10-12T10:41:43.541+0800: 2.092: [ParNew: 75655K->5876K(78016K), 0.0052811 secs] 90289K->21463K(251456K), 0.0053333 secs] [Times: user=0.00 sys=0.00, real=0.01 secs] 
Heap after GC invocations=10 (full 0):
 par new generation   total 78016K, used 5876K [0x00000006c2c00000, 0x00000006c80a0000, 0x00000006d78c0000)
  eden space 69376K,   0% used [0x00000006c2c00000, 0x00000006c2c00000, 0x00000006c6fc0000)
  from space 8640K,  68% used [0x00000006c6fc0000, 0x00000006c757d320, 0x00000006c7830000)
  to   space 8640K,   0% used [0x00000006c7830000, 0x00000006c7830000, 0x00000006c80a0000)
 concurrent mark-sweep generation total 173440K, used 15586K [0x00000006d78c0000, 0x00000006e2220000, 0x00000007c0000000)
 Metaspace       used 21893K, capacity 22632K, committed 22880K, reserved 1069056K
  class space    used 2807K, capacity 2984K, committed 3016K, reserved 1048576K
}
2018-10-12T10:41:43.546+0800: 2.097: Application time: 0.0000480 seconds
2018-10-12T10:41:43.546+0800: 2.097: [GC (CMS Initial Mark) [1 CMS-initial-mark: 15586K(173440K)] 22120K(251456K), 0.0011851 secs] [Times: user=0.03 sys=0.00, real=0.00 secs] 
2018-10-12T10:41:43.548+0800: 2.099: [CMS-concurrent-mark-start]
2018-10-12T10:41:43.597+0800: 2.147: [CMS-concurrent-mark: 0.049/0.049 secs] [Times: user=0.11 sys=0.00, real=0.05 secs] 
2018-10-12T10:41:43.597+0800: 2.147: Application time: 0.0488128 seconds
2018-10-12T10:41:43.597+0800: 2.148: [CMS-concurrent-preclean-start]
2018-10-12T10:41:43.597+0800: 2.148: Application time: 0.0007659 seconds
2018-10-12T10:41:43.598+0800: 2.149: [CMS-concurrent-preclean: 0.001/0.001 secs] [Times: user=0.00 sys=0.00, real=0.00 secs] 
2018-10-12T10:41:43.598+0800: 2.149: [CMS-concurrent-abortable-preclean-start]
2018-10-12T10:41:43.617+0800: 2.168: Application time: 0.0197716 seconds
2018-10-12T10:41:43.635+0800: 2.185: Application time: 0.0171629 seconds
2018-10-12T10:41:43.682+0800: 2.233: Application time: 0.0470772 seconds
2018-10-12T10:41:43.733+0800: 2.283: Application time: 0.0508132 seconds
{Heap before GC invocations=10 (full 1):
 par new generation   total 78016K, used 75252K [0x00000006c2c00000, 0x00000006c80a0000, 0x00000006d78c0000)
  eden space 69376K, 100% used [0x00000006c2c00000, 0x00000006c6fc0000, 0x00000006c6fc0000)
  from space 8640K,  68% used [0x00000006c6fc0000, 0x00000006c757d320, 0x00000006c7830000)
  to   space 8640K,   0% used [0x00000006c7830000, 0x00000006c7830000, 0x00000006c80a0000)
 concurrent mark-sweep generation total 173440K, used 15586K [0x00000006d78c0000, 0x00000006e2220000, 0x00000007c0000000)
 Metaspace       used 23471K, capacity 24174K, committed 24284K, reserved 1071104K
  class space    used 3041K, capacity 3219K, committed 3244K, reserved 1048576K
2018-10-12T10:41:43.733+0800: 2.283: [GC (Allocation Failure) 2018-10-12T10:41:43.733+0800: 2.284: [ParNew: 75252K->5278K(78016K), 0.0043428 secs] 90839K->20865K(251456K), 0.0043904 secs] [Times: user=0.06 sys=0.00, real=0.00 secs] 
Heap after GC invocations=11 (full 1):
 par new generation   total 78016K, used 5278K [0x00000006c2c00000, 0x00000006c80a0000, 0x00000006d78c0000)
  eden space 69376K,   0% used [0x00000006c2c00000, 0x00000006c2c00000, 0x00000006c6fc0000)
  from space 8640K,  61% used [0x00000006c7830000, 0x00000006c7d57bd8, 0x00000006c80a0000)
  to   space 8640K,   0% used [0x00000006c6fc0000, 0x00000006c6fc0000, 0x00000006c7830000)
 concurrent mark-sweep generation total 173440K, used 15586K [0x00000006d78c0000, 0x00000006e2220000, 0x00000007c0000000)
 Metaspace       used 23471K, capacity 24174K, committed 24284K, reserved 1071104K
  class space    used 3041K, capacity 3219K, committed 3244K, reserved 1048576K
}
2018-10-12T10:41:43.746+0800: 2.296: Application time: 0.0079970 seconds
2018-10-12T10:41:43.786+0800: 2.336: Application time: 0.0401109 seconds
2018-10-12T10:41:43.799+0800: 2.350: Application time: 0.0138310 seconds
2018-10-12T10:41:43.828+0800: 2.380: Application time: 0.0292087 seconds
2018-10-12T10:41:43.829+0800: 2.380: [CMS-concurrent-abortable-preclean: 0.180/0.231 secs] [Times: user=0.52 sys=0.05, real=0.23 secs] 
2018-10-12T10:41:43.829+0800: 2.380: Application time: 0.0000518 seconds
2018-10-12T10:41:43.829+0800: 2.380: [GC (CMS Final Remark) [YG occupancy: 44034 K (78016 K)]2018-10-12T10:41:43.829+0800: 2.380: [Rescan (parallel) , 0.0056637 secs]2018-10-12T10:41:43.834+0800: 2.386: [weak refs processing, 0.0004665 secs]2018-10-12T10:41:43.835+0800: 2.386: [class unloading, 0.0029454 secs]2018-10-12T10:41:43.838+0800: 2.389: [scrub symbol table, 0.0033640 secs]2018-10-12T10:41:43.841+0800: 2.392: [scrub string table, 0.0002489 secs][1 CMS-remark: 15586K(173440K)] 59621K(251456K), 0.0131138 secs] [Times: user=0.00 sys=0.00, real=0.01 secs] 
2018-10-12T10:41:43.842+0800: 2.393: [CMS-concurrent-sweep-start]
2018-10-12T10:41:43.848+0800: 2.399: [CMS-concurrent-sweep: 0.006/0.006 secs] [Times: user=0.03 sys=0.00, real=0.01 secs] 
2018-10-12T10:41:43.848+0800: 2.399: [CMS-concurrent-reset-start]
2018-10-12T10:41:43.851+0800: 2.402: [CMS-concurrent-reset: 0.003/0.003 secs] [Times: user=0.00 sys=0.00, real=0.00 secs] 
2018-10-12T10:41:43.927+0800: 2.478: Application time: 0.0854207 seconds
{Heap before GC invocations=11 (full 1):
 par new generation   total 78016K, used 74654K [0x00000006c2c00000, 0x00000006c80a0000, 0x00000006d78c0000)
  eden space 69376K, 100% used [0x00000006c2c00000, 0x00000006c6fc0000, 0x00000006c6fc0000)
  from space 8640K,  61% used [0x00000006c7830000, 0x00000006c7d57bd8, 0x00000006c80a0000)
  to   space 8640K,   0% used [0x00000006c6fc0000, 0x00000006c6fc0000, 0x00000006c7830000)
 concurrent mark-sweep generation total 173440K, used 14316K [0x00000006d78c0000, 0x00000006e2220000, 0x00000007c0000000)
 Metaspace       used 24533K, capacity 25402K, committed 25588K, reserved 1071104K
  class space    used 3179K, capacity 3407K, committed 3500K, reserved 1048576K
2018-10-12T10:41:43.928+0800: 2.478: [GC (Allocation Failure) 2018-10-12T10:41:43.928+0800: 2.479: [ParNew: 74654K->5918K(78016K), 0.0040071 secs] 88971K->20499K(251456K), 0.0040586 secs] [Times: user=0.00 sys=0.00, real=0.00 secs] 
Heap after GC invocations=12 (full 1):
 par new generation   total 78016K, used 5918K [0x00000006c2c00000, 0x00000006c80a0000, 0x00000006d78c0000)
  eden space 69376K,   0% used [0x00000006c2c00000, 0x00000006c2c00000, 0x00000006c6fc0000)
  from space 8640K,  68% used [0x00000006c6fc0000, 0x00000006c7587998, 0x00000006c7830000)
  to   space 8640K,   0% used [0x00000006c7830000, 0x00000006c7830000, 0x00000006c80a0000)
 concurrent mark-sweep generation total 173440K, used 14581K [0x00000006d78c0000, 0x00000006e2220000, 0x00000007c0000000)
 Metaspace       used 24533K, capacity 25402K, committed 25588K, reserved 1071104K
  class space    used 3179K, capacity 3407K, committed 3500K, reserved 1048576K
}
2018-10-12T10:41:44.050+0800: 2.601: Application time: 0.1180181 seconds
{Heap before GC invocations=12 (full 1):
 par new generation   total 78016K, used 75294K [0x00000006c2c00000, 0x00000006c80a0000, 0x00000006d78c0000)
  eden space 69376K, 100% used [0x00000006c2c00000, 0x00000006c6fc0000, 0x00000006c6fc0000)
  from space 8640K,  68% used [0x00000006c6fc0000, 0x00000006c7587998, 0x00000006c7830000)
  to   space 8640K,   0% used [0x00000006c7830000, 0x00000006c7830000, 0x00000006c80a0000)
 concurrent mark-sweep generation total 173440K, used 14581K [0x00000006d78c0000, 0x00000006e2220000, 0x00000007c0000000)
 Metaspace       used 25121K, capacity 26012K, committed 26256K, reserved 1073152K
  class space    used 3258K, capacity 3478K, committed 3500K, reserved 1048576K
2018-10-12T10:41:44.050+0800: 2.601: [GC (Allocation Failure) 2018-10-12T10:41:44.050+0800: 2.601: [ParNew: 75294K->4627K(78016K), 0.0038918 secs] 89875K->19503K(251456K), 0.0039384 secs] [Times: user=0.00 sys=0.00, real=0.00 secs] 
Heap after GC invocations=13 (full 1):
 par new generation   total 78016K, used 4627K [0x00000006c2c00000, 0x00000006c80a0000, 0x00000006d78c0000)
  eden space 69376K,   0% used [0x00000006c2c00000, 0x00000006c2c00000, 0x00000006c6fc0000)
  from space 8640K,  53% used [0x00000006c7830000, 0x00000006c7cb4c88, 0x00000006c80a0000)
  to   space 8640K,   0% used [0x00000006c6fc0000, 0x00000006c6fc0000, 0x00000006c7830000)
 concurrent mark-sweep generation total 173440K, used 14875K [0x00000006d78c0000, 0x00000006e2220000, 0x00000007c0000000)
 Metaspace       used 25121K, capacity 26012K, committed 26256K, reserved 1073152K
  class space    used 3258K, capacity 3478K, committed 3500K, reserved 1048576K
}
2018-10-12T10:41:44.136+0800: 2.686: Application time: 0.0815948 seconds
{Heap before GC invocations=13 (full 1):
 par new generation   total 78016K, used 74003K [0x00000006c2c00000, 0x00000006c80a0000, 0x00000006d78c0000)
  eden space 69376K, 100% used [0x00000006c2c00000, 0x00000006c6fc0000, 0x00000006c6fc0000)
  from space 8640K,  53% used [0x00000006c7830000, 0x00000006c7cb4c88, 0x00000006c80a0000)
  to   space 8640K,   0% used [0x00000006c6fc0000, 0x00000006c6fc0000, 0x00000006c7830000)
 concurrent mark-sweep generation total 173440K, used 14875K [0x00000006d78c0000, 0x00000006e2220000, 0x00000007c0000000)
 Metaspace       used 25343K, capacity 26198K, committed 26256K, reserved 1073152K
  class space    used 3286K, capacity 3491K, committed 3500K, reserved 1048576K
2018-10-12T10:41:44.136+0800: 2.686: [GC (Allocation Failure) 2018-10-12T10:41:44.136+0800: 2.686: [ParNew: 74003K->5156K(78016K), 0.0039447 secs] 88879K->20316K(251456K), 0.0039909 secs] [Times: user=0.00 sys=0.00, real=0.00 secs] 
Heap after GC invocations=14 (full 1):
 par new generation   total 78016K, used 5156K [0x00000006c2c00000, 0x00000006c80a0000, 0x00000006d78c0000)
  eden space 69376K,   0% used [0x00000006c2c00000, 0x00000006c2c00000, 0x00000006c6fc0000)
  from space 8640K,  59% used [0x00000006c6fc0000, 0x00000006c74c91b0, 0x00000006c7830000)
  to   space 8640K,   0% used [0x00000006c7830000, 0x00000006c7830000, 0x00000006c80a0000)
 concurrent mark-sweep generation total 173440K, used 15159K [0x00000006d78c0000, 0x00000006e2220000, 0x00000007c0000000)
 Metaspace       used 25343K, capacity 26198K, committed 26256K, reserved 1073152K
  class space    used 3286K, capacity 3491K, committed 3500K, reserved 1048576K
}
2018-10-12T10:41:44.263+0800: 2.814: Application time: 0.1235168 seconds
{Heap before GC invocations=14 (full 1):
 par new generation   total 78016K, used 74532K [0x00000006c2c00000, 0x00000006c80a0000, 0x00000006d78c0000)
  eden space 69376K, 100% used [0x00000006c2c00000, 0x00000006c6fc0000, 0x00000006c6fc0000)
  from space 8640K,  59% used [0x00000006c6fc0000, 0x00000006c74c91b0, 0x00000006c7830000)
  to   space 8640K,   0% used [0x00000006c7830000, 0x00000006c7830000, 0x00000006c80a0000)
 concurrent mark-sweep generation total 173440K, used 15159K [0x00000006d78c0000, 0x00000006e2220000, 0x00000007c0000000)
 Metaspace       used 25592K, capacity 26462K, committed 26640K, reserved 1073152K
  class space    used 3319K, capacity 3531K, committed 3628K, reserved 1048576K
2018-10-12T10:41:44.263+0800: 2.814: [GC (Allocation Failure) 2018-10-12T10:41:44.263+0800: 2.814: [ParNew: 74532K->4194K(78016K), 0.0041736 secs] 89692K->19958K(251456K), 0.0042212 secs] [Times: user=0.06 sys=0.00, real=0.00 secs] 
Heap after GC invocations=15 (full 1):
 par new generation   total 78016K, used 4194K [0x00000006c2c00000, 0x00000006c80a0000, 0x00000006d78c0000)
  eden space 69376K,   0% used [0x00000006c2c00000, 0x00000006c2c00000, 0x00000006c6fc0000)
  from space 8640K,  48% used [0x00000006c7830000, 0x00000006c7c48a58, 0x00000006c80a0000)
  to   space 8640K,   0% used [0x00000006c6fc0000, 0x00000006c6fc0000, 0x00000006c7830000)
 concurrent mark-sweep generation total 173440K, used 15763K [0x00000006d78c0000, 0x00000006e2220000, 0x00000007c0000000)
 Metaspace       used 25592K, capacity 26462K, committed 26640K, reserved 1073152K
  class space    used 3319K, capacity 3531K, committed 3628K, reserved 1048576K
}
2018-10-12T10:41:44.688+0800: 3.239: Application time: 0.4209664 seconds
2018-10-12T10:41:44.921+0800: 3.472: Application time: 0.2325783 seconds
{Heap before GC invocations=15 (full 1):
 par new generation   total 78016K, used 73570K [0x00000006c2c00000, 0x00000006c80a0000, 0x00000006d78c0000)
  eden space 69376K, 100% used [0x00000006c2c00000, 0x00000006c6fc0000, 0x00000006c6fc0000)
  from space 8640K,  48% used [0x00000006c7830000, 0x00000006c7c48a58, 0x00000006c80a0000)
  to   space 8640K,   0% used [0x00000006c6fc0000, 0x00000006c6fc0000, 0x00000006c7830000)
 concurrent mark-sweep generation total 173440K, used 15763K [0x00000006d78c0000, 0x00000006e2220000, 0x00000007c0000000)
 Metaspace       used 26281K, capacity 27288K, committed 27536K, reserved 1073152K
  class space    used 3411K, capacity 3658K, committed 3756K, reserved 1048576K
2018-10-12T10:41:44.921+0800: 3.472: [GC (Allocation Failure) 2018-10-12T10:41:44.921+0800: 3.472: [ParNew: 73570K->4932K(78016K), 0.0040364 secs] 89334K->20905K(251456K), 0.0040851 secs] [Times: user=0.06 sys=0.00, real=0.00 secs] 
Heap after GC invocations=16 (full 1):
 par new generation   total 78016K, used 4932K [0x00000006c2c00000, 0x00000006c80a0000, 0x00000006d78c0000)
  eden space 69376K,   0% used [0x00000006c2c00000, 0x00000006c2c00000, 0x00000006c6fc0000)
  from space 8640K,  57% used [0x00000006c6fc0000, 0x00000006c7491158, 0x00000006c7830000)
  to   space 8640K,   0% used [0x00000006c7830000, 0x00000006c7830000, 0x00000006c80a0000)
 concurrent mark-sweep generation total 173440K, used 15973K [0x00000006d78c0000, 0x00000006e2220000, 0x00000007c0000000)
 Metaspace       used 26281K, capacity 27288K, committed 27536K, reserved 1073152K
  class space    used 3411K, capacity 3658K, committed 3756K, reserved 1048576K
}
2018-10-12T10:41:45.146+0800: 3.697: Application time: 0.2199808 seconds
{Heap before GC invocations=16 (full 1):
 par new generation   total 78016K, used 74308K [0x00000006c2c00000, 0x00000006c80a0000, 0x00000006d78c0000)
  eden space 69376K, 100% used [0x00000006c2c00000, 0x00000006c6fc0000, 0x00000006c6fc0000)
  from space 8640K,  57% used [0x00000006c6fc0000, 0x00000006c7491158, 0x00000006c7830000)
  to   space 8640K,   0% used [0x00000006c7830000, 0x00000006c7830000, 0x00000006c80a0000)
 concurrent mark-sweep generation total 173440K, used 15973K [0x00000006d78c0000, 0x00000006e2220000, 0x00000007c0000000)
 Metaspace       used 26953K, capacity 27950K, committed 28048K, reserved 1073152K
  class space    used 3489K, capacity 3725K, committed 3756K, reserved 1048576K
2018-10-12T10:41:45.146+0800: 3.697: [GC (Allocation Failure) 2018-10-12T10:41:45.146+0800: 3.697: [ParNew: 74308K->7173K(78016K), 0.0049733 secs] 90281K->23322K(251456K), 0.0050953 secs] [Times: user=0.00 sys=0.00, real=0.01 secs] 
Heap after GC invocations=17 (full 1):
 par new generation   total 78016K, used 7173K [0x00000006c2c00000, 0x00000006c80a0000, 0x00000006d78c0000)
  eden space 69376K,   0% used [0x00000006c2c00000, 0x00000006c2c00000, 0x00000006c6fc0000)
  from space 8640K,  83% used [0x00000006c7830000, 0x00000006c7f31448, 0x00000006c80a0000)
  to   space 8640K,   0% used [0x00000006c6fc0000, 0x00000006c6fc0000, 0x00000006c7830000)
 concurrent mark-sweep generation total 173440K, used 16149K [0x00000006d78c0000, 0x00000006e2220000, 0x00000007c0000000)
 Metaspace       used 26953K, capacity 27950K, committed 28048K, reserved 1073152K
  class space    used 3489K, capacity 3725K, committed 3756K, reserved 1048576K
}
2018-10-12T10:41:45.246+0800: 3.797: Application time: 0.0949329 seconds
{Heap before GC invocations=17 (full 1):
 par new generation   total 78016K, used 76549K [0x00000006c2c00000, 0x00000006c80a0000, 0x00000006d78c0000)
  eden space 69376K, 100% used [0x00000006c2c00000, 0x00000006c6fc0000, 0x00000006c6fc0000)
  from space 8640K,  83% used [0x00000006c7830000, 0x00000006c7f31448, 0x00000006c80a0000)
  to   space 8640K,   0% used [0x00000006c6fc0000, 0x00000006c6fc0000, 0x00000006c7830000)
 concurrent mark-sweep generation total 173440K, used 16149K [0x00000006d78c0000, 0x00000006e2220000, 0x00000007c0000000)
 Metaspace       used 27178K, capacity 28200K, committed 28432K, reserved 1073152K
  class space    used 3518K, capacity 3764K, committed 3884K, reserved 1048576K
2018-10-12T10:41:45.247+0800: 3.797: [GC (Allocation Failure) 2018-10-12T10:41:45.247+0800: 3.797: [ParNew: 76549K->6022K(78016K), 0.0061020 secs] 92698K->23570K(251456K), 0.0061623 secs] [Times: user=0.06 sys=0.00, real=0.01 secs] 
Heap after GC invocations=18 (full 1):
 par new generation   total 78016K, used 6022K [0x00000006c2c00000, 0x00000006c80a0000, 0x00000006d78c0000)
  eden space 69376K,   0% used [0x00000006c2c00000, 0x00000006c2c00000, 0x00000006c6fc0000)
  from space 8640K,  69% used [0x00000006c6fc0000, 0x00000006c75a18b0, 0x00000006c7830000)
  to   space 8640K,   0% used [0x00000006c7830000, 0x00000006c7830000, 0x00000006c80a0000)
 concurrent mark-sweep generation total 173440K, used 17548K [0x00000006d78c0000, 0x00000006e2220000, 0x00000007c0000000)
 Metaspace       used 27178K, capacity 28200K, committed 28432K, reserved 1073152K
  class space    used 3518K, capacity 3764K, committed 3884K, reserved 1048576K
}
2018-10-12T10:41:45.333+0800: 3.884: Application time: 0.0809912 seconds
{Heap before GC invocations=18 (full 1):
 par new generation   total 78016K, used 75398K [0x00000006c2c00000, 0x00000006c80a0000, 0x00000006d78c0000)
  eden space 69376K, 100% used [0x00000006c2c00000, 0x00000006c6fc0000, 0x00000006c6fc0000)
  from space 8640K,  69% used [0x00000006c6fc0000, 0x00000006c75a18b0, 0x00000006c7830000)
  to   space 8640K,   0% used [0x00000006c7830000, 0x00000006c7830000, 0x00000006c80a0000)
 concurrent mark-sweep generation total 173440K, used 17548K [0x00000006d78c0000, 0x00000006e2220000, 0x00000007c0000000)
 Metaspace       used 27467K, capacity 28488K, committed 28688K, reserved 1075200K
  class space    used 3555K, capacity 3796K, committed 3884K, reserved 1048576K
2018-10-12T10:41:45.334+0800: 3.885: [GC (Allocation Failure) 2018-10-12T10:41:45.334+0800: 3.885: [ParNew: 75398K->4410K(78016K), 0.0036076 secs] 92946K->21958K(251456K), 0.0038735 secs] [Times: user=0.00 sys=0.00, real=0.00 secs] 
Heap after GC invocations=19 (full 1):
 par new generation   total 78016K, used 4410K [0x00000006c2c00000, 0x00000006c80a0000, 0x00000006d78c0000)
  eden space 69376K,   0% used [0x00000006c2c00000, 0x00000006c2c00000, 0x00000006c6fc0000)
  from space 8640K,  51% used [0x00000006c7830000, 0x00000006c7c7e880, 0x00000006c80a0000)
  to   space 8640K,   0% used [0x00000006c6fc0000, 0x00000006c6fc0000, 0x00000006c7830000)
 concurrent mark-sweep generation total 173440K, used 17548K [0x00000006d78c0000, 0x00000006e2220000, 0x00000007c0000000)
 Metaspace       used 27467K, capacity 28488K, committed 28688K, reserved 1075200K
  class space    used 3555K, capacity 3796K, committed 3884K, reserved 1048576K
}
2018-10-12T10:41:45.399+0800: 3.950: Application time: 0.0608109 seconds
{Heap before GC invocations=19 (full 1):
 par new generation   total 78016K, used 73786K [0x00000006c2c00000, 0x00000006c80a0000, 0x00000006d78c0000)
  eden space 69376K, 100% used [0x00000006c2c00000, 0x00000006c6fc0000, 0x00000006c6fc0000)
  from space 8640K,  51% used [0x00000006c7830000, 0x00000006c7c7e880, 0x00000006c80a0000)
  to   space 8640K,   0% used [0x00000006c6fc0000, 0x00000006c6fc0000, 0x00000006c7830000)
 concurrent mark-sweep generation total 173440K, used 17548K [0x00000006d78c0000, 0x00000006e2220000, 0x00000007c0000000)
 Metaspace       used 27472K, capacity 28488K, committed 28688K, reserved 1075200K
  class space    used 3555K, capacity 3796K, committed 3884K, reserved 1048576K
2018-10-12T10:41:45.399+0800: 3.950: [GC (Allocation Failure) 2018-10-12T10:41:45.399+0800: 3.950: [ParNew: 73786K->3429K(78016K), 0.0029895 secs] 91334K->20977K(251456K), 0.0030477 secs] [Times: user=0.00 sys=0.00, real=0.00 secs] 
Heap after GC invocations=20 (full 1):
 par new generation   total 78016K, used 3429K [0x00000006c2c00000, 0x00000006c80a0000, 0x00000006d78c0000)
  eden space 69376K,   0% used [0x00000006c2c00000, 0x00000006c2c00000, 0x00000006c6fc0000)
  from space 8640K,  39% used [0x00000006c6fc0000, 0x00000006c7319558, 0x00000006c7830000)
  to   space 8640K,   0% used [0x00000006c7830000, 0x00000006c7830000, 0x00000006c80a0000)
 concurrent mark-sweep generation total 173440K, used 17548K [0x00000006d78c0000, 0x00000006e2220000, 0x00000007c0000000)
 Metaspace       used 27472K, capacity 28488K, committed 28688K, reserved 1075200K
  class space    used 3555K, capacity 3796K, committed 3884K, reserved 1048576K
}
2018-10-12T10:41:45.489+0800: 4.040: Application time: 0.0866098 seconds
{Heap before GC invocations=20 (full 1):
 par new generation   total 78016K, used 72805K [0x00000006c2c00000, 0x00000006c80a0000, 0x00000006d78c0000)
  eden space 69376K, 100% used [0x00000006c2c00000, 0x00000006c6fc0000, 0x00000006c6fc0000)
  from space 8640K,  39% used [0x00000006c6fc0000, 0x00000006c7319558, 0x00000006c7830000)
  to   space 8640K,   0% used [0x00000006c7830000, 0x00000006c7830000, 0x00000006c80a0000)
 concurrent mark-sweep generation total 173440K, used 17548K [0x00000006d78c0000, 0x00000006e2220000, 0x00000007c0000000)
 Metaspace       used 27481K, capacity 28488K, committed 28688K, reserved 1075200K
  class space    used 3555K, capacity 3796K, committed 3884K, reserved 1048576K
2018-10-12T10:41:45.489+0800: 4.040: [GC (Allocation Failure) 2018-10-12T10:41:45.489+0800: 4.040: [ParNew: 72805K->3632K(78016K), 0.0033975 secs] 90353K->21470K(251456K), 0.0034475 secs] [Times: user=0.00 sys=0.00, real=0.00 secs] 
Heap after GC invocations=21 (full 1):
 par new generation   total 78016K, used 3632K [0x00000006c2c00000, 0x00000006c80a0000, 0x00000006d78c0000)
  eden space 69376K,   0% used [0x00000006c2c00000, 0x00000006c2c00000, 0x00000006c6fc0000)
  from space 8640K,  42% used [0x00000006c7830000, 0x00000006c7bbc108, 0x00000006c80a0000)
  to   space 8640K,   0% used [0x00000006c6fc0000, 0x00000006c6fc0000, 0x00000006c7830000)
 concurrent mark-sweep generation total 173440K, used 17838K [0x00000006d78c0000, 0x00000006e2220000, 0x00000007c0000000)
 Metaspace       used 27481K, capacity 28488K, committed 28688K, reserved 1075200K
  class space    used 3555K, capacity 3796K, committed 3884K, reserved 1048576K
}
2018-10-12T10:41:45.555+0800: 4.105: Application time: 0.0620415 seconds
{Heap before GC invocations=21 (full 1):
 par new generation   total 78016K, used 73008K [0x00000006c2c00000, 0x00000006c80a0000, 0x00000006d78c0000)
  eden space 69376K, 100% used [0x00000006c2c00000, 0x00000006c6fc0000, 0x00000006c6fc0000)
  from space 8640K,  42% used [0x00000006c7830000, 0x00000006c7bbc108, 0x00000006c80a0000)
  to   space 8640K,   0% used [0x00000006c6fc0000, 0x00000006c6fc0000, 0x00000006c7830000)
 concurrent mark-sweep generation total 173440K, used 17838K [0x00000006d78c0000, 0x00000006e2220000, 0x00000007c0000000)
 Metaspace       used 27486K, capacity 28488K, committed 28688K, reserved 1075200K
  class space    used 3555K, capacity 3796K, committed 3884K, reserved 1048576K
2018-10-12T10:41:45.555+0800: 4.106: [GC (Allocation Failure) 2018-10-12T10:41:45.555+0800: 4.106: [ParNew: 73008K->3422K(78016K), 0.0028488 secs] 90846K->21457K(251456K), 0.0029158 secs] [Times: user=0.00 sys=0.00, real=0.00 secs] 
Heap after GC invocations=22 (full 1):
 par new generation   total 78016K, used 3422K [0x00000006c2c00000, 0x00000006c80a0000, 0x00000006d78c0000)
  eden space 69376K,   0% used [0x00000006c2c00000, 0x00000006c2c00000, 0x00000006c6fc0000)
  from space 8640K,  39% used [0x00000006c6fc0000, 0x00000006c73179b0, 0x00000006c7830000)
  to   space 8640K,   0% used [0x00000006c7830000, 0x00000006c7830000, 0x00000006c80a0000)
 concurrent mark-sweep generation total 173440K, used 18034K [0x00000006d78c0000, 0x00000006e2220000, 0x00000007c0000000)
 Metaspace       used 27486K, capacity 28488K, committed 28688K, reserved 1075200K
  class space    used 3555K, capacity 3796K, committed 3884K, reserved 1048576K
}
2018-10-12T10:41:45.591+0800: 4.141: Application time: 0.0325141 seconds
2018-10-12T10:41:45.713+0800: 4.264: Application time: 0.1229766 seconds
{Heap before GC invocations=22 (full 1):
 par new generation   total 78016K, used 72798K [0x00000006c2c00000, 0x00000006c80a0000, 0x00000006d78c0000)
  eden space 69376K, 100% used [0x00000006c2c00000, 0x00000006c6fc0000, 0x00000006c6fc0000)
  from space 8640K,  39% used [0x00000006c6fc0000, 0x00000006c73179b0, 0x00000006c7830000)
  to   space 8640K,   0% used [0x00000006c7830000, 0x00000006c7830000, 0x00000006c80a0000)
 concurrent mark-sweep generation total 173440K, used 18034K [0x00000006d78c0000, 0x00000006e2220000, 0x00000007c0000000)
 Metaspace       used 28021K, capacity 29062K, committed 29200K, reserved 1075200K
  class space    used 3619K, capacity 3871K, committed 3884K, reserved 1048576K
2018-10-12T10:41:45.713+0800: 4.264: [GC (Allocation Failure) 2018-10-12T10:41:45.713+0800: 4.264: [ParNew: 72798K->4469K(78016K), 0.0041845 secs] 90833K->22608K(251456K), 0.0042374 secs] [Times: user=0.00 sys=0.00, real=0.00 secs] 
Heap after GC invocations=23 (full 1):
 par new generation   total 78016K, used 4469K [0x00000006c2c00000, 0x00000006c80a0000, 0x00000006d78c0000)
  eden space 69376K,   0% used [0x00000006c2c00000, 0x00000006c2c00000, 0x00000006c6fc0000)
  from space 8640K,  51% used [0x00000006c7830000, 0x00000006c7c8d778, 0x00000006c80a0000)
  to   space 8640K,   0% used [0x00000006c6fc0000, 0x00000006c6fc0000, 0x00000006c7830000)
 concurrent mark-sweep generation total 173440K, used 18138K [0x00000006d78c0000, 0x00000006e2220000, 0x00000007c0000000)
 Metaspace       used 28021K, capacity 29062K, committed 29200K, reserved 1075200K
  class space    used 3619K, capacity 3871K, committed 3884K, reserved 1048576K
}
2018-10-12T10:41:45.718+0800: 4.269: Application time: 0.0000508 seconds
2018-10-12T10:41:45.718+0800: 4.269: Application time: 0.0000310 seconds
2018-10-12T10:41:45.718+0800: 4.269: Application time: 0.0000264 seconds
2018-10-12T10:41:45.718+0800: 4.269: Application time: 0.0000233 seconds
2018-10-12T10:41:45.718+0800: 4.269: Application time: 0.0000243 seconds
2018-10-12T10:41:45.718+0800: 4.269: Application time: 0.0000219 seconds
2018-10-12T10:41:45.718+0800: 4.269: Application time: 0.0000247 seconds
2018-10-12T10:41:45.718+0800: 4.269: Application time: 0.0000222 seconds
2018-10-12T10:41:45.718+0800: 4.269: Application time: 0.0000215 seconds
2018-10-12T10:41:45.718+0800: 4.269: Application time: 0.0000194 seconds
2018-10-12T10:41:45.718+0800: 4.270: Application time: 0.0000254 seconds
2018-10-12T10:41:45.718+0800: 4.270: Application time: 0.0000180 seconds
2018-10-12T10:41:45.719+0800: 4.270: Application time: 0.0000212 seconds
2018-10-12T10:41:45.719+0800: 4.270: Application time: 0.0000197 seconds
2018-10-12T10:41:45.719+0800: 4.270: Application time: 0.0000896 seconds
2018-10-12T10:41:45.719+0800: 4.270: Application time: 0.0000201 seconds
2018-10-12T10:41:45.719+0800: 4.270: Application time: 0.0000212 seconds
2018-10-12T10:41:45.719+0800: 4.270: Application time: 0.0000205 seconds
2018-10-12T10:41:45.719+0800: 4.270: Application time: 0.0000215 seconds
2018-10-12T10:41:45.719+0800: 4.270: Application time: 0.0000226 seconds
2018-10-12T10:41:45.844+0800: 4.394: Application time: 0.1240073 seconds
{Heap before GC invocations=23 (full 1):
 par new generation   total 78016K, used 73845K [0x00000006c2c00000, 0x00000006c80a0000, 0x00000006d78c0000)
  eden space 69376K, 100% used [0x00000006c2c00000, 0x00000006c6fc0000, 0x00000006c6fc0000)
  from space 8640K,  51% used [0x00000006c7830000, 0x00000006c7c8d778, 0x00000006c80a0000)
  to   space 8640K,   0% used [0x00000006c6fc0000, 0x00000006c6fc0000, 0x00000006c7830000)
 concurrent mark-sweep generation total 173440K, used 18138K [0x00000006d78c0000, 0x00000006e2220000, 0x00000007c0000000)
 Metaspace       used 28243K, capacity 29334K, committed 29584K, reserved 1075200K
  class space    used 3648K, capacity 3911K, committed 4012K, reserved 1048576K
2018-10-12T10:41:45.844+0800: 4.395: [GC (Allocation Failure) 2018-10-12T10:41:45.844+0800: 4.395: [ParNew: 73845K->4289K(78016K), 0.0038171 secs] 91984K->22582K(251456K), 0.0038760 secs] [Times: user=0.06 sys=0.00, real=0.00 secs] 
Heap after GC invocations=24 (full 1):
 par new generation   total 78016K, used 4289K [0x00000006c2c00000, 0x00000006c80a0000, 0x00000006d78c0000)
  eden space 69376K,   0% used [0x00000006c2c00000, 0x00000006c2c00000, 0x00000006c6fc0000)
  from space 8640K,  49% used [0x00000006c6fc0000, 0x00000006c73f0518, 0x00000006c7830000)
  to   space 8640K,   0% used [0x00000006c7830000, 0x00000006c7830000, 0x00000006c80a0000)
 concurrent mark-sweep generation total 173440K, used 18292K [0x00000006d78c0000, 0x00000006e2220000, 0x00000007c0000000)
 Metaspace       used 28243K, capacity 29334K, committed 29584K, reserved 1075200K
  class space    used 3648K, capacity 3911K, committed 4012K, reserved 1048576K
}
2018-10-12T10:41:45.848+0800: 4.399: Application time: 0.0000670 seconds
2018-10-12T10:41:45.848+0800: 4.399: Application time: 0.0000402 seconds
2018-10-12T10:41:45.848+0800: 4.399: Application time: 0.0000222 seconds
2018-10-12T10:41:45.848+0800: 4.399: Application time: 0.0000208 seconds
2018-10-12T10:41:45.848+0800: 4.399: Application time: 0.0000197 seconds
2018-10-12T10:41:45.848+0800: 4.399: Application time: 0.0000205 seconds
2018-10-12T10:41:45.848+0800: 4.399: Application time: 0.0000201 seconds
2018-10-12T10:41:45.848+0800: 4.399: Application time: 0.0000208 seconds
2018-10-12T10:41:45.849+0800: 4.399: Application time: 0.0000190 seconds
2018-10-12T10:41:45.849+0800: 4.399: Application time: 0.0000254 seconds
2018-10-12T10:41:45.849+0800: 4.400: Application time: 0.0000208 seconds
2018-10-12T10:41:45.849+0800: 4.400: Application time: 0.0000215 seconds
2018-10-12T10:41:45.849+0800: 4.400: Application time: 0.0000194 seconds
2018-10-12T10:41:45.849+0800: 4.400: Application time: 0.0000236 seconds
2018-10-12T10:41:45.849+0800: 4.400: Application time: 0.0000194 seconds
2018-10-12T10:41:45.849+0800: 4.400: Application time: 0.0000226 seconds
2018-10-12T10:41:45.849+0800: 4.400: Application time: 0.0000208 seconds
2018-10-12T10:41:45.849+0800: 4.400: Application time: 0.0000205 seconds
2018-10-12T10:41:45.849+0800: 4.400: Application time: 0.0000205 seconds
2018-10-12T10:41:45.849+0800: 4.400: Application time: 0.0000212 seconds
2018-10-12T10:41:45.986+0800: 4.536: Application time: 0.1362480 seconds
{Heap before GC invocations=24 (full 1):
 par new generation   total 78016K, used 73665K [0x00000006c2c00000, 0x00000006c80a0000, 0x00000006d78c0000)
  eden space 69376K, 100% used [0x00000006c2c00000, 0x00000006c6fc0000, 0x00000006c6fc0000)
  from space 8640K,  49% used [0x00000006c6fc0000, 0x00000006c73f0518, 0x00000006c7830000)
  to   space 8640K,   0% used [0x00000006c7830000, 0x00000006c7830000, 0x00000006c80a0000)
 concurrent mark-sweep generation total 173440K, used 18292K [0x00000006d78c0000, 0x00000006e2220000, 0x00000007c0000000)
 Metaspace       used 28385K, capacity 29512K, committed 29840K, reserved 1075200K
  class space    used 3668K, capacity 3920K, committed 4012K, reserved 1048576K
2018-10-12T10:41:45.986+0800: 4.537: [GC (Allocation Failure) 2018-10-12T10:41:45.986+0800: 4.537: [ParNew: 73665K->4554K(78016K), 0.0044708 secs] 91958K->23350K(251456K), 0.0045294 secs] [Times: user=0.00 sys=0.00, real=0.00 secs] 
Heap after GC invocations=25 (full 1):
 par new generation   total 78016K, used 4554K [0x00000006c2c00000, 0x00000006c80a0000, 0x00000006d78c0000)
  eden space 69376K,   0% used [0x00000006c2c00000, 0x00000006c2c00000, 0x00000006c6fc0000)
  from space 8640K,  52% used [0x00000006c7830000, 0x00000006c7ca2bf0, 0x00000006c80a0000)
  to   space 8640K,   0% used [0x00000006c6fc0000, 0x00000006c6fc0000, 0x00000006c7830000)
 concurrent mark-sweep generation total 173440K, used 18795K [0x00000006d78c0000, 0x00000006e2220000, 0x00000007c0000000)
 Metaspace       used 28385K, capacity 29512K, committed 29840K, reserved 1075200K
  class space    used 3668K, capacity 3920K, committed 4012K, reserved 1048576K
}
2018-10-12T10:41:46.134+0800: 4.685: Application time: 0.1439107 seconds
{Heap before GC invocations=25 (full 1):
 par new generation   total 78016K, used 73930K [0x00000006c2c00000, 0x00000006c80a0000, 0x00000006d78c0000)
  eden space 69376K, 100% used [0x00000006c2c00000, 0x00000006c6fc0000, 0x00000006c6fc0000)
  from space 8640K,  52% used [0x00000006c7830000, 0x00000006c7ca2bf0, 0x00000006c80a0000)
  to   space 8640K,   0% used [0x00000006c6fc0000, 0x00000006c6fc0000, 0x00000006c7830000)
 concurrent mark-sweep generation total 173440K, used 18795K [0x00000006d78c0000, 0x00000006e2220000, 0x00000007c0000000)
 Metaspace       used 28504K, capacity 29612K, committed 29840K, reserved 1075200K
  class space    used 3683K, capacity 3928K, committed 4012K, reserved 1048576K
2018-10-12T10:41:46.134+0800: 4.685: [GC (Allocation Failure) 2018-10-12T10:41:46.134+0800: 4.685: [ParNew: 73930K->5595K(78016K), 0.0051337 secs] 92726K->25521K(251456K), 0.0051814 secs] [Times: user=0.00 sys=0.00, real=0.01 secs] 
Heap after GC invocations=26 (full 1):
 par new generation   total 78016K, used 5595K [0x00000006c2c00000, 0x00000006c80a0000, 0x00000006d78c0000)
  eden space 69376K,   0% used [0x00000006c2c00000, 0x00000006c2c00000, 0x00000006c6fc0000)
  from space 8640K,  64% used [0x00000006c6fc0000, 0x00000006c7536c08, 0x00000006c7830000)
  to   space 8640K,   0% used [0x00000006c7830000, 0x00000006c7830000, 0x00000006c80a0000)
 concurrent mark-sweep generation total 173440K, used 19926K [0x00000006d78c0000, 0x00000006e2220000, 0x00000007c0000000)
 Metaspace       used 28504K, capacity 29612K, committed 29840K, reserved 1075200K
  class space    used 3683K, capacity 3928K, committed 4012K, reserved 1048576K
}
2018-10-12T10:41:46.312+0800: 4.862: Application time: 0.1714617 seconds
{Heap before GC invocations=26 (full 1):
 par new generation   total 78016K, used 74971K [0x00000006c2c00000, 0x00000006c80a0000, 0x00000006d78c0000)
  eden space 69376K, 100% used [0x00000006c2c00000, 0x00000006c6fc0000, 0x00000006c6fc0000)
  from space 8640K,  64% used [0x00000006c6fc0000, 0x00000006c7536c08, 0x00000006c7830000)
  to   space 8640K,   0% used [0x00000006c7830000, 0x00000006c7830000, 0x00000006c80a0000)
 concurrent mark-sweep generation total 173440K, used 19926K [0x00000006d78c0000, 0x00000006e2220000, 0x00000007c0000000)
 Metaspace       used 29112K, capacity 30252K, committed 30480K, reserved 1075200K
  class space    used 3782K, capacity 4028K, committed 4140K, reserved 1048576K
2018-10-12T10:41:46.312+0800: 4.862: [GC (Allocation Failure) 2018-10-12T10:41:46.312+0800: 4.862: [ParNew: 74971K->4698K(78016K), 0.0051270 secs] 94897K->24841K(251456K), 0.0051895 secs] [Times: user=0.05 sys=0.00, real=0.00 secs] 
Heap after GC invocations=27 (full 1):
 par new generation   total 78016K, used 4698K [0x00000006c2c00000, 0x00000006c80a0000, 0x00000006d78c0000)
  eden space 69376K,   0% used [0x00000006c2c00000, 0x00000006c2c00000, 0x00000006c6fc0000)
  from space 8640K,  54% used [0x00000006c7830000, 0x00000006c7cc68a0, 0x00000006c80a0000)
  to   space 8640K,   0% used [0x00000006c6fc0000, 0x00000006c6fc0000, 0x00000006c7830000)
 concurrent mark-sweep generation total 173440K, used 20143K [0x00000006d78c0000, 0x00000006e2220000, 0x00000007c0000000)
 Metaspace       used 29112K, capacity 30252K, committed 30480K, reserved 1075200K
  class space    used 3782K, capacity 4028K, committed 4140K, reserved 1048576K
}
2018-10-12T10:41:46.600+0800: 5.151: Application time: 0.2830343 seconds
{Heap before GC invocations=27 (full 1):
 par new generation   total 78016K, used 74074K [0x00000006c2c00000, 0x00000006c80a0000, 0x00000006d78c0000)
  eden space 69376K, 100% used [0x00000006c2c00000, 0x00000006c6fc0000, 0x00000006c6fc0000)
  from space 8640K,  54% used [0x00000006c7830000, 0x00000006c7cc68a0, 0x00000006c80a0000)
  to   space 8640K,   0% used [0x00000006c6fc0000, 0x00000006c6fc0000, 0x00000006c7830000)
 concurrent mark-sweep generation total 173440K, used 20143K [0x00000006d78c0000, 0x00000006e2220000, 0x00000007c0000000)
 Metaspace       used 30249K, capacity 31398K, committed 31632K, reserved 1077248K
  class space    used 3962K, capacity 4229K, committed 4268K, reserved 1048576K
2018-10-12T10:41:46.600+0800: 5.151: [GC (Allocation Failure) 2018-10-12T10:41:46.600+0800: 5.151: [ParNew: 74074K->6410K(78016K), 0.0045117 secs] 94217K->26662K(251456K), 0.0045703 secs] [Times: user=0.00 sys=0.00, real=0.01 secs] 
Heap after GC invocations=28 (full 1):
 par new generation   total 78016K, used 6410K [0x00000006c2c00000, 0x00000006c80a0000, 0x00000006d78c0000)
  eden space 69376K,   0% used [0x00000006c2c00000, 0x00000006c2c00000, 0x00000006c6fc0000)
  from space 8640K,  74% used [0x00000006c6fc0000, 0x00000006c7602ae0, 0x00000006c7830000)
  to   space 8640K,   0% used [0x00000006c7830000, 0x00000006c7830000, 0x00000006c80a0000)
 concurrent mark-sweep generation total 173440K, used 20251K [0x00000006d78c0000, 0x00000006e2220000, 0x00000007c0000000)
 Metaspace       used 30249K, capacity 31398K, committed 31632K, reserved 1077248K
  class space    used 3962K, capacity 4229K, committed 4268K, reserved 1048576K
}
2018-10-12T10:41:46.712+0800: 5.262: Application time: 0.1067780 seconds
2018-10-12T10:41:46.736+0800: 5.286: Application time: 0.0240238 seconds
{Heap before GC invocations=28 (full 1):
 par new generation   total 78016K, used 75786K [0x00000006c2c00000, 0x00000006c80a0000, 0x00000006d78c0000)
  eden space 69376K, 100% used [0x00000006c2c00000, 0x00000006c6fc0000, 0x00000006c6fc0000)
  from space 8640K,  74% used [0x00000006c6fc0000, 0x00000006c7602ae0, 0x00000006c7830000)
  to   space 8640K,   0% used [0x00000006c7830000, 0x00000006c7830000, 0x00000006c80a0000)
 concurrent mark-sweep generation total 173440K, used 20251K [0x00000006d78c0000, 0x00000006e2220000, 0x00000007c0000000)
 Metaspace       used 30778K, capacity 31980K, committed 32272K, reserved 1077248K
  class space    used 4035K, capacity 4304K, committed 4396K, reserved 1048576K
2018-10-12T10:41:46.736+0800: 5.287: [GC (Allocation Failure) 2018-10-12T10:41:46.736+0800: 5.287: [ParNew: 75786K->6752K(78016K), 0.0041877 secs] 96038K->27011K(251456K), 0.0042533 secs] [Times: user=0.00 sys=0.00, real=0.00 secs] 
Heap after GC invocations=29 (full 1):
 par new generation   total 78016K, used 6752K [0x00000006c2c00000, 0x00000006c80a0000, 0x00000006d78c0000)
  eden space 69376K,   0% used [0x00000006c2c00000, 0x00000006c2c00000, 0x00000006c6fc0000)
  from space 8640K,  78% used [0x00000006c7830000, 0x00000006c7ec8398, 0x00000006c80a0000)
  to   space 8640K,   0% used [0x00000006c6fc0000, 0x00000006c6fc0000, 0x00000006c7830000)
 concurrent mark-sweep generation total 173440K, used 20259K [0x00000006d78c0000, 0x00000006e2220000, 0x00000007c0000000)
 Metaspace       used 30778K, capacity 31980K, committed 32272K, reserved 1077248K
  class space    used 4035K, capacity 4304K, committed 4396K, reserved 1048576K
}
2018-10-12T10:41:46.763+0800: 5.313: Application time: 0.0222441 seconds
2018-10-12T10:41:46.888+0800: 5.439: Application time: 0.1254703 seconds
{Heap before GC invocations=29 (full 1):
 par new generation   total 78016K, used 76128K [0x00000006c2c00000, 0x00000006c80a0000, 0x00000006d78c0000)
  eden space 69376K, 100% used [0x00000006c2c00000, 0x00000006c6fc0000, 0x00000006c6fc0000)
  from space 8640K,  78% used [0x00000006c7830000, 0x00000006c7ec8398, 0x00000006c80a0000)
  to   space 8640K,   0% used [0x00000006c6fc0000, 0x00000006c6fc0000, 0x00000006c7830000)
 concurrent mark-sweep generation total 173440K, used 20259K [0x00000006d78c0000, 0x00000006e2220000, 0x00000007c0000000)
 Metaspace       used 31352K, capacity 32658K, committed 32784K, reserved 1077248K
  class space    used 4107K, capacity 4365K, committed 4396K, reserved 1048576K
2018-10-12T10:41:46.888+0800: 5.439: [GC (Allocation Failure) 2018-10-12T10:41:46.888+0800: 5.439: [ParNew: 76128K->4606K(78016K), 0.0040449 secs] 96387K->24865K(251456K), 0.0040988 secs] [Times: user=0.06 sys=0.00, real=0.00 secs] 
Heap after GC invocations=30 (full 1):
 par new generation   total 78016K, used 4606K [0x00000006c2c00000, 0x00000006c80a0000, 0x00000006d78c0000)
  eden space 69376K,   0% used [0x00000006c2c00000, 0x00000006c2c00000, 0x00000006c6fc0000)
  from space 8640K,  53% used [0x00000006c6fc0000, 0x00000006c743fa20, 0x00000006c7830000)
  to   space 8640K,   0% used [0x00000006c7830000, 0x00000006c7830000, 0x00000006c80a0000)
 concurrent mark-sweep generation total 173440K, used 20259K [0x00000006d78c0000, 0x00000006e2220000, 0x00000007c0000000)
 Metaspace       used 31352K, capacity 32658K, committed 32784K, reserved 1077248K
  class space    used 4107K, capacity 4365K, committed 4396K, reserved 1048576K
}
2018-10-12T10:41:46.934+0800: 5.484: Application time: 0.0410277 seconds
2018-10-12T10:41:47.057+0800: 5.608: Application time: 0.1228775 seconds
{Heap before GC invocations=30 (full 1):
 par new generation   total 78016K, used 73982K [0x00000006c2c00000, 0x00000006c80a0000, 0x00000006d78c0000)
  eden space 69376K, 100% used [0x00000006c2c00000, 0x00000006c6fc0000, 0x00000006c6fc0000)
  from space 8640K,  53% used [0x00000006c6fc0000, 0x00000006c743fa20, 0x00000006c7830000)
  to   space 8640K,   0% used [0x00000006c7830000, 0x00000006c7830000, 0x00000006c80a0000)
 concurrent mark-sweep generation total 173440K, used 20259K [0x00000006d78c0000, 0x00000006e2220000, 0x00000007c0000000)
 Metaspace       used 31821K, capacity 33198K, committed 33424K, reserved 1079296K
  class space    used 4189K, capacity 4455K, committed 4524K, reserved 1048576K
2018-10-12T10:41:47.057+0800: 5.608: [GC (Allocation Failure) 2018-10-12T10:41:47.057+0800: 5.608: [ParNew: 73982K->7105K(78016K), 0.0043714 secs] 94241K->27364K(251456K), 0.0044222 secs] [Times: user=0.00 sys=0.00, real=0.01 secs] 
Heap after GC invocations=31 (full 1):
 par new generation   total 78016K, used 7105K [0x00000006c2c00000, 0x00000006c80a0000, 0x00000006d78c0000)
  eden space 69376K,   0% used [0x00000006c2c00000, 0x00000006c2c00000, 0x00000006c6fc0000)
  from space 8640K,  82% used [0x00000006c7830000, 0x00000006c7f205b0, 0x00000006c80a0000)
  to   space 8640K,   0% used [0x00000006c6fc0000, 0x00000006c6fc0000, 0x00000006c7830000)
 concurrent mark-sweep generation total 173440K, used 20259K [0x00000006d78c0000, 0x00000006e2220000, 0x00000007c0000000)
 Metaspace       used 31821K, capacity 33198K, committed 33424K, reserved 1079296K
  class space    used 4189K, capacity 4455K, committed 4524K, reserved 1048576K
}
2018-10-12T10:41:47.062+0800: 5.613: Application time: 0.0001178 seconds
2018-10-12T10:41:47.347+0800: 5.898: Application time: 0.2850252 seconds
{Heap before GC invocations=31 (full 1):
 par new generation   total 78016K, used 76481K [0x00000006c2c00000, 0x00000006c80a0000, 0x00000006d78c0000)
  eden space 69376K, 100% used [0x00000006c2c00000, 0x00000006c6fc0000, 0x00000006c6fc0000)
  from space 8640K,  82% used [0x00000006c7830000, 0x00000006c7f205b0, 0x00000006c80a0000)
  to   space 8640K,   0% used [0x00000006c6fc0000, 0x00000006c6fc0000, 0x00000006c7830000)
 concurrent mark-sweep generation total 173440K, used 20259K [0x00000006d78c0000, 0x00000006e2220000, 0x00000007c0000000)
 Metaspace       used 32655K, capacity 34016K, committed 34320K, reserved 1079296K
  class space    used 4300K, capacity 4590K, committed 4652K, reserved 1048576K
2018-10-12T10:41:47.347+0800: 5.898: [GC (Allocation Failure) 2018-10-12T10:41:47.347+0800: 5.898: [ParNew: 76481K->6369K(78016K), 0.0075040 secs] 96740K->26906K(251456K), 0.0075647 secs] [Times: user=0.00 sys=0.00, real=0.01 secs] 
Heap after GC invocations=32 (full 1):
 par new generation   total 78016K, used 6369K [0x00000006c2c00000, 0x00000006c80a0000, 0x00000006d78c0000)
  eden space 69376K,   0% used [0x00000006c2c00000, 0x00000006c2c00000, 0x00000006c6fc0000)
  from space 8640K,  73% used [0x00000006c6fc0000, 0x00000006c75f8670, 0x00000006c7830000)
  to   space 8640K,   0% used [0x00000006c7830000, 0x00000006c7830000, 0x00000006c80a0000)
 concurrent mark-sweep generation total 173440K, used 20536K [0x00000006d78c0000, 0x00000006e2220000, 0x00000007c0000000)
 Metaspace       used 32655K, capacity 34016K, committed 34320K, reserved 1079296K
  class space    used 4300K, capacity 4590K, committed 4652K, reserved 1048576K
}
2018-10-12T10:41:47.638+0800: 6.189: Application time: 0.2832046 seconds
2018-10-12T10:41:47.639+0800: 6.190: Application time: 0.0007370 seconds
2018-10-12T10:41:47.765+0800: 6.316: Application time: 0.1252217 seconds
{Heap before GC invocations=32 (full 1):
 par new generation   total 78016K, used 75745K [0x00000006c2c00000, 0x00000006c80a0000, 0x00000006d78c0000)
  eden space 69376K, 100% used [0x00000006c2c00000, 0x00000006c6fc0000, 0x00000006c6fc0000)
  from space 8640K,  73% used [0x00000006c6fc0000, 0x00000006c75f8670, 0x00000006c7830000)
  to   space 8640K,   0% used [0x00000006c7830000, 0x00000006c7830000, 0x00000006c80a0000)
 concurrent mark-sweep generation total 173440K, used 20536K [0x00000006d78c0000, 0x00000006e2220000, 0x00000007c0000000)
 Metaspace       used 33876K, capacity 35284K, committed 35472K, reserved 1079296K
  class space    used 4412K, capacity 4690K, committed 4780K, reserved 1048576K
2018-10-12T10:41:47.765+0800: 6.316: [GC (Allocation Failure) 2018-10-12T10:41:47.765+0800: 6.316: [ParNew: 75745K->7682K(78016K), 0.0069300 secs] 96282K->29113K(251456K), 0.0069836 secs] [Times: user=0.06 sys=0.00, real=0.01 secs] 
Heap after GC invocations=33 (full 1):
 par new generation   total 78016K, used 7682K [0x00000006c2c00000, 0x00000006c80a0000, 0x00000006d78c0000)
  eden space 69376K,   0% used [0x00000006c2c00000, 0x00000006c2c00000, 0x00000006c6fc0000)
  from space 8640K,  88% used [0x00000006c7830000, 0x00000006c7fb0a80, 0x00000006c80a0000)
  to   space 8640K,   0% used [0x00000006c6fc0000, 0x00000006c6fc0000, 0x00000006c7830000)
 concurrent mark-sweep generation total 173440K, used 21430K [0x00000006d78c0000, 0x00000006e2220000, 0x00000007c0000000)
 Metaspace       used 33876K, capacity 35284K, committed 35472K, reserved 1079296K
  class space    used 4412K, capacity 4690K, committed 4780K, reserved 1048576K
}
2018-10-12T10:41:47.908+0800: 6.458: Application time: 0.1357427 seconds
{Heap before GC invocations=33 (full 1):
 par new generation   total 78016K, used 77058K [0x00000006c2c00000, 0x00000006c80a0000, 0x00000006d78c0000)
  eden space 69376K, 100% used [0x00000006c2c00000, 0x00000006c6fc0000, 0x00000006c6fc0000)
  from space 8640K,  88% used [0x00000006c7830000, 0x00000006c7fb0a80, 0x00000006c80a0000)
  to   space 8640K,   0% used [0x00000006c6fc0000, 0x00000006c6fc0000, 0x00000006c7830000)
 concurrent mark-sweep generation total 173440K, used 21430K [0x00000006d78c0000, 0x00000006e2220000, 0x00000007c0000000)
 Metaspace       used 33982K, capacity 35386K, committed 35472K, reserved 1079296K
  class space    used 4429K, capacity 4723K, committed 4780K, reserved 1048576K
2018-10-12T10:41:47.908+0800: 6.459: [GC (Allocation Failure) 2018-10-12T10:41:47.908+0800: 6.459: [ParNew: 77058K->6340K(78016K), 0.0065425 secs] 98489K->29066K(251456K), 0.0066571 secs] [Times: user=0.00 sys=0.00, real=0.01 secs] 
Heap after GC invocations=34 (full 1):
 par new generation   total 78016K, used 6340K [0x00000006c2c00000, 0x00000006c80a0000, 0x00000006d78c0000)
  eden space 69376K,   0% used [0x00000006c2c00000, 0x00000006c2c00000, 0x00000006c6fc0000)
  from space 8640K,  73% used [0x00000006c6fc0000, 0x00000006c75f11f8, 0x00000006c7830000)
  to   space 8640K,   0% used [0x00000006c7830000, 0x00000006c7830000, 0x00000006c80a0000)
 concurrent mark-sweep generation total 173440K, used 22725K [0x00000006d78c0000, 0x00000006e2220000, 0x00000007c0000000)
 Metaspace       used 33982K, capacity 35386K, committed 35472K, reserved 1079296K
  class space    used 4429K, capacity 4723K, committed 4780K, reserved 1048576K
}
2018-10-12T10:41:48.070+0800: 6.621: Application time: 0.1553891 seconds
{Heap before GC invocations=34 (full 1):
 par new generation   total 78016K, used 75716K [0x00000006c2c00000, 0x00000006c80a0000, 0x00000006d78c0000)
  eden space 69376K, 100% used [0x00000006c2c00000, 0x00000006c6fc0000, 0x00000006c6fc0000)
  from space 8640K,  73% used [0x00000006c6fc0000, 0x00000006c75f11f8, 0x00000006c7830000)
  to   space 8640K,   0% used [0x00000006c7830000, 0x00000006c7830000, 0x00000006c80a0000)
 concurrent mark-sweep generation total 173440K, used 22725K [0x00000006d78c0000, 0x00000006e2220000, 0x00000007c0000000)
 Metaspace       used 34401K, capacity 35798K, committed 36112K, reserved 1081344K
  class space    used 4496K, capacity 4797K, committed 4908K, reserved 1048576K
2018-10-12T10:41:48.070+0800: 6.621: [GC (Allocation Failure) 2018-10-12T10:41:48.070+0800: 6.621: [ParNew: 75716K->4878K(78016K), 0.0054070 secs] 98442K->27604K(251456K), 0.0054652 secs] [Times: user=0.00 sys=0.00, real=0.01 secs] 
Heap after GC invocations=35 (full 1):
 par new generation   total 78016K, used 4878K [0x00000006c2c00000, 0x00000006c80a0000, 0x00000006d78c0000)
  eden space 69376K,   0% used [0x00000006c2c00000, 0x00000006c2c00000, 0x00000006c6fc0000)
  from space 8640K,  56% used [0x00000006c7830000, 0x00000006c7cf3b40, 0x00000006c80a0000)
  to   space 8640K,   0% used [0x00000006c6fc0000, 0x00000006c6fc0000, 0x00000006c7830000)
 concurrent mark-sweep generation total 173440K, used 22725K [0x00000006d78c0000, 0x00000006e2220000, 0x00000007c0000000)
 Metaspace       used 34401K, capacity 35798K, committed 36112K, reserved 1081344K
  class space    used 4496K, capacity 4797K, committed 4908K, reserved 1048576K
}
2018-10-12T10:41:48.086+0800: 6.637: Application time: 0.0105676 seconds
2018-10-12T10:41:48.284+0800: 6.835: Application time: 0.1981227 seconds
2018-10-12T10:41:48.285+0800: 6.837: Application time: 0.0012172 seconds
2018-10-12T10:41:48.287+0800: 6.838: Application time: 0.0014115 seconds
2018-10-12T10:41:48.442+0800: 6.992: Application time: 0.1536877 seconds
{Heap before GC invocations=35 (full 1):
 par new generation   total 78016K, used 74254K [0x00000006c2c00000, 0x00000006c80a0000, 0x00000006d78c0000)
  eden space 69376K, 100% used [0x00000006c2c00000, 0x00000006c6fc0000, 0x00000006c6fc0000)
  from space 8640K,  56% used [0x00000006c7830000, 0x00000006c7cf3b40, 0x00000006c80a0000)
  to   space 8640K,   0% used [0x00000006c6fc0000, 0x00000006c6fc0000, 0x00000006c7830000)
 concurrent mark-sweep generation total 173440K, used 22725K [0x00000006d78c0000, 0x00000006e2220000, 0x00000007c0000000)
 Metaspace       used 36726K, capacity 38214K, committed 38416K, reserved 1083392K
  class space    used 4773K, capacity 5071K, committed 5164K, reserved 1048576K
2018-10-12T10:41:48.442+0800: 6.993: [GC (Allocation Failure) 2018-10-12T10:41:48.442+0800: 6.993: [ParNew: 74254K->8268K(78016K), 0.0088771 secs] 96980K->31668K(251456K), 0.0089413 secs] [Times: user=0.00 sys=0.00, real=0.01 secs] 
Heap after GC invocations=36 (full 1):
 par new generation   total 78016K, used 8268K [0x00000006c2c00000, 0x00000006c80a0000, 0x00000006d78c0000)
  eden space 69376K,   0% used [0x00000006c2c00000, 0x00000006c2c00000, 0x00000006c6fc0000)
  from space 8640K,  95% used [0x00000006c6fc0000, 0x00000006c77d30b0, 0x00000006c7830000)
  to   space 8640K,   0% used [0x00000006c7830000, 0x00000006c7830000, 0x00000006c80a0000)
 concurrent mark-sweep generation total 173440K, used 23399K [0x00000006d78c0000, 0x00000006e2220000, 0x00000007c0000000)
 Metaspace       used 36726K, capacity 38214K, committed 38416K, reserved 1083392K
  class space    used 4773K, capacity 5071K, committed 5164K, reserved 1048576K
}
2018-10-12T10:41:48.451+0800: 7.002: Application time: 0.0003410 seconds
2018-10-12T10:41:48.495+0800: 7.046: Application time: 0.0433976 seconds
2018-10-12T10:41:48.595+0800: 7.146: Application time: 0.0995663 seconds
{Heap before GC invocations=36 (full 1):
 par new generation   total 78016K, used 77644K [0x00000006c2c00000, 0x00000006c80a0000, 0x00000006d78c0000)
  eden space 69376K, 100% used [0x00000006c2c00000, 0x00000006c6fc0000, 0x00000006c6fc0000)
  from space 8640K,  95% used [0x00000006c6fc0000, 0x00000006c77d30b0, 0x00000006c7830000)
  to   space 8640K,   0% used [0x00000006c7830000, 0x00000006c7830000, 0x00000006c80a0000)
 concurrent mark-sweep generation total 173440K, used 23399K [0x00000006d78c0000, 0x00000006e2220000, 0x00000007c0000000)
 Metaspace       used 36959K, capacity 38448K, committed 38672K, reserved 1083392K
  class space    used 4800K, capacity 5104K, committed 5164K, reserved 1048576K
2018-10-12T10:41:48.595+0800: 7.146: [GC (Allocation Failure) 2018-10-12T10:41:48.595+0800: 7.146: [ParNew: 77644K->4196K(78016K), 0.0078880 secs] 101044K->30522K(251456K), 0.0079533 secs] [Times: user=0.00 sys=0.00, real=0.01 secs] 
Heap after GC invocations=37 (full 1):
 par new generation   total 78016K, used 4196K [0x00000006c2c00000, 0x00000006c80a0000, 0x00000006d78c0000)
  eden space 69376K,   0% used [0x00000006c2c00000, 0x00000006c2c00000, 0x00000006c6fc0000)
  from space 8640K,  48% used [0x00000006c7830000, 0x00000006c7c49240, 0x00000006c80a0000)
  to   space 8640K,   0% used [0x00000006c6fc0000, 0x00000006c6fc0000, 0x00000006c7830000)
 concurrent mark-sweep generation total 173440K, used 26325K [0x00000006d78c0000, 0x00000006e2220000, 0x00000007c0000000)
 Metaspace       used 36959K, capacity 38448K, committed 38672K, reserved 1083392K
  class space    used 4800K, capacity 5104K, committed 5164K, reserved 1048576K
}
2018-10-12T10:41:48.773+0800: 7.324: Application time: 0.1704391 seconds
{Heap before GC invocations=37 (full 1):
 par new generation   total 78016K, used 73572K [0x00000006c2c00000, 0x00000006c80a0000, 0x00000006d78c0000)
  eden space 69376K, 100% used [0x00000006c2c00000, 0x00000006c6fc0000, 0x00000006c6fc0000)
  from space 8640K,  48% used [0x00000006c7830000, 0x00000006c7c49240, 0x00000006c80a0000)
  to   space 8640K,   0% used [0x00000006c6fc0000, 0x00000006c6fc0000, 0x00000006c7830000)
 concurrent mark-sweep generation total 173440K, used 26325K [0x00000006d78c0000, 0x00000006e2220000, 0x00000007c0000000)
 Metaspace       used 37460K, capacity 38876K, committed 39184K, reserved 1083392K
  class space    used 4855K, capacity 5138K, committed 5164K, reserved 1048576K
2018-10-12T10:41:48.773+0800: 7.324: [GC (Allocation Failure) 2018-10-12T10:41:48.773+0800: 7.324: [ParNew: 73572K->2758K(78016K), 0.0035445 secs] 99898K->29084K(251456K), 0.0036055 secs] [Times: user=0.00 sys=0.00, real=0.00 secs] 
Heap after GC invocations=38 (full 1):
 par new generation   total 78016K, used 2758K [0x00000006c2c00000, 0x00000006c80a0000, 0x00000006d78c0000)
  eden space 69376K,   0% used [0x00000006c2c00000, 0x00000006c2c00000, 0x00000006c6fc0000)
  from space 8640K,  31% used [0x00000006c6fc0000, 0x00000006c7271b88, 0x00000006c7830000)
  to   space 8640K,   0% used [0x00000006c7830000, 0x00000006c7830000, 0x00000006c80a0000)
 concurrent mark-sweep generation total 173440K, used 26325K [0x00000006d78c0000, 0x00000006e2220000, 0x00000007c0000000)
 Metaspace       used 37460K, capacity 38876K, committed 39184K, reserved 1083392K
  class space    used 4855K, capacity 5138K, committed 5164K, reserved 1048576K
}
2018-10-12T10:41:48.991+0800: 7.542: Application time: 0.2138269 seconds
{Heap before GC invocations=38 (full 1):
 par new generation   total 78016K, used 72134K [0x00000006c2c00000, 0x00000006c80a0000, 0x00000006d78c0000)
  eden space 69376K, 100% used [0x00000006c2c00000, 0x00000006c6fc0000, 0x00000006c6fc0000)
  from space 8640K,  31% used [0x00000006c6fc0000, 0x00000006c7271b88, 0x00000006c7830000)
  to   space 8640K,   0% used [0x00000006c7830000, 0x00000006c7830000, 0x00000006c80a0000)
 concurrent mark-sweep generation total 173440K, used 26325K [0x00000006d78c0000, 0x00000006e2220000, 0x00000007c0000000)
 Metaspace       used 37588K, capacity 39048K, committed 39312K, reserved 1083392K
  class space    used 4865K, capacity 5172K, committed 5292K, reserved 1048576K
2018-10-12T10:41:48.992+0800: 7.542: [GC (Allocation Failure) 2018-10-12T10:41:48.992+0800: 7.542: [ParNew: 72134K->3479K(78016K), 0.0041087 secs] 98460K->29804K(251456K), 0.0041651 secs] [Times: user=0.00 sys=0.00, real=0.00 secs] 
Heap after GC invocations=39 (full 1):
 par new generation   total 78016K, used 3479K [0x00000006c2c00000, 0x00000006c80a0000, 0x00000006d78c0000)
  eden space 69376K,   0% used [0x00000006c2c00000, 0x00000006c2c00000, 0x00000006c6fc0000)
  from space 8640K,  40% used [0x00000006c7830000, 0x00000006c7b95c08, 0x00000006c80a0000)
  to   space 8640K,   0% used [0x00000006c6fc0000, 0x00000006c6fc0000, 0x00000006c7830000)
 concurrent mark-sweep generation total 173440K, used 26325K [0x00000006d78c0000, 0x00000006e2220000, 0x00000007c0000000)
 Metaspace       used 37588K, capacity 39048K, committed 39312K, reserved 1083392K
  class space    used 4865K, capacity 5172K, committed 5292K, reserved 1048576K
}
2018-10-12T10:41:49.001+0800: 7.551: Application time: 0.0050258 seconds
2018-10-12T10:41:49.012+0800: 7.563: Application time: 0.0112569 seconds
2018-10-12T10:41:49.015+0800: 7.566: Application time: 0.0029168 seconds
2018-10-12T10:41:49.018+0800: 7.569: Application time: 0.0028640 seconds
2018-10-12T10:41:49.021+0800: 7.571: Application time: 0.0025043 seconds
2018-10-12T10:41:49.162+0800: 7.713: Application time: 0.1413969 seconds
{Heap before GC invocations=39 (full 1):
 par new generation   total 78016K, used 72855K [0x00000006c2c00000, 0x00000006c80a0000, 0x00000006d78c0000)
  eden space 69376K, 100% used [0x00000006c2c00000, 0x00000006c6fc0000, 0x00000006c6fc0000)
  from space 8640K,  40% used [0x00000006c7830000, 0x00000006c7b95c08, 0x00000006c80a0000)
  to   space 8640K,   0% used [0x00000006c6fc0000, 0x00000006c6fc0000, 0x00000006c7830000)
 concurrent mark-sweep generation total 173440K, used 26325K [0x00000006d78c0000, 0x00000006e2220000, 0x00000007c0000000)
 Metaspace       used 37845K, capacity 39604K, committed 39824K, reserved 1083392K
  class space    used 4924K, capacity 5254K, committed 5292K, reserved 1048576K
2018-10-12T10:41:49.162+0800: 7.713: [GC (Allocation Failure) 2018-10-12T10:41:49.162+0800: 7.713: [ParNew: 72855K->4397K(78016K), 0.0043189 secs] 99180K->30723K(251456K), 0.0043770 secs] [Times: user=0.00 sys=0.00, real=0.00 secs] 
Heap after GC invocations=40 (full 1):
 par new generation   total 78016K, used 4397K [0x00000006c2c00000, 0x00000006c80a0000, 0x00000006d78c0000)
  eden space 69376K,   0% used [0x00000006c2c00000, 0x00000006c2c00000, 0x00000006c6fc0000)
  from space 8640K,  50% used [0x00000006c6fc0000, 0x00000006c740b640, 0x00000006c7830000)
  to   space 8640K,   0% used [0x00000006c7830000, 0x00000006c7830000, 0x00000006c80a0000)
 concurrent mark-sweep generation total 173440K, used 26325K [0x00000006d78c0000, 0x00000006e2220000, 0x00000007c0000000)
 Metaspace       used 37845K, capacity 39604K, committed 39824K, reserved 1083392K
  class space    used 4924K, capacity 5254K, committed 5292K, reserved 1048576K
}
2018-10-12T10:41:49.334+0800: 7.884: Application time: 0.1667754 seconds
{Heap before GC invocations=40 (full 1):
 par new generation   total 78016K, used 73773K [0x00000006c2c00000, 0x00000006c80a0000, 0x00000006d78c0000)
  eden space 69376K, 100% used [0x00000006c2c00000, 0x00000006c6fc0000, 0x00000006c6fc0000)
  from space 8640K,  50% used [0x00000006c6fc0000, 0x00000006c740b640, 0x00000006c7830000)
  to   space 8640K,   0% used [0x00000006c7830000, 0x00000006c7830000, 0x00000006c80a0000)
 concurrent mark-sweep generation total 173440K, used 26325K [0x00000006d78c0000, 0x00000006e2220000, 0x00000007c0000000)
 Metaspace       used 38037K, capacity 39840K, committed 40080K, reserved 1083392K
  class space    used 4954K, capacity 5288K, committed 5292K, reserved 1048576K
2018-10-12T10:41:49.334+0800: 7.884: [GC (Allocation Failure) 2018-10-12T10:41:49.334+0800: 7.884: [ParNew: 73773K->5113K(78016K), 0.0046644 secs] 100099K->31438K(251456K), 0.0047187 secs] [Times: user=0.00 sys=0.00, real=0.00 secs] 
Heap after GC invocations=41 (full 1):
 par new generation   total 78016K, used 5113K [0x00000006c2c00000, 0x00000006c80a0000, 0x00000006d78c0000)
  eden space 69376K,   0% used [0x00000006c2c00000, 0x00000006c2c00000, 0x00000006c6fc0000)
  from space 8640K,  59% used [0x00000006c7830000, 0x00000006c7d2e4a0, 0x00000006c80a0000)
  to   space 8640K,   0% used [0x00000006c6fc0000, 0x00000006c6fc0000, 0x00000006c7830000)
 concurrent mark-sweep generation total 173440K, used 26325K [0x00000006d78c0000, 0x00000006e2220000, 0x00000007c0000000)
 Metaspace       used 38037K, capacity 39840K, committed 40080K, reserved 1083392K
  class space    used 4954K, capacity 5288K, committed 5292K, reserved 1048576K
}
2018-10-12T10:41:49.455+0800: 8.006: Application time: 0.1168319 seconds
2018-10-12T10:41:49.623+0800: 8.174: Application time: 0.1676637 seconds
2018-10-12T10:41:49.830+0800: 8.381: Application time: 0.2076593 seconds
2018-10-12T10:41:50.419+0800: 8.969: Application time: 0.5879206 seconds
2018-10-12T10:41:50.769+0800: 9.319: Application time: 0.3487758 seconds
2018-10-12T10:41:50.786+0800: 9.336: Application time: 0.0168836 seconds
2018-10-12T10:41:50.972+0800: 9.523: Application time: 0.1864860 seconds
2018-10-12T10:41:51.165+0800: 9.715: Application time: 0.1923814 seconds
2018-10-12T10:41:51.414+0800: 9.964: Application time: 0.2492748 seconds
2018-10-12T10:41:51.664+0800: 10.215: Application time: 0.2502360 seconds
2018-10-12T10:41:51.915+0800: 10.465: Application time: 0.2502843 seconds
2018-10-12T10:41:52.164+0800: 10.714: Application time: 0.2492293 seconds
2018-10-12T10:41:52.414+0800: 10.965: Application time: 0.2502815 seconds
2018-10-12T10:41:52.665+0800: 11.215: Application time: 0.2501344 seconds
2018-10-12T10:41:52.914+0800: 11.464: Application time: 0.2492444 seconds
2018-10-12T10:41:53.164+0800: 11.715: Application time: 0.2501940 seconds
2018-10-12T10:41:53.415+0800: 11.965: Application time: 0.2503601 seconds
2018-10-12T10:41:53.664+0800: 12.214: Application time: 0.2492296 seconds
2018-10-12T10:41:53.914+0800: 12.465: Application time: 0.2503527 seconds
2018-10-12T10:41:54.165+0800: 12.715: Application time: 0.2501581 seconds
2018-10-12T10:41:54.414+0800: 12.964: Application time: 0.2492501 seconds
2018-10-12T10:41:54.664+0800: 13.215: Application time: 0.2503012 seconds
2018-10-12T10:41:54.696+0800: 13.247: Application time: 0.0325846 seconds
{Heap before GC invocations=41 (full 1):
 par new generation   total 78016K, used 74489K [0x00000006c2c00000, 0x00000006c80a0000, 0x00000006d78c0000)
  eden space 69376K, 100% used [0x00000006c2c00000, 0x00000006c6fc0000, 0x00000006c6fc0000)
  from space 8640K,  59% used [0x00000006c7830000, 0x00000006c7d2e4a0, 0x00000006c80a0000)
  to   space 8640K,   0% used [0x00000006c6fc0000, 0x00000006c6fc0000, 0x00000006c7830000)
 concurrent mark-sweep generation total 173440K, used 26325K [0x00000006d78c0000, 0x00000006e2220000, 0x00000007c0000000)
 Metaspace       used 38650K, capacity 40468K, committed 40720K, reserved 1085440K
  class space    used 5021K, capacity 5388K, committed 5420K, reserved 1048576K
2018-10-12T10:41:54.697+0800: 13.248: [GC (Allocation Failure) 2018-10-12T10:41:54.697+0800: 13.248: [ParNew: 74489K->6233K(78016K), 0.0053076 secs] 100814K->32559K(251456K), 0.0053693 secs] [Times: user=0.00 sys=0.00, real=0.00 secs] 
Heap after GC invocations=42 (full 1):
 par new generation   total 78016K, used 6233K [0x00000006c2c00000, 0x00000006c80a0000, 0x00000006d78c0000)
  eden space 69376K,   0% used [0x00000006c2c00000, 0x00000006c2c00000, 0x00000006c6fc0000)
  from space 8640K,  72% used [0x00000006c6fc0000, 0x00000006c75d6740, 0x00000006c7830000)
  to   space 8640K,   0% used [0x00000006c7830000, 0x00000006c7830000, 0x00000006c80a0000)
 concurrent mark-sweep generation total 173440K, used 26325K [0x00000006d78c0000, 0x00000006e2220000, 0x00000007c0000000)
 Metaspace       used 38650K, capacity 40468K, committed 40720K, reserved 1085440K
  class space    used 5021K, capacity 5388K, committed 5420K, reserved 1048576K
}
2018-10-12T10:41:54.702+0800: 13.253: Application time: 0.0001326 seconds
2018-10-12T10:41:54.774+0800: 13.324: Application time: 0.0710308 seconds
2018-10-12T10:41:54.780+0800: 13.331: Application time: 0.0056433 seconds
2018-10-12T10:41:54.844+0800: 13.394: Application time: 0.0633032 seconds
2018-10-12T10:41:54.905+0800: 13.456: Application time: 0.0614407 seconds
2018-10-12T10:41:54.922+0800: 13.472: Application time: 0.0162987 seconds
2018-10-12T10:41:54.928+0800: 13.478: Application time: 0.0052787 seconds
2018-10-12T10:41:54.932+0800: 13.483: Application time: 0.0040593 seconds
{Heap before GC invocations=42 (full 1):
 par new generation   total 78016K, used 75609K [0x00000006c2c00000, 0x00000006c80a0000, 0x00000006d78c0000)
  eden space 69376K, 100% used [0x00000006c2c00000, 0x00000006c6fc0000, 0x00000006c6fc0000)
  from space 8640K,  72% used [0x00000006c6fc0000, 0x00000006c75d6740, 0x00000006c7830000)
  to   space 8640K,   0% used [0x00000006c7830000, 0x00000006c7830000, 0x00000006c80a0000)
 concurrent mark-sweep generation total 173440K, used 26325K [0x00000006d78c0000, 0x00000006e2220000, 0x00000007c0000000)
 Metaspace       used 40657K, capacity 42439K, committed 42672K, reserved 1087488K
  class space    used 5272K, capacity 5616K, committed 5676K, reserved 1048576K
2018-10-12T10:41:54.932+0800: 13.483: [GC (Allocation Failure) 2018-10-12T10:41:54.932+0800: 13.483: [ParNew: 75609K->8640K(78016K), 0.0065978 secs] 101935K->36238K(251456K), 0.0066437 secs] [Times: user=0.01 sys=0.02, real=0.01 secs] 
Heap after GC invocations=43 (full 1):
 par new generation   total 78016K, used 8640K [0x00000006c2c00000, 0x00000006c80a0000, 0x00000006d78c0000)
  eden space 69376K,   0% used [0x00000006c2c00000, 0x00000006c2c00000, 0x00000006c6fc0000)
  from space 8640K, 100% used [0x00000006c7830000, 0x00000006c80a0000, 0x00000006c80a0000)
  to   space 8640K,   0% used [0x00000006c6fc0000, 0x00000006c6fc0000, 0x00000006c7830000)
 concurrent mark-sweep generation total 173440K, used 27598K [0x00000006d78c0000, 0x00000006e2220000, 0x00000007c0000000)
 Metaspace       used 40657K, capacity 42439K, committed 42672K, reserved 1087488K
  class space    used 5272K, capacity 5616K, committed 5676K, reserved 1048576K
}
2018-10-12T10:41:54.939+0800: 13.489: Application time: 0.0000324 seconds
2018-10-12T10:41:54.939+0800: 13.490: [GC (CMS Initial Mark) [1 CMS-initial-mark: 27598K(173440K)] 37612K(251456K), 0.0016947 secs] [Times: user=0.00 sys=0.00, real=0.00 secs] 
2018-10-12T10:41:54.941+0800: 13.491: [CMS-concurrent-mark-start]
2018-10-12T10:41:54.941+0800: 13.492: Application time: 0.0004390 seconds
2018-10-12T10:41:54.942+0800: 13.493: Application time: 0.0006936 seconds
2018-10-12T10:41:54.942+0800: 13.493: Application time: 0.0000949 seconds
2018-10-12T10:41:54.942+0800: 13.493: Application time: 0.0000430 seconds
2018-10-12T10:41:54.946+0800: 13.497: Application time: 0.0041334 seconds
2018-10-12T10:41:54.948+0800: 13.498: Application time: 0.0009387 seconds
2018-10-12T10:41:54.948+0800: 13.498: Application time: 0.0000331 seconds
2018-10-12T10:41:54.949+0800: 13.499: Application time: 0.0007042 seconds
2018-10-12T10:41:54.949+0800: 13.499: Application time: 0.0003706 seconds
2018-10-12T10:41:54.950+0800: 13.500: Application time: 0.0007592 seconds
2018-10-12T10:41:54.950+0800: 13.500: Application time: 0.0000300 seconds
2018-10-12T10:41:54.953+0800: 13.504: Application time: 0.0033329 seconds
2018-10-12T10:41:54.956+0800: 13.506: Application time: 0.0026118 seconds
2018-10-12T10:41:54.960+0800: 13.510: Application time: 0.0035914 seconds
2018-10-12T10:41:54.961+0800: 13.511: Application time: 0.0013234 seconds
2018-10-12T10:41:54.961+0800: 13.512: Application time: 0.0001181 seconds
2018-10-12T10:41:54.971+0800: 13.522: Application time: 0.0098415 seconds
2018-10-12T10:41:54.974+0800: 13.524: Application time: 0.0025328 seconds
2018-10-12T10:41:54.975+0800: 13.525: Application time: 0.0008308 seconds
2018-10-12T10:41:54.975+0800: 13.526: Application time: 0.0006474 seconds
2018-10-12T10:41:54.992+0800: 13.542: [CMS-concurrent-mark: 0.049/0.051 secs] [Times: user=0.16 sys=0.00, real=0.05 secs] 
2018-10-12T10:41:54.992+0800: 13.542: Application time: 0.0165525 seconds
2018-10-12T10:41:54.993+0800: 13.543: [CMS-concurrent-preclean-start]
2018-10-12T10:41:54.994+0800: 13.545: [CMS-concurrent-preclean: 0.001/0.001 secs] [Times: user=0.00 sys=0.00, real=0.00 secs] 
2018-10-12T10:41:54.994+0800: 13.545: [CMS-concurrent-abortable-preclean-start]
2018-10-12T10:41:54.998+0800: 13.548: Application time: 0.0045093 seconds
2018-10-12T10:41:55.006+0800: 13.556: Application time: 0.0074815 seconds
2018-10-12T10:41:55.006+0800: 13.556: Application time: 0.0000226 seconds
2018-10-12T10:41:55.006+0800: 13.556: Application time: 0.0000169 seconds
2018-10-12T10:41:55.006+0800: 13.556: Application time: 0.0000162 seconds
2018-10-12T10:41:55.006+0800: 13.556: Application time: 0.0000166 seconds
2018-10-12T10:41:55.029+0800: 13.581: Application time: 0.0243870 seconds
2018-10-12T10:41:55.029+0800: 13.581: Application time: 0.0000226 seconds
2018-10-12T10:41:55.060+0800: 13.611: Application time: 0.0307507 seconds
2018-10-12T10:41:55.068+0800: 13.619: Application time: 0.0074889 seconds
2018-10-12T10:41:55.096+0800: 13.647: Application time: 0.0277146 seconds
2018-10-12T10:41:55.174+0800: 13.725: Application time: 0.0775944 seconds
2018-10-12T10:41:55.175+0800: 13.726: Application time: 0.0011146 seconds
2018-10-12T10:41:55.175+0800: 13.726: Application time: 0.0000448 seconds
2018-10-12T10:41:55.175+0800: 13.726: Application time: 0.0000550 seconds
2018-10-12T10:41:55.176+0800: 13.727: Application time: 0.0007976 seconds
2018-10-12T10:41:55.176+0800: 13.727: Application time: 0.0002341 seconds
2018-10-12T10:41:55.176+0800: 13.727: Application time: 0.0000226 seconds
2018-10-12T10:41:55.176+0800: 13.727: Application time: 0.0000208 seconds
2018-10-12T10:41:55.176+0800: 13.727: Application time: 0.0000201 seconds
2018-10-12T10:41:55.177+0800: 13.727: Application time: 0.0000222 seconds
2018-10-12T10:41:55.177+0800: 13.727: Application time: 0.0000205 seconds
2018-10-12T10:41:55.177+0800: 13.727: Application time: 0.0000205 seconds
2018-10-12T10:41:55.177+0800: 13.728: Application time: 0.0001118 seconds
2018-10-12T10:41:55.177+0800: 13.728: Application time: 0.0005497 seconds
2018-10-12T10:41:55.178+0800: 13.729: Application time: 0.0000346 seconds
2018-10-12T10:41:55.178+0800: 13.729: Application time: 0.0000212 seconds
2018-10-12T10:41:55.178+0800: 13.729: Application time: 0.0000272 seconds
2018-10-12T10:41:55.179+0800: 13.730: Application time: 0.0003974 seconds
2018-10-12T10:41:55.179+0800: 13.730: Application time: 0.0001446 seconds
2018-10-12T10:41:55.179+0800: 13.730: Application time: 0.0000441 seconds
2018-10-12T10:41:55.181+0800: 13.732: Application time: 0.0014588 seconds
2018-10-12T10:41:55.190+0800: 13.741: Application time: 0.0093796 seconds
2018-10-12T10:41:55.190+0800: 13.741: Application time: 0.0000666 seconds
2018-10-12T10:41:55.191+0800: 13.742: Application time: 0.0003226 seconds
2018-10-12T10:41:55.191+0800: 13.742: Application time: 0.0003643 seconds
2018-10-12T10:41:55.191+0800: 13.742: Application time: 0.0000201 seconds
2018-10-12T10:41:55.192+0800: 13.742: Application time: 0.0000825 seconds
2018-10-12T10:41:55.194+0800: 13.744: Application time: 0.0019627 seconds
2018-10-12T10:41:55.194+0800: 13.744: Application time: 0.0000832 seconds
2018-10-12T10:41:55.204+0800: 13.754: Application time: 0.0098588 seconds
2018-10-12T10:41:55.204+0800: 13.754: Application time: 0.0000233 seconds
2018-10-12T10:41:55.204+0800: 13.755: Application time: 0.0000822 seconds
2018-10-12T10:41:55.217+0800: 13.767: Application time: 0.0127231 seconds
2018-10-12T10:41:55.217+0800: 13.768: Application time: 0.0000310 seconds
2018-10-12T10:41:55.217+0800: 13.768: Application time: 0.0000705 seconds
2018-10-12T10:41:55.217+0800: 13.768: Application time: 0.0002045 seconds
2018-10-12T10:41:55.217+0800: 13.768: Application time: 0.0000187 seconds
2018-10-12T10:41:55.217+0800: 13.768: Application time: 0.0000215 seconds
2018-10-12T10:41:55.217+0800: 13.768: Application time: 0.0000342 seconds
2018-10-12T10:41:55.218+0800: 13.768: Application time: 0.0001844 seconds
2018-10-12T10:41:55.218+0800: 13.768: Application time: 0.0000190 seconds
2018-10-12T10:41:55.218+0800: 13.769: Application time: 0.0000208 seconds
2018-10-12T10:41:55.218+0800: 13.769: Application time: 0.0000339 seconds
2018-10-12T10:41:55.218+0800: 13.769: Application time: 0.0001569 seconds
2018-10-12T10:41:55.218+0800: 13.769: Application time: 0.0000187 seconds
2018-10-12T10:41:55.218+0800: 13.769: Application time: 0.0000201 seconds
2018-10-12T10:41:55.218+0800: 13.769: Application time: 0.0000342 seconds
2018-10-12T10:41:55.218+0800: 13.769: Application time: 0.0001234 seconds
2018-10-12T10:41:55.218+0800: 13.769: Application time: 0.0000180 seconds
2018-10-12T10:41:55.219+0800: 13.770: Application time: 0.0005617 seconds
2018-10-12T10:41:55.220+0800: 13.770: Application time: 0.0005786 seconds
2018-10-12T10:41:55.220+0800: 13.771: Application time: 0.0003191 seconds
2018-10-12T10:41:55.220+0800: 13.771: Application time: 0.0002391 seconds
2018-10-12T10:41:55.221+0800: 13.771: Application time: 0.0000691 seconds
2018-10-12T10:41:55.256+0800: 13.806: Application time: 0.0349045 seconds
2018-10-12T10:41:55.256+0800: 13.807: Application time: 0.0007578 seconds
2018-10-12T10:41:55.268+0800: 13.819: Application time: 0.0114442 seconds
2018-10-12T10:41:55.269+0800: 13.820: Application time: 0.0000783 seconds
2018-10-12T10:41:55.270+0800: 13.820: Application time: 0.0004073 seconds
2018-10-12T10:41:55.273+0800: 13.824: Application time: 0.0034475 seconds
2018-10-12T10:41:55.273+0800: 13.824: Application time: 0.0000303 seconds
2018-10-12T10:41:55.274+0800: 13.825: Application time: 0.0005617 seconds
2018-10-12T10:41:55.285+0800: 13.835: Application time: 0.0101095 seconds
2018-10-12T10:41:55.285+0800: 13.835: Application time: 0.0000324 seconds
2018-10-12T10:41:55.285+0800: 13.836: Application time: 0.0004863 seconds
2018-10-12T10:41:55.289+0800: 13.840: Application time: 0.0041002 seconds
2018-10-12T10:41:55.307+0800: 13.858: Application time: 0.0176442 seconds
2018-10-12T10:41:55.310+0800: 13.860: Application time: 0.0024553 seconds
{Heap before GC invocations=43 (full 2):
 par new generation   total 78016K, used 78016K [0x00000006c2c00000, 0x00000006c80a0000, 0x00000006d78c0000)
  eden space 69376K, 100% used [0x00000006c2c00000, 0x00000006c6fc0000, 0x00000006c6fc0000)
  from space 8640K, 100% used [0x00000006c7830000, 0x00000006c80a0000, 0x00000006c80a0000)
  to   space 8640K,   0% used [0x00000006c6fc0000, 0x00000006c6fc0000, 0x00000006c7830000)
 concurrent mark-sweep generation total 173440K, used 27598K [0x00000006d78c0000, 0x00000006e2220000, 0x00000007c0000000)
 Metaspace       used 41333K, capacity 43197K, committed 43592K, reserved 1087488K
  class space    used 5351K, capacity 5717K, committed 5804K, reserved 1048576K
2018-10-12T10:41:55.310+0800: 13.860: [GC (Allocation Failure) 2018-10-12T10:41:55.310+0800: 13.860: [ParNew: 78016K->8640K(78016K), 0.0106638 secs] 105614K->40470K(251456K), 0.0107337 secs] [Times: user=0.06 sys=0.00, real=0.01 secs] 
Heap after GC invocations=44 (full 2):
 par new generation   total 78016K, used 8640K [0x00000006c2c00000, 0x00000006c80a0000, 0x00000006d78c0000)
  eden space 69376K,   0% used [0x00000006c2c00000, 0x00000006c2c00000, 0x00000006c6fc0000)
  from space 8640K, 100% used [0x00000006c6fc0000, 0x00000006c7830000, 0x00000006c7830000)
  to   space 8640K,   0% used [0x00000006c7830000, 0x00000006c7830000, 0x00000006c80a0000)
 concurrent mark-sweep generation total 173440K, used 31830K [0x00000006d78c0000, 0x00000006e2220000, 0x00000007c0000000)
 Metaspace       used 41333K, capacity 43197K, committed 43592K, reserved 1087488K
  class space    used 5351K, capacity 5717K, committed 5804K, reserved 1048576K
}
2018-10-12T10:41:55.321+0800: 13.871: Application time: 0.0000532 seconds
2018-10-12T10:41:55.378+0800: 13.928: Application time: 0.0567784 seconds
2018-10-12T10:41:55.493+0800: 14.044: Application time: 0.1157010 seconds
2018-10-12T10:41:55.525+0800: 14.076: [CMS-concurrent-abortable-preclean: 0.401/0.531 secs] [Times: user=1.67 sys=0.00, real=0.53 secs] 
2018-10-12T10:41:55.525+0800: 14.076: Application time: 0.0149277 seconds
2018-10-12T10:41:55.526+0800: 14.077: [GC (CMS Final Remark) [YG occupancy: 48334 K (78016 K)]2018-10-12T10:41:55.526+0800: 14.077: [Rescan (parallel) , 0.0049366 secs]2018-10-12T10:41:55.531+0800: 14.082: [weak refs processing, 0.0011732 secs]2018-10-12T10:41:55.532+0800: 14.083: [class unloading, 0.0109146 secs]2018-10-12T10:41:55.543+0800: 14.094: [scrub symbol table, 0.0106434 secs]2018-10-12T10:41:55.554+0800: 14.105: [scrub string table, 0.0008128 secs][1 CMS-remark: 31830K(173440K)] 80165K(251456K), 0.0329351 secs] [Times: user=0.06 sys=0.00, real=0.03 secs] 
2018-10-12T10:41:55.559+0800: 14.110: [CMS-concurrent-sweep-start]
2018-10-12T10:41:55.573+0800: 14.124: [CMS-concurrent-sweep: 0.014/0.014 secs] [Times: user=0.03 sys=0.00, real=0.01 secs] 
2018-10-12T10:41:55.573+0800: 14.124: [CMS-concurrent-reset-start]
2018-10-12T10:41:55.577+0800: 14.128: [CMS-concurrent-reset: 0.003/0.003 secs] [Times: user=0.00 sys=0.00, real=0.00 secs] 
2018-10-12T10:41:55.620+0800: 14.171: Application time: 0.0609181 seconds
2018-10-12T10:41:55.654+0800: 14.205: Application time: 0.0296159 seconds
{Heap before GC invocations=44 (full 2):
 par new generation   total 78016K, used 78016K [0x00000006c2c00000, 0x00000006c80a0000, 0x00000006d78c0000)
  eden space 69376K, 100% used [0x00000006c2c00000, 0x00000006c6fc0000, 0x00000006c6fc0000)
  from space 8640K, 100% used [0x00000006c6fc0000, 0x00000006c7830000, 0x00000006c7830000)
  to   space 8640K,   0% used [0x00000006c7830000, 0x00000006c7830000, 0x00000006c80a0000)
 concurrent mark-sweep generation total 173440K, used 29720K [0x00000006d78c0000, 0x00000006e2220000, 0x00000007c0000000)
 Metaspace       used 41401K, capacity 43085K, committed 43592K, reserved 1087488K
  class space    used 5348K, capacity 5689K, committed 5804K, reserved 1048576K
2018-10-12T10:41:55.696+0800: 14.247: [GC (Allocation Failure) 2018-10-12T10:41:55.696+0800: 14.247: [ParNew: 78016K->3672K(78016K), 0.0051260 secs] 107736K->37458K(251456K), 0.0051937 secs] [Times: user=0.00 sys=0.00, real=0.00 secs] 
Heap after GC invocations=45 (full 2):
 par new generation   total 78016K, used 3672K [0x00000006c2c00000, 0x00000006c80a0000, 0x00000006d78c0000)
  eden space 69376K,   0% used [0x00000006c2c00000, 0x00000006c2c00000, 0x00000006c6fc0000)
  from space 8640K,  42% used [0x00000006c7830000, 0x00000006c7bc6120, 0x00000006c80a0000)
  to   space 8640K,   0% used [0x00000006c6fc0000, 0x00000006c6fc0000, 0x00000006c7830000)
 concurrent mark-sweep generation total 173440K, used 33786K [0x00000006d78c0000, 0x00000006e2220000, 0x00000007c0000000)
 Metaspace       used 41401K, capacity 43085K, committed 43592K, reserved 1087488K
  class space    used 5348K, capacity 5689K, committed 5804K, reserved 1048576K
}
2018-10-12T10:41:55.892+0800: 14.443: Application time: 0.1914290 seconds
2018-10-12T10:41:55.894+0800: 14.445: Application time: 0.0017821 seconds
2018-10-12T10:41:55.894+0800: 14.445: Application time: 0.0000321 seconds
2018-10-12T10:41:56.031+0800: 14.581: Application time: 0.1359063 seconds
{Heap before GC invocations=45 (full 2):
 par new generation   total 78016K, used 73048K [0x00000006c2c00000, 0x00000006c80a0000, 0x00000006d78c0000)
  eden space 69376K, 100% used [0x00000006c2c00000, 0x00000006c6fc0000, 0x00000006c6fc0000)
  from space 8640K,  42% used [0x00000006c7830000, 0x00000006c7bc6120, 0x00000006c80a0000)
  to   space 8640K,   0% used [0x00000006c6fc0000, 0x00000006c6fc0000, 0x00000006c7830000)
 concurrent mark-sweep generation total 173440K, used 33786K [0x00000006d78c0000, 0x00000006e2220000, 0x00000007c0000000)
 Metaspace       used 41891K, capacity 43765K, committed 44104K, reserved 1087488K
  class space    used 5443K, capacity 5775K, committed 5804K, reserved 1048576K
2018-10-12T10:41:56.031+0800: 14.582: [GC (Allocation Failure) 2018-10-12T10:41:56.031+0800: 14.582: [ParNew: 73048K->2477K(78016K), 0.0029387 secs] 106834K->36263K(251456K), 0.0029990 secs] [Times: user=0.06 sys=0.00, real=0.00 secs] 
Heap after GC invocations=46 (full 2):
 par new generation   total 78016K, used 2477K [0x00000006c2c00000, 0x00000006c80a0000, 0x00000006d78c0000)
  eden space 69376K,   0% used [0x00000006c2c00000, 0x00000006c2c00000, 0x00000006c6fc0000)
  from space 8640K,  28% used [0x00000006c6fc0000, 0x00000006c722b5e8, 0x00000006c7830000)
  to   space 8640K,   0% used [0x00000006c7830000, 0x00000006c7830000, 0x00000006c80a0000)
 concurrent mark-sweep generation total 173440K, used 33786K [0x00000006d78c0000, 0x00000006e2220000, 0x00000007c0000000)
 Metaspace       used 41891K, capacity 43765K, committed 44104K, reserved 1087488K
  class space    used 5443K, capacity 5775K, committed 5804K, reserved 1048576K
}
2018-10-12T10:41:56.042+0800: 14.592: Application time: 0.0076758 seconds
2018-10-12T10:41:56.042+0800: 14.592: Application time: 0.0000282 seconds
2018-10-12T10:41:56.042+0800: 14.593: Application time: 0.0000504 seconds
2018-10-12T10:41:56.042+0800: 14.593: Application time: 0.0001347 seconds
2018-10-12T10:41:56.043+0800: 14.593: Application time: 0.0001978 seconds
2018-10-12T10:41:56.045+0800: 14.595: Application time: 0.0019930 seconds
2018-10-12T10:41:56.046+0800: 14.597: Application time: 0.0012158 seconds
2018-10-12T10:41:56.056+0800: 14.607: Application time: 0.0098116 seconds
2018-10-12T10:41:56.069+0800: 14.619: Application time: 0.0003011 seconds
2018-10-12T10:41:56.069+0800: 14.620: Application time: 0.0000659 seconds
2018-10-12T10:41:56.069+0800: 14.620: Application time: 0.0001178 seconds
2018-10-12T10:41:56.069+0800: 14.620: Application time: 0.0000254 seconds
2018-10-12T10:41:56.070+0800: 14.620: Application time: 0.0000370 seconds
2018-10-12T10:41:56.070+0800: 14.620: Application time: 0.0000215 seconds
2018-10-12T10:41:56.070+0800: 14.620: Application time: 0.0000279 seconds
2018-10-12T10:41:56.070+0800: 14.620: Application time: 0.0000243 seconds
2018-10-12T10:41:56.070+0800: 14.620: Application time: 0.0000261 seconds
2018-10-12T10:41:56.070+0800: 14.620: Application time: 0.0000413 seconds
2018-10-12T10:41:56.070+0800: 14.621: Application time: 0.0001481 seconds
2018-10-12T10:41:56.070+0800: 14.621: Application time: 0.0000296 seconds
2018-10-12T10:41:56.192+0800: 14.743: Application time: 0.1225365 seconds
2018-10-12T10:41:56.192+0800: 14.744: Application time: 0.0000300 seconds
2018-10-12T10:41:56.193+0800: 14.744: Application time: 0.0001202 seconds
2018-10-12T10:41:56.253+0800: 14.804: Application time: 0.0598634 seconds
{Heap before GC invocations=46 (full 2):
 par new generation   total 78016K, used 71853K [0x00000006c2c00000, 0x00000006c80a0000, 0x00000006d78c0000)
  eden space 69376K, 100% used [0x00000006c2c00000, 0x00000006c6fc0000, 0x00000006c6fc0000)
  from space 8640K,  28% used [0x00000006c6fc0000, 0x00000006c722b5e8, 0x00000006c7830000)
  to   space 8640K,   0% used [0x00000006c7830000, 0x00000006c7830000, 0x00000006c80a0000)
 concurrent mark-sweep generation total 173440K, used 33786K [0x00000006d78c0000, 0x00000006e2220000, 0x00000007c0000000)
 Metaspace       used 42656K, capacity 44567K, committed 44744K, reserved 1087488K
  class space    used 5563K, capacity 5924K, committed 5932K, reserved 1048576K
2018-10-12T10:41:56.268+0800: 14.819: [GC (Allocation Failure) 2018-10-12T10:41:56.268+0800: 14.819: [ParNew: 71853K->3915K(78016K), 0.0035600 secs] 105639K->37701K(251456K), 0.0036284 secs] [Times: user=0.00 sys=0.00, real=0.00 secs] 
Heap after GC invocations=47 (full 2):
 par new generation   total 78016K, used 3915K [0x00000006c2c00000, 0x00000006c80a0000, 0x00000006d78c0000)
  eden space 69376K,   0% used [0x00000006c2c00000, 0x00000006c2c00000, 0x00000006c6fc0000)
  from space 8640K,  45% used [0x00000006c7830000, 0x00000006c7c02c90, 0x00000006c80a0000)
  to   space 8640K,   0% used [0x00000006c6fc0000, 0x00000006c6fc0000, 0x00000006c7830000)
 concurrent mark-sweep generation total 173440K, used 33786K [0x00000006d78c0000, 0x00000006e2220000, 0x00000007c0000000)
 Metaspace       used 42656K, capacity 44567K, committed 44744K, reserved 1087488K
  class space    used 5563K, capacity 5924K, committed 5932K, reserved 1048576K
}
2018-10-12T10:41:56.274+0800: 14.825: Application time: 0.0018192 seconds
2018-10-12T10:41:56.325+0800: 14.876: Application time: 0.0509186 seconds
2018-10-12T10:41:56.327+0800: 14.877: Application time: 0.0008840 seconds
2018-10-12T10:41:56.341+0800: 14.892: Application time: 0.0138744 seconds
2018-10-12T10:41:56.415+0800: 14.965: Application time: 0.0733076 seconds
2018-10-12T10:41:56.456+0800: 15.006: Application time: 0.0407340 seconds
{Heap before GC invocations=47 (full 2):
 par new generation   total 78016K, used 73291K [0x00000006c2c00000, 0x00000006c80a0000, 0x00000006d78c0000)
  eden space 69376K, 100% used [0x00000006c2c00000, 0x00000006c6fc0000, 0x00000006c6fc0000)
  from space 8640K,  45% used [0x00000006c7830000, 0x00000006c7c02c90, 0x00000006c80a0000)
  to   space 8640K,   0% used [0x00000006c6fc0000, 0x00000006c6fc0000, 0x00000006c7830000)
 concurrent mark-sweep generation total 173440K, used 33786K [0x00000006d78c0000, 0x00000006e2220000, 0x00000007c0000000)
 Metaspace       used 42827K, capacity 44759K, committed 44944K, reserved 1087488K
  class space    used 5587K, capacity 5964K, committed 6060K, reserved 1048576K
2018-10-12T10:41:56.456+0800: 15.006: [GC (Allocation Failure) 2018-10-12T10:41:56.456+0800: 15.006: [ParNew: 73291K->4570K(78016K), 0.0038340 secs] 107077K->38356K(251456K), 0.0038915 secs] [Times: user=0.00 sys=0.00, real=0.00 secs] 
Heap after GC invocations=48 (full 2):
 par new generation   total 78016K, used 4570K [0x00000006c2c00000, 0x00000006c80a0000, 0x00000006d78c0000)
  eden space 69376K,   0% used [0x00000006c2c00000, 0x00000006c2c00000, 0x00000006c6fc0000)
  from space 8640K,  52% used [0x00000006c6fc0000, 0x00000006c74368e8, 0x00000006c7830000)
  to   space 8640K,   0% used [0x00000006c7830000, 0x00000006c7830000, 0x00000006c80a0000)
 concurrent mark-sweep generation total 173440K, used 33786K [0x00000006d78c0000, 0x00000006e2220000, 0x00000007c0000000)
 Metaspace       used 42827K, capacity 44759K, committed 44944K, reserved 1087488K
  class space    used 5587K, capacity 5964K, committed 6060K, reserved 1048576K
}
2018-10-12T10:41:56.608+0800: 15.159: Application time: 0.1484309 seconds
{Heap before GC invocations=48 (full 2):
 par new generation   total 78016K, used 73946K [0x00000006c2c00000, 0x00000006c80a0000, 0x00000006d78c0000)
  eden space 69376K, 100% used [0x00000006c2c00000, 0x00000006c6fc0000, 0x00000006c6fc0000)
  from space 8640K,  52% used [0x00000006c6fc0000, 0x00000006c74368e8, 0x00000006c7830000)
  to   space 8640K,   0% used [0x00000006c7830000, 0x00000006c7830000, 0x00000006c80a0000)
 concurrent mark-sweep generation total 173440K, used 33786K [0x00000006d78c0000, 0x00000006e2220000, 0x00000007c0000000)
 Metaspace       used 42970K, capacity 44909K, committed 45200K, reserved 1089536K
  class space    used 5604K, capacity 5969K, committed 6060K, reserved 1048576K
2018-10-12T10:41:56.608+0800: 15.159: [GC (Allocation Failure) 2018-10-12T10:41:56.608+0800: 15.159: [ParNew: 73946K->5062K(78016K), 0.0042843 secs] 107732K->38848K(251456K), 0.0043583 secs] [Times: user=0.06 sys=0.00, real=0.00 secs] 
Heap after GC invocations=49 (full 2):
 par new generation   total 78016K, used 5062K [0x00000006c2c00000, 0x00000006c80a0000, 0x00000006d78c0000)
  eden space 69376K,   0% used [0x00000006c2c00000, 0x00000006c2c00000, 0x00000006c6fc0000)
  from space 8640K,  58% used [0x00000006c7830000, 0x00000006c7d21968, 0x00000006c80a0000)
  to   space 8640K,   0% used [0x00000006c6fc0000, 0x00000006c6fc0000, 0x00000006c7830000)
 concurrent mark-sweep generation total 173440K, used 33786K [0x00000006d78c0000, 0x00000006e2220000, 0x00000007c0000000)
 Metaspace       used 42970K, capacity 44909K, committed 45200K, reserved 1089536K
  class space    used 5604K, capacity 5969K, committed 6060K, reserved 1048576K
}
2018-10-12T10:41:56.749+0800: 15.300: Application time: 0.1360879 seconds
2018-10-12T10:41:56.767+0800: 15.317: Application time: 0.0176231 seconds
2018-10-12T10:41:56.773+0800: 15.323: Application time: 0.0053820 seconds
2018-10-12T10:41:56.779+0800: 15.329: Application time: 0.0055001 seconds
2018-10-12T10:41:56.857+0800: 15.407: Application time: 0.0773529 seconds
{Heap before GC invocations=49 (full 2):
 par new generation   total 78016K, used 74438K [0x00000006c2c00000, 0x00000006c80a0000, 0x00000006d78c0000)
  eden space 69376K, 100% used [0x00000006c2c00000, 0x00000006c6fc0000, 0x00000006c6fc0000)
  from space 8640K,  58% used [0x00000006c7830000, 0x00000006c7d21968, 0x00000006c80a0000)
  to   space 8640K,   0% used [0x00000006c6fc0000, 0x00000006c6fc0000, 0x00000006c7830000)
 concurrent mark-sweep generation total 173440K, used 33786K [0x00000006d78c0000, 0x00000006e2220000, 0x00000007c0000000)
 Metaspace       used 43311K, capacity 45295K, committed 45456K, reserved 1089536K
  class space    used 5648K, capacity 6008K, committed 6060K, reserved 1048576K
2018-10-12T10:41:56.857+0800: 15.408: [GC (Allocation Failure) 2018-10-12T10:41:56.857+0800: 15.408: [ParNew: 74438K->6548K(78016K), 0.0050403 secs] 108224K->40334K(251456K), 0.0051077 secs] [Times: user=0.05 sys=0.00, real=0.00 secs] 
Heap after GC invocations=50 (full 2):
 par new generation   total 78016K, used 6548K [0x00000006c2c00000, 0x00000006c80a0000, 0x00000006d78c0000)
  eden space 69376K,   0% used [0x00000006c2c00000, 0x00000006c2c00000, 0x00000006c6fc0000)
  from space 8640K,  75% used [0x00000006c6fc0000, 0x00000006c7625200, 0x00000006c7830000)
  to   space 8640K,   0% used [0x00000006c7830000, 0x00000006c7830000, 0x00000006c80a0000)
 concurrent mark-sweep generation total 173440K, used 33786K [0x00000006d78c0000, 0x00000006e2220000, 0x00000007c0000000)
 Metaspace       used 43311K, capacity 45295K, committed 45456K, reserved 1089536K
  class space    used 5648K, capacity 6008K, committed 6060K, reserved 1048576K
}
2018-10-12T10:41:56.867+0800: 15.417: Application time: 0.0040625 seconds
2018-10-12T10:41:56.945+0800: 15.496: Application time: 0.0783144 seconds
2018-10-12T10:41:57.079+0800: 15.630: Application time: 0.1323502 seconds
{Heap before GC invocations=50 (full 2):
 par new generation   total 78016K, used 75924K [0x00000006c2c00000, 0x00000006c80a0000, 0x00000006d78c0000)
  eden space 69376K, 100% used [0x00000006c2c00000, 0x00000006c6fc0000, 0x00000006c6fc0000)
  from space 8640K,  75% used [0x00000006c6fc0000, 0x00000006c7625200, 0x00000006c7830000)
  to   space 8640K,   0% used [0x00000006c7830000, 0x00000006c7830000, 0x00000006c80a0000)
 concurrent mark-sweep generation total 173440K, used 33786K [0x00000006d78c0000, 0x00000006e2220000, 0x00000007c0000000)
 Metaspace       used 43667K, capacity 45697K, committed 45840K, reserved 1089536K
  class space    used 5692K, capacity 6091K, committed 6188K, reserved 1048576K
2018-10-12T10:41:57.082+0800: 15.633: [GC (Allocation Failure) 2018-10-12T10:41:57.082+0800: 15.633: [ParNew: 75924K->7051K(78016K), 0.0063750 secs] 109710K->41458K(251456K), 0.0064522 secs] [Times: user=0.00 sys=0.00, real=0.01 secs] 
Heap after GC invocations=51 (full 2):
 par new generation   total 78016K, used 7051K [0x00000006c2c00000, 0x00000006c80a0000, 0x00000006d78c0000)
  eden space 69376K,   0% used [0x00000006c2c00000, 0x00000006c2c00000, 0x00000006c6fc0000)
  from space 8640K,  81% used [0x00000006c7830000, 0x00000006c7f12d90, 0x00000006c80a0000)
  to   space 8640K,   0% used [0x00000006c6fc0000, 0x00000006c6fc0000, 0x00000006c7830000)
 concurrent mark-sweep generation total 173440K, used 34407K [0x00000006d78c0000, 0x00000006e2220000, 0x00000007c0000000)
 Metaspace       used 43667K, capacity 45697K, committed 45840K, reserved 1089536K
  class space    used 5692K, capacity 6091K, committed 6188K, reserved 1048576K
}
2018-10-12T10:41:57.179+0800: 15.730: Application time: 0.0899307 seconds
{Heap before GC invocations=51 (full 2):
 par new generation   total 78016K, used 76427K [0x00000006c2c00000, 0x00000006c80a0000, 0x00000006d78c0000)
  eden space 69376K, 100% used [0x00000006c2c00000, 0x00000006c6fc0000, 0x00000006c6fc0000)
  from space 8640K,  81% used [0x00000006c7830000, 0x00000006c7f12d90, 0x00000006c80a0000)
  to   space 8640K,   0% used [0x00000006c6fc0000, 0x00000006c6fc0000, 0x00000006c7830000)
 concurrent mark-sweep generation total 173440K, used 34407K [0x00000006d78c0000, 0x00000006e2220000, 0x00000007c0000000)
 Metaspace       used 43828K, capacity 45859K, committed 46096K, reserved 1089536K
  class space    used 5713K, capacity 6124K, committed 6188K, reserved 1048576K
2018-10-12T10:41:57.180+0800: 15.730: [GC (Allocation Failure) 2018-10-12T10:41:57.180+0800: 15.730: [ParNew: 76427K->5354K(78016K), 0.0052843 secs] 110834K->40255K(251456K), 0.0053446 secs] [Times: user=0.00 sys=0.00, real=0.00 secs] 
Heap after GC invocations=52 (full 2):
 par new generation   total 78016K, used 5354K [0x00000006c2c00000, 0x00000006c80a0000, 0x00000006d78c0000)
  eden space 69376K,   0% used [0x00000006c2c00000, 0x00000006c2c00000, 0x00000006c6fc0000)
  from space 8640K,  61% used [0x00000006c6fc0000, 0x00000006c74fa9a0, 0x00000006c7830000)
  to   space 8640K,   0% used [0x00000006c7830000, 0x00000006c7830000, 0x00000006c80a0000)
 concurrent mark-sweep generation total 173440K, used 34900K [0x00000006d78c0000, 0x00000006e2220000, 0x00000007c0000000)
 Metaspace       used 43828K, capacity 45859K, committed 46096K, reserved 1089536K
  class space    used 5713K, capacity 6124K, committed 6188K, reserved 1048576K
}
2018-10-12T10:41:57.200+0800: 15.751: Application time: 0.0152919 seconds
2018-10-12T10:41:57.231+0800: 15.781: Application time: 0.0295345 seconds
2018-10-12T10:41:57.237+0800: 15.788: Application time: 0.0048665 seconds
2018-10-12T10:41:57.370+0800: 15.921: Application time: 0.1326605 seconds
2018-10-12T10:41:57.412+0800: 15.963: Application time: 0.0414945 seconds
2018-10-12T10:41:57.413+0800: 15.964: Application time: 0.0008290 seconds
2018-10-12T10:41:57.477+0800: 16.027: Application time: 0.0622602 seconds
2018-10-12T10:41:57.543+0800: 16.093: Application time: 0.0660113 seconds
2018-10-12T10:41:57.545+0800: 16.096: Application time: 0.0020660 seconds
2018-10-12T10:41:57.630+0800: 16.181: Application time: 0.0846675 seconds
2018-10-12T10:41:57.637+0800: 16.188: Application time: 0.0074815 seconds
{Heap before GC invocations=52 (full 2):
 par new generation   total 78016K, used 74730K [0x00000006c2c00000, 0x00000006c80a0000, 0x00000006d78c0000)
  eden space 69376K, 100% used [0x00000006c2c00000, 0x00000006c6fc0000, 0x00000006c6fc0000)
  from space 8640K,  61% used [0x00000006c6fc0000, 0x00000006c74fa9a0, 0x00000006c7830000)
  to   space 8640K,   0% used [0x00000006c7830000, 0x00000006c7830000, 0x00000006c80a0000)
 concurrent mark-sweep generation total 173440K, used 34900K [0x00000006d78c0000, 0x00000006e2220000, 0x00000007c0000000)
 Metaspace       used 46569K, capacity 48561K, committed 48912K, reserved 1091584K
  class space    used 5980K, capacity 6361K, committed 6444K, reserved 1048576K
2018-10-12T10:41:57.637+0800: 16.188: [GC (Allocation Failure) 2018-10-12T10:41:57.637+0800: 16.188: [ParNew: 74730K->8640K(78016K), 0.0058206 secs] 109631K->43764K(251456K), 0.0058968 secs] [Times: user=0.06 sys=0.00, real=0.01 secs] 
Heap after GC invocations=53 (full 2):
 par new generation   total 78016K, used 8640K [0x00000006c2c00000, 0x00000006c80a0000, 0x00000006d78c0000)
  eden space 69376K,   0% used [0x00000006c2c00000, 0x00000006c2c00000, 0x00000006c6fc0000)
  from space 8640K, 100% used [0x00000006c7830000, 0x00000006c80a0000, 0x00000006c80a0000)
  to   space 8640K,   0% used [0x00000006c6fc0000, 0x00000006c6fc0000, 0x00000006c7830000)
 concurrent mark-sweep generation total 173440K, used 35124K [0x00000006d78c0000, 0x00000006e2220000, 0x00000007c0000000)
 Metaspace       used 46569K, capacity 48561K, committed 48912K, reserved 1091584K
  class space    used 5980K, capacity 6361K, committed 6444K, reserved 1048576K
}
2018-10-12T10:41:57.645+0800: 16.196: Application time: 0.0018907 seconds
2018-10-12T10:41:57.652+0800: 16.203: Application time: 0.0067498 seconds
2018-10-12T10:41:57.653+0800: 16.205: Application time: 0.0010928 seconds
2018-10-12T10:41:57.659+0800: 16.210: Application time: 0.0053436 seconds
2018-10-12T10:41:57.761+0800: 16.312: Application time: 0.1016531 seconds
2018-10-12T10:41:57.875+0800: 16.425: Application time: 0.1130754 seconds
{Heap before GC invocations=53 (full 2):
 par new generation   total 78016K, used 78016K [0x00000006c2c00000, 0x00000006c80a0000, 0x00000006d78c0000)
  eden space 69376K, 100% used [0x00000006c2c00000, 0x00000006c6fc0000, 0x00000006c6fc0000)
  from space 8640K, 100% used [0x00000006c7830000, 0x00000006c80a0000, 0x00000006c80a0000)
  to   space 8640K,   0% used [0x00000006c6fc0000, 0x00000006c6fc0000, 0x00000006c7830000)
 concurrent mark-sweep generation total 173440K, used 35124K [0x00000006d78c0000, 0x00000006e2220000, 0x00000007c0000000)
 Metaspace       used 48277K, capacity 50373K, committed 50704K, reserved 1093632K
  class space    used 6236K, capacity 6621K, committed 6700K, reserved 1048576K
2018-10-12T10:41:57.875+0800: 16.426: [GC (Allocation Failure) 2018-10-12T10:41:57.875+0800: 16.426: [ParNew: 78016K->8226K(78016K), 0.0076973 secs] 113140K->45018K(251456K), 0.0077636 secs] [Times: user=0.06 sys=0.00, real=0.01 secs] 
Heap after GC invocations=54 (full 2):
 par new generation   total 78016K, used 8226K [0x00000006c2c00000, 0x00000006c80a0000, 0x00000006d78c0000)
  eden space 69376K,   0% used [0x00000006c2c00000, 0x00000006c2c00000, 0x00000006c6fc0000)
  from space 8640K,  95% used [0x00000006c6fc0000, 0x00000006c77c89b8, 0x00000006c7830000)
  to   space 8640K,   0% used [0x00000006c7830000, 0x00000006c7830000, 0x00000006c80a0000)
 concurrent mark-sweep generation total 173440K, used 36791K [0x00000006d78c0000, 0x00000006e2220000, 0x00000007c0000000)
 Metaspace       used 48277K, capacity 50373K, committed 50704K, reserved 1093632K
  class space    used 6236K, capacity 6621K, committed 6700K, reserved 1048576K
}
2018-10-12T10:41:58.060+0800: 16.611: Application time: 0.1779136 seconds
{Heap before GC invocations=54 (full 2):
 par new generation   total 78016K, used 76852K [0x00000006c2c00000, 0x00000006c80a0000, 0x00000006d78c0000)
  eden space 69376K,  98% used [0x00000006c2c00000, 0x00000006c6f04720, 0x00000006c6fc0000)
  from space 8640K,  95% used [0x00000006c6fc0000, 0x00000006c77c89b8, 0x00000006c7830000)
  to   space 8640K,   0% used [0x00000006c7830000, 0x00000006c7830000, 0x00000006c80a0000)
 concurrent mark-sweep generation total 173440K, used 36791K [0x00000006d78c0000, 0x00000006e2220000, 0x00000007c0000000)
 Metaspace       used 49286K, capacity 51383K, committed 51600K, reserved 1093632K
  class space    used 6388K, capacity 6784K, committed 6828K, reserved 1048576K
2018-10-12T10:41:58.060+0800: 16.611: [GC (Allocation Failure) 2018-10-12T10:41:58.060+0800: 16.611: [ParNew: 76852K->7209K(78016K), 0.0062554 secs] 113643K->45133K(251456K), 0.0063235 secs] [Times: user=0.06 sys=0.00, real=0.01 secs] 
Heap after GC invocations=55 (full 2):
 par new generation   total 78016K, used 7209K [0x00000006c2c00000, 0x00000006c80a0000, 0x00000006d78c0000)
  eden space 69376K,   0% used [0x00000006c2c00000, 0x00000006c2c00000, 0x00000006c6fc0000)
  from space 8640K,  83% used [0x00000006c7830000, 0x00000006c7f3a760, 0x00000006c80a0000)
  to   space 8640K,   0% used [0x00000006c6fc0000, 0x00000006c6fc0000, 0x00000006c7830000)
 concurrent mark-sweep generation total 173440K, used 37923K [0x00000006d78c0000, 0x00000006e2220000, 0x00000007c0000000)
 Metaspace       used 49286K, capacity 51383K, committed 51600K, reserved 1093632K
  class space    used 6388K, capacity 6784K, committed 6828K, reserved 1048576K
}
2018-10-12T10:41:58.117+0800: 16.668: Application time: 0.0500839 seconds
2018-10-12T10:41:58.119+0800: 16.670: Application time: 0.0022761 seconds
{Heap before GC invocations=55 (full 2):
 par new generation   total 78016K, used 76585K [0x00000006c2c00000, 0x00000006c80a0000, 0x00000006d78c0000)
  eden space 69376K, 100% used [0x00000006c2c00000, 0x00000006c6fc0000, 0x00000006c6fc0000)
  from space 8640K,  83% used [0x00000006c7830000, 0x00000006c7f3a760, 0x00000006c80a0000)
  to   space 8640K,   0% used [0x00000006c6fc0000, 0x00000006c6fc0000, 0x00000006c7830000)
 concurrent mark-sweep generation total 173440K, used 37923K [0x00000006d78c0000, 0x00000006e2220000, 0x00000007c0000000)
 Metaspace       used 49292K, capacity 51383K, committed 51600K, reserved 1093632K
  class space    used 6388K, capacity 6784K, committed 6828K, reserved 1048576K
2018-10-12T10:41:58.119+0800: 16.670: [GC (Allocation Failure) 2018-10-12T10:41:58.119+0800: 16.670: [ParNew: 76585K->4157K(78016K), 0.0050530 secs] 114509K->44270K(251456K), 0.0051140 secs] [Times: user=0.00 sys=0.00, real=0.01 secs] 
Heap after GC invocations=56 (full 2):
 par new generation   total 78016K, used 4157K [0x00000006c2c00000, 0x00000006c80a0000, 0x00000006d78c0000)
  eden space 69376K,   0% used [0x00000006c2c00000, 0x00000006c2c00000, 0x00000006c6fc0000)
  from space 8640K,  48% used [0x00000006c6fc0000, 0x00000006c73cf740, 0x00000006c7830000)
  to   space 8640K,   0% used [0x00000006c7830000, 0x00000006c7830000, 0x00000006c80a0000)
 concurrent mark-sweep generation total 173440K, used 40112K [0x00000006d78c0000, 0x00000006e2220000, 0x00000007c0000000)
 Metaspace       used 49292K, capacity 51383K, committed 51600K, reserved 1093632K
  class space    used 6388K, capacity 6784K, committed 6828K, reserved 1048576K
}
2018-10-12T10:41:58.272+0800: 16.822: Application time: 0.1465233 seconds
2018-10-12T10:41:58.289+0800: 16.839: Application time: 0.0168572 seconds
{Heap before GC invocations=56 (full 2):
 par new generation   total 78016K, used 73533K [0x00000006c2c00000, 0x00000006c80a0000, 0x00000006d78c0000)
  eden space 69376K, 100% used [0x00000006c2c00000, 0x00000006c6fc0000, 0x00000006c6fc0000)
  from space 8640K,  48% used [0x00000006c6fc0000, 0x00000006c73cf740, 0x00000006c7830000)
  to   space 8640K,   0% used [0x00000006c7830000, 0x00000006c7830000, 0x00000006c80a0000)
 concurrent mark-sweep generation total 173440K, used 40112K [0x00000006d78c0000, 0x00000006e2220000, 0x00000007c0000000)
 Metaspace       used 50490K, capacity 52549K, committed 52880K, reserved 1095680K
  class space    used 6645K, capacity 7047K, committed 7084K, reserved 1048576K
2018-10-12T10:41:58.289+0800: 16.839: [GC (Allocation Failure) 2018-10-12T10:41:58.289+0800: 16.839: [ParNew: 73533K->2945K(78016K), 0.0032346 secs] 113646K->43057K(251456K), 0.0033012 secs] [Times: user=0.00 sys=0.00, real=0.00 secs] 
Heap after GC invocations=57 (full 2):
 par new generation   total 78016K, used 2945K [0x00000006c2c00000, 0x00000006c80a0000, 0x00000006d78c0000)
  eden space 69376K,   0% used [0x00000006c2c00000, 0x00000006c2c00000, 0x00000006c6fc0000)
  from space 8640K,  34% used [0x00000006c7830000, 0x00000006c7b10590, 0x00000006c80a0000)
  to   space 8640K,   0% used [0x00000006c6fc0000, 0x00000006c6fc0000, 0x00000006c7830000)
 concurrent mark-sweep generation total 173440K, used 40112K [0x00000006d78c0000, 0x00000006e2220000, 0x00000007c0000000)
 Metaspace       used 50490K, capacity 52549K, committed 52880K, reserved 1095680K
  class space    used 6645K, capacity 7047K, committed 7084K, reserved 1048576K
}
2018-10-12T10:41:58.310+0800: 16.860: Application time: 0.0174052 seconds
2018-10-12T10:41:58.399+0800: 16.950: Application time: 0.0895220 seconds
2018-10-12T10:41:58.456+0800: 17.007: Application time: 0.0571909 seconds
2018-10-12T10:41:58.466+0800: 17.017: Application time: 0.0090422 seconds
2018-10-12T10:41:58.480+0800: 17.031: Application time: 0.0140592 seconds
{Heap before GC invocations=57 (full 2):
 par new generation   total 78016K, used 72321K [0x00000006c2c00000, 0x00000006c80a0000, 0x00000006d78c0000)
  eden space 69376K, 100% used [0x00000006c2c00000, 0x00000006c6fc0000, 0x00000006c6fc0000)
  from space 8640K,  34% used [0x00000006c7830000, 0x00000006c7b10590, 0x00000006c80a0000)
  to   space 8640K,   0% used [0x00000006c6fc0000, 0x00000006c6fc0000, 0x00000006c7830000)
 concurrent mark-sweep generation total 173440K, used 40112K [0x00000006d78c0000, 0x00000006e2220000, 0x00000007c0000000)
 Metaspace       used 52338K, capacity 54423K, committed 54672K, reserved 1097728K
  class space    used 6904K, capacity 7306K, committed 7340K, reserved 1048576K
2018-10-12T10:41:58.481+0800: 17.032: [GC (Allocation Failure) 2018-10-12T10:41:58.481+0800: 17.032: [ParNew: 72321K->3250K(78016K), 0.0026718 secs] 112433K->43363K(251456K), 0.0027222 secs] [Times: user=0.00 sys=0.00, real=0.00 secs] 
Heap after GC invocations=58 (full 2):
 par new generation   total 78016K, used 3250K [0x00000006c2c00000, 0x00000006c80a0000, 0x00000006d78c0000)
  eden space 69376K,   0% used [0x00000006c2c00000, 0x00000006c2c00000, 0x00000006c6fc0000)
  from space 8640K,  37% used [0x00000006c6fc0000, 0x00000006c72ecbc8, 0x00000006c7830000)
  to   space 8640K,   0% used [0x00000006c7830000, 0x00000006c7830000, 0x00000006c80a0000)
 concurrent mark-sweep generation total 173440K, used 40112K [0x00000006d78c0000, 0x00000006e2220000, 0x00000007c0000000)
 Metaspace       used 52338K, capacity 54423K, committed 54672K, reserved 1097728K
  class space    used 6904K, capacity 7306K, committed 7340K, reserved 1048576K
}
2018-10-12T10:41:58.524+0800: 17.075: Application time: 0.0409864 seconds
2018-10-12T10:41:58.632+0800: 17.182: Application time: 0.1068094 seconds
{Heap before GC invocations=58 (full 2):
 par new generation   total 78016K, used 72626K [0x00000006c2c00000, 0x00000006c80a0000, 0x00000006d78c0000)
  eden space 69376K, 100% used [0x00000006c2c00000, 0x00000006c6fc0000, 0x00000006c6fc0000)
  from space 8640K,  37% used [0x00000006c6fc0000, 0x00000006c72ecbc8, 0x00000006c7830000)
  to   space 8640K,   0% used [0x00000006c7830000, 0x00000006c7830000, 0x00000006c80a0000)
 concurrent mark-sweep generation total 173440K, used 40112K [0x00000006d78c0000, 0x00000006e2220000, 0x00000007c0000000)
 Metaspace       used 53619K, capacity 55683K, committed 55824K, reserved 1097728K
  class space    used 7062K, capacity 7468K, committed 7468K, reserved 1048576K
2018-10-12T10:41:58.632+0800: 17.182: [GC (Allocation Failure) 2018-10-12T10:41:58.632+0800: 17.183: [ParNew: 72626K->4076K(78016K), 0.0028460 secs] 112739K->44188K(251456K), 0.0030896 secs] [Times: user=0.00 sys=0.00, real=0.00 secs] 
Heap after GC invocations=59 (full 2):
 par new generation   total 78016K, used 4076K [0x00000006c2c00000, 0x00000006c80a0000, 0x00000006d78c0000)
  eden space 69376K,   0% used [0x00000006c2c00000, 0x00000006c2c00000, 0x00000006c6fc0000)
  from space 8640K,  47% used [0x00000006c7830000, 0x00000006c7c2b170, 0x00000006c80a0000)
  to   space 8640K,   0% used [0x00000006c6fc0000, 0x00000006c6fc0000, 0x00000006c7830000)
 concurrent mark-sweep generation total 173440K, used 40112K [0x00000006d78c0000, 0x00000006e2220000, 0x00000007c0000000)
 Metaspace       used 53619K, capacity 55683K, committed 55824K, reserved 1097728K
  class space    used 7062K, capacity 7468K, committed 7468K, reserved 1048576K
}
2018-10-12T10:41:58.680+0800: 17.230: Application time: 0.0445757 seconds
2018-10-12T10:41:58.762+0800: 17.314: Application time: 0.0833357 seconds
2018-10-12T10:41:58.859+0800: 17.410: Application time: 0.0963818 seconds
2018-10-12T10:41:58.879+0800: 17.430: Application time: 0.0192342 seconds
{Heap before GC invocations=59 (full 2):
 par new generation   total 78016K, used 73452K [0x00000006c2c00000, 0x00000006c80a0000, 0x00000006d78c0000)
  eden space 69376K, 100% used [0x00000006c2c00000, 0x00000006c6fc0000, 0x00000006c6fc0000)
  from space 8640K,  47% used [0x00000006c7830000, 0x00000006c7c2b170, 0x00000006c80a0000)
  to   space 8640K,   0% used [0x00000006c6fc0000, 0x00000006c6fc0000, 0x00000006c7830000)
 concurrent mark-sweep generation total 173440K, used 40112K [0x00000006d78c0000, 0x00000006e2220000, 0x00000007c0000000)
 Metaspace       used 55375K, capacity 57545K, committed 57872K, reserved 1099776K
  class space    used 7304K, capacity 7715K, committed 7724K, reserved 1048576K
2018-10-12T10:41:58.879+0800: 17.430: [GC (Allocation Failure) 2018-10-12T10:41:58.879+0800: 17.430: [ParNew: 73452K->4983K(78016K), 0.0038439 secs] 113564K->45096K(251456K), 0.0038932 secs] [Times: user=0.00 sys=0.00, real=0.00 secs] 
Heap after GC invocations=60 (full 2):
 par new generation   total 78016K, used 4983K [0x00000006c2c00000, 0x00000006c80a0000, 0x00000006d78c0000)
  eden space 69376K,   0% used [0x00000006c2c00000, 0x00000006c2c00000, 0x00000006c6fc0000)
  from space 8640K,  57% used [0x00000006c6fc0000, 0x00000006c749dfa8, 0x00000006c7830000)
  to   space 8640K,   0% used [0x00000006c7830000, 0x00000006c7830000, 0x00000006c80a0000)
 concurrent mark-sweep generation total 173440K, used 40112K [0x00000006d78c0000, 0x00000006e2220000, 0x00000007c0000000)
 Metaspace       used 55375K, capacity 57545K, committed 57872K, reserved 1099776K
  class space    used 7304K, capacity 7715K, committed 7724K, reserved 1048576K
}
2018-10-12T10:41:59.016+0800: 17.566: Application time: 0.1324704 seconds
2018-10-12T10:41:59.081+0800: 17.631: Application time: 0.0647493 seconds
{Heap before GC invocations=60 (full 2):
 par new generation   total 78016K, used 74359K [0x00000006c2c00000, 0x00000006c80a0000, 0x00000006d78c0000)
  eden space 69376K, 100% used [0x00000006c2c00000, 0x00000006c6fc0000, 0x00000006c6fc0000)
  from space 8640K,  57% used [0x00000006c6fc0000, 0x00000006c749dfa8, 0x00000006c7830000)
  to   space 8640K,   0% used [0x00000006c7830000, 0x00000006c7830000, 0x00000006c80a0000)
 concurrent mark-sweep generation total 173440K, used 40112K [0x00000006d78c0000, 0x00000006e2220000, 0x00000007c0000000)
 Metaspace       used 56546K, capacity 58725K, committed 59024K, reserved 1099776K
  class space    used 7442K, capacity 7849K, committed 7852K, reserved 1048576K
2018-10-12T10:41:59.081+0800: 17.631: [GC (Allocation Failure) 2018-10-12T10:41:59.081+0800: 17.631: [ParNew: 74359K->5723K(78016K), 0.0041242 secs] 114472K->45836K(251456K), 0.0041778 secs] [Times: user=0.00 sys=0.00, real=0.00 secs] 
Heap after GC invocations=61 (full 2):
 par new generation   total 78016K, used 5723K [0x00000006c2c00000, 0x00000006c80a0000, 0x00000006d78c0000)
  eden space 69376K,   0% used [0x00000006c2c00000, 0x00000006c2c00000, 0x00000006c6fc0000)
  from space 8640K,  66% used [0x00000006c7830000, 0x00000006c7dc6f18, 0x00000006c80a0000)
  to   space 8640K,   0% used [0x00000006c6fc0000, 0x00000006c6fc0000, 0x00000006c7830000)
 concurrent mark-sweep generation total 173440K, used 40112K [0x00000006d78c0000, 0x00000006e2220000, 0x00000007c0000000)
 Metaspace       used 56546K, capacity 58725K, committed 59024K, reserved 1099776K
  class space    used 7442K, capacity 7849K, committed 7852K, reserved 1048576K
}
2018-10-12T10:41:59.229+0800: 17.780: Application time: 0.1451071 seconds
2018-10-12T10:41:59.230+0800: 17.781: Application time: 0.0000247 seconds
2018-10-12T10:41:59.273+0800: 17.824: Application time: 0.0436018 seconds
2018-10-12T10:41:59.298+0800: 17.849: Application time: 0.0244251 seconds
{Heap before GC invocations=61 (full 2):
 par new generation   total 78016K, used 75099K [0x00000006c2c00000, 0x00000006c80a0000, 0x00000006d78c0000)
  eden space 69376K, 100% used [0x00000006c2c00000, 0x00000006c6fc0000, 0x00000006c6fc0000)
  from space 8640K,  66% used [0x00000006c7830000, 0x00000006c7dc6f18, 0x00000006c80a0000)
  to   space 8640K,   0% used [0x00000006c6fc0000, 0x00000006c6fc0000, 0x00000006c7830000)
 concurrent mark-sweep generation total 173440K, used 40112K [0x00000006d78c0000, 0x00000006e2220000, 0x00000007c0000000)
 Metaspace       used 57577K, capacity 59719K, committed 59920K, reserved 1101824K
  class space    used 7558K, capacity 7962K, committed 7980K, reserved 1048576K
2018-10-12T10:41:59.298+0800: 17.849: [GC (Allocation Failure) 2018-10-12T10:41:59.298+0800: 17.849: [ParNew: 75099K->5856K(78016K), 0.0058164 secs] 115212K->46922K(251456K), 0.0058704 secs] [Times: user=0.00 sys=0.00, real=0.01 secs] 
Heap after GC invocations=62 (full 2):
 par new generation   total 78016K, used 5856K [0x00000006c2c00000, 0x00000006c80a0000, 0x00000006d78c0000)
  eden space 69376K,   0% used [0x00000006c2c00000, 0x00000006c2c00000, 0x00000006c6fc0000)
  from space 8640K,  67% used [0x00000006c6fc0000, 0x00000006c7578220, 0x00000006c7830000)
  to   space 8640K,   0% used [0x00000006c7830000, 0x00000006c7830000, 0x00000006c80a0000)
 concurrent mark-sweep generation total 173440K, used 41066K [0x00000006d78c0000, 0x00000006e2220000, 0x00000007c0000000)
 Metaspace       used 57577K, capacity 59719K, committed 59920K, reserved 1101824K
  class space    used 7558K, capacity 7962K, committed 7980K, reserved 1048576K
}
2018-10-12T10:41:59.305+0800: 17.855: Application time: 0.0004535 seconds
2018-10-12T10:41:59.443+0800: 17.993: Application time: 0.1380037 seconds
2018-10-12T10:41:59.511+0800: 18.063: Application time: 0.0676763 seconds
2018-10-12T10:41:59.513+0800: 18.064: Application time: 0.0000377 seconds
2018-10-12T10:41:59.602+0800: 18.153: Application time: 0.0886257 seconds
{Heap before GC invocations=62 (full 2):
 par new generation   total 78016K, used 75232K [0x00000006c2c00000, 0x00000006c80a0000, 0x00000006d78c0000)
  eden space 69376K, 100% used [0x00000006c2c00000, 0x00000006c6fc0000, 0x00000006c6fc0000)
  from space 8640K,  67% used [0x00000006c6fc0000, 0x00000006c7578220, 0x00000006c7830000)
  to   space 8640K,   0% used [0x00000006c7830000, 0x00000006c7830000, 0x00000006c80a0000)
 concurrent mark-sweep generation total 173440K, used 41066K [0x00000006d78c0000, 0x00000006e2220000, 0x00000007c0000000)
 Metaspace       used 59585K, capacity 62145K, committed 62352K, reserved 1103872K
  class space    used 7873K, capacity 8355K, committed 8364K, reserved 1048576K
2018-10-12T10:41:59.603+0800: 18.154: [GC (Allocation Failure) 2018-10-12T10:41:59.603+0800: 18.154: [ParNew: 75232K->7538K(78016K), 0.0054028 secs] 116298K->48604K(251456K), 0.0055163 secs] [Times: user=0.00 sys=0.00, real=0.01 secs] 
Heap after GC invocations=63 (full 2):
 par new generation   total 78016K, used 7538K [0x00000006c2c00000, 0x00000006c80a0000, 0x00000006d78c0000)
  eden space 69376K,   0% used [0x00000006c2c00000, 0x00000006c2c00000, 0x00000006c6fc0000)
  from space 8640K,  87% used [0x00000006c7830000, 0x00000006c7f8c988, 0x00000006c80a0000)
  to   space 8640K,   0% used [0x00000006c6fc0000, 0x00000006c6fc0000, 0x00000006c7830000)
 concurrent mark-sweep generation total 173440K, used 41066K [0x00000006d78c0000, 0x00000006e2220000, 0x00000007c0000000)
 Metaspace       used 59585K, capacity 62145K, committed 62352K, reserved 1103872K
  class space    used 7873K, capacity 8355K, committed 8364K, reserved 1048576K
}
2018-10-12T10:41:59.709+0800: 18.259: Application time: 0.1000455 seconds
2018-10-12T10:41:59.741+0800: 18.291: Application time: 0.0118384 seconds
2018-10-12T10:41:59.898+0800: 18.449: Application time: 0.1567886 seconds
2018-10-12T10:41:59.898+0800: 18.449: Application time: 0.0000427 seconds
2018-10-12T10:41:59.913+0800: 18.464: Application time: 0.0151054 seconds
2018-10-12T10:42:00.033+0800: 18.584: Application time: 0.1187825 seconds
{Heap before GC invocations=63 (full 2):
 par new generation   total 78016K, used 76914K [0x00000006c2c00000, 0x00000006c80a0000, 0x00000006d78c0000)
  eden space 69376K, 100% used [0x00000006c2c00000, 0x00000006c6fc0000, 0x00000006c6fc0000)
  from space 8640K,  87% used [0x00000006c7830000, 0x00000006c7f8c988, 0x00000006c80a0000)
  to   space 8640K,   0% used [0x00000006c6fc0000, 0x00000006c6fc0000, 0x00000006c7830000)
 concurrent mark-sweep generation total 173440K, used 41066K [0x00000006d78c0000, 0x00000006e2220000, 0x00000007c0000000)
 Metaspace       used 61116K, capacity 63739K, committed 63888K, reserved 1103872K
  class space    used 8051K, capacity 8534K, committed 8620K, reserved 1048576K
2018-10-12T10:42:00.033+0800: 18.584: [GC (Allocation Failure) 2018-10-12T10:42:00.033+0800: 18.584: [ParNew: 76914K->5994K(78016K), 0.0077734 secs] 117980K->48475K(251456K), 0.0078323 secs] [Times: user=0.00 sys=0.00, real=0.01 secs] 
Heap after GC invocations=64 (full 2):
 par new generation   total 78016K, used 5994K [0x00000006c2c00000, 0x00000006c80a0000, 0x00000006d78c0000)
  eden space 69376K,   0% used [0x00000006c2c00000, 0x00000006c2c00000, 0x00000006c6fc0000)
  from space 8640K,  69% used [0x00000006c6fc0000, 0x00000006c759aa50, 0x00000006c7830000)
  to   space 8640K,   0% used [0x00000006c7830000, 0x00000006c7830000, 0x00000006c80a0000)
 concurrent mark-sweep generation total 173440K, used 42481K [0x00000006d78c0000, 0x00000006e2220000, 0x00000007c0000000)
 Metaspace       used 61116K, capacity 63739K, committed 63888K, reserved 1103872K
  class space    used 8051K, capacity 8534K, committed 8620K, reserved 1048576K
}
2018-10-12T10:42:00.083+0800: 18.634: Application time: 0.0422608 seconds
2018-10-12T10:42:00.237+0800: 18.788: Application time: 0.1534197 seconds
{Heap before GC invocations=64 (full 2):
 par new generation   total 78016K, used 75370K [0x00000006c2c00000, 0x00000006c80a0000, 0x00000006d78c0000)
  eden space 69376K, 100% used [0x00000006c2c00000, 0x00000006c6fc0000, 0x00000006c6fc0000)
  from space 8640K,  69% used [0x00000006c6fc0000, 0x00000006c759aa50, 0x00000006c7830000)
  to   space 8640K,   0% used [0x00000006c7830000, 0x00000006c7830000, 0x00000006c80a0000)
 concurrent mark-sweep generation total 173440K, used 42481K [0x00000006d78c0000, 0x00000006e2220000, 0x00000007c0000000)
 Metaspace       used 61274K, capacity 63921K, committed 64144K, reserved 1105920K
  class space    used 8065K, capacity 8543K, committed 8620K, reserved 1048576K
2018-10-12T10:42:00.237+0800: 18.788: [GC (Allocation Failure) 2018-10-12T10:42:00.238+0800: 18.788: [ParNew: 75370K->3807K(78016K), 0.0064825 secs] 117851K->47620K(251456K), 0.0065453 secs] [Times: user=0.00 sys=0.00, real=0.01 secs] 
Heap after GC invocations=65 (full 2):
 par new generation   total 78016K, used 3807K [0x00000006c2c00000, 0x00000006c80a0000, 0x00000006d78c0000)
  eden space 69376K,   0% used [0x00000006c2c00000, 0x00000006c2c00000, 0x00000006c6fc0000)
  from space 8640K,  44% used [0x00000006c7830000, 0x00000006c7be7c98, 0x00000006c80a0000)
  to   space 8640K,   0% used [0x00000006c6fc0000, 0x00000006c6fc0000, 0x00000006c7830000)
 concurrent mark-sweep generation total 173440K, used 43813K [0x00000006d78c0000, 0x00000006e2220000, 0x00000007c0000000)
 Metaspace       used 61274K, capacity 63921K, committed 64144K, reserved 1105920K
  class space    used 8065K, capacity 8543K, committed 8620K, reserved 1048576K
}
2018-10-12T10:42:00.373+0800: 18.924: Application time: 0.1293935 seconds
2018-10-12T10:42:00.373+0800: 18.924: Application time: 0.0000367 seconds
2018-10-12T10:42:00.554+0800: 19.104: Application time: 0.1803572 seconds
2018-10-12T10:42:00.716+0800: 19.267: Application time: 0.1617302 seconds
2018-10-12T10:42:00.798+0800: 19.349: Application time: 0.0800423 seconds
{Heap before GC invocations=65 (full 2):
 par new generation   total 78016K, used 73183K [0x00000006c2c00000, 0x00000006c80a0000, 0x00000006d78c0000)
  eden space 69376K, 100% used [0x00000006c2c00000, 0x00000006c6fc0000, 0x00000006c6fc0000)
  from space 8640K,  44% used [0x00000006c7830000, 0x00000006c7be7c98, 0x00000006c80a0000)
  to   space 8640K,   0% used [0x00000006c6fc0000, 0x00000006c6fc0000, 0x00000006c7830000)
 concurrent mark-sweep generation total 173440K, used 43813K [0x00000006d78c0000, 0x00000006e2220000, 0x00000007c0000000)
 Metaspace       used 61640K, capacity 64319K, committed 64400K, reserved 1105920K
  class space    used 8119K, capacity 8608K, committed 8620K, reserved 1048576K
2018-10-12T10:42:00.800+0800: 19.351: [GC (Allocation Failure) 2018-10-12T10:42:00.800+0800: 19.351: [ParNew: 73183K->6794K(78016K), 0.0050230 secs] 116996K->50608K(251456K), 0.0051500 secs] [Times: user=0.00 sys=0.00, real=0.01 secs] 
Heap after GC invocations=66 (full 2):
 par new generation   total 78016K, used 6794K [0x00000006c2c00000, 0x00000006c80a0000, 0x00000006d78c0000)
  eden space 69376K,   0% used [0x00000006c2c00000, 0x00000006c2c00000, 0x00000006c6fc0000)
  from space 8640K,  78% used [0x00000006c6fc0000, 0x00000006c7662bc8, 0x00000006c7830000)
  to   space 8640K,   0% used [0x00000006c7830000, 0x00000006c7830000, 0x00000006c80a0000)
 concurrent mark-sweep generation total 173440K, used 43813K [0x00000006d78c0000, 0x00000006e2220000, 0x00000007c0000000)
 Metaspace       used 61640K, capacity 64319K, committed 64400K, reserved 1105920K
  class space    used 8119K, capacity 8608K, committed 8620K, reserved 1048576K
}
2018-10-12T10:42:00.845+0800: 19.395: Application time: 0.0388129 seconds
2018-10-12T10:42:01.062+0800: 19.613: Application time: 0.2172861 seconds
2018-10-12T10:42:01.299+0800: 19.850: Application time: 0.2247019 seconds
{Heap before GC invocations=66 (full 2):
 par new generation   total 78016K, used 76170K [0x00000006c2c00000, 0x00000006c80a0000, 0x00000006d78c0000)
  eden space 69376K, 100% used [0x00000006c2c00000, 0x00000006c6fc0000, 0x00000006c6fc0000)
  from space 8640K,  78% used [0x00000006c6fc0000, 0x00000006c7662bc8, 0x00000006c7830000)
  to   space 8640K,   0% used [0x00000006c7830000, 0x00000006c7830000, 0x00000006c80a0000)
 concurrent mark-sweep generation total 173440K, used 43813K [0x00000006d78c0000, 0x00000006e2220000, 0x00000007c0000000)
 Metaspace       used 62970K, capacity 65681K, committed 65936K, reserved 1105920K
  class space    used 8304K, capacity 8789K, committed 8876K, reserved 1048576K
2018-10-12T10:42:01.310+0800: 19.860: [GC (Allocation Failure) 2018-10-12T10:42:01.310+0800: 19.860: [ParNew: 76170K->7629K(78016K), 0.0066916 secs] 119984K->51442K(251456K), 0.0067530 secs] [Times: user=0.06 sys=0.00, real=0.01 secs] 
Heap after GC invocations=67 (full 2):
 par new generation   total 78016K, used 7629K [0x00000006c2c00000, 0x00000006c80a0000, 0x00000006d78c0000)
  eden space 69376K,   0% used [0x00000006c2c00000, 0x00000006c2c00000, 0x00000006c6fc0000)
  from space 8640K,  88% used [0x00000006c7830000, 0x00000006c7fa3400, 0x00000006c80a0000)
  to   space 8640K,   0% used [0x00000006c6fc0000, 0x00000006c6fc0000, 0x00000006c7830000)
 concurrent mark-sweep generation total 173440K, used 43813K [0x00000006d78c0000, 0x00000006e2220000, 0x00000007c0000000)
 Metaspace       used 62970K, capacity 65681K, committed 65936K, reserved 1105920K
  class space    used 8304K, capacity 8789K, committed 8876K, reserved 1048576K
}
2018-10-12T10:42:01.938+0800: 20.489: Application time: 0.6223096 seconds
2018-10-12T10:42:02.017+0800: 20.568: Application time: 0.0780630 seconds
{Heap before GC invocations=67 (full 2):
 par new generation   total 78016K, used 77005K [0x00000006c2c00000, 0x00000006c80a0000, 0x00000006d78c0000)
  eden space 69376K, 100% used [0x00000006c2c00000, 0x00000006c6fc0000, 0x00000006c6fc0000)
  from space 8640K,  88% used [0x00000006c7830000, 0x00000006c7fa3400, 0x00000006c80a0000)
  to   space 8640K,   0% used [0x00000006c6fc0000, 0x00000006c6fc0000, 0x00000006c7830000)
 concurrent mark-sweep generation total 173440K, used 43813K [0x00000006d78c0000, 0x00000006e2220000, 0x00000007c0000000)
 Metaspace       used 63048K, capacity 65755K, committed 65936K, reserved 1105920K
  class space    used 8313K, capacity 8790K, committed 8876K, reserved 1048576K
2018-10-12T10:42:02.020+0800: 20.571: [GC (Allocation Failure) 2018-10-12T10:42:02.025+0800: 20.576: [ParNew: 77005K->4520K(78016K), 0.0080594 secs] 120818K->50375K(251456K), 0.0127517 secs] [Times: user=0.01 sys=0.00, real=0.01 secs] 
Heap after GC invocations=68 (full 2):
 par new generation   total 78016K, used 4520K [0x00000006c2c00000, 0x00000006c80a0000, 0x00000006d78c0000)
  eden space 69376K,   0% used [0x00000006c2c00000, 0x00000006c2c00000, 0x00000006c6fc0000)
  from space 8640K,  52% used [0x00000006c6fc0000, 0x00000006c742a160, 0x00000006c7830000)
  to   space 8640K,   0% used [0x00000006c7830000, 0x00000006c7830000, 0x00000006c80a0000)
 concurrent mark-sweep generation total 173440K, used 45854K [0x00000006d78c0000, 0x00000006e2220000, 0x00000007c0000000)
 Metaspace       used 63048K, capacity 65755K, committed 65936K, reserved 1105920K
  class space    used 8313K, capacity 8790K, committed 8876K, reserved 1048576K
}
2018-10-12T10:42:02.231+0800: 20.782: Application time: 0.1984524 seconds
{Heap before GC invocations=68 (full 2):
 par new generation   total 78016K, used 73896K [0x00000006c2c00000, 0x00000006c80a0000, 0x00000006d78c0000)
  eden space 69376K, 100% used [0x00000006c2c00000, 0x00000006c6fc0000, 0x00000006c6fc0000)
  from space 8640K,  52% used [0x00000006c6fc0000, 0x00000006c742a160, 0x00000006c7830000)
  to   space 8640K,   0% used [0x00000006c7830000, 0x00000006c7830000, 0x00000006c80a0000)
 concurrent mark-sweep generation total 173440K, used 45854K [0x00000006d78c0000, 0x00000006e2220000, 0x00000007c0000000)
 Metaspace       used 63160K, capacity 65853K, committed 65936K, reserved 1105920K
  class space    used 8332K, capacity 8823K, committed 8876K, reserved 1048576K
2018-10-12T10:42:02.231+0800: 20.782: [GC (Allocation Failure) 2018-10-12T10:42:02.231+0800: 20.782: [ParNew: 73896K->5465K(78016K), 0.0047988 secs] 119751K->51320K(251456K), 0.0048682 secs] [Times: user=0.06 sys=0.00, real=0.01 secs] 
Heap after GC invocations=69 (full 2):
 par new generation   total 78016K, used 5465K [0x00000006c2c00000, 0x00000006c80a0000, 0x00000006d78c0000)
  eden space 69376K,   0% used [0x00000006c2c00000, 0x00000006c2c00000, 0x00000006c6fc0000)
  from space 8640K,  63% used [0x00000006c7830000, 0x00000006c7d865a0, 0x00000006c80a0000)
  to   space 8640K,   0% used [0x00000006c6fc0000, 0x00000006c6fc0000, 0x00000006c7830000)
 concurrent mark-sweep generation total 173440K, used 45854K [0x00000006d78c0000, 0x00000006e2220000, 0x00000007c0000000)
 Metaspace       used 63160K, capacity 65853K, committed 65936K, reserved 1105920K
  class space    used 8332K, capacity 8823K, committed 8876K, reserved 1048576K
}
2018-10-12T10:42:02.398+0800: 20.948: Application time: 0.1608733 seconds
{Heap before GC invocations=69 (full 2):
 par new generation   total 78016K, used 74841K [0x00000006c2c00000, 0x00000006c80a0000, 0x00000006d78c0000)
  eden space 69376K, 100% used [0x00000006c2c00000, 0x00000006c6fc0000, 0x00000006c6fc0000)
  from space 8640K,  63% used [0x00000006c7830000, 0x00000006c7d865a0, 0x00000006c80a0000)
  to   space 8640K,   0% used [0x00000006c6fc0000, 0x00000006c6fc0000, 0x00000006c7830000)
 concurrent mark-sweep generation total 173440K, used 45854K [0x00000006d78c0000, 0x00000006e2220000, 0x00000007c0000000)
 Metaspace       used 63247K, capacity 65949K, committed 66192K, reserved 1105920K
  class space    used 8343K, capacity 8855K, committed 8876K, reserved 1048576K
2018-10-12T10:42:02.398+0800: 20.948: [GC (Allocation Failure) 2018-10-12T10:42:02.398+0800: 20.949: [ParNew: 74841K->6241K(78016K), 0.0051926 secs] 120696K->52096K(251456K), 0.0054282 secs] [Times: user=0.00 sys=0.00, real=0.01 secs] 
Heap after GC invocations=70 (full 2):
 par new generation   total 78016K, used 6241K [0x00000006c2c00000, 0x00000006c80a0000, 0x00000006d78c0000)
  eden space 69376K,   0% used [0x00000006c2c00000, 0x00000006c2c00000, 0x00000006c6fc0000)
  from space 8640K,  72% used [0x00000006c6fc0000, 0x00000006c75d87b8, 0x00000006c7830000)
  to   space 8640K,   0% used [0x00000006c7830000, 0x00000006c7830000, 0x00000006c80a0000)
 concurrent mark-sweep generation total 173440K, used 45854K [0x00000006d78c0000, 0x00000006e2220000, 0x00000007c0000000)
 Metaspace       used 63247K, capacity 65949K, committed 66192K, reserved 1105920K
  class space    used 8343K, capacity 8855K, committed 8876K, reserved 1048576K
}
2018-10-12T10:42:02.571+0800: 21.122: Application time: 0.1681023 seconds
{Heap before GC invocations=70 (full 2):
 par new generation   total 78016K, used 75617K [0x00000006c2c00000, 0x00000006c80a0000, 0x00000006d78c0000)
  eden space 69376K, 100% used [0x00000006c2c00000, 0x00000006c6fc0000, 0x00000006c6fc0000)
  from space 8640K,  72% used [0x00000006c6fc0000, 0x00000006c75d87b8, 0x00000006c7830000)
  to   space 8640K,   0% used [0x00000006c7830000, 0x00000006c7830000, 0x00000006c80a0000)
 concurrent mark-sweep generation total 173440K, used 45854K [0x00000006d78c0000, 0x00000006e2220000, 0x00000007c0000000)
 Metaspace       used 63378K, capacity 66119K, committed 66320K, reserved 1105920K
  class space    used 8361K, capacity 8890K, committed 9004K, reserved 1048576K
2018-10-12T10:42:02.571+0800: 21.122: [GC (Allocation Failure) 2018-10-12T10:42:02.571+0800: 21.122: [ParNew: 75617K->5807K(78016K), 0.0055604 secs] 121472K->51662K(251456K), 0.0056137 secs] [Times: user=0.00 sys=0.00, real=0.01 secs] 
Heap after GC invocations=71 (full 2):
 par new generation   total 78016K, used 5807K [0x00000006c2c00000, 0x00000006c80a0000, 0x00000006d78c0000)
  eden space 69376K,   0% used [0x00000006c2c00000, 0x00000006c2c00000, 0x00000006c6fc0000)
  from space 8640K,  67% used [0x00000006c7830000, 0x00000006c7ddbf58, 0x00000006c80a0000)
  to   space 8640K,   0% used [0x00000006c6fc0000, 0x00000006c6fc0000, 0x00000006c7830000)
 concurrent mark-sweep generation total 173440K, used 45854K [0x00000006d78c0000, 0x00000006e2220000, 0x00000007c0000000)
 Metaspace       used 63378K, capacity 66119K, committed 66320K, reserved 1105920K
  class space    used 8361K, capacity 8890K, committed 9004K, reserved 1048576K
}
2018-10-12T10:42:02.737+0800: 21.287: Application time: 0.1595680 seconds
2018-10-12T10:42:02.937+0800: 21.489: Application time: 0.0114897 seconds
{Heap before GC invocations=71 (full 2):
 par new generation   total 78016K, used 75183K [0x00000006c2c00000, 0x00000006c80a0000, 0x00000006d78c0000)
  eden space 69376K, 100% used [0x00000006c2c00000, 0x00000006c6fc0000, 0x00000006c6fc0000)
  from space 8640K,  67% used [0x00000006c7830000, 0x00000006c7ddbf58, 0x00000006c80a0000)
  to   space 8640K,   0% used [0x00000006c6fc0000, 0x00000006c6fc0000, 0x00000006c7830000)
 concurrent mark-sweep generation total 173440K, used 45854K [0x00000006d78c0000, 0x00000006e2220000, 0x00000007c0000000)
 Metaspace       used 63478K, capacity 66189K, committed 66320K, reserved 1105920K
  class space    used 8371K, capacity 8891K, committed 9004K, reserved 1048576K
2018-10-12T10:42:02.938+0800: 21.489: [GC (Allocation Failure) 2018-10-12T10:42:02.938+0800: 21.489: [ParNew: 75183K->7216K(78016K), 0.0060065 secs] 121038K->53070K(251456K), 0.0060752 secs] [Times: user=0.00 sys=0.00, real=0.01 secs] 
Heap after GC invocations=72 (full 2):
 par new generation   total 78016K, used 7216K [0x00000006c2c00000, 0x00000006c80a0000, 0x00000006d78c0000)
  eden space 69376K,   0% used [0x00000006c2c00000, 0x00000006c2c00000, 0x00000006c6fc0000)
  from space 8640K,  83% used [0x00000006c6fc0000, 0x00000006c76cc008, 0x00000006c7830000)
  to   space 8640K,   0% used [0x00000006c7830000, 0x00000006c7830000, 0x00000006c80a0000)
 concurrent mark-sweep generation total 173440K, used 45854K [0x00000006d78c0000, 0x00000006e2220000, 0x00000007c0000000)
 Metaspace       used 63478K, capacity 66189K, committed 66320K, reserved 1105920K
  class space    used 8371K, capacity 8891K, committed 9004K, reserved 1048576K
}
2018-10-12T10:42:03.130+0800: 21.681: Application time: 0.1860879 seconds
{Heap before GC invocations=72 (full 2):
 par new generation   total 78016K, used 76592K [0x00000006c2c00000, 0x00000006c80a0000, 0x00000006d78c0000)
  eden space 69376K, 100% used [0x00000006c2c00000, 0x00000006c6fc0000, 0x00000006c6fc0000)
  from space 8640K,  83% used [0x00000006c6fc0000, 0x00000006c76cc008, 0x00000006c7830000)
  to   space 8640K,   0% used [0x00000006c7830000, 0x00000006c7830000, 0x00000006c80a0000)
 concurrent mark-sweep generation total 173440K, used 45854K [0x00000006d78c0000, 0x00000006e2220000, 0x00000007c0000000)
 Metaspace       used 63659K, capacity 66417K, committed 66576K, reserved 1107968K
  class space    used 8392K, capacity 8899K, committed 9004K, reserved 1048576K
2018-10-12T10:42:03.131+0800: 21.681: [GC (Allocation Failure) 2018-10-12T10:42:03.131+0800: 21.681: [ParNew: 76592K->5735K(78016K), 0.0072301 secs] 122446K->52374K(251456K), 0.0072865 secs] [Times: user=0.00 sys=0.00, real=0.01 secs] 
Heap after GC invocations=73 (full 2):
 par new generation   total 78016K, used 5735K [0x00000006c2c00000, 0x00000006c80a0000, 0x00000006d78c0000)
  eden space 69376K,   0% used [0x00000006c2c00000, 0x00000006c2c00000, 0x00000006c6fc0000)
  from space 8640K,  66% used [0x00000006c7830000, 0x00000006c7dc9f28, 0x00000006c80a0000)
  to   space 8640K,   0% used [0x00000006c6fc0000, 0x00000006c6fc0000, 0x00000006c7830000)
 concurrent mark-sweep generation total 173440K, used 46638K [0x00000006d78c0000, 0x00000006e2220000, 0x00000007c0000000)
 Metaspace       used 63659K, capacity 66417K, committed 66576K, reserved 1107968K
  class space    used 8392K, capacity 8899K, committed 9004K, reserved 1048576K
}
2018-10-12T10:42:03.238+0800: 21.788: Application time: 0.0998837 seconds
{Heap before GC invocations=73 (full 2):
 par new generation   total 78016K, used 75111K [0x00000006c2c00000, 0x00000006c80a0000, 0x00000006d78c0000)
  eden space 69376K, 100% used [0x00000006c2c00000, 0x00000006c6fc0000, 0x00000006c6fc0000)
  from space 8640K,  66% used [0x00000006c7830000, 0x00000006c7dc9f28, 0x00000006c80a0000)
  to   space 8640K,   0% used [0x00000006c6fc0000, 0x00000006c6fc0000, 0x00000006c7830000)
 concurrent mark-sweep generation total 173440K, used 46638K [0x00000006d78c0000, 0x00000006e2220000, 0x00000007c0000000)
 Metaspace       used 63679K, capacity 66481K, committed 66832K, reserved 1107968K
  class space    used 8395K, capacity 8899K, committed 9004K, reserved 1048576K
2018-10-12T10:42:03.238+0800: 21.788: [GC (Allocation Failure) 2018-10-12T10:42:03.238+0800: 21.788: [ParNew: 75111K->5658K(78016K), 0.0067724 secs] 121750K->53069K(251456K), 0.0068263 secs] [Times: user=0.00 sys=0.00, real=0.01 secs] 
Heap after GC invocations=74 (full 2):
 par new generation   total 78016K, used 5658K [0x00000006c2c00000, 0x00000006c80a0000, 0x00000006d78c0000)
  eden space 69376K,   0% used [0x00000006c2c00000, 0x00000006c2c00000, 0x00000006c6fc0000)
  from space 8640K,  65% used [0x00000006c6fc0000, 0x00000006c7546bc0, 0x00000006c7830000)
  to   space 8640K,   0% used [0x00000006c7830000, 0x00000006c7830000, 0x00000006c80a0000)
 concurrent mark-sweep generation total 173440K, used 47410K [0x00000006d78c0000, 0x00000006e2220000, 0x00000007c0000000)
 Metaspace       used 63679K, capacity 66481K, committed 66832K, reserved 1107968K
  class space    used 8395K, capacity 8899K, committed 9004K, reserved 1048576K
}
2018-10-12T10:42:03.323+0800: 21.874: Application time: 0.0783726 seconds
2018-10-12T10:42:03.384+0800: 21.935: Application time: 0.0603014 seconds
2018-10-12T10:42:03.398+0800: 21.949: Application time: 0.0135045 seconds
{Heap before GC invocations=74 (full 2):
 par new generation   total 78016K, used 75034K [0x00000006c2c00000, 0x00000006c80a0000, 0x00000006d78c0000)
  eden space 69376K, 100% used [0x00000006c2c00000, 0x00000006c6fc0000, 0x00000006c6fc0000)
  from space 8640K,  65% used [0x00000006c6fc0000, 0x00000006c7546bc0, 0x00000006c7830000)
  to   space 8640K,   0% used [0x00000006c7830000, 0x00000006c7830000, 0x00000006c80a0000)
 concurrent mark-sweep generation total 173440K, used 47410K [0x00000006d78c0000, 0x00000006e2220000, 0x00000007c0000000)
 Metaspace       used 63935K, capacity 66713K, committed 66832K, reserved 1107968K
  class space    used 8427K, capacity 8933K, committed 9004K, reserved 1048576K
2018-10-12T10:42:03.398+0800: 21.949: [GC (Allocation Failure) 2018-10-12T10:42:03.398+0800: 21.949: [ParNew: 75034K->6061K(78016K), 0.0059585 secs] 122445K->53472K(251456K), 0.0060333 secs] [Times: user=0.00 sys=0.00, real=0.01 secs] 
Heap after GC invocations=75 (full 2):
 par new generation   total 78016K, used 6061K [0x00000006c2c00000, 0x00000006c80a0000, 0x00000006d78c0000)
  eden space 69376K,   0% used [0x00000006c2c00000, 0x00000006c2c00000, 0x00000006c6fc0000)
  from space 8640K,  70% used [0x00000006c7830000, 0x00000006c7e1b5f0, 0x00000006c80a0000)
  to   space 8640K,   0% used [0x00000006c6fc0000, 0x00000006c6fc0000, 0x00000006c7830000)
 concurrent mark-sweep generation total 173440K, used 47410K [0x00000006d78c0000, 0x00000006e2220000, 0x00000007c0000000)
 Metaspace       used 63935K, capacity 66713K, committed 66832K, reserved 1107968K
  class space    used 8427K, capacity 8933K, committed 9004K, reserved 1048576K
}
2018-10-12T10:42:03.407+0800: 21.958: Application time: 0.0024955 seconds
2018-10-12T10:42:03.427+0800: 21.978: Application time: 0.0000811 seconds
2018-10-12T10:42:03.440+0800: 21.991: Application time: 0.0126783 seconds
2018-10-12T10:42:03.441+0800: 21.992: Application time: 0.0014965 seconds
2018-10-12T10:42:03.444+0800: 21.995: Application time: 0.0028266 seconds
2018-10-12T10:42:03.453+0800: 22.004: Application time: 0.0000455 seconds
2018-10-12T10:42:03.455+0800: 22.006: Application time: 0.0016189 seconds
2018-10-12T10:42:03.455+0800: 22.006: Application time: 0.0000324 seconds
2018-10-12T10:42:03.470+0800: 22.021: Application time: 0.0150641 seconds
2018-10-12T10:42:03.475+0800: 22.026: Application time: 0.0040738 seconds
2018-10-12T10:42:03.475+0800: 22.026: Application time: 0.0000324 seconds
2018-10-12T10:42:03.476+0800: 22.026: Application time: 0.0004626 seconds
2018-10-12T10:42:03.479+0800: 22.030: Application time: 0.0036954 seconds
2018-10-12T10:42:03.480+0800: 22.030: Application time: 0.0000913 seconds
2018-10-12T10:42:03.498+0800: 22.048: Application time: 0.0180113 seconds
2018-10-12T10:42:03.498+0800: 22.049: Application time: 0.0003590 seconds
2018-10-12T10:42:03.565+0800: 22.115: Application time: 0.0664432 seconds
{Heap before GC invocations=75 (full 2):
 par new generation   total 78016K, used 75437K [0x00000006c2c00000, 0x00000006c80a0000, 0x00000006d78c0000)
  eden space 69376K, 100% used [0x00000006c2c00000, 0x00000006c6fc0000, 0x00000006c6fc0000)
  from space 8640K,  70% used [0x00000006c7830000, 0x00000006c7e1b5f0, 0x00000006c80a0000)
  to   space 8640K,   0% used [0x00000006c6fc0000, 0x00000006c6fc0000, 0x00000006c7830000)
 concurrent mark-sweep generation total 173440K, used 47410K [0x00000006d78c0000, 0x00000006e2220000, 0x00000007c0000000)
 Metaspace       used 63998K, capacity 66809K, committed 67088K, reserved 1107968K
  class space    used 8438K, capacity 8965K, committed 9004K, reserved 1048576K
2018-10-12T10:42:03.565+0800: 22.116: [GC (Allocation Failure) 2018-10-12T10:42:03.565+0800: 22.116: [ParNew: 75437K->5081K(78016K), 0.0078503 secs] 122848K->53579K(251456K), 0.0079212 secs] [Times: user=0.00 sys=0.00, real=0.01 secs] 
Heap after GC invocations=76 (full 2):
 par new generation   total 78016K, used 5081K [0x00000006c2c00000, 0x00000006c80a0000, 0x00000006d78c0000)
  eden space 69376K,   0% used [0x00000006c2c00000, 0x00000006c2c00000, 0x00000006c6fc0000)
  from space 8640K,  58% used [0x00000006c6fc0000, 0x00000006c74b64c0, 0x00000006c7830000)
  to   space 8640K,   0% used [0x00000006c7830000, 0x00000006c7830000, 0x00000006c80a0000)
 concurrent mark-sweep generation total 173440K, used 48498K [0x00000006d78c0000, 0x00000006e2220000, 0x00000007c0000000)
 Metaspace       used 63998K, capacity 66809K, committed 67088K, reserved 1107968K
  class space    used 8438K, capacity 8965K, committed 9004K, reserved 1048576K
}
2018-10-12T10:42:03.590+0800: 22.140: Application time: 0.0166943 seconds
2018-10-12T10:42:03.590+0800: 22.140: Application time: 0.0001495 seconds
2018-10-12T10:42:03.590+0800: 22.141: Application time: 0.0000233 seconds
2018-10-12T10:42:03.590+0800: 22.141: Application time: 0.0000395 seconds
2018-10-12T10:42:03.590+0800: 22.141: Application time: 0.0000180 seconds
2018-10-12T10:42:03.590+0800: 22.141: Application time: 0.0000176 seconds
2018-10-12T10:42:03.591+0800: 22.141: Application time: 0.0001830 seconds
2018-10-12T10:42:03.591+0800: 22.141: Application time: 0.0000413 seconds
2018-10-12T10:42:03.591+0800: 22.141: Application time: 0.0000176 seconds
2018-10-12T10:42:03.591+0800: 22.141: Application time: 0.0000190 seconds
2018-10-12T10:42:03.591+0800: 22.141: Application time: 0.0000141 seconds
2018-10-12T10:42:03.591+0800: 22.141: Application time: 0.0000134 seconds
2018-10-12T10:42:03.591+0800: 22.141: Application time: 0.0000130 seconds
2018-10-12T10:42:03.591+0800: 22.141: Application time: 0.0000134 seconds
2018-10-12T10:42:03.591+0800: 22.141: Application time: 0.0000257 seconds
2018-10-12T10:42:03.591+0800: 22.141: Application time: 0.0000279 seconds
2018-10-12T10:42:03.596+0800: 22.147: Application time: 0.0051133 seconds
2018-10-12T10:42:03.598+0800: 22.148: Application time: 0.0010363 seconds
2018-10-12T10:42:03.602+0800: 22.152: Application time: 0.0043365 seconds
2018-10-12T10:42:03.606+0800: 22.156: Application time: 0.0040657 seconds
2018-10-12T10:42:03.606+0800: 22.157: Application time: 0.0000222 seconds
2018-10-12T10:42:03.607+0800: 22.157: Application time: 0.0003738 seconds
2018-10-12T10:42:03.609+0800: 22.160: Application time: 0.0025022 seconds
2018-10-12T10:42:03.609+0800: 22.160: Application time: 0.0000324 seconds
2018-10-12T10:42:03.610+0800: 22.160: Application time: 0.0004993 seconds
2018-10-12T10:42:03.647+0800: 22.198: Application time: 0.0374948 seconds
2018-10-12T10:42:03.647+0800: 22.198: Application time: 0.0000296 seconds
2018-10-12T10:42:03.647+0800: 22.199: Application time: 0.0005268 seconds
2018-10-12T10:42:03.648+0800: 22.199: Application time: 0.0005547 seconds
2018-10-12T10:42:03.648+0800: 22.199: Application time: 0.0000310 seconds
2018-10-12T10:42:03.649+0800: 22.200: Application time: 0.0007627 seconds
2018-10-12T10:42:03.693+0800: 22.244: Application time: 0.0434248 seconds
2018-10-12T10:42:03.702+0800: 22.253: Application time: 0.0093553 seconds
2018-10-12T10:42:03.775+0800: 22.326: Application time: 0.0723647 seconds
2018-10-12T10:42:03.940+0800: 22.491: Application time: 0.1648692 seconds
{Heap before GC invocations=76 (full 2):
 par new generation   total 78016K, used 74457K [0x00000006c2c00000, 0x00000006c80a0000, 0x00000006d78c0000)
  eden space 69376K, 100% used [0x00000006c2c00000, 0x00000006c6fc0000, 0x00000006c6fc0000)
  from space 8640K,  58% used [0x00000006c6fc0000, 0x00000006c74b64c0, 0x00000006c7830000)
  to   space 8640K,   0% used [0x00000006c7830000, 0x00000006c7830000, 0x00000006c80a0000)
 concurrent mark-sweep generation total 173440K, used 48498K [0x00000006d78c0000, 0x00000006e2220000, 0x00000007c0000000)
 Metaspace       used 64573K, capacity 67401K, committed 67728K, reserved 1107968K
  class space    used 8484K, capacity 9027K, committed 9132K, reserved 1048576K
2018-10-12T10:42:03.940+0800: 22.491: [GC (Allocation Failure) 2018-10-12T10:42:03.940+0800: 22.491: [ParNew: 74457K->7114K(78016K), 0.0076472 secs] 122955K->55957K(251456K), 0.0077156 secs] [Times: user=0.00 sys=0.00, real=0.01 secs] 
Heap after GC invocations=77 (full 2):
 par new generation   total 78016K, used 7114K [0x00000006c2c00000, 0x00000006c80a0000, 0x00000006d78c0000)
  eden space 69376K,   0% used [0x00000006c2c00000, 0x00000006c2c00000, 0x00000006c6fc0000)
  from space 8640K,  82% used [0x00000006c7830000, 0x00000006c7f22a80, 0x00000006c80a0000)
  to   space 8640K,   0% used [0x00000006c6fc0000, 0x00000006c6fc0000, 0x00000006c7830000)
 concurrent mark-sweep generation total 173440K, used 48843K [0x00000006d78c0000, 0x00000006e2220000, 0x00000007c0000000)
 Metaspace       used 64573K, capacity 67401K, committed 67728K, reserved 1107968K
  class space    used 8484K, capacity 9027K, committed 9132K, reserved 1048576K
}
2018-10-12T10:42:04.259+0800: 22.809: Application time: 0.3108984 seconds
{Heap before GC invocations=77 (full 2):
 par new generation   total 78016K, used 76490K [0x00000006c2c00000, 0x00000006c80a0000, 0x00000006d78c0000)
  eden space 69376K, 100% used [0x00000006c2c00000, 0x00000006c6fc0000, 0x00000006c6fc0000)
  from space 8640K,  82% used [0x00000006c7830000, 0x00000006c7f22a80, 0x00000006c80a0000)
  to   space 8640K,   0% used [0x00000006c6fc0000, 0x00000006c6fc0000, 0x00000006c7830000)
 concurrent mark-sweep generation total 173440K, used 48843K [0x00000006d78c0000, 0x00000006e2220000, 0x00000007c0000000)
 Metaspace       used 64979K, capacity 67925K, committed 68240K, reserved 1107968K
  class space    used 8505K, capacity 9047K, committed 9132K, reserved 1048576K
2018-10-12T10:42:04.259+0800: 22.810: [GC (Allocation Failure) 2018-10-12T10:42:04.259+0800: 22.810: [ParNew: 76490K->8002K(78016K), 0.0102128 secs] 125333K->57629K(251456K), 0.0102717 secs] [Times: user=0.06 sys=0.00, real=0.01 secs] 
Heap after GC invocations=78 (full 2):
 par new generation   total 78016K, used 8002K [0x00000006c2c00000, 0x00000006c80a0000, 0x00000006d78c0000)
  eden space 69376K,   0% used [0x00000006c2c00000, 0x00000006c2c00000, 0x00000006c6fc0000)
  from space 8640K,  92% used [0x00000006c6fc0000, 0x00000006c7790a70, 0x00000006c7830000)
  to   space 8640K,   0% used [0x00000006c7830000, 0x00000006c7830000, 0x00000006c80a0000)
 concurrent mark-sweep generation total 173440K, used 49626K [0x00000006d78c0000, 0x00000006e2220000, 0x00000007c0000000)
 Metaspace       used 64979K, capacity 67925K, committed 68240K, reserved 1107968K
  class space    used 8505K, capacity 9047K, committed 9132K, reserved 1048576K
}
2018-10-12T10:42:04.444+0800: 22.995: Application time: 0.1749230 seconds
2018-10-12T10:42:04.529+0800: 23.080: Application time: 0.0655857 seconds
{Heap before GC invocations=78 (full 2):
 par new generation   total 78016K, used 77378K [0x00000006c2c00000, 0x00000006c80a0000, 0x00000006d78c0000)
  eden space 69376K, 100% used [0x00000006c2c00000, 0x00000006c6fc0000, 0x00000006c6fc0000)
  from space 8640K,  92% used [0x00000006c6fc0000, 0x00000006c7790a70, 0x00000006c7830000)
  to   space 8640K,   0% used [0x00000006c7830000, 0x00000006c7830000, 0x00000006c80a0000)
 concurrent mark-sweep generation total 173440K, used 49626K [0x00000006d78c0000, 0x00000006e2220000, 0x00000007c0000000)
 Metaspace       used 65301K, capacity 68267K, committed 68496K, reserved 1107968K
  class space    used 8537K, capacity 9088K, committed 9132K, reserved 1048576K
2018-10-12T10:42:04.530+0800: 23.080: [GC (Allocation Failure) 2018-10-12T10:42:04.530+0800: 23.080: [ParNew: 77378K->7077K(78016K), 0.0094498 secs] 127005K->58481K(251456K), 0.0095090 secs] [Times: user=0.06 sys=0.00, real=0.01 secs] 
Heap after GC invocations=79 (full 2):
 par new generation   total 78016K, used 7077K [0x00000006c2c00000, 0x00000006c80a0000, 0x00000006d78c0000)
  eden space 69376K,   0% used [0x00000006c2c00000, 0x00000006c2c00000, 0x00000006c6fc0000)
  from space 8640K,  81% used [0x00000006c7830000, 0x00000006c7f19530, 0x00000006c80a0000)
  to   space 8640K,   0% used [0x00000006c6fc0000, 0x00000006c6fc0000, 0x00000006c7830000)
 concurrent mark-sweep generation total 173440K, used 51404K [0x00000006d78c0000, 0x00000006e2220000, 0x00000007c0000000)
 Metaspace       used 65301K, capacity 68267K, committed 68496K, reserved 1107968K
  class space    used 8537K, capacity 9088K, committed 9132K, reserved 1048576K
}
2018-10-12T10:42:04.593+0800: 23.144: Application time: 0.0540921 seconds
2018-10-12T10:42:04.598+0800: 23.149: Application time: 0.0000473 seconds
2018-10-12T10:42:04.673+0800: 23.224: Application time: 0.0747974 seconds
{Heap before GC invocations=79 (full 2):
 par new generation   total 78016K, used 76453K [0x00000006c2c00000, 0x00000006c80a0000, 0x00000006d78c0000)
  eden space 69376K, 100% used [0x00000006c2c00000, 0x00000006c6fc0000, 0x00000006c6fc0000)
  from space 8640K,  81% used [0x00000006c7830000, 0x00000006c7f19530, 0x00000006c80a0000)
  to   space 8640K,   0% used [0x00000006c6fc0000, 0x00000006c6fc0000, 0x00000006c7830000)
 concurrent mark-sweep generation total 173440K, used 51404K [0x00000006d78c0000, 0x00000006e2220000, 0x00000007c0000000)
 Metaspace       used 65354K, capacity 68331K, committed 68496K, reserved 1107968K
  class space    used 8542K, capacity 9088K, committed 9132K, reserved 1048576K
2018-10-12T10:42:04.673+0800: 23.224: [GC (Allocation Failure) 2018-10-12T10:42:04.673+0800: 23.224: [ParNew: 76453K->5263K(78016K), 0.0087646 secs] 127857K->58814K(251456K), 0.0088218 secs] [Times: user=0.00 sys=0.00, real=0.01 secs] 
Heap after GC invocations=80 (full 2):
 par new generation   total 78016K, used 5263K [0x00000006c2c00000, 0x00000006c80a0000, 0x00000006d78c0000)
  eden space 69376K,   0% used [0x00000006c2c00000, 0x00000006c2c00000, 0x00000006c6fc0000)
  from space 8640K,  60% used [0x00000006c6fc0000, 0x00000006c74e3d38, 0x00000006c7830000)
  to   space 8640K,   0% used [0x00000006c7830000, 0x00000006c7830000, 0x00000006c80a0000)
 concurrent mark-sweep generation total 173440K, used 53551K [0x00000006d78c0000, 0x00000006e2220000, 0x00000007c0000000)
 Metaspace       used 65354K, capacity 68331K, committed 68496K, reserved 1107968K
  class space    used 8542K, capacity 9088K, committed 9132K, reserved 1048576K
}
2018-10-12T10:42:04.840+0800: 23.391: Application time: 0.1585651 seconds
{Heap before GC invocations=80 (full 2):
 par new generation   total 78016K, used 74639K [0x00000006c2c00000, 0x00000006c80a0000, 0x00000006d78c0000)
  eden space 69376K, 100% used [0x00000006c2c00000, 0x00000006c6fc0000, 0x00000006c6fc0000)
  from space 8640K,  60% used [0x00000006c6fc0000, 0x00000006c74e3d38, 0x00000006c7830000)
  to   space 8640K,   0% used [0x00000006c7830000, 0x00000006c7830000, 0x00000006c80a0000)
 concurrent mark-sweep generation total 173440K, used 53551K [0x00000006d78c0000, 0x00000006e2220000, 0x00000007c0000000)
 Metaspace       used 65443K, capacity 68415K, committed 68496K, reserved 1107968K
  class space    used 8553K, capacity 9092K, committed 9132K, reserved 1048576K
2018-10-12T10:42:04.840+0800: 23.391: [GC (Allocation Failure) 2018-10-12T10:42:04.840+0800: 23.391: [ParNew: 74639K->6787K(78016K), 0.0056323 secs] 128190K->60338K(251456K), 0.0056958 secs] [Times: user=0.06 sys=0.00, real=0.01 secs] 
Heap after GC invocations=81 (full 2):
 par new generation   total 78016K, used 6787K [0x00000006c2c00000, 0x00000006c80a0000, 0x00000006d78c0000)
  eden space 69376K,   0% used [0x00000006c2c00000, 0x00000006c2c00000, 0x00000006c6fc0000)
  from space 8640K,  78% used [0x00000006c7830000, 0x00000006c7ed0c48, 0x00000006c80a0000)
  to   space 8640K,   0% used [0x00000006c6fc0000, 0x00000006c6fc0000, 0x00000006c7830000)
 concurrent mark-sweep generation total 173440K, used 53551K [0x00000006d78c0000, 0x00000006e2220000, 0x00000007c0000000)
 Metaspace       used 65443K, capacity 68415K, committed 68496K, reserved 1107968K
  class space    used 8553K, capacity 9092K, committed 9132K, reserved 1048576K
}
2018-10-12T10:42:05.024+0800: 23.575: Application time: 0.1774478 seconds
{Heap before GC invocations=81 (full 2):
 par new generation   total 78016K, used 76163K [0x00000006c2c00000, 0x00000006c80a0000, 0x00000006d78c0000)
  eden space 69376K, 100% used [0x00000006c2c00000, 0x00000006c6fc0000, 0x00000006c6fc0000)
  from space 8640K,  78% used [0x00000006c7830000, 0x00000006c7ed0c48, 0x00000006c80a0000)
  to   space 8640K,   0% used [0x00000006c6fc0000, 0x00000006c6fc0000, 0x00000006c7830000)
 concurrent mark-sweep generation total 173440K, used 53551K [0x00000006d78c0000, 0x00000006e2220000, 0x00000007c0000000)
 Metaspace       used 65799K, capacity 68755K, committed 69136K, reserved 1110016K
  class space    used 8607K, capacity 9160K, committed 9260K, reserved 1048576K
2018-10-12T10:42:05.024+0800: 23.575: [GC (Allocation Failure) 2018-10-12T10:42:05.024+0800: 23.575: [ParNew: 76163K->8287K(78016K), 0.0060699 secs] 129714K->61838K(251456K), 0.0061324 secs] [Times: user=0.00 sys=0.00, real=0.01 secs] 
Heap after GC invocations=82 (full 2):
 par new generation   total 78016K, used 8287K [0x00000006c2c00000, 0x00000006c80a0000, 0x00000006d78c0000)
  eden space 69376K,   0% used [0x00000006c2c00000, 0x00000006c2c00000, 0x00000006c6fc0000)
  from space 8640K,  95% used [0x00000006c6fc0000, 0x00000006c77d7db0, 0x00000006c7830000)
  to   space 8640K,   0% used [0x00000006c7830000, 0x00000006c7830000, 0x00000006c80a0000)
 concurrent mark-sweep generation total 173440K, used 53551K [0x00000006d78c0000, 0x00000006e2220000, 0x00000007c0000000)
 Metaspace       used 65799K, capacity 68755K, committed 69136K, reserved 1110016K
  class space    used 8607K, capacity 9160K, committed 9260K, reserved 1048576K
}
2018-10-12T10:42:05.164+0800: 23.715: Application time: 0.1343280 seconds
2018-10-12T10:42:05.206+0800: 23.757: Application time: 0.0407213 seconds
{Heap before GC invocations=82 (full 2):
 par new generation   total 78016K, used 77663K [0x00000006c2c00000, 0x00000006c80a0000, 0x00000006d78c0000)
  eden space 69376K, 100% used [0x00000006c2c00000, 0x00000006c6fc0000, 0x00000006c6fc0000)
  from space 8640K,  95% used [0x00000006c6fc0000, 0x00000006c77d7db0, 0x00000006c7830000)
  to   space 8640K,   0% used [0x00000006c7830000, 0x00000006c7830000, 0x00000006c80a0000)
 concurrent mark-sweep generation total 173440K, used 53551K [0x00000006d78c0000, 0x00000006e2220000, 0x00000007c0000000)
 Metaspace       used 66362K, capacity 69357K, committed 69648K, reserved 1110016K
  class space    used 8674K, capacity 9229K, committed 9260K, reserved 1048576K
2018-10-12T10:42:05.206+0800: 23.757: [GC (Allocation Failure) 2018-10-12T10:42:05.206+0800: 23.757: [ParNew: 77663K->5280K(78016K), 0.0082876 secs] 131214K->60607K(251456K), 0.0083471 secs] [Times: user=0.00 sys=0.00, real=0.01 secs] 
Heap after GC invocations=83 (full 2):
 par new generation   total 78016K, used 5280K [0x00000006c2c00000, 0x00000006c80a0000, 0x00000006d78c0000)
  eden space 69376K,   0% used [0x00000006c2c00000, 0x00000006c2c00000, 0x00000006c6fc0000)
  from space 8640K,  61% used [0x00000006c7830000, 0x00000006c7d580b0, 0x00000006c80a0000)
  to   space 8640K,   0% used [0x00000006c6fc0000, 0x00000006c6fc0000, 0x00000006c7830000)
 concurrent mark-sweep generation total 173440K, used 55326K [0x00000006d78c0000, 0x00000006e2220000, 0x00000007c0000000)
 Metaspace       used 66362K, capacity 69357K, committed 69648K, reserved 1110016K
  class space    used 8674K, capacity 9229K, committed 9260K, reserved 1048576K
}
2018-10-12T10:42:05.381+0800: 23.931: Application time: 0.1661869 seconds
{Heap before GC invocations=83 (full 2):
 par new generation   total 78016K, used 74656K [0x00000006c2c00000, 0x00000006c80a0000, 0x00000006d78c0000)
  eden space 69376K, 100% used [0x00000006c2c00000, 0x00000006c6fc0000, 0x00000006c6fc0000)
  from space 8640K,  61% used [0x00000006c7830000, 0x00000006c7d580b0, 0x00000006c80a0000)
  to   space 8640K,   0% used [0x00000006c6fc0000, 0x00000006c6fc0000, 0x00000006c7830000)
 concurrent mark-sweep generation total 173440K, used 55326K [0x00000006d78c0000, 0x00000006e2220000, 0x00000007c0000000)
 Metaspace       used 66937K, capacity 69873K, committed 70032K, reserved 1110016K
  class space    used 8768K, capacity 9295K, committed 9388K, reserved 1048576K
2018-10-12T10:42:05.381+0800: 23.931: [GC (Allocation Failure) 2018-10-12T10:42:05.381+0800: 23.932: [ParNew: 74656K->7255K(78016K), 0.0059084 secs] 129983K->62582K(251456K), 0.0059702 secs] [Times: user=0.00 sys=0.00, real=0.01 secs] 
Heap after GC invocations=84 (full 2):
 par new generation   total 78016K, used 7255K [0x00000006c2c00000, 0x00000006c80a0000, 0x00000006d78c0000)
  eden space 69376K,   0% used [0x00000006c2c00000, 0x00000006c2c00000, 0x00000006c6fc0000)
  from space 8640K,  83% used [0x00000006c6fc0000, 0x00000006c76d5f60, 0x00000006c7830000)
  to   space 8640K,   0% used [0x00000006c7830000, 0x00000006c7830000, 0x00000006c80a0000)
 concurrent mark-sweep generation total 173440K, used 55326K [0x00000006d78c0000, 0x00000006e2220000, 0x00000007c0000000)
 Metaspace       used 66937K, capacity 69873K, committed 70032K, reserved 1110016K
  class space    used 8768K, capacity 9295K, committed 9388K, reserved 1048576K
}
2018-10-12T10:42:05.431+0800: 23.981: Application time: 0.0438521 seconds
2018-10-12T10:42:05.473+0800: 24.023: Application time: 0.0419163 seconds
{Heap before GC invocations=84 (full 2):
 par new generation   total 78016K, used 76631K [0x00000006c2c00000, 0x00000006c80a0000, 0x00000006d78c0000)
  eden space 69376K, 100% used [0x00000006c2c00000, 0x00000006c6fc0000, 0x00000006c6fc0000)
  from space 8640K,  83% used [0x00000006c6fc0000, 0x00000006c76d5f60, 0x00000006c7830000)
  to   space 8640K,   0% used [0x00000006c7830000, 0x00000006c7830000, 0x00000006c80a0000)
 concurrent mark-sweep generation total 173440K, used 55326K [0x00000006d78c0000, 0x00000006e2220000, 0x00000007c0000000)
 Metaspace       used 66974K, capacity 69969K, committed 70288K, reserved 1110016K
  class space    used 8774K, capacity 9327K, committed 9388K, reserved 1048576K
2018-10-12T10:42:05.473+0800: 24.024: [GC (Allocation Failure) 2018-10-12T10:42:05.473+0800: 24.024: [ParNew: 76631K->3897K(78016K), 0.0066602 secs] 131958K->60313K(251456K), 0.0067181 secs] [Times: user=0.00 sys=0.00, real=0.01 secs] 
Heap after GC invocations=85 (full 2):
 par new generation   total 78016K, used 3897K [0x00000006c2c00000, 0x00000006c80a0000, 0x00000006d78c0000)
  eden space 69376K,   0% used [0x00000006c2c00000, 0x00000006c2c00000, 0x00000006c6fc0000)
  from space 8640K,  45% used [0x00000006c7830000, 0x00000006c7bfe5c0, 0x00000006c80a0000)
  to   space 8640K,   0% used [0x00000006c6fc0000, 0x00000006c6fc0000, 0x00000006c7830000)
 concurrent mark-sweep generation total 173440K, used 56416K [0x00000006d78c0000, 0x00000006e2220000, 0x00000007c0000000)
 Metaspace       used 66974K, capacity 69969K, committed 70288K, reserved 1110016K
  class space    used 8774K, capacity 9327K, committed 9388K, reserved 1048576K
}
2018-10-12T10:42:05.482+0800: 24.032: Application time: 0.0015078 seconds
2018-10-12T10:42:05.482+0800: 24.032: Application time: 0.0001583 seconds
2018-10-12T10:42:05.532+0800: 24.083: Application time: 0.0506298 seconds
2018-10-12T10:42:05.565+0800: 24.116: Application time: 0.0328205 seconds
{Heap before GC invocations=85 (full 2):
 par new generation   total 78016K, used 73273K [0x00000006c2c00000, 0x00000006c80a0000, 0x00000006d78c0000)
  eden space 69376K, 100% used [0x00000006c2c00000, 0x00000006c6fc0000, 0x00000006c6fc0000)
  from space 8640K,  45% used [0x00000006c7830000, 0x00000006c7bfe5c0, 0x00000006c80a0000)
  to   space 8640K,   0% used [0x00000006c6fc0000, 0x00000006c6fc0000, 0x00000006c7830000)
 concurrent mark-sweep generation total 173440K, used 56416K [0x00000006d78c0000, 0x00000006e2220000, 0x00000007c0000000)
 Metaspace       used 67053K, capacity 70033K, committed 70288K, reserved 1110016K
  class space    used 8789K, capacity 9327K, committed 9388K, reserved 1048576K
2018-10-12T10:42:05.565+0800: 24.116: [GC (Allocation Failure) 2018-10-12T10:42:05.565+0800: 24.116: [ParNew: 73273K->3991K(78016K), 0.0049832 secs] 129689K->60407K(251456K), 0.0050565 secs] [Times: user=0.00 sys=0.00, real=0.00 secs] 
Heap after GC invocations=86 (full 2):
 par new generation   total 78016K, used 3991K [0x00000006c2c00000, 0x00000006c80a0000, 0x00000006d78c0000)
  eden space 69376K,   0% used [0x00000006c2c00000, 0x00000006c2c00000, 0x00000006c6fc0000)
  from space 8640K,  46% used [0x00000006c6fc0000, 0x00000006c73a5de8, 0x00000006c7830000)
  to   space 8640K,   0% used [0x00000006c7830000, 0x00000006c7830000, 0x00000006c80a0000)
 concurrent mark-sweep generation total 173440K, used 56416K [0x00000006d78c0000, 0x00000006e2220000, 0x00000007c0000000)
 Metaspace       used 67053K, capacity 70033K, committed 70288K, reserved 1110016K
  class space    used 8789K, capacity 9327K, committed 9388K, reserved 1048576K
}
2018-10-12T10:42:05.658+0800: 24.208: Application time: 0.0874860 seconds
{Heap before GC invocations=86 (full 2):
 par new generation   total 78016K, used 73367K [0x00000006c2c00000, 0x00000006c80a0000, 0x00000006d78c0000)
  eden space 69376K, 100% used [0x00000006c2c00000, 0x00000006c6fc0000, 0x00000006c6fc0000)
  from space 8640K,  46% used [0x00000006c6fc0000, 0x00000006c73a5de8, 0x00000006c7830000)
  to   space 8640K,   0% used [0x00000006c7830000, 0x00000006c7830000, 0x00000006c80a0000)
 concurrent mark-sweep generation total 173440K, used 56416K [0x00000006d78c0000, 0x00000006e2220000, 0x00000007c0000000)
 Metaspace       used 67118K, capacity 70065K, committed 70288K, reserved 1110016K
  class space    used 8801K, capacity 9359K, committed 9388K, reserved 1048576K
2018-10-12T10:42:05.658+0800: 24.209: [GC (Allocation Failure) 2018-10-12T10:42:05.658+0800: 24.209: [ParNew: 73367K->5488K(78016K), 0.0049243 secs] 129783K->61904K(251456K), 0.0049916 secs] [Times: user=0.00 sys=0.00, real=0.01 secs] 
Heap after GC invocations=87 (full 2):
 par new generation   total 78016K, used 5488K [0x00000006c2c00000, 0x00000006c80a0000, 0x00000006d78c0000)
  eden space 69376K,   0% used [0x00000006c2c00000, 0x00000006c2c00000, 0x00000006c6fc0000)
  from space 8640K,  63% used [0x00000006c7830000, 0x00000006c7d8c030, 0x00000006c80a0000)
  to   space 8640K,   0% used [0x00000006c6fc0000, 0x00000006c6fc0000, 0x00000006c7830000)
 concurrent mark-sweep generation total 173440K, used 56416K [0x00000006d78c0000, 0x00000006e2220000, 0x00000007c0000000)
 Metaspace       used 67118K, capacity 70065K, committed 70288K, reserved 1110016K
  class space    used 8801K, capacity 9359K, committed 9388K, reserved 1048576K
}
2018-10-12T10:42:05.686+0800: 24.237: Application time: 0.0234927 seconds
2018-10-12T10:42:05.690+0800: 24.241: Application time: 0.0032649 seconds
2018-10-12T10:42:05.697+0800: 24.247: Application time: 0.0066133 seconds
2018-10-12T10:42:05.700+0800: 24.251: Application time: 0.0034246 seconds
2018-10-12T10:42:05.711+0800: 24.262: Application time: 0.0109830 seconds
2018-10-12T10:42:05.711+0800: 24.262: Application time: 0.0001527 seconds
2018-10-12T10:42:05.712+0800: 24.262: Application time: 0.0001700 seconds
2018-10-12T10:42:05.712+0800: 24.262: Application time: 0.0001488 seconds
2018-10-12T10:42:05.712+0800: 24.263: Application time: 0.0006798 seconds
2018-10-12T10:42:05.713+0800: 24.263: Application time: 0.0000716 seconds
2018-10-12T10:42:05.713+0800: 24.263: Application time: 0.0000497 seconds
2018-10-12T10:42:05.713+0800: 24.263: Application time: 0.0000303 seconds
2018-10-12T10:42:05.781+0800: 24.331: Application time: 0.0675984 seconds
2018-10-12T10:42:05.794+0800: 24.345: Application time: 0.0135990 seconds
2018-10-12T10:42:05.816+0800: 24.366: Application time: 0.0209444 seconds
{Heap before GC invocations=87 (full 2):
 par new generation   total 78016K, used 74864K [0x00000006c2c00000, 0x00000006c80a0000, 0x00000006d78c0000)
  eden space 69376K, 100% used [0x00000006c2c00000, 0x00000006c6fc0000, 0x00000006c6fc0000)
  from space 8640K,  63% used [0x00000006c7830000, 0x00000006c7d8c030, 0x00000006c80a0000)
  to   space 8640K,   0% used [0x00000006c6fc0000, 0x00000006c6fc0000, 0x00000006c7830000)
 concurrent mark-sweep generation total 173440K, used 56416K [0x00000006d78c0000, 0x00000006e2220000, 0x00000007c0000000)
 Metaspace       used 67208K, capacity 70201K, committed 70288K, reserved 1110016K
  class space    used 8811K, capacity 9361K, committed 9388K, reserved 1048576K
2018-10-12T10:42:05.816+0800: 24.366: [GC (Allocation Failure) 2018-10-12T10:42:05.816+0800: 24.367: [ParNew: 74864K->6740K(78016K), 0.0076440 secs] 131280K->63156K(251456K), 0.0077223 secs] [Times: user=0.00 sys=0.00, real=0.01 secs] 
Heap after GC invocations=88 (full 2):
 par new generation   total 78016K, used 6740K [0x00000006c2c00000, 0x00000006c80a0000, 0x00000006d78c0000)
  eden space 69376K,   0% used [0x00000006c2c00000, 0x00000006c2c00000, 0x00000006c6fc0000)
  from space 8640K,  78% used [0x00000006c6fc0000, 0x00000006c76550e8, 0x00000006c7830000)
  to   space 8640K,   0% used [0x00000006c7830000, 0x00000006c7830000, 0x00000006c80a0000)
 concurrent mark-sweep generation total 173440K, used 56416K [0x00000006d78c0000, 0x00000006e2220000, 0x00000007c0000000)
 Metaspace       used 67208K, capacity 70201K, committed 70288K, reserved 1110016K
  class space    used 8811K, capacity 9361K, committed 9388K, reserved 1048576K
}
2018-10-12T10:42:05.938+0800: 24.489: Application time: 0.1144905 seconds
{Heap before GC invocations=88 (full 2):
 par new generation   total 78016K, used 76116K [0x00000006c2c00000, 0x00000006c80a0000, 0x00000006d78c0000)
  eden space 69376K, 100% used [0x00000006c2c00000, 0x00000006c6fc0000, 0x00000006c6fc0000)
  from space 8640K,  78% used [0x00000006c6fc0000, 0x00000006c76550e8, 0x00000006c7830000)
  to   space 8640K,   0% used [0x00000006c7830000, 0x00000006c7830000, 0x00000006c80a0000)
 concurrent mark-sweep generation total 173440K, used 56416K [0x00000006d78c0000, 0x00000006e2220000, 0x00000007c0000000)
 Metaspace       used 67314K, capacity 70283K, committed 70544K, reserved 1110016K
  class space    used 8825K, capacity 9364K, committed 9388K, reserved 1048576K
2018-10-12T10:42:05.938+0800: 24.489: [GC (Allocation Failure) 2018-10-12T10:42:05.938+0800: 24.489: [ParNew: 76116K->5025K(78016K), 0.0072117 secs] 132532K->61857K(251456K), 0.0072805 secs] [Times: user=0.00 sys=0.00, real=0.01 secs] 
Heap after GC invocations=89 (full 2):
 par new generation   total 78016K, used 5025K [0x00000006c2c00000, 0x00000006c80a0000, 0x00000006d78c0000)
  eden space 69376K,   0% used [0x00000006c2c00000, 0x00000006c2c00000, 0x00000006c6fc0000)
  from space 8640K,  58% used [0x00000006c7830000, 0x00000006c7d185b8, 0x00000006c80a0000)
  to   space 8640K,   0% used [0x00000006c6fc0000, 0x00000006c6fc0000, 0x00000006c7830000)
 concurrent mark-sweep generation total 173440K, used 56831K [0x00000006d78c0000, 0x00000006e2220000, 0x00000007c0000000)
 Metaspace       used 67314K, capacity 70283K, committed 70544K, reserved 1110016K
  class space    used 8825K, capacity 9364K, committed 9388K, reserved 1048576K
}
2018-10-12T10:42:06.132+0800: 24.682: Application time: 0.1858386 seconds
{Heap before GC invocations=89 (full 2):
 par new generation   total 78016K, used 74401K [0x00000006c2c00000, 0x00000006c80a0000, 0x00000006d78c0000)
  eden space 69376K, 100% used [0x00000006c2c00000, 0x00000006c6fc0000, 0x00000006c6fc0000)
  from space 8640K,  58% used [0x00000006c7830000, 0x00000006c7d185b8, 0x00000006c80a0000)
  to   space 8640K,   0% used [0x00000006c6fc0000, 0x00000006c6fc0000, 0x00000006c7830000)
 concurrent mark-sweep generation total 173440K, used 56831K [0x00000006d78c0000, 0x00000006e2220000, 0x00000007c0000000)
 Metaspace       used 67630K, capacity 70641K, committed 70928K, reserved 1110016K
  class space    used 8873K, capacity 9421K, committed 9516K, reserved 1048576K
2018-10-12T10:42:06.132+0800: 24.682: [GC (Allocation Failure) 2018-10-12T10:42:06.132+0800: 24.682: [ParNew: 74401K->7356K(78016K), 0.0070456 secs] 131233K->64883K(251456K), 0.0071116 secs] [Times: user=0.00 sys=0.00, real=0.01 secs] 
Heap after GC invocations=90 (full 2):
 par new generation   total 78016K, used 7356K [0x00000006c2c00000, 0x00000006c80a0000, 0x00000006d78c0000)
  eden space 69376K,   0% used [0x00000006c2c00000, 0x00000006c2c00000, 0x00000006c6fc0000)
  from space 8640K,  85% used [0x00000006c6fc0000, 0x00000006c76ef308, 0x00000006c7830000)
  to   space 8640K,   0% used [0x00000006c7830000, 0x00000006c7830000, 0x00000006c80a0000)
 concurrent mark-sweep generation total 173440K, used 57526K [0x00000006d78c0000, 0x00000006e2220000, 0x00000007c0000000)
 Metaspace       used 67630K, capacity 70641K, committed 70928K, reserved 1110016K
  class space    used 8873K, capacity 9421K, committed 9516K, reserved 1048576K
}
2018-10-12T10:42:06.166+0800: 24.716: Application time: 0.0266667 seconds
2018-10-12T10:42:06.174+0800: 24.724: Application time: 0.0075858 seconds
2018-10-12T10:42:06.189+0800: 24.739: Application time: 0.0143311 seconds
2018-10-12T10:42:06.211+0800: 24.761: Application time: 0.0214684 seconds
2018-10-12T10:42:06.212+0800: 24.762: Application time: 0.0000797 seconds
2018-10-12T10:42:06.218+0800: 24.768: Application time: 0.0060107 seconds
2018-10-12T10:42:06.272+0800: 24.823: Application time: 0.0538700 seconds
{Heap before GC invocations=90 (full 2):
 par new generation   total 78016K, used 76732K [0x00000006c2c00000, 0x00000006c80a0000, 0x00000006d78c0000)
  eden space 69376K, 100% used [0x00000006c2c00000, 0x00000006c6fc0000, 0x00000006c6fc0000)
  from space 8640K,  85% used [0x00000006c6fc0000, 0x00000006c76ef308, 0x00000006c7830000)
  to   space 8640K,   0% used [0x00000006c7830000, 0x00000006c7830000, 0x00000006c80a0000)
 concurrent mark-sweep generation total 173440K, used 57526K [0x00000006d78c0000, 0x00000006e2220000, 0x00000007c0000000)
 Metaspace       used 68165K, capacity 71169K, committed 71440K, reserved 1112064K
  class space    used 8940K, capacity 9489K, committed 9516K, reserved 1048576K
2018-10-12T10:42:06.272+0800: 24.823: [GC (Allocation Failure) 2018-10-12T10:42:06.272+0800: 24.823: [ParNew: 76732K->5724K(78016K), 0.0073669 secs] 134259K->63846K(251456K), 0.0074282 secs] [Times: user=0.00 sys=0.00, real=0.01 secs] 
Heap after GC invocations=91 (full 2):
 par new generation   total 78016K, used 5724K [0x00000006c2c00000, 0x00000006c80a0000, 0x00000006d78c0000)
  eden space 69376K,   0% used [0x00000006c2c00000, 0x00000006c2c00000, 0x00000006c6fc0000)
  from space 8640K,  66% used [0x00000006c7830000, 0x00000006c7dc72e8, 0x00000006c80a0000)
  to   space 8640K,   0% used [0x00000006c6fc0000, 0x00000006c6fc0000, 0x00000006c7830000)
 concurrent mark-sweep generation total 173440K, used 58122K [0x00000006d78c0000, 0x00000006e2220000, 0x00000007c0000000)
 Metaspace       used 68165K, capacity 71169K, committed 71440K, reserved 1112064K
  class space    used 8940K, capacity 9489K, committed 9516K, reserved 1048576K
}
2018-10-12T10:42:06.424+0800: 24.975: Application time: 0.1441512 seconds
{Heap before GC invocations=91 (full 2):
 par new generation   total 78016K, used 75100K [0x00000006c2c00000, 0x00000006c80a0000, 0x00000006d78c0000)
  eden space 69376K, 100% used [0x00000006c2c00000, 0x00000006c6fc0000, 0x00000006c6fc0000)
  from space 8640K,  66% used [0x00000006c7830000, 0x00000006c7dc72e8, 0x00000006c80a0000)
  to   space 8640K,   0% used [0x00000006c6fc0000, 0x00000006c6fc0000, 0x00000006c7830000)
 concurrent mark-sweep generation total 173440K, used 58122K [0x00000006d78c0000, 0x00000006e2220000, 0x00000007c0000000)
 Metaspace       used 68382K, capacity 71585K, committed 71824K, reserved 1112064K
  class space    used 8969K, capacity 9553K, committed 9644K, reserved 1048576K
2018-10-12T10:42:06.424+0800: 24.975: [GC (Allocation Failure) 2018-10-12T10:42:06.424+0800: 24.975: [ParNew: 75100K->6897K(78016K), 0.0072466 secs] 133222K->65580K(251456K), 0.0073094 secs] [Times: user=0.00 sys=0.00, real=0.01 secs] 
Heap after GC invocations=92 (full 2):
 par new generation   total 78016K, used 6897K [0x00000006c2c00000, 0x00000006c80a0000, 0x00000006d78c0000)
  eden space 69376K,   0% used [0x00000006c2c00000, 0x00000006c2c00000, 0x00000006c6fc0000)
  from space 8640K,  79% used [0x00000006c6fc0000, 0x00000006c767c498, 0x00000006c7830000)
  to   space 8640K,   0% used [0x00000006c7830000, 0x00000006c7830000, 0x00000006c80a0000)
 concurrent mark-sweep generation total 173440K, used 58683K [0x00000006d78c0000, 0x00000006e2220000, 0x00000007c0000000)
 Metaspace       used 68382K, capacity 71585K, committed 71824K, reserved 1112064K
  class space    used 8969K, capacity 9553K, committed 9644K, reserved 1048576K
}
2018-10-12T10:42:06.512+0800: 25.062: Application time: 0.0799241 seconds
{Heap before GC invocations=92 (full 2):
 par new generation   total 78016K, used 76273K [0x00000006c2c00000, 0x00000006c80a0000, 0x00000006d78c0000)
  eden space 69376K, 100% used [0x00000006c2c00000, 0x00000006c6fc0000, 0x00000006c6fc0000)
  from space 8640K,  79% used [0x00000006c6fc0000, 0x00000006c767c498, 0x00000006c7830000)
  to   space 8640K,   0% used [0x00000006c7830000, 0x00000006c7830000, 0x00000006c80a0000)
 concurrent mark-sweep generation total 173440K, used 58683K [0x00000006d78c0000, 0x00000006e2220000, 0x00000007c0000000)
 Metaspace       used 68506K, capacity 71669K, committed 71824K, reserved 1112064K
  class space    used 8985K, capacity 9557K, committed 9644K, reserved 1048576K
2018-10-12T10:42:06.512+0800: 25.062: [GC (Allocation Failure) 2018-10-12T10:42:06.512+0800: 25.062: [ParNew: 76273K->7720K(78016K), 0.0069014 secs] 134956K->66803K(251456K), 0.0069645 secs] [Times: user=0.06 sys=0.00, real=0.01 secs] 
Heap after GC invocations=93 (full 2):
 par new generation   total 78016K, used 7720K [0x00000006c2c00000, 0x00000006c80a0000, 0x00000006d78c0000)
  eden space 69376K,   0% used [0x00000006c2c00000, 0x00000006c2c00000, 0x00000006c6fc0000)
  from space 8640K,  89% used [0x00000006c7830000, 0x00000006c7fba2f8, 0x00000006c80a0000)
  to   space 8640K,   0% used [0x00000006c6fc0000, 0x00000006c6fc0000, 0x00000006c7830000)
 concurrent mark-sweep generation total 173440K, used 59082K [0x00000006d78c0000, 0x00000006e2220000, 0x00000007c0000000)
 Metaspace       used 68506K, capacity 71669K, committed 71824K, reserved 1112064K
  class space    used 8985K, capacity 9557K, committed 9644K, reserved 1048576K
}
2018-10-12T10:42:06.585+0800: 25.135: Application time: 0.0659432 seconds
{Heap before GC invocations=93 (full 2):
 par new generation   total 78016K, used 77096K [0x00000006c2c00000, 0x00000006c80a0000, 0x00000006d78c0000)
  eden space 69376K, 100% used [0x00000006c2c00000, 0x00000006c6fc0000, 0x00000006c6fc0000)
  from space 8640K,  89% used [0x00000006c7830000, 0x00000006c7fba2f8, 0x00000006c80a0000)
  to   space 8640K,   0% used [0x00000006c6fc0000, 0x00000006c6fc0000, 0x00000006c7830000)
 concurrent mark-sweep generation total 173440K, used 59082K [0x00000006d78c0000, 0x00000006e2220000, 0x00000007c0000000)
 Metaspace       used 68534K, capacity 71669K, committed 71824K, reserved 1112064K
  class space    used 8988K, capacity 9557K, committed 9644K, reserved 1048576K
2018-10-12T10:42:06.585+0800: 25.135: [GC (Allocation Failure) 2018-10-12T10:42:06.585+0800: 25.135: [ParNew: 77096K->5593K(78016K), 0.0070005 secs] 136179K->65035K(251456K), 0.0070664 secs] [Times: user=0.00 sys=0.00, real=0.01 secs] 
Heap after GC invocations=94 (full 2):
 par new generation   total 78016K, used 5593K [0x00000006c2c00000, 0x00000006c80a0000, 0x00000006d78c0000)
  eden space 69376K,   0% used [0x00000006c2c00000, 0x00000006c2c00000, 0x00000006c6fc0000)
  from space 8640K,  64% used [0x00000006c6fc0000, 0x00000006c75367b0, 0x00000006c7830000)
  to   space 8640K,   0% used [0x00000006c7830000, 0x00000006c7830000, 0x00000006c80a0000)
 concurrent mark-sweep generation total 173440K, used 59441K [0x00000006d78c0000, 0x00000006e2220000, 0x00000007c0000000)
 Metaspace       used 68534K, capacity 71669K, committed 71824K, reserved 1112064K
  class space    used 8988K, capacity 9557K, committed 9644K, reserved 1048576K
}
2018-10-12T10:42:06.692+0800: 25.243: Application time: 0.1003685 seconds
{Heap before GC invocations=94 (full 2):
 par new generation   total 78016K, used 74969K [0x00000006c2c00000, 0x00000006c80a0000, 0x00000006d78c0000)
  eden space 69376K, 100% used [0x00000006c2c00000, 0x00000006c6fc0000, 0x00000006c6fc0000)
  from space 8640K,  64% used [0x00000006c6fc0000, 0x00000006c75367b0, 0x00000006c7830000)
  to   space 8640K,   0% used [0x00000006c7830000, 0x00000006c7830000, 0x00000006c80a0000)
 concurrent mark-sweep generation total 173440K, used 59441K [0x00000006d78c0000, 0x00000006e2220000, 0x00000007c0000000)
 Metaspace       used 68609K, capacity 71935K, committed 72080K, reserved 1112064K
  class space    used 9004K, capacity 9580K, committed 9644K, reserved 1048576K
2018-10-12T10:42:06.692+0800: 25.243: [GC (Allocation Failure) 2018-10-12T10:42:06.692+0800: 25.243: [ParNew: 74969K->6732K(78016K), 0.0067921 secs] 134411K->66174K(251456K), 0.0068531 secs] [Times: user=0.00 sys=0.00, real=0.01 secs] 
Heap after GC invocations=95 (full 2):
 par new generation   total 78016K, used 6732K [0x00000006c2c00000, 0x00000006c80a0000, 0x00000006d78c0000)
  eden space 69376K,   0% used [0x00000006c2c00000, 0x00000006c2c00000, 0x00000006c6fc0000)
  from space 8640K,  77% used [0x00000006c7830000, 0x00000006c7ec3338, 0x00000006c80a0000)
  to   space 8640K,   0% used [0x00000006c6fc0000, 0x00000006c6fc0000, 0x00000006c7830000)
 concurrent mark-sweep generation total 173440K, used 59441K [0x00000006d78c0000, 0x00000006e2220000, 0x00000007c0000000)
 Metaspace       used 68609K, capacity 71935K, committed 72080K, reserved 1112064K
  class space    used 9004K, capacity 9580K, committed 9644K, reserved 1048576K
}
2018-10-12T10:42:06.774+0800: 25.325: Application time: 0.0754537 seconds
{Heap before GC invocations=95 (full 2):
 par new generation   total 78016K, used 76108K [0x00000006c2c00000, 0x00000006c80a0000, 0x00000006d78c0000)
  eden space 69376K, 100% used [0x00000006c2c00000, 0x00000006c6fc0000, 0x00000006c6fc0000)
  from space 8640K,  77% used [0x00000006c7830000, 0x00000006c7ec3338, 0x00000006c80a0000)
  to   space 8640K,   0% used [0x00000006c6fc0000, 0x00000006c6fc0000, 0x00000006c7830000)
 concurrent mark-sweep generation total 173440K, used 59441K [0x00000006d78c0000, 0x00000006e2220000, 0x00000007c0000000)
 Metaspace       used 68646K, capacity 71941K, committed 72080K, reserved 1112064K
  class space    used 9010K, capacity 9581K, committed 9644K, reserved 1048576K
2018-10-12T10:42:06.775+0800: 25.325: [GC (Allocation Failure) 2018-10-12T10:42:06.775+0800: 25.325: [ParNew: 76108K->4484K(78016K), 0.0078686 secs] 135550K->64862K(251456K), 0.0079247 secs] [Times: user=0.06 sys=0.00, real=0.01 secs] 
Heap after GC invocations=96 (full 2):
 par new generation   total 78016K, used 4484K [0x00000006c2c00000, 0x00000006c80a0000, 0x00000006d78c0000)
  eden space 69376K,   0% used [0x00000006c2c00000, 0x00000006c2c00000, 0x00000006c6fc0000)
  from space 8640K,  51% used [0x00000006c6fc0000, 0x00000006c7421360, 0x00000006c7830000)
  to   space 8640K,   0% used [0x00000006c7830000, 0x00000006c7830000, 0x00000006c80a0000)
 concurrent mark-sweep generation total 173440K, used 60377K [0x00000006d78c0000, 0x00000006e2220000, 0x00000007c0000000)
 Metaspace       used 68646K, capacity 71941K, committed 72080K, reserved 1112064K
  class space    used 9010K, capacity 9581K, committed 9644K, reserved 1048576K
}
2018-10-12T10:42:06.827+0800: 25.378: Application time: 0.0445133 seconds
2018-10-12T10:42:06.909+0800: 25.460: Application time: 0.0810931 seconds
{Heap before GC invocations=96 (full 2):
 par new generation   total 78016K, used 73860K [0x00000006c2c00000, 0x00000006c80a0000, 0x00000006d78c0000)
  eden space 69376K, 100% used [0x00000006c2c00000, 0x00000006c6fc0000, 0x00000006c6fc0000)
  from space 8640K,  51% used [0x00000006c6fc0000, 0x00000006c7421360, 0x00000006c7830000)
  to   space 8640K,   0% used [0x00000006c7830000, 0x00000006c7830000, 0x00000006c80a0000)
 concurrent mark-sweep generation total 173440K, used 60377K [0x00000006d78c0000, 0x00000006e2220000, 0x00000007c0000000)
 Metaspace       used 68815K, capacity 72105K, committed 72336K, reserved 1112064K
  class space    used 9039K, capacity 9615K, committed 9644K, reserved 1048576K
2018-10-12T10:42:06.909+0800: 25.460: [GC (Allocation Failure) 2018-10-12T10:42:06.909+0800: 25.460: [ParNew: 73860K->7069K(78016K), 0.0065908 secs] 134238K->67447K(251456K), 0.0066652 secs] [Times: user=0.00 sys=0.00, real=0.01 secs] 
Heap after GC invocations=97 (full 2):
 par new generation   total 78016K, used 7069K [0x00000006c2c00000, 0x00000006c80a0000, 0x00000006d78c0000)
  eden space 69376K,   0% used [0x00000006c2c00000, 0x00000006c2c00000, 0x00000006c6fc0000)
  from space 8640K,  81% used [0x00000006c7830000, 0x00000006c7f177e8, 0x00000006c80a0000)
  to   space 8640K,   0% used [0x00000006c6fc0000, 0x00000006c6fc0000, 0x00000006c7830000)
 concurrent mark-sweep generation total 173440K, used 60377K [0x00000006d78c0000, 0x00000006e2220000, 0x00000007c0000000)
 Metaspace       used 68815K, capacity 72105K, committed 72336K, reserved 1112064K
  class space    used 9039K, capacity 9615K, committed 9644K, reserved 1048576K
}
2018-10-12T10:42:07.051+0800: 25.602: Application time: 0.1351507 seconds
{Heap before GC invocations=97 (full 2):
 par new generation   total 78016K, used 76445K [0x00000006c2c00000, 0x00000006c80a0000, 0x00000006d78c0000)
  eden space 69376K, 100% used [0x00000006c2c00000, 0x00000006c6fc0000, 0x00000006c6fc0000)
  from space 8640K,  81% used [0x00000006c7830000, 0x00000006c7f177e8, 0x00000006c80a0000)
  to   space 8640K,   0% used [0x00000006c6fc0000, 0x00000006c6fc0000, 0x00000006c7830000)
 concurrent mark-sweep generation total 173440K, used 60377K [0x00000006d78c0000, 0x00000006e2220000, 0x00000007c0000000)
 Metaspace       used 68899K, capacity 72175K, committed 72336K, reserved 1112064K
  class space    used 9051K, capacity 9616K, committed 9644K, reserved 1048576K
2018-10-12T10:42:07.051+0800: 25.602: [GC (Allocation Failure) 2018-10-12T10:42:07.051+0800: 25.602: [ParNew: 76445K->7795K(78016K), 0.0075509 secs] 136823K->68653K(251456K), 0.0076204 secs] [Times: user=0.00 sys=0.00, real=0.01 secs] 
Heap after GC invocations=98 (full 2):
 par new generation   total 78016K, used 7795K [0x00000006c2c00000, 0x00000006c80a0000, 0x00000006d78c0000)
  eden space 69376K,   0% used [0x00000006c2c00000, 0x00000006c2c00000, 0x00000006c6fc0000)
  from space 8640K,  90% used [0x00000006c6fc0000, 0x00000006c775cdb8, 0x00000006c7830000)
  to   space 8640K,   0% used [0x00000006c7830000, 0x00000006c7830000, 0x00000006c80a0000)
 concurrent mark-sweep generation total 173440K, used 60857K [0x00000006d78c0000, 0x00000006e2220000, 0x00000007c0000000)
 Metaspace       used 68899K, capacity 72175K, committed 72336K, reserved 1112064K
  class space    used 9051K, capacity 9616K, committed 9644K, reserved 1048576K
}
2018-10-12T10:42:07.312+0800: 25.862: Application time: 0.2526165 seconds
2018-10-12T10:42:07.331+0800: 25.882: Application time: 0.0194352 seconds
2018-10-12T10:42:07.358+0800: 25.909: Application time: 0.0266064 seconds
{Heap before GC invocations=98 (full 2):
 par new generation   total 78016K, used 77171K [0x00000006c2c00000, 0x00000006c80a0000, 0x00000006d78c0000)
  eden space 69376K, 100% used [0x00000006c2c00000, 0x00000006c6fc0000, 0x00000006c6fc0000)
  from space 8640K,  90% used [0x00000006c6fc0000, 0x00000006c775cdb8, 0x00000006c7830000)
  to   space 8640K,   0% used [0x00000006c7830000, 0x00000006c7830000, 0x00000006c80a0000)
 concurrent mark-sweep generation total 173440K, used 60857K [0x00000006d78c0000, 0x00000006e2220000, 0x00000007c0000000)
 Metaspace       used 69359K, capacity 72753K, committed 72912K, reserved 1112064K
  class space    used 9119K, capacity 9711K, committed 9772K, reserved 1048576K
2018-10-12T10:42:07.358+0800: 25.909: [GC (Allocation Failure) 2018-10-12T10:42:07.358+0800: 25.909: [ParNew: 77171K->6581K(78016K), 0.0087234 secs] 138029K->68125K(251456K), 0.0087985 secs] [Times: user=0.06 sys=0.00, real=0.01 secs] 
Heap after GC invocations=99 (full 2):
 par new generation   total 78016K, used 6581K [0x00000006c2c00000, 0x00000006c80a0000, 0x00000006d78c0000)
  eden space 69376K,   0% used [0x00000006c2c00000, 0x00000006c2c00000, 0x00000006c6fc0000)
  from space 8640K,  76% used [0x00000006c7830000, 0x00000006c7e9d448, 0x00000006c80a0000)
  to   space 8640K,   0% used [0x00000006c6fc0000, 0x00000006c6fc0000, 0x00000006c7830000)
 concurrent mark-sweep generation total 173440K, used 61544K [0x00000006d78c0000, 0x00000006e2220000, 0x00000007c0000000)
 Metaspace       used 69359K, capacity 72753K, committed 72912K, reserved 1112064K
  class space    used 9119K, capacity 9711K, committed 9772K, reserved 1048576K
}
2018-10-12T10:42:07.367+0800: 25.919: Application time: 0.0005624 seconds
2018-10-12T10:42:07.367+0800: 25.919: [GC (CMS Initial Mark) [1 CMS-initial-mark: 61544K(173440K)] 68150K(251456K), 0.0027702 secs] [Times: user=0.00 sys=0.00, real=0.00 secs] 
2018-10-12T10:42:07.370+0800: 25.922: [CMS-concurrent-mark-start]
2018-10-12T10:42:07.482+0800: 26.033: [CMS-concurrent-mark: 0.111/0.111 secs] [Times: user=0.44 sys=0.00, real=0.11 secs] 
2018-10-12T10:42:07.482+0800: 26.033: [CMS-concurrent-preclean-start]
2018-10-12T10:42:07.485+0800: 26.036: [CMS-concurrent-preclean: 0.003/0.003 secs] [Times: user=0.05 sys=0.00, real=0.00 secs] 
2018-10-12T10:42:07.485+0800: 26.036: [CMS-concurrent-abortable-preclean-start]
2018-10-12T10:42:07.525+0800: 26.075: Application time: 0.1538154 seconds
{Heap before GC invocations=99 (full 3):
 par new generation   total 78016K, used 75957K [0x00000006c2c00000, 0x00000006c80a0000, 0x00000006d78c0000)
  eden space 69376K, 100% used [0x00000006c2c00000, 0x00000006c6fc0000, 0x00000006c6fc0000)
  from space 8640K,  76% used [0x00000006c7830000, 0x00000006c7e9d448, 0x00000006c80a0000)
  to   space 8640K,   0% used [0x00000006c6fc0000, 0x00000006c6fc0000, 0x00000006c7830000)
 concurrent mark-sweep generation total 173440K, used 61544K [0x00000006d78c0000, 0x00000006e2220000, 0x00000007c0000000)
 Metaspace       used 69411K, capacity 72817K, committed 72912K, reserved 1112064K
  class space    used 9131K, capacity 9725K, committed 9772K, reserved 1048576K
2018-10-12T10:42:07.529+0800: 26.079: [GC (Allocation Failure) 2018-10-12T10:42:07.529+0800: 26.079: [ParNew: 75957K->5758K(78016K), 0.0082967 secs] 137501K->68592K(251456K), 0.0083605 secs] [Times: user=0.06 sys=0.00, real=0.01 secs] 
Heap after GC invocations=100 (full 3):
 par new generation   total 78016K, used 5758K [0x00000006c2c00000, 0x00000006c80a0000, 0x00000006d78c0000)
  eden space 69376K,   0% used [0x00000006c2c00000, 0x00000006c2c00000, 0x00000006c6fc0000)
  from space 8640K,  66% used [0x00000006c6fc0000, 0x00000006c755f9d8, 0x00000006c7830000)
  to   space 8640K,   0% used [0x00000006c7830000, 0x00000006c7830000, 0x00000006c80a0000)
 concurrent mark-sweep generation total 173440K, used 62833K [0x00000006d78c0000, 0x00000006e2220000, 0x00000007c0000000)
 Metaspace       used 69411K, capacity 72817K, committed 72912K, reserved 1112064K
  class space    used 9131K, capacity 9725K, committed 9772K, reserved 1048576K
}
2018-10-12T10:42:07.547+0800: 26.098: Application time: 0.0104121 seconds
2018-10-12T10:42:07.602+0800: 26.153: Application time: 0.0542762 seconds
2018-10-12T10:42:07.605+0800: 26.156: Application time: 0.0032035 seconds
2018-10-12T10:42:07.657+0800: 26.207: [CMS-concurrent-abortable-preclean: 0.158/0.171 secs] [Times: user=0.56 sys=0.02, real=0.17 secs] 
2018-10-12T10:42:07.657+0800: 26.207: Application time: 0.0512775 seconds
2018-10-12T10:42:07.657+0800: 26.207: [GC (CMS Final Remark) [YG occupancy: 54323 K (78016 K)]2018-10-12T10:42:07.657+0800: 26.207: [Rescan (parallel) , 0.0061542 secs]2018-10-12T10:42:07.663+0800: 26.214: [weak refs processing, 0.0008477 secs]2018-10-12T10:42:07.664+0800: 26.214: [class unloading, 0.0164415 secs]2018-10-12T10:42:07.681+0800: 26.231: [scrub symbol table, 0.0169503 secs]2018-10-12T10:42:07.698+0800: 26.248: [scrub string table, 0.0011104 secs][1 CMS-remark: 62833K(173440K)] 117157K(251456K), 0.0474629 secs] [Times: user=0.16 sys=0.00, real=0.05 secs] 
2018-10-12T10:42:07.705+0800: 26.255: [CMS-concurrent-sweep-start]
2018-10-12T10:42:07.732+0800: 26.284: [CMS-concurrent-sweep: 0.029/0.029 secs] [Times: user=0.06 sys=0.00, real=0.03 secs] 
2018-10-12T10:42:07.733+0800: 26.284: [CMS-concurrent-reset-start]
2018-10-12T10:42:07.735+0800: 26.287: Application time: 0.0317415 seconds
{Heap before GC invocations=100 (full 3):
 par new generation   total 78016K, used 75134K [0x00000006c2c00000, 0x00000006c80a0000, 0x00000006d78c0000)
  eden space 69376K, 100% used [0x00000006c2c00000, 0x00000006c6fc0000, 0x00000006c6fc0000)
  from space 8640K,  66% used [0x00000006c6fc0000, 0x00000006c755f9d8, 0x00000006c7830000)
  to   space 8640K,   0% used [0x00000006c7830000, 0x00000006c7830000, 0x00000006c80a0000)
 concurrent mark-sweep generation total 173440K, used 59665K [0x00000006d78c0000, 0x00000006e2220000, 0x00000007c0000000)
 Metaspace       used 69161K, capacity 72389K, committed 72988K, reserved 1112064K
  class space    used 9092K, capacity 9643K, committed 9772K, reserved 1048576K
2018-10-12T10:42:07.736+0800: 26.287: [GC (Allocation Failure) 2018-10-12T10:42:07.736+0800: 26.287: [ParNew: 75134K->6309K(78016K), 0.0057960 secs] 134800K->65975K(251456K), 0.0058654 secs] [Times: user=0.00 sys=0.00, real=0.01 secs] 
Heap after GC invocations=101 (full 3):
 par new generation   total 78016K, used 6309K [0x00000006c2c00000, 0x00000006c80a0000, 0x00000006d78c0000)
  eden space 69376K,   0% used [0x00000006c2c00000, 0x00000006c2c00000, 0x00000006c6fc0000)
  from space 8640K,  73% used [0x00000006c7830000, 0x00000006c7e594f8, 0x00000006c80a0000)
  to   space 8640K,   0% used [0x00000006c6fc0000, 0x00000006c6fc0000, 0x00000006c7830000)
 concurrent mark-sweep generation total 173440K, used 59665K [0x00000006d78c0000, 0x00000006e2220000, 0x00000007c0000000)
 Metaspace       used 69161K, capacity 72389K, committed 72988K, reserved 1112064K
  class space    used 9092K, capacity 9643K, committed 9772K, reserved 1048576K
}
2018-10-12T10:42:07.742+0800: 26.293: [CMS-concurrent-reset: 0.003/0.010 secs] [Times: user=0.06 sys=0.00, real=0.01 secs] 
2018-10-12T10:42:07.915+0800: 26.466: Application time: 0.1726987 seconds
{Heap before GC invocations=101 (full 3):
 par new generation   total 78016K, used 75685K [0x00000006c2c00000, 0x00000006c80a0000, 0x00000006d78c0000)
  eden space 69376K, 100% used [0x00000006c2c00000, 0x00000006c6fc0000, 0x00000006c6fc0000)
  from space 8640K,  73% used [0x00000006c7830000, 0x00000006c7e594f8, 0x00000006c80a0000)
  to   space 8640K,   0% used [0x00000006c6fc0000, 0x00000006c6fc0000, 0x00000006c7830000)
 concurrent mark-sweep generation total 173440K, used 59665K [0x00000006d78c0000, 0x00000006e2220000, 0x00000007c0000000)
 Metaspace       used 69169K, capacity 72389K, committed 72988K, reserved 1112064K
  class space    used 9097K, capacity 9643K, committed 9772K, reserved 1048576K
2018-10-12T10:42:07.915+0800: 26.466: [GC (Allocation Failure) 2018-10-12T10:42:07.915+0800: 26.466: [ParNew: 75685K->6219K(78016K), 0.0063020 secs] 135351K->66263K(251456K), 0.0063704 secs] [Times: user=0.00 sys=0.00, real=0.01 secs] 
Heap after GC invocations=102 (full 3):
 par new generation   total 78016K, used 6219K [0x00000006c2c00000, 0x00000006c80a0000, 0x00000006d78c0000)
  eden space 69376K,   0% used [0x00000006c2c00000, 0x00000006c2c00000, 0x00000006c6fc0000)
  from space 8640K,  71% used [0x00000006c6fc0000, 0x00000006c75d2fd8, 0x00000006c7830000)
  to   space 8640K,   0% used [0x00000006c7830000, 0x00000006c7830000, 0x00000006c80a0000)
 concurrent mark-sweep generation total 173440K, used 60043K [0x00000006d78c0000, 0x00000006e2220000, 0x00000007c0000000)
 Metaspace       used 69169K, capacity 72389K, committed 72988K, reserved 1112064K
  class space    used 9097K, capacity 9643K, committed 9772K, reserved 1048576K
}
2018-10-12T10:42:08.089+0800: 26.640: Application time: 0.1672719 seconds
{Heap before GC invocations=102 (full 3):
 par new generation   total 78016K, used 75595K [0x00000006c2c00000, 0x00000006c80a0000, 0x00000006d78c0000)
  eden space 69376K, 100% used [0x00000006c2c00000, 0x00000006c6fc0000, 0x00000006c6fc0000)
  from space 8640K,  71% used [0x00000006c6fc0000, 0x00000006c75d2fd8, 0x00000006c7830000)
  to   space 8640K,   0% used [0x00000006c7830000, 0x00000006c7830000, 0x00000006c80a0000)
 concurrent mark-sweep generation total 173440K, used 60043K [0x00000006d78c0000, 0x00000006e2220000, 0x00000007c0000000)
 Metaspace       used 69200K, capacity 72395K, committed 72988K, reserved 1112064K
  class space    used 9107K, capacity 9644K, committed 9772K, reserved 1048576K
2018-10-12T10:42:08.089+0800: 26.640: [GC (Allocation Failure) 2018-10-12T10:42:08.089+0800: 26.640: [ParNew: 75595K->7257K(78016K), 0.0062582 secs] 135639K->67568K(251456K), 0.0063238 secs] [Times: user=0.06 sys=0.00, real=0.01 secs] 
Heap after GC invocations=103 (full 3):
 par new generation   total 78016K, used 7257K [0x00000006c2c00000, 0x00000006c80a0000, 0x00000006d78c0000)
  eden space 69376K,   0% used [0x00000006c2c00000, 0x00000006c2c00000, 0x00000006c6fc0000)
  from space 8640K,  83% used [0x00000006c7830000, 0x00000006c7f465d8, 0x00000006c80a0000)
  to   space 8640K,   0% used [0x00000006c6fc0000, 0x00000006c6fc0000, 0x00000006c7830000)
 concurrent mark-sweep generation total 173440K, used 60310K [0x00000006d78c0000, 0x00000006e2220000, 0x00000007c0000000)
 Metaspace       used 69200K, capacity 72395K, committed 72988K, reserved 1112064K
  class space    used 9107K, capacity 9644K, committed 9772K, reserved 1048576K
}
2018-10-12T10:42:08.221+0800: 26.772: Application time: 0.1256776 seconds
{Heap before GC invocations=103 (full 3):
 par new generation   total 78016K, used 76633K [0x00000006c2c00000, 0x00000006c80a0000, 0x00000006d78c0000)
  eden space 69376K, 100% used [0x00000006c2c00000, 0x00000006c6fc0000, 0x00000006c6fc0000)
  from space 8640K,  83% used [0x00000006c7830000, 0x00000006c7f465d8, 0x00000006c80a0000)
  to   space 8640K,   0% used [0x00000006c6fc0000, 0x00000006c6fc0000, 0x00000006c7830000)
 concurrent mark-sweep generation total 173440K, used 60310K [0x00000006d78c0000, 0x00000006e2220000, 0x00000007c0000000)
 Metaspace       used 69225K, capacity 72439K, committed 72988K, reserved 1112064K
  class space    used 9114K, capacity 9678K, committed 9772K, reserved 1048576K
2018-10-12T10:42:08.221+0800: 26.772: [GC (Allocation Failure) 2018-10-12T10:42:08.221+0800: 26.772: [ParNew: 76633K->7728K(78016K), 0.0068693 secs] 136944K->68486K(251456K), 0.0069240 secs] [Times: user=0.00 sys=0.00, real=0.01 secs] 
Heap after GC invocations=104 (full 3):
 par new generation   total 78016K, used 7728K [0x00000006c2c00000, 0x00000006c80a0000, 0x00000006d78c0000)
  eden space 69376K,   0% used [0x00000006c2c00000, 0x00000006c2c00000, 0x00000006c6fc0000)
  from space 8640K,  89% used [0x00000006c6fc0000, 0x00000006c774c328, 0x00000006c7830000)
  to   space 8640K,   0% used [0x00000006c7830000, 0x00000006c7830000, 0x00000006c80a0000)
 concurrent mark-sweep generation total 173440K, used 60758K [0x00000006d78c0000, 0x00000006e2220000, 0x00000007c0000000)
 Metaspace       used 69225K, capacity 72439K, committed 72988K, reserved 1112064K
  class space    used 9114K, capacity 9678K, committed 9772K, reserved 1048576K
}
2018-10-12T10:42:08.299+0800: 26.849: Application time: 0.0704797 seconds
{Heap before GC invocations=104 (full 3):
 par new generation   total 78016K, used 77104K [0x00000006c2c00000, 0x00000006c80a0000, 0x00000006d78c0000)
  eden space 69376K, 100% used [0x00000006c2c00000, 0x00000006c6fc0000, 0x00000006c6fc0000)
  from space 8640K,  89% used [0x00000006c6fc0000, 0x00000006c774c328, 0x00000006c7830000)
  to   space 8640K,   0% used [0x00000006c7830000, 0x00000006c7830000, 0x00000006c80a0000)
 concurrent mark-sweep generation total 173440K, used 60758K [0x00000006d78c0000, 0x00000006e2220000, 0x00000007c0000000)
 Metaspace       used 69245K, capacity 72509K, committed 73232K, reserved 1112064K
  class space    used 9119K, capacity 9679K, committed 9772K, reserved 1048576K
2018-10-12T10:42:08.299+0800: 26.849: [GC (Allocation Failure) 2018-10-12T10:42:08.299+0800: 26.849: [ParNew: 77104K->4578K(78016K), 0.0070167 secs] 137862K->66105K(251456K), 0.0070827 secs] [Times: user=0.00 sys=0.00, real=0.01 secs] 
Heap after GC invocations=105 (full 3):
 par new generation   total 78016K, used 4578K [0x00000006c2c00000, 0x00000006c80a0000, 0x00000006d78c0000)
  eden space 69376K,   0% used [0x00000006c2c00000, 0x00000006c2c00000, 0x00000006c6fc0000)
  from space 8640K,  52% used [0x00000006c7830000, 0x00000006c7ca8b80, 0x00000006c80a0000)
  to   space 8640K,   0% used [0x00000006c6fc0000, 0x00000006c6fc0000, 0x00000006c7830000)
 concurrent mark-sweep generation total 173440K, used 61526K [0x00000006d78c0000, 0x00000006e2220000, 0x00000007c0000000)
 Metaspace       used 69245K, capacity 72509K, committed 73232K, reserved 1112064K
  class space    used 9119K, capacity 9679K, committed 9772K, reserved 1048576K
}
2018-10-12T10:42:08.383+0800: 26.933: Application time: 0.0766864 seconds
2018-10-12T10:42:08.410+0800: 26.960: Application time: 0.0267132 seconds
{Heap before GC invocations=105 (full 3):
 par new generation   total 78016K, used 73954K [0x00000006c2c00000, 0x00000006c80a0000, 0x00000006d78c0000)
  eden space 69376K, 100% used [0x00000006c2c00000, 0x00000006c6fc0000, 0x00000006c6fc0000)
  from space 8640K,  52% used [0x00000006c7830000, 0x00000006c7ca8b80, 0x00000006c80a0000)
  to   space 8640K,   0% used [0x00000006c6fc0000, 0x00000006c6fc0000, 0x00000006c7830000)
 concurrent mark-sweep generation total 173440K, used 61526K [0x00000006d78c0000, 0x00000006e2220000, 0x00000007c0000000)
 Metaspace       used 69264K, capacity 72509K, committed 73232K, reserved 1112064K
  class space    used 9123K, capacity 9679K, committed 9772K, reserved 1048576K
2018-10-12T10:42:08.410+0800: 26.960: [GC (Allocation Failure) 2018-10-12T10:42:08.410+0800: 26.960: [ParNew: 73954K->7168K(78016K), 0.0054314 secs] 135481K->68695K(251456K), 0.0054994 secs] [Times: user=0.00 sys=0.00, real=0.00 secs] 
Heap after GC invocations=106 (full 3):
 par new generation   total 78016K, used 7168K [0x00000006c2c00000, 0x00000006c80a0000, 0x00000006d78c0000)
  eden space 69376K,   0% used [0x00000006c2c00000, 0x00000006c2c00000, 0x00000006c6fc0000)
  from space 8640K,  82% used [0x00000006c6fc0000, 0x00000006c76c0250, 0x00000006c7830000)
  to   space 8640K,   0% used [0x00000006c7830000, 0x00000006c7830000, 0x00000006c80a0000)
 concurrent mark-sweep generation total 173440K, used 61526K [0x00000006d78c0000, 0x00000006e2220000, 0x00000007c0000000)
 Metaspace       used 69264K, capacity 72509K, committed 73232K, reserved 1112064K
  class space    used 9123K, capacity 9679K, committed 9772K, reserved 1048576K
}
2018-10-12T10:42:08.469+0800: 27.019: Application time: 0.0536556 seconds
2018-10-12T10:42:08.510+0800: 27.061: Application time: 0.0413235 seconds
{Heap before GC invocations=106 (full 3):
 par new generation   total 78016K, used 76544K [0x00000006c2c00000, 0x00000006c80a0000, 0x00000006d78c0000)
  eden space 69376K, 100% used [0x00000006c2c00000, 0x00000006c6fc0000, 0x00000006c6fc0000)
  from space 8640K,  82% used [0x00000006c6fc0000, 0x00000006c76c0250, 0x00000006c7830000)
  to   space 8640K,   0% used [0x00000006c7830000, 0x00000006c7830000, 0x00000006c80a0000)
 concurrent mark-sweep generation total 173440K, used 61526K [0x00000006d78c0000, 0x00000006e2220000, 0x00000007c0000000)
 Metaspace       used 69363K, capacity 72585K, committed 73232K, reserved 1112064K
  class space    used 9140K, capacity 9681K, committed 9772K, reserved 1048576K
2018-10-12T10:42:08.510+0800: 27.061: [GC (Allocation Failure) 2018-10-12T10:42:08.510+0800: 27.061: [ParNew: 76544K->5303K(78016K), 0.0066588 secs] 138071K->67274K(251456K), 0.0067219 secs] [Times: user=0.06 sys=0.00, real=0.01 secs] 
Heap after GC invocations=107 (full 3):
 par new generation   total 78016K, used 5303K [0x00000006c2c00000, 0x00000006c80a0000, 0x00000006d78c0000)
  eden space 69376K,   0% used [0x00000006c2c00000, 0x00000006c2c00000, 0x00000006c6fc0000)
  from space 8640K,  61% used [0x00000006c7830000, 0x00000006c7d5dd10, 0x00000006c80a0000)
  to   space 8640K,   0% used [0x00000006c6fc0000, 0x00000006c6fc0000, 0x00000006c7830000)
 concurrent mark-sweep generation total 173440K, used 61970K [0x00000006d78c0000, 0x00000006e2220000, 0x00000007c0000000)
 Metaspace       used 69363K, capacity 72585K, committed 73232K, reserved 1112064K
  class space    used 9140K, capacity 9681K, committed 9772K, reserved 1048576K
}
2018-10-12T10:42:08.593+0800: 27.144: Application time: 0.0765577 seconds
{Heap before GC invocations=107 (full 3):
 par new generation   total 78016K, used 74679K [0x00000006c2c00000, 0x00000006c80a0000, 0x00000006d78c0000)
  eden space 69376K, 100% used [0x00000006c2c00000, 0x00000006c6fc0000, 0x00000006c6fc0000)
  from space 8640K,  61% used [0x00000006c7830000, 0x00000006c7d5dd10, 0x00000006c80a0000)
  to   space 8640K,   0% used [0x00000006c6fc0000, 0x00000006c6fc0000, 0x00000006c7830000)
 concurrent mark-sweep generation total 173440K, used 61970K [0x00000006d78c0000, 0x00000006e2220000, 0x00000007c0000000)
 Metaspace       used 69402K, capacity 72623K, committed 73360K, reserved 1112064K
  class space    used 9149K, capacity 9714K, committed 9900K, reserved 1048576K
2018-10-12T10:42:08.593+0800: 27.144: [GC (Allocation Failure) 2018-10-12T10:42:08.593+0800: 27.144: [ParNew: 74679K->3934K(78016K), 0.0068887 secs] 136650K->66971K(251456K), 0.0069585 secs] [Times: user=0.06 sys=0.00, real=0.01 secs] 
Heap after GC invocations=108 (full 3):
 par new generation   total 78016K, used 3934K [0x00000006c2c00000, 0x00000006c80a0000, 0x00000006d78c0000)
  eden space 69376K,   0% used [0x00000006c2c00000, 0x00000006c2c00000, 0x00000006c6fc0000)
  from space 8640K,  45% used [0x00000006c6fc0000, 0x00000006c73978c8, 0x00000006c7830000)
  to   space 8640K,   0% used [0x00000006c7830000, 0x00000006c7830000, 0x00000006c80a0000)
 concurrent mark-sweep generation total 173440K, used 63037K [0x00000006d78c0000, 0x00000006e2220000, 0x00000007c0000000)
 Metaspace       used 69402K, capacity 72623K, committed 73360K, reserved 1112064K
  class space    used 9149K, capacity 9714K, committed 9900K, reserved 1048576K
}
2018-10-12T10:42:08.679+0800: 27.230: Application time: 0.0786047 seconds
{Heap before GC invocations=108 (full 3):
 par new generation   total 78016K, used 73310K [0x00000006c2c00000, 0x00000006c80a0000, 0x00000006d78c0000)
  eden space 69376K, 100% used [0x00000006c2c00000, 0x00000006c6fc0000, 0x00000006c6fc0000)
  from space 8640K,  45% used [0x00000006c6fc0000, 0x00000006c73978c8, 0x00000006c7830000)
  to   space 8640K,   0% used [0x00000006c7830000, 0x00000006c7830000, 0x00000006c80a0000)
 concurrent mark-sweep generation total 173440K, used 63037K [0x00000006d78c0000, 0x00000006e2220000, 0x00000007c0000000)
 Metaspace       used 69491K, capacity 72697K, committed 73360K, reserved 1112064K
  class space    used 9172K, capacity 9715K, committed 9900K, reserved 1048576K
2018-10-12T10:42:08.679+0800: 27.230: [GC (Allocation Failure) 2018-10-12T10:42:08.679+0800: 27.230: [ParNew: 73310K->5404K(78016K), 0.0055724 secs] 136347K->68722K(251456K), 0.0056348 secs] [Times: user=0.00 sys=0.00, real=0.01 secs] 
Heap after GC invocations=109 (full 3):
 par new generation   total 78016K, used 5404K [0x00000006c2c00000, 0x00000006c80a0000, 0x00000006d78c0000)
  eden space 69376K,   0% used [0x00000006c2c00000, 0x00000006c2c00000, 0x00000006c6fc0000)
  from space 8640K,  62% used [0x00000006c7830000, 0x00000006c7d77158, 0x00000006c80a0000)
  to   space 8640K,   0% used [0x00000006c6fc0000, 0x00000006c6fc0000, 0x00000006c7830000)
 concurrent mark-sweep generation total 173440K, used 63318K [0x00000006d78c0000, 0x00000006e2220000, 0x00000007c0000000)
 Metaspace       used 69491K, capacity 72697K, committed 73360K, reserved 1112064K
  class space    used 9172K, capacity 9715K, committed 9900K, reserved 1048576K
}
2018-10-12T10:42:08.858+0800: 27.409: Application time: 0.1731423 seconds
{Heap before GC invocations=109 (full 3):
 par new generation   total 78016K, used 74780K [0x00000006c2c00000, 0x00000006c80a0000, 0x00000006d78c0000)
  eden space 69376K, 100% used [0x00000006c2c00000, 0x00000006c6fc0000, 0x00000006c6fc0000)
  from space 8640K,  62% used [0x00000006c7830000, 0x00000006c7d77158, 0x00000006c80a0000)
  to   space 8640K,   0% used [0x00000006c6fc0000, 0x00000006c6fc0000, 0x00000006c7830000)
 concurrent mark-sweep generation total 173440K, used 63318K [0x00000006d78c0000, 0x00000006e2220000, 0x00000007c0000000)
 Metaspace       used 69660K, capacity 72877K, committed 73360K, reserved 1112064K
  class space    used 9191K, capacity 9761K, committed 9900K, reserved 1048576K
2018-10-12T10:42:08.858+0800: 27.409: [GC (Allocation Failure) 2018-10-12T10:42:08.858+0800: 27.409: [ParNew: 74780K->8003K(78016K), 0.0080524 secs] 138098K->71739K(251456K), 0.0081278 secs] [Times: user=0.05 sys=0.00, real=0.01 secs] 
Heap after GC invocations=110 (full 3):
 par new generation   total 78016K, used 8003K [0x00000006c2c00000, 0x00000006c80a0000, 0x00000006d78c0000)
  eden space 69376K,   0% used [0x00000006c2c00000, 0x00000006c2c00000, 0x00000006c6fc0000)
  from space 8640K,  92% used [0x00000006c6fc0000, 0x00000006c7790ea0, 0x00000006c7830000)
  to   space 8640K,   0% used [0x00000006c7830000, 0x00000006c7830000, 0x00000006c80a0000)
 concurrent mark-sweep generation total 173440K, used 63736K [0x00000006d78c0000, 0x00000006e2220000, 0x00000007c0000000)
 Metaspace       used 69660K, capacity 72877K, committed 73360K, reserved 1112064K
  class space    used 9191K, capacity 9761K, committed 9900K, reserved 1048576K
}
2018-10-12T10:42:08.997+0800: 27.548: Application time: 0.1308015 seconds
2018-10-12T10:42:08.999+0800: 27.550: Application time: 0.0014669 seconds
2018-10-12T10:42:09.010+0800: 27.560: Application time: 0.0100993 seconds
2018-10-12T10:42:09.024+0800: 27.575: Application time: 0.0147507 seconds
2018-10-12T10:42:09.026+0800: 27.577: Application time: 0.0012134 seconds
2018-10-12T10:42:09.038+0800: 27.588: Application time: 0.0117009 seconds
2018-10-12T10:42:09.119+0800: 27.669: Application time: 0.0800222 seconds
{Heap before GC invocations=110 (full 3):
 par new generation   total 78016K, used 77379K [0x00000006c2c00000, 0x00000006c80a0000, 0x00000006d78c0000)
  eden space 69376K, 100% used [0x00000006c2c00000, 0x00000006c6fc0000, 0x00000006c6fc0000)
  from space 8640K,  92% used [0x00000006c6fc0000, 0x00000006c7790ea0, 0x00000006c7830000)
  to   space 8640K,   0% used [0x00000006c7830000, 0x00000006c7830000, 0x00000006c80a0000)
 concurrent mark-sweep generation total 173440K, used 63736K [0x00000006d78c0000, 0x00000006e2220000, 0x00000007c0000000)
 Metaspace       used 71730K, capacity 75011K, committed 75408K, reserved 1114112K
  class space    used 9454K, capacity 10034K, committed 10156K, reserved 1048576K
2018-10-12T10:42:09.119+0800: 27.669: [GC (Allocation Failure) 2018-10-12T10:42:09.119+0800: 27.669: [ParNew: 77379K->7835K(78016K), 0.0100559 secs] 141115K->73941K(251456K), 0.0101148 secs] [Times: user=0.06 sys=0.00, real=0.01 secs] 
Heap after GC invocations=111 (full 3):
 par new generation   total 78016K, used 7835K [0x00000006c2c00000, 0x00000006c80a0000, 0x00000006d78c0000)
  eden space 69376K,   0% used [0x00000006c2c00000, 0x00000006c2c00000, 0x00000006c6fc0000)
  from space 8640K,  90% used [0x00000006c7830000, 0x00000006c7fd6fa8, 0x00000006c80a0000)
  to   space 8640K,   0% used [0x00000006c6fc0000, 0x00000006c6fc0000, 0x00000006c7830000)
 concurrent mark-sweep generation total 173440K, used 66106K [0x00000006d78c0000, 0x00000006e2220000, 0x00000007c0000000)
 Metaspace       used 71730K, capacity 75011K, committed 75408K, reserved 1114112K
  class space    used 9454K, capacity 10034K, committed 10156K, reserved 1048576K
}
2018-10-12T10:42:09.171+0800: 27.721: Application time: 0.0417791 seconds
2018-10-12T10:42:09.287+0800: 27.838: Application time: 0.1161859 seconds
2018-10-12T10:42:09.289+0800: 27.840: Application time: 0.0010039 seconds
2018-10-12T10:42:09.317+0800: 27.868: Application time: 0.0278800 seconds
2018-10-12T10:42:09.358+0800: 27.909: Application time: 0.0397392 seconds
{Heap before GC invocations=111 (full 3):
 par new generation   total 78016K, used 77211K [0x00000006c2c00000, 0x00000006c80a0000, 0x00000006d78c0000)
  eden space 69376K, 100% used [0x00000006c2c00000, 0x00000006c6fc0000, 0x00000006c6fc0000)
  from space 8640K,  90% used [0x00000006c7830000, 0x00000006c7fd6fa8, 0x00000006c80a0000)
  to   space 8640K,   0% used [0x00000006c6fc0000, 0x00000006c6fc0000, 0x00000006c7830000)
 concurrent mark-sweep generation total 173440K, used 66106K [0x00000006d78c0000, 0x00000006e2220000, 0x00000007c0000000)
 Metaspace       used 73120K, capacity 76449K, committed 76816K, reserved 1116160K
  class space    used 9648K, capacity 10233K, committed 10284K, reserved 1048576K
2018-10-12T10:42:09.358+0800: 27.909: [GC (Allocation Failure) 2018-10-12T10:42:09.358+0800: 27.909: [ParNew: 77211K->4886K(78016K), 0.0052342 secs] 143317K->71262K(251456K), 0.0053076 secs] [Times: user=0.06 sys=0.00, real=0.00 secs] 
Heap after GC invocations=112 (full 3):
 par new generation   total 78016K, used 4886K [0x00000006c2c00000, 0x00000006c80a0000, 0x00000006d78c0000)
  eden space 69376K,   0% used [0x00000006c2c00000, 0x00000006c2c00000, 0x00000006c6fc0000)
  from space 8640K,  56% used [0x00000006c6fc0000, 0x00000006c7485b38, 0x00000006c7830000)
  to   space 8640K,   0% used [0x00000006c7830000, 0x00000006c7830000, 0x00000006c80a0000)
 concurrent mark-sweep generation total 173440K, used 66375K [0x00000006d78c0000, 0x00000006e2220000, 0x00000007c0000000)
 Metaspace       used 73120K, capacity 76449K, committed 76816K, reserved 1116160K
  class space    used 9648K, capacity 10233K, committed 10284K, reserved 1048576K
}
2018-10-12T10:42:09.401+0800: 27.952: Application time: 0.0378502 seconds
2018-10-12T10:42:09.532+0800: 28.082: Application time: 0.1293702 seconds
{Heap before GC invocations=112 (full 3):
 par new generation   total 78016K, used 74262K [0x00000006c2c00000, 0x00000006c80a0000, 0x00000006d78c0000)
  eden space 69376K, 100% used [0x00000006c2c00000, 0x00000006c6fc0000, 0x00000006c6fc0000)
  from space 8640K,  56% used [0x00000006c6fc0000, 0x00000006c7485b38, 0x00000006c7830000)
  to   space 8640K,   0% used [0x00000006c7830000, 0x00000006c7830000, 0x00000006c80a0000)
 concurrent mark-sweep generation total 173440K, used 66375K [0x00000006d78c0000, 0x00000006e2220000, 0x00000007c0000000)
 Metaspace       used 74226K, capacity 77511K, committed 78096K, reserved 1116160K
  class space    used 9825K, capacity 10394K, committed 10540K, reserved 1048576K
2018-10-12T10:42:09.532+0800: 28.082: [GC (Allocation Failure) 2018-10-12T10:42:09.532+0800: 28.082: [ParNew: 74262K->7688K(78016K), 0.0063069 secs] 140638K->74402K(251456K), 0.0063580 secs] [Times: user=0.05 sys=0.00, real=0.01 secs] 
Heap after GC invocations=113 (full 3):
 par new generation   total 78016K, used 7688K [0x00000006c2c00000, 0x00000006c80a0000, 0x00000006d78c0000)
  eden space 69376K,   0% used [0x00000006c2c00000, 0x00000006c2c00000, 0x00000006c6fc0000)
  from space 8640K,  88% used [0x00000006c7830000, 0x00000006c7fb2058, 0x00000006c80a0000)
  to   space 8640K,   0% used [0x00000006c6fc0000, 0x00000006c6fc0000, 0x00000006c7830000)
 concurrent mark-sweep generation total 173440K, used 66714K [0x00000006d78c0000, 0x00000006e2220000, 0x00000007c0000000)
 Metaspace       used 74226K, capacity 77511K, committed 78096K, reserved 1116160K
  class space    used 9825K, capacity 10394K, committed 10540K, reserved 1048576K
}
2018-10-12T10:42:10.538+0800: 29.089: Application time: 1.0000504 seconds
2018-10-12T10:42:12.031+0800: 30.581: Application time: 1.4921583 seconds
{Heap before GC invocations=113 (full 3):
 par new generation   total 78016K, used 77064K [0x00000006c2c00000, 0x00000006c80a0000, 0x00000006d78c0000)
  eden space 69376K, 100% used [0x00000006c2c00000, 0x00000006c6fc0000, 0x00000006c6fc0000)
  from space 8640K,  88% used [0x00000006c7830000, 0x00000006c7fb2058, 0x00000006c80a0000)
  to   space 8640K,   0% used [0x00000006c6fc0000, 0x00000006c6fc0000, 0x00000006c7830000)
 concurrent mark-sweep generation total 173440K, used 66714K [0x00000006d78c0000, 0x00000006e2220000, 0x00000007c0000000)
 Metaspace       used 75579K, capacity 78883K, committed 79248K, reserved 1118208K
  class space    used 10032K, capacity 10590K, committed 10668K, reserved 1048576K
2018-10-12T10:42:12.031+0800: 30.581: [GC (Allocation Failure) 2018-10-12T10:42:12.031+0800: 30.581: [ParNew: 77064K->6928K(78016K), 0.0093214 secs] 143778K->74067K(251456K), 0.0093969 secs] [Times: user=0.06 sys=0.00, real=0.01 secs] 
Heap after GC invocations=114 (full 3):
 par new generation   total 78016K, used 6928K [0x00000006c2c00000, 0x00000006c80a0000, 0x00000006d78c0000)
  eden space 69376K,   0% used [0x00000006c2c00000, 0x00000006c2c00000, 0x00000006c6fc0000)
  from space 8640K,  80% used [0x00000006c6fc0000, 0x00000006c7684378, 0x00000006c7830000)
  to   space 8640K,   0% used [0x00000006c7830000, 0x00000006c7830000, 0x00000006c80a0000)
 concurrent mark-sweep generation total 173440K, used 67138K [0x00000006d78c0000, 0x00000006e2220000, 0x00000007c0000000)
 Metaspace       used 75579K, capacity 78883K, committed 79248K, reserved 1118208K
  class space    used 10032K, capacity 10590K, committed 10668K, reserved 1048576K
}
2018-10-12T10:42:12.076+0800: 30.627: Application time: 0.0366834 seconds
2018-10-12T10:42:12.077+0800: 30.628: Application time: 0.0008992 seconds
2018-10-12T10:42:12.077+0800: 30.629: Application time: 0.0000275 seconds
2018-10-12T10:42:12.077+0800: 30.629: Application time: 0.0000183 seconds
2018-10-12T10:42:12.078+0800: 30.629: Application time: 0.0000631 seconds
2018-10-12T10:42:12.078+0800: 30.629: Application time: 0.0000145 seconds
2018-10-12T10:42:12.078+0800: 30.629: Application time: 0.0000702 seconds
2018-10-12T10:42:12.078+0800: 30.629: Application time: 0.0000141 seconds
2018-10-12T10:42:12.078+0800: 30.629: Application time: 0.0000568 seconds
2018-10-12T10:42:12.078+0800: 30.629: Application time: 0.0000635 seconds
2018-10-12T10:42:12.078+0800: 30.629: Application time: 0.0000582 seconds
2018-10-12T10:42:12.088+0800: 30.639: Application time: 0.0094195 seconds
2018-10-12T10:42:12.088+0800: 30.639: Application time: 0.0000391 seconds
2018-10-12T10:42:12.124+0800: 30.675: Application time: 0.0361284 seconds
2018-10-12T10:42:12.130+0800: 30.681: Application time: 0.0058869 seconds
2018-10-12T10:42:12.380+0800: 30.930: Application time: 0.2492032 seconds
2018-10-12T10:42:12.381+0800: 30.931: Application time: 0.0004214 seconds
2018-10-12T10:42:12.444+0800: 30.995: Application time: 0.0645187 seconds
2018-10-12T10:42:12.445+0800: 30.996: Application time: 0.0007320 seconds
2018-10-12T10:42:12.446+0800: 30.997: Application time: 0.0004958 seconds
2018-10-12T10:42:12.467+0800: 31.018: Application time: 0.0209426 seconds
{Heap before GC invocations=114 (full 3):
 par new generation   total 78016K, used 76304K [0x00000006c2c00000, 0x00000006c80a0000, 0x00000006d78c0000)
  eden space 69376K, 100% used [0x00000006c2c00000, 0x00000006c6fc0000, 0x00000006c6fc0000)
  from space 8640K,  80% used [0x00000006c6fc0000, 0x00000006c7684378, 0x00000006c7830000)
  to   space 8640K,   0% used [0x00000006c7830000, 0x00000006c7830000, 0x00000006c80a0000)
 concurrent mark-sweep generation total 173440K, used 67138K [0x00000006d78c0000, 0x00000006e2220000, 0x00000007c0000000)
 Metaspace       used 76672K, capacity 79975K, committed 80400K, reserved 1118208K
  class space    used 10181K, capacity 10758K, committed 10796K, reserved 1048576K
2018-10-12T10:42:12.467+0800: 31.018: [GC (Allocation Failure) 2018-10-12T10:42:12.467+0800: 31.018: [ParNew: 76304K->4524K(78016K), 0.0088295 secs] 143443K->73870K(251456K), 0.0089022 secs] [Times: user=0.06 sys=0.00, real=0.01 secs] 
Heap after GC invocations=115 (full 3):
 par new generation   total 78016K, used 4524K [0x00000006c2c00000, 0x00000006c80a0000, 0x00000006d78c0000)
  eden space 69376K,   0% used [0x00000006c2c00000, 0x00000006c2c00000, 0x00000006c6fc0000)
  from space 8640K,  52% used [0x00000006c7830000, 0x00000006c7c9b220, 0x00000006c80a0000)
  to   space 8640K,   0% used [0x00000006c6fc0000, 0x00000006c6fc0000, 0x00000006c7830000)
 concurrent mark-sweep generation total 173440K, used 69345K [0x00000006d78c0000, 0x00000006e2220000, 0x00000007c0000000)
 Metaspace       used 76672K, capacity 79975K, committed 80400K, reserved 1118208K
  class space    used 10181K, capacity 10758K, committed 10796K, reserved 1048576K
}
2018-10-12T10:42:12.476+0800: 31.027: Application time: 0.0001943 seconds
2018-10-12T10:42:12.480+0800: 31.032: Application time: 0.0043196 seconds
2018-10-12T10:42:12.526+0800: 31.077: Application time: 0.0450711 seconds
2018-10-12T10:42:12.526+0800: 31.077: Application time: 0.0000233 seconds
2018-10-12T10:42:12.526+0800: 31.077: Application time: 0.0000176 seconds
2018-10-12T10:42:12.529+0800: 31.080: Application time: 0.0031256 seconds
2018-10-12T10:42:12.529+0800: 31.080: Application time: 0.0000247 seconds
2018-10-12T10:42:12.530+0800: 31.081: Application time: 0.0009281 seconds
2018-10-12T10:42:12.530+0800: 31.081: Application time: 0.0000226 seconds
2018-10-12T10:42:12.530+0800: 31.081: Application time: 0.0000159 seconds
2018-10-12T10:42:12.550+0800: 31.101: Application time: 0.0200985 seconds
2018-10-12T10:42:12.561+0800: 31.111: Application time: 0.0099590 seconds
2018-10-12T10:42:12.561+0800: 31.112: Application time: 0.0002313 seconds
2018-10-12T10:42:12.561+0800: 31.112: Application time: 0.0000342 seconds
2018-10-12T10:42:13.454+0800: 32.005: Application time: 0.8926366 seconds
2018-10-12T10:42:14.127+0800: 32.678: Application time: 0.6732624 seconds
2018-10-12T10:42:14.128+0800: 32.678: Application time: 0.0000800 seconds
2018-10-12T10:42:14.128+0800: 32.679: Application time: 0.0001181 seconds
2018-10-12T10:42:14.128+0800: 32.679: Application time: 0.0001192 seconds
2018-10-12T10:42:14.128+0800: 32.679: Application time: 0.0002807 seconds
2018-10-12T10:42:14.129+0800: 32.679: Application time: 0.0001686 seconds
2018-10-12T10:42:14.134+0800: 32.685: Application time: 0.0053950 seconds
2018-10-12T10:42:14.156+0800: 32.707: Application time: 0.0217677 seconds
2018-10-12T10:42:23.161+0800: 41.711: Application time: 9.0038738 seconds
2018-10-12T10:42:24.161+0800: 42.711: Application time: 1.0002391 seconds
2018-10-12T10:43:01.262+0800: 79.813: Application time: 37.1013051 seconds
2018-10-12T10:43:01.264+0800: 79.815: Application time: 0.0025537 seconds
2018-10-12T10:43:01.266+0800: 79.817: Application time: 0.0016301 seconds
2018-10-12T10:43:02.267+0800: 80.817: Application time: 1.0000945 seconds
2018-10-12T10:43:04.268+0800: 82.819: Application time: 2.0013703 seconds
2018-10-12T10:43:10.272+0800: 88.822: Application time: 6.0032166 seconds
2018-10-12T10:43:14.443+0800: 92.994: Application time: 4.1721053 seconds
2018-10-12T10:43:14.443+0800: 92.995: Application time: 0.0000247 seconds
2018-10-12T10:43:14.443+0800: 92.995: Application time: 0.0000176 seconds
2018-10-12T10:43:14.487+0800: 93.038: Application time: 0.0433906 seconds
2018-10-12T10:43:14.487+0800: 93.038: Application time: 0.0000303 seconds
2018-10-12T10:43:14.573+0800: 93.124: Application time: 0.0855921 seconds
{Heap before GC invocations=115 (full 3):
 par new generation   total 78016K, used 73900K [0x00000006c2c00000, 0x00000006c80a0000, 0x00000006d78c0000)
  eden space 69376K, 100% used [0x00000006c2c00000, 0x00000006c6fc0000, 0x00000006c6fc0000)
  from space 8640K,  52% used [0x00000006c7830000, 0x00000006c7c9b220, 0x00000006c80a0000)
  to   space 8640K,   0% used [0x00000006c6fc0000, 0x00000006c6fc0000, 0x00000006c7830000)
 concurrent mark-sweep generation total 173440K, used 69345K [0x00000006d78c0000, 0x00000006e2220000, 0x00000007c0000000)
 Metaspace       used 78445K, capacity 81899K, committed 82192K, reserved 1120256K
  class space    used 10423K, capacity 11006K, committed 11052K, reserved 1048576K
2018-10-12T10:43:14.573+0800: 93.124: [GC (Allocation Failure) 2018-10-12T10:43:14.573+0800: 93.124: [ParNew: 73900K->5938K(78016K), 0.0048654 secs] 143246K->75284K(251456K), 0.0049211 secs] [Times: user=0.00 sys=0.00, real=0.01 secs] 
Heap after GC invocations=116 (full 3):
 par new generation   total 78016K, used 5938K [0x00000006c2c00000, 0x00000006c80a0000, 0x00000006d78c0000)
  eden space 69376K,   0% used [0x00000006c2c00000, 0x00000006c2c00000, 0x00000006c6fc0000)
  from space 8640K,  68% used [0x00000006c6fc0000, 0x00000006c758ca98, 0x00000006c7830000)
  to   space 8640K,   0% used [0x00000006c7830000, 0x00000006c7830000, 0x00000006c80a0000)
 concurrent mark-sweep generation total 173440K, used 69345K [0x00000006d78c0000, 0x00000006e2220000, 0x00000007c0000000)
 Metaspace       used 78445K, capacity 81899K, committed 82192K, reserved 1120256K
  class space    used 10423K, capacity 11006K, committed 11052K, reserved 1048576K
}
2018-10-12T10:43:14.727+0800: 93.277: Application time: 0.1484482 seconds
2018-10-12T10:43:14.759+0800: 93.309: Application time: 0.0314894 seconds
2018-10-12T10:43:15.759+0800: 94.309: Application time: 1.0003339 seconds
2018-10-12T10:43:35.771+0800: 114.321: Application time: 20.0113779 seconds
2018-10-12T10:43:44.775+0800: 123.326: Application time: 9.0046048 seconds
2018-10-12T10:43:45.776+0800: 124.326: Application time: 1.0001724 seconds
2018-10-12T10:43:48.777+0800: 127.327: Application time: 3.0009394 seconds
2018-10-12T10:44:01.784+0800: 140.335: Application time: 13.0071796 seconds
2018-10-12T10:44:06.787+0800: 145.337: Application time: 5.0023192 seconds
2018-10-12T10:44:10.789+0800: 149.339: Application time: 4.0017218 seconds
2018-10-12T10:44:14.791+0800: 153.341: Application time: 4.0021541 seconds
2018-10-12T10:44:18.793+0800: 157.343: Application time: 4.0014136 seconds
2018-10-12T10:44:20.794+0800: 159.345: Application time: 2.0013710 seconds
2018-10-12T10:44:48.807+0800: 187.357: Application time: 28.0122055 seconds
2018-10-12T10:45:01.812+0800: 200.363: Application time: 13.0056126 seconds
2018-10-12T10:45:09.817+0800: 208.368: Application time: 8.0045586 seconds
2018-10-12T10:45:14.818+0800: 213.369: Application time: 5.0009073 seconds
2018-10-12T10:45:18.820+0800: 217.370: Application time: 4.0015230 seconds
2018-10-12T10:45:48.832+0800: 247.382: Application time: 30.0119029 seconds
2018-10-12T10:45:53.836+0800: 252.386: Application time: 5.0034246 seconds
2018-10-12T10:46:01.295+0800: 259.846: Application time: 7.4600469 seconds
2018-10-12T10:46:02.297+0800: 260.847: Application time: 0.9999965 seconds
2018-10-12T10:46:10.300+0800: 268.851: Application time: 8.0036009 seconds
2018-10-12T10:46:45.317+0800: 303.867: Application time: 35.0161901 seconds
2018-10-12T10:47:01.323+0800: 319.873: Application time: 16.0062857 seconds
2018-10-12T10:47:03.324+0800: 321.874: Application time: 2.0005540 seconds
2018-10-12T10:47:10.328+0800: 328.878: Application time: 7.0042169 seconds
2018-10-12T10:47:15.330+0800: 333.880: Application time: 5.0019147 seconds
2018-10-12T10:47:19.331+0800: 337.882: Application time: 4.0012070 seconds
2018-10-12T10:47:24.333+0800: 342.883: Application time: 5.0012412 seconds
2018-10-12T10:47:45.342+0800: 363.892: Application time: 21.0091176 seconds
2018-10-12T10:47:49.345+0800: 367.895: Application time: 4.0028470 seconds
2018-10-12T10:48:19.361+0800: 397.911: Application time: 30.0152701 seconds
2018-10-12T10:48:45.373+0800: 423.923: Application time: 26.0125239 seconds
2018-10-12T10:48:49.374+0800: 427.925: Application time: 4.0012081 seconds
2018-10-12T10:49:01.314+0800: 439.864: Application time: 11.9395717 seconds
2018-10-12T10:49:05.199+0800: 443.750: Application time: 3.8854189 seconds
2018-10-12T10:49:05.200+0800: 443.751: Application time: 0.0003346 seconds
2018-10-12T10:49:05.206+0800: 443.757: Application time: 0.0066243 seconds
2018-10-12T10:49:05.234+0800: 443.784: Application time: 0.0269692 seconds
2018-10-12T10:49:05.251+0800: 443.801: Application time: 0.0168999 seconds
2018-10-12T10:49:05.265+0800: 443.816: Application time: 0.0140715 seconds
2018-10-12T10:49:05.265+0800: 443.816: Application time: 0.0002937 seconds
2018-10-12T10:49:05.266+0800: 443.817: Application time: 0.0005829 seconds
2018-10-12T10:49:05.268+0800: 443.818: Application time: 0.0016115 seconds
2018-10-12T10:49:05.268+0800: 443.819: Application time: 0.0002172 seconds
2018-10-12T10:49:10.270+0800: 448.820: Application time: 5.0012518 seconds
2018-10-12T10:49:15.273+0800: 453.823: Application time: 5.0031291 seconds
2018-10-12T10:49:15.281+0800: 453.832: Application time: 0.0085725 seconds
2018-10-12T10:49:16.282+0800: 454.832: Application time: 1.0001597 seconds
2018-10-12T10:49:26.287+0800: 464.837: Application time: 10.0044747 seconds
2018-10-12T10:49:34.290+0800: 472.840: Application time: 8.0030396 seconds
2018-10-12T10:49:36.290+0800: 474.841: Application time: 2.0006174 seconds
2018-10-12T10:49:46.294+0800: 484.845: Application time: 10.0037600 seconds
2018-10-12T10:49:49.296+0800: 487.846: Application time: 3.0013029 seconds
2018-10-12T10:49:56.301+0800: 494.851: Application time: 7.0045456 seconds
2018-10-12T10:50:05.412+0800: 503.963: Application time: 9.1113596 seconds
2018-10-12T10:50:10.415+0800: 508.965: Application time: 5.0023029 seconds
2018-10-12T10:50:15.417+0800: 513.967: Application time: 5.0022028 seconds
2018-10-12T10:50:15.425+0800: 513.976: Application time: 0.0083739 seconds
2018-10-12T10:50:16.426+0800: 514.977: Application time: 0.9999965 seconds
2018-10-12T10:50:26.431+0800: 524.982: Application time: 10.0048541 seconds
2018-10-12T10:50:36.434+0800: 534.985: Application time: 10.0030163 seconds
2018-10-12T10:50:40.437+0800: 538.987: Application time: 4.0021809 seconds
2018-10-12T10:50:41.728+0800: 540.278: Application time: 1.2912242 seconds
2018-10-12T10:50:41.728+0800: 540.278: Application time: 0.0000455 seconds
2018-10-12T10:50:41.751+0800: 540.302: Application time: 0.0232487 seconds
2018-10-12T10:50:41.761+0800: 540.312: Application time: 0.0003004 seconds
2018-10-12T10:50:41.776+0800: 540.327: Application time: 0.0147591 seconds
2018-10-12T10:50:41.777+0800: 540.327: Application time: 0.0000346 seconds
2018-10-12T10:50:41.777+0800: 540.328: Application time: 0.0006322 seconds
2018-10-12T10:50:41.778+0800: 540.328: Application time: 0.0000455 seconds
2018-10-12T10:50:41.778+0800: 540.328: Application time: 0.0002112 seconds
2018-10-12T10:50:41.778+0800: 540.328: Application time: 0.0001245 seconds
2018-10-12T10:50:41.811+0800: 540.362: Application time: 0.0331686 seconds
2018-10-12T10:50:41.811+0800: 540.362: Application time: 0.0000599 seconds
2018-10-12T10:50:41.811+0800: 540.362: Application time: 0.0000490 seconds
2018-10-12T10:50:41.811+0800: 540.362: Application time: 0.0000413 seconds
2018-10-12T10:50:41.812+0800: 540.363: Application time: 0.0008131 seconds
2018-10-12T10:50:41.812+0800: 540.364: Application time: 0.0000561 seconds
2018-10-12T10:50:42.294+0800: 540.845: Application time: 0.4817466 seconds
2018-10-12T10:50:42.336+0800: 540.887: Application time: 0.0416631 seconds
2018-10-12T10:50:42.745+0800: 541.296: Application time: 0.4085014 seconds
{Heap before GC invocations=116 (full 3):
 par new generation   total 78016K, used 75314K [0x00000006c2c00000, 0x00000006c80a0000, 0x00000006d78c0000)
  eden space 69376K, 100% used [0x00000006c2c00000, 0x00000006c6fc0000, 0x00000006c6fc0000)
  from space 8640K,  68% used [0x00000006c6fc0000, 0x00000006c758ca98, 0x00000006c7830000)
  to   space 8640K,   0% used [0x00000006c7830000, 0x00000006c7830000, 0x00000006c80a0000)
 concurrent mark-sweep generation total 173440K, used 69345K [0x00000006d78c0000, 0x00000006e2220000, 0x00000007c0000000)
 Metaspace       used 79822K, capacity 83487K, committed 83728K, reserved 1122304K
  class space    used 10562K, capacity 11190K, committed 11308K, reserved 1048576K
2018-10-12T10:50:42.745+0800: 541.296: [GC (Allocation Failure) 2018-10-12T10:50:42.745+0800: 541.296: [ParNew: 75314K->6547K(78016K), 0.0058355 secs] 144660K->75893K(251456K), 0.0059352 secs] [Times: user=0.06 sys=0.00, real=0.01 secs] 
Heap after GC invocations=117 (full 3):
 par new generation   total 78016K, used 6547K [0x00000006c2c00000, 0x00000006c80a0000, 0x00000006d78c0000)
  eden space 69376K,   0% used [0x00000006c2c00000, 0x00000006c2c00000, 0x00000006c6fc0000)
  from space 8640K,  75% used [0x00000006c7830000, 0x00000006c7e94ec0, 0x00000006c80a0000)
  to   space 8640K,   0% used [0x00000006c6fc0000, 0x00000006c6fc0000, 0x00000006c7830000)
 concurrent mark-sweep generation total 173440K, used 69345K [0x00000006d78c0000, 0x00000006e2220000, 0x00000007c0000000)
 Metaspace       used 79822K, capacity 83487K, committed 83728K, reserved 1122304K
  class space    used 10562K, capacity 11190K, committed 11308K, reserved 1048576K
}
2018-10-12T10:50:42.785+0800: 541.336: Application time: 0.0339143 seconds
2018-10-12T10:50:42.785+0800: 541.336: Application time: 0.0000272 seconds
2018-10-12T10:50:42.919+0800: 541.470: Application time: 0.1339151 seconds
2018-10-12T10:50:42.919+0800: 541.470: Application time: 0.0000839 seconds
2018-10-12T10:50:43.180+0800: 541.731: Application time: 0.2601410 seconds
2018-10-12T10:50:43.339+0800: 541.891: Application time: 0.1598518 seconds
2018-10-12T10:50:43.340+0800: 541.891: Application time: 0.0000427 seconds
2018-10-12T10:50:43.505+0800: 542.055: Application time: 0.1643956 seconds
2018-10-12T10:50:43.514+0800: 542.065: Application time: 0.0084268 seconds
2018-10-12T10:50:44.514+0800: 543.065: Application time: 0.9994908 seconds
2018-10-12T10:50:45.515+0800: 544.065: Application time: 1.0002253 seconds
2018-10-12T10:50:49.518+0800: 548.068: Application time: 4.0033844 seconds
2018-10-12T10:50:51.518+0800: 550.069: Application time: 2.0003611 seconds
2018-10-12T10:50:54.520+0800: 553.070: Application time: 3.0012465 seconds
2018-10-12T10:50:55.521+0800: 554.071: Application time: 1.0003819 seconds
2018-10-12T10:50:58.521+0800: 557.072: Application time: 3.0007260 seconds
2018-10-12T10:51:01.524+0800: 560.074: Application time: 3.0022634 seconds
2018-10-12T10:51:15.531+0800: 574.081: Application time: 14.0065901 seconds
2018-10-12T10:51:19.533+0800: 578.083: Application time: 4.0024722 seconds
2018-10-12T10:51:25.536+0800: 584.086: Application time: 6.0024856 seconds
2018-10-12T10:51:43.301+0800: 601.852: Application time: 17.7661903 seconds
2018-10-12T10:51:45.303+0800: 603.853: Application time: 2.0001989 seconds
2018-10-12T10:51:46.303+0800: 604.853: Application time: 1.0004009 seconds
2018-10-12T10:51:49.305+0800: 607.855: Application time: 3.0011612 seconds
2018-10-12T10:51:55.588+0800: 614.139: Application time: 6.2838383 seconds
2018-10-12T10:51:56.589+0800: 615.139: Application time: 0.9996587 seconds
2018-10-12T10:52:01.591+0800: 620.141: Application time: 5.0017832 seconds
2018-10-12T10:52:06.593+0800: 625.144: Application time: 5.0023830 seconds
2018-10-12T10:52:16.599+0800: 635.149: Application time: 10.0052233 seconds
2018-10-12T10:52:23.603+0800: 642.153: Application time: 7.0037825 seconds
2018-10-12T10:52:26.605+0800: 645.155: Application time: 3.0021471 seconds
2018-10-12T10:52:36.609+0800: 655.160: Application time: 10.0041492 seconds
2018-10-12T10:52:45.614+0800: 664.164: Application time: 9.0045350 seconds
2018-10-12T10:52:46.615+0800: 665.165: Application time: 1.0008819 seconds
2018-10-12T10:52:56.620+0800: 675.171: Application time: 10.0050675 seconds
2018-10-12T10:53:05.716+0800: 684.267: Application time: 9.0957834 seconds
2018-10-12T10:53:06.716+0800: 685.267: Application time: 0.9997722 seconds
2018-10-12T10:53:10.718+0800: 689.268: Application time: 4.0014394 seconds
2018-10-12T10:53:16.720+0800: 695.271: Application time: 6.0021573 seconds
2018-10-12T10:53:19.721+0800: 698.271: Application time: 3.0004179 seconds
2018-10-12T10:53:26.723+0800: 705.274: Application time: 7.0022180 seconds
2018-10-12T10:53:36.728+0800: 715.278: Application time: 10.0041337 seconds
2018-10-12T10:53:39.728+0800: 718.279: Application time: 3.0005811 seconds
2018-10-12T10:53:46.732+0800: 725.282: Application time: 7.0031915 seconds
2018-10-12T10:53:49.733+0800: 728.284: Application time: 3.0014623 seconds
2018-10-12T10:53:56.737+0800: 735.287: Application time: 7.0033812 seconds
2018-10-12T10:54:01.738+0800: 740.289: Application time: 5.0013265 seconds
2018-10-12T10:54:06.740+0800: 745.290: Application time: 5.0013495 seconds
2018-10-12T10:54:15.826+0800: 754.377: Application time: 9.0867998 seconds
2018-10-12T10:54:16.827+0800: 755.377: Application time: 0.9996164 seconds
2018-10-12T10:54:18.827+0800: 757.378: Application time: 2.0003131 seconds
2018-10-12T10:54:26.832+0800: 765.382: Application time: 8.0040914 seconds
2018-10-12T10:54:36.836+0800: 775.387: Application time: 10.0046390 seconds
2018-10-12T10:54:45.839+0800: 784.390: Application time: 9.0027684 seconds
2018-10-12T10:54:46.839+0800: 785.390: Application time: 1.0000843 seconds
2018-10-12T10:54:56.844+0800: 795.395: Application time: 10.0046542 seconds
2018-10-12T10:55:06.850+0800: 805.401: Application time: 10.0058665 seconds
2018-10-12T10:55:15.855+0800: 814.406: Application time: 9.0049377 seconds
2018-10-12T10:55:18.821+0800: 817.371: Application time: 2.9653540 seconds
2018-10-12T10:55:19.821+0800: 818.372: Application time: 1.0003036 seconds
2018-10-12T10:55:26.825+0800: 825.375: Application time: 7.0030258 seconds
2018-10-12T10:55:36.829+0800: 835.379: Application time: 10.0044222 seconds
2018-10-12T10:55:45.832+0800: 844.382: Application time: 9.0025805 seconds
2018-10-12T10:55:46.832+0800: 845.383: Application time: 1.0002384 seconds
2018-10-12T10:55:48.833+0800: 847.383: Application time: 2.0008431 seconds
2018-10-12T10:55:56.837+0800: 855.387: Application time: 8.0033403 seconds
2018-10-12T10:56:10.888+0800: 869.439: Application time: 14.0515060 seconds
2018-10-12T10:56:10.896+0800: 869.446: Application time: 0.0078027 seconds
2018-10-12T10:56:10.907+0800: 869.458: Application time: 0.0113885 seconds
2018-10-12T10:56:10.912+0800: 869.463: Application time: 0.0045971 seconds
2018-10-12T10:56:10.920+0800: 869.471: Application time: 0.0075495 seconds
2018-10-12T10:56:16.922+0800: 875.473: Application time: 6.0019708 seconds
2018-10-12T10:56:24.927+0800: 883.477: Application time: 8.0042141 seconds
2018-10-12T10:56:26.928+0800: 885.478: Application time: 2.0008971 seconds
2018-10-12T10:56:36.933+0800: 895.484: Application time: 10.0052871 seconds
2018-10-12T10:56:44.937+0800: 903.487: Application time: 8.0033195 seconds
2018-10-12T10:56:46.938+0800: 905.488: Application time: 2.0013703 seconds
2018-10-12T10:56:56.942+0800: 915.492: Application time: 10.0037610 seconds
2018-10-12T10:57:01.944+0800: 920.494: Application time: 5.0019549 seconds
2018-10-12T10:57:06.946+0800: 925.497: Application time: 5.0023798 seconds
2018-10-12T10:57:09.948+0800: 928.498: Application time: 3.0010804 seconds
2018-10-12T10:57:13.950+0800: 932.500: Application time: 4.0017987 seconds
2018-10-12T10:57:14.950+0800: 933.500: Application time: 0.9997972 seconds
2018-10-12T10:57:15.951+0800: 934.501: Application time: 1.0009246 seconds
2018-10-12T10:57:16.093+0800: 934.643: Application time: 0.1416148 seconds
2018-10-12T10:57:19.094+0800: 937.644: Application time: 3.0010110 seconds
2018-10-12T10:57:37.102+0800: 955.653: Application time: 18.0082625 seconds
2018-10-12T10:57:47.105+0800: 965.656: Application time: 10.0026901 seconds
2018-10-12T10:57:57.111+0800: 975.661: Application time: 10.0054014 seconds
2018-10-12T10:58:07.115+0800: 985.665: Application time: 10.0037670 seconds
2018-10-12T10:58:15.119+0800: 993.669: Application time: 8.0039497 seconds
2018-10-12T10:58:17.119+0800: 995.669: Application time: 2.0002179 seconds
2018-10-12T10:58:18.861+0800: 997.411: Application time: 1.7417642 seconds
2018-10-12T10:58:26.864+0800: 1005.415: Application time: 8.0027885 seconds
2018-10-12T10:58:36.868+0800: 1015.418: Application time: 10.0038552 seconds
2018-10-12T10:58:48.874+0800: 1027.425: Application time: 12.0061465 seconds
2018-10-12T10:58:56.878+0800: 1035.428: Application time: 8.0031626 seconds
2018-10-12T10:59:01.881+0800: 1040.431: Application time: 5.0025586 seconds
2018-10-12T10:59:06.882+0800: 1045.433: Application time: 5.0015713 seconds
2018-10-12T10:59:15.068+0800: 1053.619: Application time: 8.1861651 seconds
2018-10-12T10:59:15.069+0800: 1053.619: Application time: 0.0001700 seconds
2018-10-12T10:59:15.069+0800: 1053.620: Application time: 0.0001601 seconds
2018-10-12T10:59:15.069+0800: 1053.620: Application time: 0.0001530 seconds
2018-10-12T10:59:15.070+0800: 1053.620: Application time: 0.0001100 seconds
2018-10-12T10:59:15.070+0800: 1053.621: Application time: 0.0001527 seconds
2018-10-12T10:59:17.071+0800: 1055.621: Application time: 2.0001456 seconds
2018-10-12T10:59:18.884+0800: 1057.435: Application time: 1.8131924 seconds
2018-10-12T10:59:26.887+0800: 1065.438: Application time: 8.0027384 seconds
2018-10-12T10:59:48.896+0800: 1087.446: Application time: 22.0079892 seconds
2018-10-12T10:59:49.896+0800: 1088.447: Application time: 1.0007257 seconds
2018-10-12T10:59:56.901+0800: 1095.451: Application time: 7.0039585 seconds
2018-10-12T11:00:06.907+0800: 1105.457: Application time: 10.0059737 seconds
2018-10-12T11:00:16.911+0800: 1115.461: Application time: 10.0038918 seconds
2018-10-12T11:00:18.907+0800: 1117.458: Application time: 1.9964982 seconds
2018-10-12T11:00:26.912+0800: 1125.462: Application time: 8.0039267 seconds
2018-10-12T11:00:36.916+0800: 1135.466: Application time: 10.0040600 seconds
2018-10-12T11:00:46.922+0800: 1145.473: Application time: 10.0059821 seconds
2018-10-12T11:00:48.923+0800: 1147.473: Application time: 2.0005522 seconds
2018-10-12T11:00:56.926+0800: 1155.477: Application time: 8.0032896 seconds
2018-10-12T11:01:01.929+0800: 1160.479: Application time: 5.0024190 seconds
2018-10-12T11:01:06.932+0800: 1165.482: Application time: 5.0023728 seconds
2018-10-12T11:01:15.936+0800: 1174.486: Application time: 9.0041323 seconds
2018-10-12T11:01:16.936+0800: 1175.486: Application time: 1.0000025 seconds
2018-10-12T11:01:18.933+0800: 1177.483: Application time: 1.9966413 seconds
2018-10-12T11:01:26.938+0800: 1185.489: Application time: 8.0045406 seconds
2018-10-12T11:01:36.945+0800: 1195.495: Application time: 10.0060033 seconds
2018-10-12T11:01:46.951+0800: 1205.501: Application time: 10.0063884 seconds
2018-10-12T11:01:56.956+0800: 1215.506: Application time: 10.0047226 seconds
2018-10-12T11:02:01.959+0800: 1220.510: Application time: 5.0032917 seconds
2018-10-12T11:02:06.962+0800: 1225.513: Application time: 5.0028647 seconds
2018-10-12T11:02:13.966+0800: 1232.516: Application time: 7.0034853 seconds
2018-10-12T11:02:15.967+0800: 1234.517: Application time: 2.0005702 seconds
2018-10-12T11:02:16.967+0800: 1235.517: Application time: 1.0002137 seconds
2018-10-12T11:02:18.959+0800: 1237.510: Application time: 1.9926448 seconds
2018-10-12T11:02:26.965+0800: 1245.516: Application time: 8.0048629 seconds
2018-10-12T11:02:36.971+0800: 1255.521: Application time: 10.0054783 seconds
2018-10-12T11:02:46.976+0800: 1265.526: Application time: 10.0044962 seconds
2018-10-12T11:02:48.976+0800: 1267.527: Application time: 2.0004066 seconds
2018-10-12T11:02:56.980+0800: 1275.531: Application time: 8.0037391 seconds
2018-10-12T11:03:01.982+0800: 1280.533: Application time: 5.0020078 seconds
2018-10-12T11:03:06.984+0800: 1285.535: Application time: 5.0018318 seconds
2018-10-12T11:03:15.989+0800: 1294.539: Application time: 9.0042039 seconds
2018-10-12T11:03:16.989+0800: 1295.539: Application time: 1.0000247 seconds
2018-10-12T11:03:18.981+0800: 1297.532: Application time: 1.9928990 seconds
2018-10-12T11:03:26.986+0800: 1305.536: Application time: 8.0035547 seconds
2018-10-12T11:03:36.990+0800: 1315.540: Application time: 10.0042645 seconds
2018-10-12T11:03:45.994+0800: 1324.545: Application time: 9.0042674 seconds
2018-10-12T11:03:46.995+0800: 1325.545: Application time: 1.0003110 seconds
2018-10-12T11:03:48.996+0800: 1327.546: Application time: 2.0008142 seconds
2018-10-12T11:04:07.006+0800: 1345.556: Application time: 18.0098334 seconds
2018-10-12T11:04:16.010+0800: 1354.560: Application time: 9.0036348 seconds
2018-10-12T11:04:18.997+0800: 1357.548: Application time: 2.9882755 seconds
2018-10-12T11:04:27.001+0800: 1365.551: Application time: 8.0024856 seconds
2018-10-12T11:04:37.005+0800: 1375.555: Application time: 10.0037166 seconds
2018-10-12T11:04:49.010+0800: 1387.560: Application time: 12.0046644 seconds
2018-10-12T11:05:02.016+0800: 1400.567: Application time: 13.0064197 seconds
2018-10-12T11:05:10.018+0800: 1408.569: Application time: 8.0018802 seconds
2018-10-12T11:05:19.013+0800: 1417.564: Application time: 8.9955154 seconds
2018-10-12T11:05:27.019+0800: 1425.569: Application time: 8.0046235 seconds
2018-10-12T11:05:47.031+0800: 1445.581: Application time: 20.0117943 seconds
2018-10-12T11:06:02.039+0800: 1460.589: Application time: 15.0079706 seconds
2018-10-12T11:06:15.044+0800: 1473.594: Application time: 13.0046027 seconds
2018-10-12T11:06:17.045+0800: 1475.595: Application time: 2.0008110 seconds
2018-10-12T11:06:19.028+0800: 1477.578: Application time: 1.9825744 seconds
2018-10-12T11:06:20.028+0800: 1478.578: Application time: 1.0000497 seconds
2018-10-12T11:06:27.031+0800: 1485.582: Application time: 7.0032085 seconds
2018-10-12T11:06:29.032+0800: 1487.582: Application time: 2.0004679 seconds
2018-10-12T11:06:37.035+0800: 1495.586: Application time: 8.0032004 seconds
2018-10-12T11:06:47.043+0800: 1505.593: Application time: 10.0070830 seconds
2018-10-12T11:06:57.048+0800: 1515.599: Application time: 10.0055766 seconds
2018-10-12T11:07:07.053+0800: 1525.603: Application time: 10.0044581 seconds
2018-10-12T11:07:15.057+0800: 1533.608: Application time: 8.0043016 seconds
2018-10-12T11:07:19.052+0800: 1537.603: Application time: 3.9948229 seconds
2018-10-12T11:07:27.058+0800: 1545.608: Application time: 8.0046880 seconds
2018-10-12T11:07:37.062+0800: 1555.612: Application time: 10.0041380 seconds
2018-10-12T11:07:38.063+0800: 1556.613: Application time: 1.0005656 seconds
2018-10-12T11:07:45.067+0800: 1563.618: Application time: 7.0045597 seconds
2018-10-12T11:07:49.068+0800: 1567.619: Application time: 4.0007324 seconds
2018-10-12T11:08:15.063+0800: 1593.614: Application time: 25.9953282 seconds
2018-10-12T11:08:18.065+0800: 1596.615: Application time: 3.0009157 seconds
2018-10-12T11:08:19.072+0800: 1597.623: Application time: 1.0077615 seconds
2018-10-12T11:08:28.075+0800: 1606.625: Application time: 9.0019433 seconds
2018-10-12T11:08:38.080+0800: 1616.630: Application time: 10.0045985 seconds
2018-10-12T11:08:45.083+0800: 1623.634: Application time: 7.0031136 seconds
2018-10-12T11:08:46.083+0800: 1624.634: Application time: 0.9998808 seconds
2018-10-12T11:08:48.084+0800: 1626.635: Application time: 2.0007465 seconds
2018-10-12T11:08:58.089+0800: 1636.639: Application time: 10.0042871 seconds
2018-10-12T11:09:08.093+0800: 1646.643: Application time: 10.0035681 seconds
2018-10-12T11:09:19.090+0800: 1657.640: Application time: 10.9968067 seconds
2018-10-12T11:09:48.103+0800: 1686.653: Application time: 29.0129745 seconds
2018-10-12T11:09:49.103+0800: 1687.653: Application time: 0.9998473 seconds
2018-10-12T11:10:08.113+0800: 1706.663: Application time: 19.0099322 seconds
2018-10-12T11:10:16.116+0800: 1714.667: Application time: 8.0031954 seconds
2018-10-12T11:10:19.112+0800: 1717.662: Application time: 2.9952848 seconds
2018-10-12T11:10:28.117+0800: 1726.667: Application time: 9.0039313 seconds
2018-10-12T11:10:48.126+0800: 1746.676: Application time: 20.0093486 seconds
2018-10-12T11:10:49.126+0800: 1747.677: Application time: 1.0002278 seconds
2018-10-12T11:11:17.833+0800: 1776.384: Application time: 28.7067074 seconds
{Heap before GC invocations=117 (full 3):
 par new generation   total 78016K, used 75923K [0x00000006c2c00000, 0x00000006c80a0000, 0x00000006d78c0000)
  eden space 69376K, 100% used [0x00000006c2c00000, 0x00000006c6fc0000, 0x00000006c6fc0000)
  from space 8640K,  75% used [0x00000006c7830000, 0x00000006c7e94ec0, 0x00000006c80a0000)
  to   space 8640K,   0% used [0x00000006c6fc0000, 0x00000006c6fc0000, 0x00000006c7830000)
 concurrent mark-sweep generation total 173440K, used 69345K [0x00000006d78c0000, 0x00000006e2220000, 0x00000007c0000000)
 Metaspace       used 81255K, capacity 84995K, committed 85264K, reserved 1124352K
  class space    used 10609K, capacity 11252K, committed 11308K, reserved 1048576K
2018-10-12T11:11:17.833+0800: 1776.384: [GC (Allocation Failure) 2018-10-12T11:11:17.833+0800: 1776.384: [ParNew: 75923K->7605K(78016K), 0.0133317 secs] 145269K->77337K(251456K), 0.0134097 secs] [Times: user=0.06 sys=0.00, real=0.01 secs] 
Heap after GC invocations=118 (full 3):
 par new generation   total 78016K, used 7605K [0x00000006c2c00000, 0x00000006c80a0000, 0x00000006d78c0000)
  eden space 69376K,   0% used [0x00000006c2c00000, 0x00000006c2c00000, 0x00000006c6fc0000)
  from space 8640K,  88% used [0x00000006c6fc0000, 0x00000006c772d610, 0x00000006c7830000)
  to   space 8640K,   0% used [0x00000006c7830000, 0x00000006c7830000, 0x00000006c80a0000)
 concurrent mark-sweep generation total 173440K, used 69732K [0x00000006d78c0000, 0x00000006e2220000, 0x00000007c0000000)
 Metaspace       used 81255K, capacity 84995K, committed 85264K, reserved 1124352K
  class space    used 10609K, capacity 11252K, committed 11308K, reserved 1048576K
}
2018-10-12T11:11:17.847+0800: 1776.397: Application time: 0.0001548 seconds
2018-10-12T11:11:17.847+0800: 1776.398: Application time: 0.0000342 seconds
2018-10-12T11:11:17.848+0800: 1776.398: Application time: 0.0004200 seconds
2018-10-12T11:11:17.849+0800: 1776.400: Application time: 0.0015914 seconds
2018-10-12T11:11:17.851+0800: 1776.402: Application time: 0.0016714 seconds
2018-10-12T11:11:17.854+0800: 1776.405: Application time: 0.0026951 seconds
2018-10-12T11:11:18.854+0800: 1777.404: Application time: 0.9994467 seconds
2018-10-12T11:11:19.128+0800: 1777.678: Application time: 0.2740623 seconds
2018-10-12T11:11:20.129+0800: 1778.679: Application time: 1.0001202 seconds
2018-10-12T11:11:20.910+0800: 1779.460: Application time: 0.7811085 seconds
2018-10-12T11:11:20.911+0800: 1779.461: Application time: 0.0001361 seconds
2018-10-12T11:11:20.911+0800: 1779.462: Application time: 0.0002401 seconds
2018-10-12T11:11:21.911+0800: 1780.461: Application time: 0.9996149 seconds
2018-10-12T11:11:27.720+0800: 1786.271: Application time: 5.8096546 seconds
2018-10-12T11:11:27.720+0800: 1786.271: Application time: 0.0001294 seconds
2018-10-12T11:11:27.720+0800: 1786.272: Application time: 0.0000561 seconds
2018-10-12T11:11:27.721+0800: 1786.272: Application time: 0.0002757 seconds
2018-10-12T11:11:36.119+0800: 1794.670: Application time: 8.3976866 seconds
2018-10-12T11:11:36.119+0800: 1794.670: Application time: 0.0000843 seconds
2018-10-12T11:11:36.120+0800: 1794.670: Application time: 0.0001160 seconds
2018-10-12T11:11:37.120+0800: 1795.671: Application time: 1.0002313 seconds
2018-10-12T11:11:38.121+0800: 1796.672: Application time: 1.0005303 seconds
2018-10-12T11:11:45.109+0800: 1803.660: Application time: 6.9886186 seconds
2018-10-12T11:11:45.110+0800: 1803.661: Application time: 0.0000825 seconds
2018-10-12T11:11:45.110+0800: 1803.661: Application time: 0.0001477 seconds
2018-10-12T11:11:47.427+0800: 1805.977: Application time: 2.3159698 seconds
2018-10-12T11:11:47.427+0800: 1805.978: Application time: 0.0001054 seconds
2018-10-12T11:11:47.427+0800: 1805.978: Application time: 0.0001255 seconds
2018-10-12T11:11:47.428+0800: 1805.979: Application time: 0.0001996 seconds
2018-10-12T11:11:47.429+0800: 1805.979: Application time: 0.0003988 seconds
2018-10-12T11:11:47.429+0800: 1805.980: Application time: 0.0002980 seconds
2018-10-12T11:11:48.429+0800: 1806.979: Application time: 0.9995487 seconds
2018-10-12T11:11:48.697+0800: 1807.248: Application time: 0.2683044 seconds
2018-10-12T11:11:48.698+0800: 1807.249: Application time: 0.0001495 seconds
2018-10-12T11:11:48.698+0800: 1807.249: Application time: 0.0002690 seconds
2018-10-12T11:11:49.139+0800: 1807.689: Application time: 0.4399714 seconds
2018-10-12T11:11:50.139+0800: 1808.690: Application time: 1.0000138 seconds
2018-10-12T11:11:51.759+0800: 1810.309: Application time: 1.6191336 seconds
2018-10-12T11:11:51.759+0800: 1810.309: Application time: 0.0000300 seconds
2018-10-12T11:11:51.759+0800: 1810.309: Application time: 0.0000497 seconds
2018-10-12T11:11:57.450+0800: 1816.001: Application time: 5.6912441 seconds
2018-10-12T11:11:57.450+0800: 1816.001: Application time: 0.0001425 seconds
2018-10-12T11:11:57.451+0800: 1816.001: Application time: 0.0001474 seconds
2018-10-12T11:11:57.451+0800: 1816.002: Application time: 0.0001643 seconds
2018-10-12T11:11:57.451+0800: 1816.002: Application time: 0.0001626 seconds
2018-10-12T11:12:01.459+0800: 1820.010: Application time: 4.0084364 seconds
2018-10-12T11:12:02.461+0800: 1821.011: Application time: 1.0005621 seconds
2018-10-12T11:12:08.464+0800: 1827.014: Application time: 6.0023047 seconds
2018-10-12T11:12:10.464+0800: 1829.014: Application time: 2.0001555 seconds
2018-10-12T11:12:17.487+0800: 1836.037: Application time: 7.0229106 seconds
2018-10-12T11:12:19.487+0800: 1838.038: Application time: 1.9999866 seconds
2018-10-12T11:12:37.512+0800: 1856.063: Application time: 18.0257255 seconds
2018-10-12T11:12:48.519+0800: 1867.069: Application time: 11.0057142 seconds
2018-10-12T11:12:49.520+0800: 1868.071: Application time: 1.0016700 seconds
2018-10-12T11:12:58.524+0800: 1877.074: Application time: 9.0024740 seconds
2018-10-12T11:13:08.530+0800: 1887.080: Application time: 10.0059176 seconds
2018-10-12T11:13:18.534+0800: 1897.084: Application time: 10.0041683 seconds
2018-10-12T11:13:19.175+0800: 1897.726: Application time: 0.6414031 seconds
2018-10-12T11:13:20.177+0800: 1898.727: Application time: 1.0002941 seconds
2018-10-12T11:13:28.180+0800: 1906.731: Application time: 8.0033252 seconds
2018-10-12T11:13:38.185+0800: 1916.735: Application time: 10.0041842 seconds
2018-10-12T11:13:45.188+0800: 1923.739: Application time: 7.0034634 seconds
2018-10-12T11:13:46.189+0800: 1924.739: Application time: 1.0002451 seconds
2018-10-12T11:14:15.201+0800: 1953.751: Application time: 29.0120027 seconds
2018-10-12T11:14:16.201+0800: 1954.752: Application time: 1.0005508 seconds
2018-10-12T11:14:19.196+0800: 1957.747: Application time: 2.9946716 seconds
2018-10-12T11:14:28.201+0800: 1966.751: Application time: 9.0040992 seconds
2018-10-12T11:14:38.206+0800: 1976.756: Application time: 10.0043703 seconds
2018-10-12T11:14:46.210+0800: 1984.761: Application time: 8.0044722 seconds
2018-10-12T11:14:49.211+0800: 1987.762: Application time: 3.0009126 seconds
2018-10-12T11:14:58.217+0800: 1996.768: Application time: 9.0056013 seconds
2018-10-12T11:15:02.219+0800: 2000.769: Application time: 4.0016520 seconds
2018-10-12T11:15:15.226+0800: 2013.776: Application time: 13.0063217 seconds
2018-10-12T11:15:16.226+0800: 2014.776: Application time: 1.0004496 seconds
2018-10-12T11:15:18.227+0800: 2016.777: Application time: 2.0005804 seconds
2018-10-12T11:15:19.221+0800: 2017.772: Application time: 0.9950754 seconds
2018-10-12T11:15:20.223+0800: 2018.773: Application time: 1.0005198 seconds
2018-10-12T11:15:38.233+0800: 2036.784: Application time: 18.0104040 seconds
2018-10-12T11:15:45.182+0800: 2043.733: Application time: 6.9488268 seconds
2018-10-12T11:15:45.182+0800: 2043.733: Application time: 0.0000959 seconds
2018-10-12T11:15:45.182+0800: 2043.733: Application time: 0.0000691 seconds
2018-10-12T11:15:45.183+0800: 2043.734: Application time: 0.0001075 seconds
2018-10-12T11:15:45.183+0800: 2043.734: Application time: 0.0001358 seconds
2018-10-12T11:15:46.183+0800: 2044.734: Application time: 0.9995264 seconds
2018-10-12T11:15:48.185+0800: 2046.735: Application time: 2.0011513 seconds
2018-10-12T11:16:19.246+0800: 2077.797: Application time: 31.0612788 seconds
2018-10-12T11:16:28.251+0800: 2086.801: Application time: 9.0038999 seconds
2018-10-12T11:16:38.255+0800: 2096.806: Application time: 10.0043079 seconds
2018-10-12T11:17:08.269+0800: 2126.820: Application time: 30.0137856 seconds
2018-10-12T11:17:18.273+0800: 2136.824: Application time: 10.0037018 seconds
2018-10-12T11:17:19.268+0800: 2137.819: Application time: 0.9956152 seconds
2018-10-12T11:17:38.277+0800: 2156.827: Application time: 19.0077988 seconds
2018-10-12T11:17:48.281+0800: 2166.832: Application time: 10.0043062 seconds
2018-10-12T11:17:49.282+0800: 2167.832: Application time: 1.0002468 seconds
2018-10-12T11:17:58.286+0800: 2176.836: Application time: 9.0038590 seconds
2018-10-12T11:18:08.291+0800: 2186.841: Application time: 10.0044084 seconds
2018-10-12T11:18:15.293+0800: 2193.844: Application time: 7.0024905 seconds
2018-10-12T11:18:18.295+0800: 2196.845: Application time: 3.0012211 seconds
2018-10-12T11:18:19.288+0800: 2197.839: Application time: 0.9935944 seconds
2018-10-12T11:18:28.293+0800: 2206.843: Application time: 9.0034401 seconds
2018-10-12T11:18:38.298+0800: 2216.848: Application time: 10.0054955 seconds
2018-10-12T11:18:48.304+0800: 2226.854: Application time: 10.0055735 seconds
2018-10-12T11:18:49.305+0800: 2227.855: Application time: 1.0006502 seconds
2018-10-12T11:18:58.308+0800: 2236.858: Application time: 9.0030441 seconds
2018-10-12T11:19:02.310+0800: 2240.860: Application time: 4.0018784 seconds
2018-10-12T11:19:08.313+0800: 2246.863: Application time: 6.0031475 seconds
2018-10-12T11:19:18.318+0800: 2256.868: Application time: 10.0044493 seconds
2018-10-12T11:19:19.301+0800: 2257.852: Application time: 0.9837500 seconds
2018-10-12T11:20:19.315+0800: 2317.866: Application time: 60.0135578 seconds
2018-10-12T11:21:09.339+0800: 2367.890: Application time: 50.0235456 seconds
2018-10-12T11:21:10.340+0800: 2368.891: Application time: 1.0005494 seconds
2018-10-12T11:21:19.329+0800: 2377.879: Application time: 8.9886538 seconds
2018-10-12T11:21:20.329+0800: 2378.879: Application time: 0.9996273 seconds
2018-10-12T11:21:45.340+0800: 2403.890: Application time: 25.0102573 seconds
2018-10-12T11:21:49.343+0800: 2407.893: Application time: 4.0032832 seconds
2018-10-12T11:22:09.353+0800: 2427.903: Application time: 20.0093616 seconds
2018-10-12T11:22:19.348+0800: 2437.898: Application time: 9.9950835 seconds
2018-10-12T11:22:29.353+0800: 2447.903: Application time: 10.0050925 seconds
2018-10-12T11:22:59.366+0800: 2477.916: Application time: 30.0128324 seconds
2018-10-12T11:23:02.367+0800: 2480.917: Application time: 3.0008904 seconds
2018-10-12T11:23:09.370+0800: 2487.921: Application time: 7.0030720 seconds
2018-10-12T11:23:15.373+0800: 2493.924: Application time: 6.0028100 seconds
2018-10-12T11:23:19.362+0800: 2497.913: Application time: 3.9887124 seconds
2018-10-12T11:23:29.367+0800: 2507.917: Application time: 10.0040001 seconds
2018-10-12T11:23:59.381+0800: 2537.931: Application time: 30.0137658 seconds
2018-10-12T11:24:09.386+0800: 2547.937: Application time: 10.0054624 seconds
2018-10-12T11:24:19.378+0800: 2557.928: Application time: 9.9912452 seconds
2018-10-12T11:24:29.383+0800: 2567.933: Application time: 10.0048344 seconds
2018-10-12T11:24:39.389+0800: 2577.939: Application time: 10.0057029 seconds
2018-10-12T11:24:45.391+0800: 2583.941: Application time: 6.0020586 seconds
2018-10-12T11:24:46.392+0800: 2584.942: Application time: 1.0007712 seconds
2018-10-12T11:24:59.397+0800: 2597.947: Application time: 13.0043365 seconds
2018-10-12T11:25:09.401+0800: 2607.951: Application time: 10.0042681 seconds
2018-10-12T11:25:16.404+0800: 2614.954: Application time: 7.0028488 seconds
2018-10-12T11:25:19.387+0800: 2617.938: Application time: 2.9841284 seconds
2018-10-12T11:25:29.393+0800: 2627.944: Application time: 10.0048975 seconds
2018-10-12T11:25:45.400+0800: 2643.950: Application time: 16.0063866 seconds
2018-10-12T11:25:46.400+0800: 2644.951: Application time: 1.0002169 seconds
2018-10-12T11:25:59.407+0800: 2657.957: Application time: 13.0065671 seconds
2018-10-12T11:26:15.412+0800: 2673.962: Application time: 16.0047088 seconds
2018-10-12T11:26:19.403+0800: 2677.953: Application time: 3.9910259 seconds
2018-10-12T11:27:19.414+0800: 2737.965: Application time: 60.0112746 seconds
2018-10-12T11:27:20.414+0800: 2738.965: Application time: 0.9995469 seconds
2018-10-12T11:27:49.429+0800: 2767.979: Application time: 29.0144760 seconds
2018-10-12T11:27:59.432+0800: 2777.982: Application time: 10.0028047 seconds
2018-10-12T11:28:09.438+0800: 2787.988: Application time: 10.0059275 seconds
2018-10-12T11:28:19.429+0800: 2797.980: Application time: 9.9915284 seconds
2018-10-12T11:28:39.440+0800: 2817.991: Application time: 20.0103772 seconds
2018-10-12T11:28:49.445+0800: 2827.996: Application time: 10.0047053 seconds
2018-10-12T11:28:59.450+0800: 2838.000: Application time: 10.0047868 seconds
2018-10-12T11:29:09.455+0800: 2848.005: Application time: 10.0044680 seconds
2018-10-12T11:29:19.081+0800: 2857.632: Application time: 9.6270565 seconds
2018-10-12T11:29:19.442+0800: 2857.993: Application time: 0.3602599 seconds
2018-10-12T11:29:39.453+0800: 2878.003: Application time: 20.0102798 seconds
2018-10-12T11:29:45.456+0800: 2884.007: Application time: 6.0031605 seconds
2018-10-12T11:29:46.457+0800: 2885.007: Application time: 1.0005444 seconds
2018-10-12T11:29:49.458+0800: 2888.009: Application time: 3.0011002 seconds
2018-10-12T11:30:15.471+0800: 2914.021: Application time: 26.0124428 seconds
2018-10-12T11:30:19.456+0800: 2918.007: Application time: 3.9857842 seconds
2018-10-12T11:30:29.461+0800: 2928.012: Application time: 10.0038012 seconds
2018-10-12T11:30:39.466+0800: 2938.016: Application time: 10.0042169 seconds
2018-10-12T11:30:46.468+0800: 2945.018: Application time: 7.0020067 seconds
2018-10-12T11:31:16.482+0800: 2975.033: Application time: 30.0146026 seconds
2018-10-12T11:31:19.471+0800: 2978.022: Application time: 2.9890618 seconds
2018-10-12T11:31:29.477+0800: 2988.027: Application time: 10.0047550 seconds
2018-10-12T11:31:39.481+0800: 2998.031: Application time: 10.0038326 seconds
2018-10-12T11:31:45.488+0800: 3004.038: Application time: 6.0067456 seconds
2018-10-12T11:31:59.494+0800: 3018.044: Application time: 14.0057173 seconds
2018-10-12T11:32:19.483+0800: 3038.033: Application time: 19.9887318 seconds
2018-10-12T11:32:45.496+0800: 3064.047: Application time: 26.0132700 seconds
2018-10-12T11:32:46.499+0800: 3065.050: Application time: 0.9996668 seconds
2018-10-12T11:33:09.509+0800: 3088.060: Application time: 23.0099420 seconds
2018-10-12T11:33:15.461+0800: 3094.012: Application time: 5.9519249 seconds
2018-10-12T11:33:16.462+0800: 3095.013: Application time: 1.0003667 seconds
2018-10-12T11:33:19.504+0800: 3098.055: Application time: 3.0418976 seconds
2018-10-12T11:33:46.518+0800: 3125.069: Application time: 27.0134308 seconds
2018-10-12T11:34:15.528+0800: 3154.078: Application time: 29.0094311 seconds
2018-10-12T11:34:19.523+0800: 3158.074: Application time: 3.9953423 seconds
2018-10-12T11:34:49.535+0800: 3188.086: Application time: 30.0110820 seconds
2018-10-12T11:34:49.536+0800: 3188.086: Application time: 0.0001918 seconds
2018-10-12T11:34:49.537+0800: 3188.087: Application time: 0.0001996 seconds
2018-10-12T11:34:49.537+0800: 3188.088: Application time: 0.0001883 seconds
2018-10-12T11:34:49.538+0800: 3188.088: Application time: 0.0004210 seconds
2018-10-12T11:34:49.538+0800: 3188.089: Application time: 0.0002253 seconds
2018-10-12T11:35:00.545+0800: 3199.095: Application time: 11.0062537 seconds
2018-10-12T11:35:10.549+0800: 3209.100: Application time: 10.0039486 seconds
2018-10-12T11:35:19.587+0800: 3218.138: Application time: 9.0379567 seconds
2018-10-12T11:35:20.588+0800: 3219.138: Application time: 0.9997578 seconds
2018-10-12T11:36:00.606+0800: 3259.157: Application time: 40.0185272 seconds
2018-10-12T11:36:10.610+0800: 3269.160: Application time: 10.0034969 seconds
2018-10-12T11:36:19.660+0800: 3278.211: Application time: 9.0501044 seconds
2018-10-12T11:36:45.673+0800: 3304.223: Application time: 26.0124372 seconds
2018-10-12T11:37:00.680+0800: 3319.230: Application time: 15.0063203 seconds
2018-10-12T11:37:19.727+0800: 3338.278: Application time: 19.0479132 seconds
2018-10-12T11:37:50.741+0800: 3369.292: Application time: 31.0133014 seconds
2018-10-12T11:38:00.746+0800: 3379.296: Application time: 10.0042363 seconds
2018-10-12T11:38:10.751+0800: 3389.302: Application time: 10.0054155 seconds
2018-10-12T11:38:15.753+0800: 3394.304: Application time: 5.0019405 seconds
2018-10-12T11:38:19.816+0800: 3398.367: Application time: 4.0630359 seconds
2018-10-12T11:39:19.889+0800: 3458.440: Application time: 60.0722953 seconds
2018-10-12T11:39:20.890+0800: 3459.440: Application time: 0.9997535 seconds
2018-10-12T11:39:30.895+0800: 3469.446: Application time: 10.0051962 seconds
2018-10-12T11:39:40.899+0800: 3479.449: Application time: 10.0032853 seconds
2018-10-12T11:39:45.902+0800: 3484.452: Application time: 5.0029377 seconds
2018-10-12T11:39:49.904+0800: 3488.454: Application time: 4.0014778 seconds
2018-10-12T11:39:50.905+0800: 3489.455: Application time: 1.0008061 seconds
2018-10-12T11:40:00.908+0800: 3499.459: Application time: 10.0036471 seconds
2018-10-12T11:40:19.980+0800: 3518.531: Application time: 19.0726112 seconds
2018-10-12T11:40:37.990+0800: 3536.540: Application time: 18.0079346 seconds
2018-10-12T11:40:45.995+0800: 3544.545: Application time: 8.0049737 seconds
2018-10-12T11:41:03.041+0800: 3561.591: Application time: 17.0456537 seconds
2018-10-12T11:41:03.041+0800: 3561.592: Application time: 0.0001139 seconds
2018-10-12T11:41:03.042+0800: 3561.592: Application time: 0.0003322 seconds
2018-10-12T11:41:06.522+0800: 3565.073: Application time: 3.4800311 seconds
2018-10-12T11:41:06.522+0800: 3565.073: Application time: 0.0000310 seconds
2018-10-12T11:41:06.522+0800: 3565.073: Application time: 0.0000585 seconds
2018-10-12T11:41:10.049+0800: 3568.600: Application time: 3.5269144 seconds
2018-10-12T11:41:10.049+0800: 3568.600: Application time: 0.0001224 seconds
2018-10-12T11:41:10.050+0800: 3568.601: Application time: 0.0001534 seconds
2018-10-12T11:41:10.050+0800: 3568.601: Application time: 0.0001573 seconds
2018-10-12T11:41:10.051+0800: 3568.602: Application time: 0.0003988 seconds
2018-10-12T11:41:10.051+0800: 3568.602: Application time: 0.0002334 seconds
2018-10-12T11:41:17.934+0800: 3576.485: Application time: 7.8820839 seconds
2018-10-12T11:41:17.934+0800: 3576.485: Application time: 0.0000328 seconds
2018-10-12T11:41:17.934+0800: 3576.485: Application time: 0.0000557 seconds
2018-10-12T11:41:19.626+0800: 3578.177: Application time: 1.6914666 seconds
2018-10-12T11:41:19.627+0800: 3578.177: Application time: 0.0002380 seconds
2018-10-12T11:41:19.628+0800: 3578.178: Application time: 0.0001428 seconds
2018-10-12T11:41:19.628+0800: 3578.178: Application time: 0.0001245 seconds
2018-10-12T11:41:19.628+0800: 3578.179: Application time: 0.0003558 seconds
2018-10-12T11:41:19.629+0800: 3578.179: Application time: 0.0002154 seconds
2018-10-12T11:41:19.632+0800: 3578.182: Application time: 0.0028516 seconds
2018-10-12T11:41:20.073+0800: 3578.624: Application time: 0.4411139 seconds
2018-10-12T11:41:20.290+0800: 3578.841: Application time: 0.2167099 seconds
2018-10-12T11:41:20.290+0800: 3578.842: Application time: 0.0001707 seconds
2018-10-12T11:41:30.087+0800: 3588.638: Application time: 9.7957386 seconds
2018-10-12T11:41:31.092+0800: 3589.643: Application time: 1.0053587 seconds
2018-10-12T11:41:31.092+0800: 3589.643: Application time: 0.0001206 seconds
2018-10-12T11:41:35.012+0800: 3593.562: Application time: 3.9191009 seconds
2018-10-12T11:41:35.013+0800: 3593.563: Application time: 0.0001830 seconds
2018-10-12T11:41:40.097+0800: 3598.647: Application time: 5.0830790 seconds
2018-10-12T11:41:40.097+0800: 3598.648: Application time: 0.0002497 seconds
2018-10-12T11:41:40.097+0800: 3598.648: Application time: 0.0002560 seconds
2018-10-12T11:41:41.098+0800: 3599.648: Application time: 1.0002747 seconds
2018-10-12T11:41:49.640+0800: 3608.191: Application time: 8.5426376 seconds
2018-10-12T11:41:49.641+0800: 3608.192: Application time: 0.0001904 seconds
2018-10-12T11:41:49.641+0800: 3608.192: Application time: 0.0002116 seconds
2018-10-12T11:41:49.645+0800: 3608.196: Application time: 0.0036669 seconds
2018-10-12T11:41:50.647+0800: 3609.197: Application time: 1.0005726 seconds
2018-10-12T11:42:00.651+0800: 3619.202: Application time: 10.0043559 seconds
2018-10-12T11:42:20.168+0800: 3638.719: Application time: 19.5164882 seconds
2018-10-12T11:42:31.176+0800: 3649.726: Application time: 11.0061465 seconds
2018-10-12T11:42:41.180+0800: 3659.731: Application time: 10.0047117 seconds
2018-10-12T11:42:51.184+0800: 3669.735: Application time: 10.0037021 seconds
2018-10-12T11:43:01.188+0800: 3679.738: Application time: 10.0033329 seconds
2018-10-12T11:43:16.194+0800: 3694.744: Application time: 15.0062272 seconds
2018-10-12T11:43:20.197+0800: 3698.748: Application time: 4.0033456 seconds
2018-10-12T11:43:20.258+0800: 3698.808: Application time: 0.0594346 seconds
2018-10-12T11:43:21.259+0800: 3699.809: Application time: 1.0005631 seconds
2018-10-12T11:44:11.282+0800: 3749.833: Application time: 50.0231285 seconds
2018-10-12T11:44:20.289+0800: 3758.839: Application time: 9.0059797 seconds
2018-10-12T11:44:20.326+0800: 3758.877: Application time: 0.0380234 seconds
2018-10-12T11:45:01.347+0800: 3799.897: Application time: 41.0201154 seconds
2018-10-12T11:45:16.353+0800: 3814.904: Application time: 15.0063676 seconds
2018-10-12T11:45:20.356+0800: 3818.906: Application time: 4.0018005 seconds
2018-10-12T11:45:20.397+0800: 3818.948: Application time: 0.0423243 seconds
2018-10-12T11:45:31.404+0800: 3829.954: Application time: 11.0056528 seconds
2018-10-12T11:45:41.410+0800: 3839.961: Application time: 10.0059261 seconds
2018-10-12T11:45:46.412+0800: 3844.962: Application time: 5.0010624 seconds
2018-10-12T11:45:50.413+0800: 3848.963: Application time: 4.0013428 seconds
2018-10-12T11:45:51.413+0800: 3849.963: Application time: 1.0000208 seconds
2018-10-12T11:46:00.445+0800: 3858.995: Application time: 9.0315370 seconds
2018-10-12T11:46:11.449+0800: 3869.999: Application time: 11.0037719 seconds
2018-10-12T11:46:20.474+0800: 3879.024: Application time: 9.0250622 seconds
2018-10-12T11:46:46.490+0800: 3905.041: Application time: 26.0155596 seconds
2018-10-12T11:47:02.495+0800: 3921.046: Application time: 16.0049966 seconds
2018-10-12T11:47:10.499+0800: 3929.049: Application time: 8.0032360 seconds
2018-10-12T11:47:16.502+0800: 3935.052: Application time: 6.0024112 seconds
2018-10-12T11:47:20.559+0800: 3939.110: Application time: 4.0575428 seconds
2018-10-12T11:47:46.574+0800: 3965.125: Application time: 26.0144622 seconds
2018-10-12T11:47:50.577+0800: 3969.127: Application time: 4.0023488 seconds
2018-10-12T11:48:20.627+0800: 3999.179: Application time: 30.0513826 seconds
2018-10-12T11:49:20.715+0800: 4059.266: Application time: 60.0864105 seconds
2018-10-12T11:49:51.733+0800: 4090.283: Application time: 31.0162507 seconds
2018-10-12T11:50:01.739+0800: 4100.289: Application time: 10.0057145 seconds
2018-10-12T11:50:11.744+0800: 4110.294: Application time: 10.0053249 seconds
2018-10-12T11:50:20.803+0800: 4119.354: Application time: 9.0591187 seconds
2018-10-12T11:50:31.815+0800: 4130.366: Application time: 11.0114858 seconds
2018-10-12T11:50:41.821+0800: 4140.371: Application time: 10.0054948 seconds
2018-10-12T11:51:20.883+0800: 4179.434: Application time: 39.0627246 seconds
2018-10-12T11:51:21.884+0800: 4180.434: Application time: 0.9992606 seconds
2018-10-12T11:51:41.891+0800: 4200.442: Application time: 20.0070957 seconds
2018-10-12T11:52:01.902+0800: 4220.452: Application time: 20.0107636 seconds
2018-10-12T11:52:20.977+0800: 4239.528: Application time: 19.0751377 seconds
2018-10-12T11:52:41.990+0800: 4260.541: Application time: 21.0121829 seconds
2018-10-12T11:52:51.994+0800: 4270.545: Application time: 10.0037462 seconds
2018-10-12T11:53:12.003+0800: 4290.553: Application time: 20.0085767 seconds
2018-10-12T11:53:21.065+0800: 4299.616: Application time: 9.0627968 seconds
2018-10-12T11:53:22.066+0800: 4300.616: Application time: 0.9995286 seconds
2018-10-12T11:53:46.080+0800: 4324.630: Application time: 24.0140782 seconds
2018-10-12T11:53:50.082+0800: 4328.632: Application time: 4.0017003 seconds
2018-10-12T11:54:16.095+0800: 4354.646: Application time: 26.0132097 seconds
2018-10-12T11:54:21.158+0800: 4359.709: Application time: 5.0627013 seconds
2018-10-12T11:54:22.159+0800: 4360.710: Application time: 1.0000300 seconds
2018-10-12T11:54:42.168+0800: 4380.718: Application time: 20.0084586 seconds
2018-10-12T11:55:10.184+0800: 4408.734: Application time: 28.0158674 seconds
2018-10-12T11:55:21.239+0800: 4419.789: Application time: 11.0548422 seconds
2018-10-12T11:56:02.255+0800: 4460.805: Application time: 41.0155994 seconds
2018-10-12T11:56:21.317+0800: 4479.867: Application time: 19.0619393 seconds
2018-10-12T11:56:52.334+0800: 4510.884: Application time: 31.0161453 seconds
2018-10-12T11:57:02.339+0800: 4520.889: Application time: 10.0047021 seconds
2018-10-12T11:57:12.343+0800: 4530.893: Application time: 10.0041143 seconds
2018-10-12T11:57:21.398+0800: 4539.949: Application time: 9.0560686 seconds
2018-10-12T11:57:46.405+0800: 4564.956: Application time: 25.0059793 seconds
2018-10-12T11:58:15.837+0800: 4594.388: Application time: 29.4320220 seconds
2018-10-12T11:58:21.463+0800: 4600.015: Application time: 5.6261739 seconds
2018-10-12T11:59:16.494+0800: 4655.044: Application time: 55.0289869 seconds
2018-10-12T11:59:21.545+0800: 4660.096: Application time: 5.0520191 seconds
2018-10-12T11:59:32.551+0800: 4671.102: Application time: 11.0053019 seconds
2018-10-12T11:59:50.559+0800: 4689.109: Application time: 18.0071609 seconds
2018-10-12T12:00:12.567+0800: 4711.117: Application time: 22.0078588 seconds
2018-10-12T12:00:19.569+0800: 4718.119: Application time: 7.0021220 seconds
2018-10-12T12:00:20.570+0800: 4719.120: Application time: 1.0006016 seconds
2018-10-12T12:00:21.631+0800: 4720.181: Application time: 1.0611039 seconds
2018-10-12T12:00:22.632+0800: 4721.182: Application time: 1.0000018 seconds
2018-10-12T12:00:24.633+0800: 4723.183: Application time: 2.0008368 seconds
2018-10-12T12:00:42.640+0800: 4741.191: Application time: 18.0073940 seconds
2018-10-12T12:00:52.645+0800: 4751.196: Application time: 10.0049916 seconds
2018-10-12T12:01:02.650+0800: 4761.200: Application time: 10.0046235 seconds
2018-10-12T12:01:12.656+0800: 4771.206: Application time: 10.0052152 seconds
2018-10-12T12:01:21.724+0800: 4780.274: Application time: 9.0681065 seconds
2018-10-12T12:01:32.729+0800: 4791.280: Application time: 11.0047268 seconds
2018-10-12T12:02:16.748+0800: 4835.299: Application time: 44.0188632 seconds
2018-10-12T12:02:21.800+0800: 4840.351: Application time: 5.0525949 seconds
2018-10-12T12:02:22.801+0800: 4841.352: Application time: 0.9999587 seconds
2018-10-12T12:02:32.806+0800: 4851.356: Application time: 10.0045974 seconds
2018-10-12T12:02:41.816+0800: 4860.367: Application time: 9.0104671 seconds
2018-10-12T12:02:41.818+0800: 4860.369: Application time: 0.0022536 seconds
{Heap before GC invocations=118 (full 3):
 par new generation   total 78016K, used 76981K [0x00000006c2c00000, 0x00000006c80a0000, 0x00000006d78c0000)
  eden space 69376K, 100% used [0x00000006c2c00000, 0x00000006c6fc0000, 0x00000006c6fc0000)
  from space 8640K,  88% used [0x00000006c6fc0000, 0x00000006c772d610, 0x00000006c7830000)
  to   space 8640K,   0% used [0x00000006c7830000, 0x00000006c7830000, 0x00000006c80a0000)
 concurrent mark-sweep generation total 173440K, used 69732K [0x00000006d78c0000, 0x00000006e2220000, 0x00000007c0000000)
 Metaspace       used 82443K, capacity 86203K, committed 86288K, reserved 1124352K
  class space    used 10613K, capacity 11256K, committed 11308K, reserved 1048576K
2018-10-12T12:02:41.818+0800: 4860.369: [GC (Allocation Failure) 2018-10-12T12:02:41.818+0800: 4860.370: [ParNew: 76981K->5899K(78016K), 0.0090584 secs] 146713K->76867K(251456K), 0.0091271 secs] [Times: user=0.00 sys=0.00, real=0.01 secs] 
Heap after GC invocations=119 (full 3):
 par new generation   total 78016K, used 5899K [0x00000006c2c00000, 0x00000006c80a0000, 0x00000006d78c0000)
  eden space 69376K,   0% used [0x00000006c2c00000, 0x00000006c2c00000, 0x00000006c6fc0000)
  from space 8640K,  68% used [0x00000006c7830000, 0x00000006c7df2d48, 0x00000006c80a0000)
  to   space 8640K,   0% used [0x00000006c6fc0000, 0x00000006c6fc0000, 0x00000006c7830000)
 concurrent mark-sweep generation total 173440K, used 70968K [0x00000006d78c0000, 0x00000006e2220000, 0x00000007c0000000)
 Metaspace       used 82443K, capacity 86203K, committed 86288K, reserved 1124352K
  class space    used 10613K, capacity 11256K, committed 11308K, reserved 1048576K
}
2018-10-12T12:02:41.828+0800: 4860.379: Application time: 0.0000867 seconds
2018-10-12T12:02:41.828+0800: 4860.379: Application time: 0.0000832 seconds
2018-10-12T12:02:41.828+0800: 4860.379: Application time: 0.0000201 seconds
2018-10-12T12:02:41.828+0800: 4860.379: Application time: 0.0000377 seconds
2018-10-12T12:02:42.828+0800: 4861.379: Application time: 0.9994034 seconds
2018-10-12T12:02:46.830+0800: 4865.381: Application time: 4.0018467 seconds
2018-10-12T12:03:05.841+0800: 4884.391: Application time: 19.0105990 seconds
2018-10-12T12:03:12.844+0800: 4891.394: Application time: 7.0024271 seconds
2018-10-12T12:03:16.845+0800: 4895.396: Application time: 4.0014549 seconds
2018-10-12T12:03:21.869+0800: 4900.419: Application time: 5.0231793 seconds
2018-10-12T12:03:42.879+0800: 4921.429: Application time: 21.0098909 seconds
2018-10-12T12:04:12.893+0800: 4951.444: Application time: 30.0142006 seconds
2018-10-12T12:04:21.948+0800: 4960.499: Application time: 9.0554575 seconds
2018-10-12T12:04:22.950+0800: 4961.500: Application time: 1.0005550 seconds
2018-10-12T12:04:32.956+0800: 4971.507: Application time: 10.0059568 seconds
2018-10-12T12:05:22.015+0800: 5020.566: Application time: 49.0588475 seconds
2018-10-12T12:05:51.027+0800: 5049.577: Application time: 29.0114466 seconds
2018-10-12T12:06:22.094+0800: 5080.645: Application time: 31.0678375 seconds
2018-10-12T12:06:23.096+0800: 5081.647: Application time: 1.0004760 seconds
2018-10-12T12:06:53.111+0800: 5111.662: Application time: 30.0147697 seconds
2018-10-12T12:06:58.114+0800: 5116.664: Application time: 5.0020082 seconds
2018-10-12T12:07:02.115+0800: 5120.665: Application time: 4.0011985 seconds
2018-10-12T12:07:03.116+0800: 5121.666: Application time: 1.0006178 seconds
2018-10-12T12:07:20.124+0800: 5138.674: Application time: 17.0078524 seconds
2018-10-12T12:07:22.181+0800: 5140.732: Application time: 2.0580721 seconds
2018-10-12T12:07:23.183+0800: 5141.733: Application time: 1.0005317 seconds
2018-10-12T12:07:43.192+0800: 5161.742: Application time: 20.0085605 seconds
2018-10-12T12:08:03.199+0800: 5181.749: Application time: 20.0073595 seconds
2018-10-12T12:08:13.204+0800: 5191.754: Application time: 10.0046415 seconds
2018-10-12T12:08:16.205+0800: 5194.755: Application time: 3.0007751 seconds
2018-10-12T12:08:22.261+0800: 5200.812: Application time: 6.0564004 seconds
2018-10-12T12:08:46.273+0800: 5224.823: Application time: 24.0113215 seconds
2018-10-12T12:09:22.347+0800: 5260.898: Application time: 36.0738923 seconds
2018-10-12T12:09:33.352+0800: 5271.902: Application time: 11.0034564 seconds
2018-10-12T12:10:03.365+0800: 5301.916: Application time: 30.0133758 seconds
2018-10-12T12:10:12.403+0800: 5310.954: Application time: 9.0381542 seconds
2018-10-12T12:10:12.403+0800: 5310.954: Application time: 0.0003438 seconds
2018-10-12T12:10:12.404+0800: 5310.955: Application time: 0.0002020 seconds
2018-10-12T12:10:20.113+0800: 5318.664: Application time: 7.7089183 seconds
2018-10-12T12:10:20.113+0800: 5318.664: Application time: 0.0000441 seconds
2018-10-12T12:10:20.113+0800: 5318.664: Application time: 0.0000413 seconds
2018-10-12T12:10:20.115+0800: 5318.666: Application time: 0.0020508 seconds
2018-10-12T12:10:22.420+0800: 5320.971: Application time: 2.3048627 seconds
2018-10-12T12:10:42.442+0800: 5340.993: Application time: 20.0214317 seconds
2018-10-12T12:10:42.442+0800: 5340.994: Application time: 0.0002528 seconds
2018-10-12T12:10:42.443+0800: 5340.994: Application time: 0.0001573 seconds
2018-10-12T12:10:43.443+0800: 5341.994: Application time: 0.9997024 seconds
2018-10-12T12:10:46.445+0800: 5344.995: Application time: 3.0015854 seconds
2018-10-12T12:10:46.677+0800: 5345.228: Application time: 0.2326140 seconds
2018-10-12T12:10:46.678+0800: 5345.229: Application time: 0.0000804 seconds
2018-10-12T12:10:46.678+0800: 5345.229: Application time: 0.0001238 seconds
2018-10-12T12:10:50.119+0800: 5348.670: Application time: 3.4410888 seconds
2018-10-12T12:10:50.120+0800: 5348.671: Application time: 0.0004894 seconds
2018-10-12T12:10:50.120+0800: 5348.671: Application time: 0.0002415 seconds
2018-10-12T12:10:51.846+0800: 5350.396: Application time: 1.7246111 seconds
2018-10-12T12:10:51.846+0800: 5350.396: Application time: 0.0000469 seconds
2018-10-12T12:10:51.846+0800: 5350.397: Application time: 0.0000903 seconds
2018-10-12T12:10:52.456+0800: 5351.007: Application time: 0.6100565 seconds
2018-10-12T12:10:52.456+0800: 5351.007: Application time: 0.0000585 seconds
2018-10-12T12:10:52.457+0800: 5351.008: Application time: 0.0000857 seconds
2018-10-12T12:10:52.459+0800: 5351.010: Application time: 0.0019799 seconds
2018-10-12T12:11:00.529+0800: 5359.080: Application time: 8.0697092 seconds
2018-10-12T12:11:00.529+0800: 5359.080: Application time: 0.0000236 seconds
2018-10-12T12:11:00.529+0800: 5359.080: Application time: 0.0000490 seconds
2018-10-12T12:11:01.529+0800: 5360.080: Application time: 0.9996809 seconds
2018-10-12T12:11:02.470+0800: 5361.021: Application time: 0.9410125 seconds
2018-10-12T12:11:02.471+0800: 5361.022: Application time: 0.0005462 seconds
2018-10-12T12:11:02.471+0800: 5361.022: Application time: 0.0001837 seconds
2018-10-12T12:11:02.928+0800: 5361.479: Application time: 0.4565842 seconds
2018-10-12T12:11:02.929+0800: 5361.480: Application time: 0.0003815 seconds
2018-10-12T12:11:02.929+0800: 5361.480: Application time: 0.0001410 seconds
2018-10-12T12:11:04.474+0800: 5363.024: Application time: 1.5439211 seconds
2018-10-12T12:11:12.487+0800: 5371.038: Application time: 8.0132792 seconds
2018-10-12T12:11:12.487+0800: 5371.038: Application time: 0.0001396 seconds
2018-10-12T12:11:12.487+0800: 5371.038: Application time: 0.0001453 seconds
2018-10-12T12:11:14.446+0800: 5372.996: Application time: 1.9581528 seconds
2018-10-12T12:11:14.448+0800: 5372.999: Application time: 0.0023107 seconds
2018-10-12T12:11:17.796+0800: 5376.347: Application time: 3.3474415 seconds
2018-10-12T12:11:17.796+0800: 5376.347: Application time: 0.0001047 seconds
2018-10-12T12:11:17.797+0800: 5376.348: Application time: 0.0001509 seconds
2018-10-12T12:11:20.130+0800: 5378.681: Application time: 2.3331771 seconds
2018-10-12T12:11:20.131+0800: 5378.682: Application time: 0.0001428 seconds
2018-10-12T12:11:20.131+0800: 5378.682: Application time: 0.0001135 seconds
2018-10-12T12:11:20.131+0800: 5378.683: Application time: 0.0000903 seconds
2018-10-12T12:11:20.132+0800: 5378.683: Application time: 0.0003346 seconds
2018-10-12T12:11:20.132+0800: 5378.683: Application time: 0.0002370 seconds
2018-10-12T12:11:21.133+0800: 5379.684: Application time: 0.9995338 seconds
2018-10-12T12:11:22.500+0800: 5381.052: Application time: 1.3677008 seconds
2018-10-12T12:11:22.504+0800: 5381.055: Application time: 0.0028812 seconds
2018-10-12T12:11:23.505+0800: 5382.055: Application time: 1.0002288 seconds
2018-10-12T12:11:33.510+0800: 5392.060: Application time: 10.0046651 seconds
2018-10-12T12:11:43.515+0800: 5402.066: Application time: 10.0051842 seconds
2018-10-12T12:11:46.517+0800: 5405.067: Application time: 3.0013036 seconds
2018-10-12T12:11:53.519+0800: 5412.070: Application time: 7.0025346 seconds
2018-10-12T12:12:20.155+0800: 5438.706: Application time: 26.6356794 seconds
2018-10-12T12:12:43.165+0800: 5461.715: Application time: 23.0089660 seconds
2018-10-12T12:13:22.697+0800: 5501.249: Application time: 39.5336776 seconds
2018-10-12T12:14:22.793+0800: 5561.344: Application time: 60.0948367 seconds
2018-10-12T12:14:33.800+0800: 5572.351: Application time: 11.0057833 seconds
2018-10-12T12:15:10.819+0800: 5609.369: Application time: 37.0179852 seconds
2018-10-12T12:15:22.883+0800: 5621.434: Application time: 12.0646858 seconds
2018-10-12T12:15:43.894+0800: 5642.444: Application time: 21.0094039 seconds
2018-10-12T12:15:46.895+0800: 5645.445: Application time: 3.0012603 seconds
2018-10-12T12:15:53.899+0800: 5652.449: Application time: 7.0038763 seconds
2018-10-12T12:16:10.908+0800: 5669.458: Application time: 17.0088010 seconds
2018-10-12T12:16:22.952+0800: 5681.502: Application time: 12.0438726 seconds
2018-10-12T12:16:53.967+0800: 5712.518: Application time: 31.0149340 seconds
2018-10-12T12:17:10.977+0800: 5729.527: Application time: 17.0096818 seconds
2018-10-12T12:17:16.979+0800: 5735.530: Application time: 6.0020152 seconds
2018-10-12T12:17:23.039+0800: 5741.589: Application time: 6.0594279 seconds
2018-10-12T12:17:47.052+0800: 5765.602: Application time: 24.0126367 seconds
2018-10-12T12:18:23.120+0800: 5801.671: Application time: 36.0684948 seconds
2018-10-12T12:18:46.131+0800: 5824.681: Application time: 23.0096970 seconds
2018-10-12T12:19:16.143+0800: 5854.694: Application time: 30.0126262 seconds
2018-10-12T12:19:21.146+0800: 5859.696: Application time: 5.0022821 seconds
2018-10-12T12:19:23.201+0800: 5861.751: Application time: 2.0547963 seconds
2018-10-12T12:19:23.210+0800: 5861.761: Application time: 0.0092929 seconds
2018-10-12T12:19:46.135+0800: 5884.686: Application time: 22.9243820 seconds
2018-10-12T12:20:16.148+0800: 5914.698: Application time: 30.0120320 seconds
2018-10-12T12:20:21.150+0800: 5919.701: Application time: 5.0022821 seconds
2018-10-12T12:20:23.286+0800: 5921.837: Application time: 2.1361144 seconds
2018-10-12T12:21:04.303+0800: 5962.853: Application time: 41.0156802 seconds
2018-10-12T12:21:23.341+0800: 5981.892: Application time: 19.0386496 seconds
2018-10-12T12:21:46.348+0800: 6004.899: Application time: 23.0067255 seconds
2018-10-12T12:22:16.361+0800: 6034.911: Application time: 30.0126279 seconds
2018-10-12T12:22:23.393+0800: 6041.943: Application time: 7.0316410 seconds
2018-10-12T12:22:24.393+0800: 6042.943: Application time: 0.9999503 seconds
2018-10-12T12:22:34.397+0800: 6052.947: Application time: 10.0034528 seconds
2018-10-12T12:23:20.419+0800: 6098.969: Application time: 46.0218506 seconds
2018-10-12T12:23:23.453+0800: 6102.003: Application time: 3.0340564 seconds
2018-10-12T12:23:24.454+0800: 6103.004: Application time: 1.0000617 seconds
2018-10-12T12:23:50.467+0800: 6129.017: Application time: 26.0131008 seconds
2018-10-12T12:24:16.479+0800: 6155.029: Application time: 26.0114269 seconds
2018-10-12T12:24:23.539+0800: 6162.091: Application time: 7.0615302 seconds
2018-10-12T12:24:24.541+0800: 6163.091: Application time: 1.0001537 seconds
2018-10-12T12:25:14.566+0800: 6213.116: Application time: 50.0246567 seconds
2018-10-12T12:25:23.614+0800: 6222.165: Application time: 9.0490614 seconds
2018-10-12T12:25:34.619+0800: 6233.170: Application time: 11.0042430 seconds
2018-10-12T12:25:46.204+0800: 6244.755: Application time: 11.5852658 seconds
2018-10-12T12:25:47.206+0800: 6245.756: Application time: 0.9999644 seconds
2018-10-12T12:26:23.712+0800: 6282.262: Application time: 36.5060539 seconds
2018-10-12T12:27:23.791+0800: 6342.342: Application time: 60.0797373 seconds
2018-10-12T12:28:23.882+0800: 6402.434: Application time: 60.0906486 seconds
2018-10-12T12:28:54.897+0800: 6433.447: Application time: 31.0135207 seconds
2018-10-12T12:29:23.952+0800: 6462.502: Application time: 29.0546133 seconds
2018-10-12T12:29:44.965+0800: 6483.515: Application time: 21.0118846 seconds
2018-10-12T12:29:46.965+0800: 6485.516: Application time: 2.0003480 seconds
2018-10-12T12:30:24.056+0800: 6522.607: Application time: 37.0908010 seconds
2018-10-12T12:30:35.061+0800: 6533.612: Application time: 11.0046859 seconds
2018-10-12T12:31:21.083+0800: 6579.633: Application time: 46.0211235 seconds
2018-10-12T12:31:24.146+0800: 6582.697: Application time: 3.0640102 seconds
2018-10-12T12:31:47.157+0800: 6605.708: Application time: 23.0098338 seconds
2018-10-12T12:32:24.226+0800: 6642.777: Application time: 37.0687402 seconds
2018-10-12T12:32:25.227+0800: 6643.777: Application time: 1.0001961 seconds
2018-10-12T12:32:45.238+0800: 6663.788: Application time: 20.0110778 seconds
2018-10-12T12:33:05.247+0800: 6683.798: Application time: 20.0092269 seconds
2018-10-12T12:33:24.321+0800: 6702.872: Application time: 19.0738708 seconds
2018-10-12T12:33:46.332+0800: 6724.883: Application time: 22.0097213 seconds
2018-10-12T12:34:15.348+0800: 6753.898: Application time: 29.0156943 seconds
2018-10-12T12:34:24.412+0800: 6762.963: Application time: 9.0644111 seconds
2018-10-12T12:34:46.422+0800: 6784.972: Application time: 22.0084318 seconds
2018-10-12T12:35:24.499+0800: 6823.050: Application time: 38.0773603 seconds
2018-10-12T12:35:55.513+0800: 6854.063: Application time: 31.0122760 seconds
2018-10-12T12:36:04.556+0800: 6863.106: Application time: 9.0430781 seconds
2018-10-12T12:36:24.581+0800: 6883.132: Application time: 20.0255774 seconds
2018-10-12T12:37:24.667+0800: 6943.218: Application time: 60.0854253 seconds
2018-10-12T12:37:35.672+0800: 6954.223: Application time: 11.0041344 seconds
2018-10-12T12:37:46.678+0800: 6965.228: Application time: 11.0052931 seconds
2018-10-12T12:38:10.689+0800: 6989.239: Application time: 24.0111053 seconds
2018-10-12T12:38:24.762+0800: 7003.313: Application time: 14.0738895 seconds
2018-10-12T12:39:24.853+0800: 7063.403: Application time: 60.0893905 seconds
2018-10-12T12:39:35.857+0800: 7074.408: Application time: 11.0036475 seconds
2018-10-12T12:39:50.865+0800: 7089.415: Application time: 15.0074765 seconds
2018-10-12T12:39:55.867+0800: 7094.418: Application time: 5.0022433 seconds
2018-10-12T12:40:01.972+0800: 7100.522: Application time: 6.1044705 seconds
2018-10-12T12:40:01.972+0800: 7100.523: Application time: 0.0000250 seconds
2018-10-12T12:40:01.972+0800: 7100.523: Application time: 0.0000215 seconds
2018-10-12T12:40:01.972+0800: 7100.523: Application time: 0.0000229 seconds
2018-10-12T12:40:01.972+0800: 7100.523: Application time: 0.0001030 seconds
2018-10-12T12:40:04.903+0800: 7103.453: Application time: 2.9304915 seconds
2018-10-12T12:40:04.906+0800: 7103.457: Application time: 0.0028661 seconds
2018-10-12T12:40:16.913+0800: 7115.463: Application time: 12.0060319 seconds
2018-10-12T12:40:19.774+0800: 7118.325: Application time: 2.8621007 seconds
2018-10-12T12:40:19.775+0800: 7118.326: Application time: 0.0000695 seconds
2018-10-12T12:40:19.775+0800: 7118.326: Application time: 0.0001023 seconds
2018-10-12T12:40:20.777+0800: 7119.327: Application time: 1.0009274 seconds
2018-10-12T12:40:22.663+0800: 7121.214: Application time: 1.8864990 seconds
2018-10-12T12:40:22.664+0800: 7121.214: Application time: 0.0002944 seconds
2018-10-12T12:40:22.671+0800: 7121.222: Application time: 0.0069920 seconds
2018-10-12T12:40:29.089+0800: 7127.639: Application time: 6.4170887 seconds
2018-10-12T12:40:29.089+0800: 7127.640: Application time: 0.0000571 seconds
2018-10-12T12:40:32.091+0800: 7130.641: Application time: 3.0016220 seconds
2018-10-12T12:40:34.946+0800: 7133.496: Application time: 2.8547948 seconds
2018-10-12T12:40:34.946+0800: 7133.497: Application time: 0.0001689 seconds
2018-10-12T12:40:34.947+0800: 7133.497: Application time: 0.0001936 seconds
2018-10-12T12:40:34.947+0800: 7133.498: Application time: 0.0004069 seconds
2018-10-12T12:40:35.256+0800: 7133.807: Application time: 0.3084160 seconds
2018-10-12T12:40:37.871+0800: 7136.421: Application time: 2.6142555 seconds
2018-10-12T12:40:37.871+0800: 7136.421: Application time: 0.0000522 seconds
2018-10-12T12:40:44.727+0800: 7143.277: Application time: 6.8556764 seconds
2018-10-12T12:40:44.727+0800: 7143.278: Application time: 0.0001555 seconds
2018-10-12T12:40:44.966+0800: 7143.517: Application time: 0.2387989 seconds
2018-10-12T12:40:44.966+0800: 7143.518: Application time: 0.0002676 seconds
2018-10-12T12:40:44.967+0800: 7143.518: Application time: 0.0001781 seconds
2018-10-12T12:40:44.967+0800: 7143.519: Application time: 0.0003590 seconds
2018-10-12T12:40:44.968+0800: 7143.519: Application time: 0.0003047 seconds
2018-10-12T12:40:46.969+0800: 7145.519: Application time: 1.9994869 seconds
2018-10-12T12:40:50.634+0800: 7149.185: Application time: 3.6656208 seconds
2018-10-12T12:40:50.635+0800: 7149.186: Application time: 0.0011213 seconds
2018-10-12T12:41:02.641+0800: 7161.191: Application time: 12.0053443 seconds
2018-10-12T12:41:25.041+0800: 7183.591: Application time: 22.3996454 seconds
2018-10-12T12:41:47.054+0800: 7205.604: Application time: 22.0123120 seconds
2018-10-12T12:42:21.068+0800: 7239.618: Application time: 34.0137983 seconds
2018-10-12T12:42:25.126+0800: 7243.677: Application time: 4.0581836 seconds
2018-10-12T12:43:25.202+0800: 7303.753: Application time: 60.0752721 seconds
2018-10-12T12:43:36.207+0800: 7314.757: Application time: 11.0044116 seconds
2018-10-12T12:44:21.225+0800: 7359.775: Application time: 45.0176273 seconds
2018-10-12T12:44:25.286+0800: 7363.838: Application time: 4.0622951 seconds
2018-10-12T12:44:36.293+0800: 7374.843: Application time: 11.0045364 seconds
2018-10-12T12:44:56.302+0800: 7394.852: Application time: 20.0087685 seconds
2018-10-12T12:45:25.385+0800: 7423.936: Application time: 29.0838435 seconds
2018-10-12T12:45:36.392+0800: 7434.942: Application time: 11.0052406 seconds
2018-10-12T13:39:38.649+0800: 10677.206: Application time: 3242.2638414 seconds
2018-10-12T13:39:46.696+0800: 10685.254: Application time: 8.0473649 seconds
2018-10-12T13:39:46.699+0800: 10685.257: Application time: 0.0033763 seconds
2018-10-12T13:39:49.217+0800: 10687.774: Application time: 2.5168821 seconds
2018-10-12T13:39:49.217+0800: 10687.775: Application time: 0.0000272 seconds
2018-10-12T13:39:49.217+0800: 10687.775: Application time: 0.0000314 seconds
2018-10-12T13:39:49.217+0800: 10687.775: Application time: 0.0001678 seconds
2018-10-12T13:39:49.217+0800: 10687.775: Application time: 0.0000194 seconds
2018-10-12T13:39:49.218+0800: 10687.775: Application time: 0.0000402 seconds
2018-10-12T13:39:49.218+0800: 10687.775: Application time: 0.0001650 seconds
2018-10-12T13:39:49.218+0800: 10687.775: Application time: 0.0000226 seconds
2018-10-12T13:39:49.218+0800: 10687.776: Application time: 0.0001142 seconds
2018-10-12T13:39:49.219+0800: 10687.776: Application time: 0.0001696 seconds
2018-10-12T13:39:49.219+0800: 10687.776: Application time: 0.0000254 seconds
2018-10-12T13:39:49.219+0800: 10687.777: Application time: 0.0005279 seconds
2018-10-12T13:39:49.220+0800: 10687.777: Application time: 0.0003981 seconds
2018-10-12T13:39:49.220+0800: 10687.778: Application time: 0.0003614 seconds
2018-10-12T13:39:49.221+0800: 10687.778: Application time: 0.0003501 seconds
2018-10-12T13:39:49.221+0800: 10687.779: Application time: 0.0002063 seconds
2018-10-12T13:39:50.221+0800: 10688.778: Application time: 0.9997091 seconds
2018-10-12T13:39:56.706+0800: 10695.263: Application time: 6.4845344 seconds
2018-10-12T13:39:56.706+0800: 10695.263: Application time: 0.0000272 seconds
2018-10-12T13:39:56.706+0800: 10695.263: Application time: 0.0000215 seconds
2018-10-12T13:39:56.706+0800: 10695.263: Application time: 0.0000226 seconds
2018-10-12T13:39:56.706+0800: 10695.264: Application time: 0.0000994 seconds
2018-10-12T13:39:56.706+0800: 10695.264: Application time: 0.0000744 seconds
2018-10-12T13:40:06.715+0800: 10705.273: Application time: 10.0092565 seconds
2018-10-12T13:40:37.748+0800: 10736.305: Application time: 31.0323043 seconds
2018-10-12T13:40:37.748+0800: 10736.306: Application time: 0.0001118 seconds
2018-10-12T13:40:46.750+0800: 10745.307: Application time: 9.0016076 seconds
2018-10-12T13:40:47.750+0800: 10746.308: Application time: 0.9997807 seconds
2018-10-12T13:41:37.773+0800: 10796.330: Application time: 50.0220558 seconds
2018-10-12T13:41:46.813+0800: 10805.371: Application time: 9.0408813 seconds
2018-10-12T13:42:27.836+0800: 10846.394: Application time: 41.0219546 seconds
2018-10-12T13:42:37.841+0800: 10856.398: Application time: 10.0043181 seconds
2018-10-12T13:42:46.888+0800: 10865.445: Application time: 9.0472161 seconds
2018-10-12T13:43:07.899+0800: 10886.456: Application time: 21.0101078 seconds
2018-10-12T13:43:12.901+0800: 10891.459: Application time: 5.0021672 seconds
2018-10-12T13:43:19.904+0800: 10898.461: Application time: 7.0025293 seconds
2018-10-12T13:43:27.907+0800: 10906.465: Application time: 8.0033051 seconds
2018-10-12T13:43:37.912+0800: 10916.469: Application time: 10.0044835 seconds
2018-10-12T13:43:42.914+0800: 10921.471: Application time: 5.0018350 seconds
2018-10-12T13:43:46.968+0800: 10925.526: Application time: 4.0548714 seconds
2018-10-12T13:44:37.991+0800: 10976.549: Application time: 51.0217709 seconds
2018-10-12T13:44:47.039+0800: 10985.597: Application time: 9.0481773 seconds
2018-10-12T13:45:08.051+0800: 11006.609: Application time: 21.0109741 seconds
2018-10-12T13:45:38.066+0800: 11036.623: Application time: 30.0142277 seconds
2018-10-12T13:45:57.109+0800: 11055.668: Application time: 19.0442294 seconds
2018-10-12T13:46:08.117+0800: 11066.674: Application time: 11.0056838 seconds
2018-10-12T13:46:38.132+0800: 11096.689: Application time: 30.0151703 seconds
2018-10-12T13:46:58.138+0800: 11116.696: Application time: 20.0064592 seconds
2018-10-12T13:47:07.195+0800: 11125.754: Application time: 9.0578362 seconds
2018-10-12T13:47:12.199+0800: 11130.756: Application time: 5.0013036 seconds
2018-10-12T13:47:28.208+0800: 11146.765: Application time: 16.0088736 seconds
2018-10-12T13:47:38.212+0800: 11156.769: Application time: 10.0043654 seconds
2018-10-12T13:47:42.054+0800: 11160.612: Application time: 3.8424603 seconds
{Heap before GC invocations=119 (full 3):
 par new generation   total 78016K, used 75275K [0x00000006c2c00000, 0x00000006c80a0000, 0x00000006d78c0000)
  eden space 69376K, 100% used [0x00000006c2c00000, 0x00000006c6fc0000, 0x00000006c6fc0000)
  from space 8640K,  68% used [0x00000006c7830000, 0x00000006c7df2d48, 0x00000006c80a0000)
  to   space 8640K,   0% used [0x00000006c6fc0000, 0x00000006c6fc0000, 0x00000006c7830000)
 concurrent mark-sweep generation total 173440K, used 70968K [0x00000006d78c0000, 0x00000006e2220000, 0x00000007c0000000)
 Metaspace       used 83237K, capacity 87055K, committed 87312K, reserved 1126400K
  class space    used 10614K, capacity 11256K, committed 11308K, reserved 1048576K
2018-10-12T13:47:42.054+0800: 11160.612: [GC (Allocation Failure) 2018-10-12T13:47:42.054+0800: 11160.613: [ParNew: 75275K->6254K(78016K), 0.0171326 secs] 146243K->77912K(251456K), 0.0172465 secs] [Times: user=0.06 sys=0.00, real=0.02 secs] 
Heap after GC invocations=120 (full 3):
 par new generation   total 78016K, used 6254K [0x00000006c2c00000, 0x00000006c80a0000, 0x00000006d78c0000)
  eden space 69376K,   0% used [0x00000006c2c00000, 0x00000006c2c00000, 0x00000006c6fc0000)
  from space 8640K,  72% used [0x00000006c6fc0000, 0x00000006c75db878, 0x00000006c7830000)
  to   space 8640K,   0% used [0x00000006c7830000, 0x00000006c7830000, 0x00000006c80a0000)
 concurrent mark-sweep generation total 173440K, used 71658K [0x00000006d78c0000, 0x00000006e2220000, 0x00000007c0000000)
 Metaspace       used 83237K, capacity 87055K, committed 87312K, reserved 1126400K
  class space    used 10614K, capacity 11256K, committed 11308K, reserved 1048576K
}
2018-10-12T13:47:42.072+0800: 11160.630: Application time: 0.0001569 seconds
2018-10-12T13:47:42.072+0800: 11160.630: Application time: 0.0000776 seconds
2018-10-12T13:47:42.072+0800: 11160.630: Application time: 0.0000377 seconds
2018-10-12T13:47:42.073+0800: 11160.631: Application time: 0.0000441 seconds
2018-10-12T13:47:42.073+0800: 11160.631: Application time: 0.0001608 seconds
2018-10-12T13:47:42.073+0800: 11160.631: Application time: 0.0000836 seconds
2018-10-12T13:47:42.074+0800: 11160.632: Application time: 0.0000395 seconds
2018-10-12T13:47:42.074+0800: 11160.632: Application time: 0.0000370 seconds
2018-10-12T13:47:42.074+0800: 11160.632: Application time: 0.0000307 seconds
2018-10-12T13:47:42.074+0800: 11160.632: Application time: 0.0000293 seconds
2018-10-12T13:47:42.074+0800: 11160.632: Application time: 0.0000353 seconds
2018-10-12T13:47:42.074+0800: 11160.632: Application time: 0.0000264 seconds
2018-10-12T13:47:42.074+0800: 11160.632: Application time: 0.0000257 seconds
2018-10-12T13:47:42.074+0800: 11160.632: Application time: 0.0000349 seconds
2018-10-12T13:47:48.079+0800: 11166.636: Application time: 6.0035579 seconds
2018-10-12T13:48:08.090+0800: 11186.648: Application time: 20.0113370 seconds
2018-10-12T13:48:17.276+0800: 11195.834: Application time: 9.1858947 seconds
2018-10-12T13:49:23.309+0800: 11261.867: Application time: 66.0325204 seconds
2018-10-12T13:49:27.347+0800: 11265.905: Application time: 4.0378460 seconds
2018-10-12T13:49:28.348+0800: 11266.905: Application time: 1.0000356 seconds
2018-10-12T13:50:08.367+0800: 11306.924: Application time: 40.0188153 seconds
2018-10-12T13:50:28.376+0800: 11326.933: Application time: 20.0088800 seconds
2018-10-12T13:50:37.407+0800: 11335.965: Application time: 9.0318713 seconds
2018-10-12T13:51:12.422+0800: 11370.980: Application time: 35.0137658 seconds
2018-10-12T13:51:42.129+0800: 11400.687: Application time: 29.7067324 seconds
2018-10-12T13:52:38.154+0800: 11456.711: Application time: 56.0241260 seconds
2018-10-12T13:52:42.142+0800: 11460.700: Application time: 3.9887660 seconds
2018-10-12T13:53:13.160+0800: 11491.717: Application time: 31.0166435 seconds
2018-10-12T13:53:38.169+0800: 11516.726: Application time: 25.0088602 seconds
2018-10-12T13:53:42.170+0800: 11520.728: Application time: 4.0015755 seconds
2018-10-12T13:54:08.185+0800: 11546.742: Application time: 26.0139026 seconds
2018-10-12T13:54:12.188+0800: 11550.746: Application time: 4.0032356 seconds
2018-10-12T13:54:42.189+0800: 11580.746: Application time: 30.0003946 seconds
2018-10-12T13:55:42.205+0800: 11640.763: Application time: 60.0159619 seconds
2018-10-12T13:55:58.213+0800: 11656.770: Application time: 16.0071860 seconds
2018-10-12T13:56:12.221+0800: 11670.778: Application time: 14.0077597 seconds
2018-10-12T13:56:27.821+0800: 11686.378: Application time: 15.6000721 seconds
2018-10-12T13:56:42.218+0800: 11700.776: Application time: 14.3972875 seconds
2018-10-12T13:57:08.233+0800: 11726.790: Application time: 26.0139520 seconds
2018-10-12T13:57:18.237+0800: 11736.794: Application time: 10.0039299 seconds
2018-10-12T13:57:42.232+0800: 11760.790: Application time: 23.9954431 seconds
2018-10-12T13:57:48.235+0800: 11766.792: Application time: 6.0019426 seconds
2018-10-12T13:58:08.243+0800: 11786.800: Application time: 20.0078426 seconds
2018-10-12T13:58:28.251+0800: 11806.808: Application time: 20.0077710 seconds
2018-10-12T13:58:42.245+0800: 11820.803: Application time: 13.9946050 seconds
2018-10-12T13:59:18.260+0800: 11856.817: Application time: 36.0139097 seconds
2018-10-12T13:59:42.259+0800: 11880.817: Application time: 23.9988367 seconds
2018-10-12T13:59:48.263+0800: 11886.820: Application time: 6.0031803 seconds
2018-10-12T13:59:58.267+0800: 11896.824: Application time: 10.0039401 seconds
2018-10-12T14:00:42.271+0800: 11940.828: Application time: 44.0036513 seconds
2018-10-12T14:01:12.285+0800: 11970.842: Application time: 30.0139950 seconds
2018-10-12T14:01:42.287+0800: 12000.845: Application time: 30.0022007 seconds
2018-10-12T14:02:08.004+0800: 12026.563: Application time: 25.7169135 seconds
2018-10-12T14:02:09.006+0800: 12027.564: Application time: 1.0009179 seconds
2018-10-12T14:02:42.301+0800: 12060.858: Application time: 33.2944393 seconds
2018-10-12T14:02:59.308+0800: 12077.865: Application time: 17.0061052 seconds
2018-10-12T14:03:08.311+0800: 12086.869: Application time: 9.0034398 seconds
2018-10-12T14:03:42.319+0800: 12120.877: Application time: 34.0076765 seconds
2018-10-12T14:04:42.332+0800: 12180.890: Application time: 60.0127951 seconds
2018-10-12T14:05:08.041+0800: 12206.599: Application time: 25.7080092 seconds
2018-10-12T14:05:29.050+0800: 12227.607: Application time: 21.0084896 seconds
2018-10-12T14:05:32.052+0800: 12230.609: Application time: 3.0017599 seconds
2018-10-12T14:05:39.056+0800: 12237.613: Application time: 7.0038471 seconds
2018-10-12T14:05:42.345+0800: 12240.902: Application time: 3.2888849 seconds
2018-10-12T14:05:59.353+0800: 12257.911: Application time: 17.0081581 seconds
2018-10-12T14:06:42.358+0800: 12300.915: Application time: 43.0043033 seconds
2018-10-12T14:07:42.369+0800: 12360.926: Application time: 60.0108698 seconds
2018-10-12T14:08:08.381+0800: 12386.939: Application time: 26.0114061 seconds
2018-10-12T14:08:39.394+0800: 12417.952: Application time: 31.0130514 seconds
2018-10-12T14:08:42.384+0800: 12420.942: Application time: 2.9899490 seconds
2018-10-12T14:08:49.388+0800: 12427.945: Application time: 7.0034190 seconds
2018-10-12T14:09:08.396+0800: 12446.953: Application time: 19.0079314 seconds
2018-10-12T14:09:27.910+0800: 12466.468: Application time: 19.5141620 seconds
2018-10-12T14:09:27.910+0800: 12466.468: Application time: 0.0000889 seconds
2018-10-12T14:09:29.283+0800: 12467.840: Application time: 1.3717823 seconds
2018-10-12T14:09:29.283+0800: 12467.840: Application time: 0.0000554 seconds
2018-10-12T14:09:29.738+0800: 12468.295: Application time: 0.4551092 seconds
2018-10-12T14:09:29.738+0800: 12468.296: Application time: 0.0001834 seconds
2018-10-12T14:09:29.744+0800: 12468.301: Application time: 0.0052811 seconds
2018-10-12T14:09:30.505+0800: 12469.063: Application time: 0.7608824 seconds
2018-10-12T14:09:30.506+0800: 12469.063: Application time: 0.0002408 seconds
2018-10-12T14:09:35.619+0800: 12474.177: Application time: 5.1133141 seconds
2018-10-12T14:09:35.620+0800: 12474.178: Application time: 0.0000628 seconds
2018-10-12T14:09:43.379+0800: 12481.937: Application time: 7.7593552 seconds
2018-10-12T14:09:43.380+0800: 12481.938: Application time: 0.0001710 seconds
2018-10-12T14:09:44.381+0800: 12482.938: Application time: 1.0004112 seconds
2018-10-12T14:09:47.383+0800: 12485.940: Application time: 3.0017222 seconds
2018-10-12T14:09:48.809+0800: 12487.367: Application time: 1.4267225 seconds
2018-10-12T14:09:48.810+0800: 12487.367: Application time: 0.0000522 seconds
2018-10-12T14:09:48.810+0800: 12487.368: Application time: 0.0000395 seconds
2018-10-12T14:09:48.810+0800: 12487.368: Application time: 0.0000427 seconds
2018-10-12T14:09:48.810+0800: 12487.368: Application time: 0.0001513 seconds
2018-10-12T14:09:48.810+0800: 12487.368: Application time: 0.0001181 seconds
2018-10-12T14:09:49.811+0800: 12488.368: Application time: 1.0002179 seconds
2018-10-12T14:09:58.824+0800: 12497.382: Application time: 9.0135814 seconds
2018-10-12T14:10:09.831+0800: 12508.388: Application time: 11.0059959 seconds
2018-10-12T14:10:29.842+0800: 12528.399: Application time: 20.0109925 seconds
2018-10-12T14:10:38.874+0800: 12537.431: Application time: 9.0315754 seconds
2018-10-12T14:11:12.891+0800: 12571.449: Application time: 34.0171069 seconds
2018-10-12T14:11:19.894+0800: 12578.452: Application time: 7.0028276 seconds
2018-10-12T14:11:42.432+0800: 12600.989: Application time: 22.5373952 seconds
2018-10-12T14:11:59.439+0800: 12617.996: Application time: 17.0067491 seconds
2018-10-12T14:12:19.449+0800: 12638.006: Application time: 20.0095831 seconds
2018-10-12T14:12:29.453+0800: 12648.010: Application time: 10.0039416 seconds
2018-10-12T14:12:42.447+0800: 12661.005: Application time: 12.9943345 seconds
2018-10-12T14:13:09.038+0800: 12687.596: Application time: 26.5907676 seconds
2018-10-12T14:13:19.059+0800: 12697.616: Application time: 10.0201612 seconds
2018-10-12T14:13:24.061+0800: 12702.618: Application time: 5.0017035 seconds
2018-10-12T14:13:38.141+0800: 12716.698: Application time: 14.0799728 seconds
2018-10-12T14:13:42.462+0800: 12721.020: Application time: 4.3210055 seconds
2018-10-12T14:14:38.489+0800: 12777.046: Application time: 56.0260393 seconds
2018-10-12T14:14:39.489+0800: 12778.046: Application time: 1.0002253 seconds
2018-10-12T14:14:42.471+0800: 12781.029: Application time: 2.9822101 seconds
2018-10-12T14:15:08.482+0800: 12807.039: Application time: 26.0104748 seconds
2018-10-12T14:15:09.483+0800: 12808.040: Application time: 1.0006259 seconds
2018-10-12T14:15:38.496+0800: 12837.053: Application time: 29.0131516 seconds
2018-10-12T14:15:42.480+0800: 12841.037: Application time: 3.9834175 seconds
2018-10-12T14:15:49.483+0800: 12848.040: Application time: 7.0030001 seconds
2018-10-12T14:16:23.498+0800: 12882.056: Application time: 34.0153783 seconds
2018-10-12T14:16:38.506+0800: 12897.063: Application time: 15.0069892 seconds
2018-10-12T14:16:42.496+0800: 12901.054: Application time: 3.9910689 seconds
2018-10-12T14:17:08.175+0800: 12926.733: Application time: 25.6783637 seconds
2018-10-12T14:17:09.176+0800: 12927.734: Application time: 1.0002408 seconds
2018-10-12T14:17:38.190+0800: 12956.747: Application time: 29.0130281 seconds
2018-10-12T14:17:42.507+0800: 12961.065: Application time: 4.3181884 seconds
2018-10-12T14:18:08.520+0800: 12987.077: Application time: 26.0117037 seconds
2018-10-12T14:18:38.534+0800: 13017.092: Application time: 30.0141960 seconds
2018-10-12T14:18:42.525+0800: 13021.083: Application time: 3.9913655 seconds
2018-10-12T14:18:59.534+0800: 13038.091: Application time: 17.0072618 seconds
2018-10-12T14:19:08.537+0800: 13047.094: Application time: 9.0030078 seconds
2018-10-12T14:19:38.553+0800: 13077.111: Application time: 30.0162824 seconds
2018-10-12T14:19:42.538+0800: 13081.096: Application time: 3.9847744 seconds
2018-10-12T14:19:50.541+0800: 13089.098: Application time: 8.0019556 seconds
2018-10-12T14:20:08.548+0800: 13107.105: Application time: 18.0073757 seconds
2018-10-12T14:20:38.559+0800: 13137.116: Application time: 30.0107601 seconds
2018-10-12T14:20:40.560+0800: 13139.117: Application time: 2.0005448 seconds
2018-10-12T14:20:42.550+0800: 13141.108: Application time: 1.9907780 seconds
2018-10-12T14:21:08.562+0800: 13167.119: Application time: 26.0110616 seconds
2018-10-12T14:21:42.561+0800: 13201.119: Application time: 33.9991798 seconds
2018-10-12T14:22:20.579+0800: 13239.136: Application time: 38.0171185 seconds
2018-10-12T14:22:42.572+0800: 13261.130: Application time: 21.9942679 seconds
2018-10-12T14:23:00.582+0800: 13279.139: Application time: 18.0086257 seconds
2018-10-12T14:23:42.584+0800: 13321.142: Application time: 42.0025092 seconds
2018-10-12T14:24:38.613+0800: 13377.170: Application time: 56.0276184 seconds
2018-10-12T14:24:42.603+0800: 13381.161: Application time: 3.9907272 seconds
2018-10-12T14:25:08.617+0800: 13407.174: Application time: 26.0129636 seconds
2018-10-12T14:25:42.622+0800: 13441.180: Application time: 34.0059109 seconds
2018-10-12T14:26:42.637+0800: 13501.195: Application time: 60.0140102 seconds
2018-10-12T14:27:42.652+0800: 13561.210: Application time: 60.0140578 seconds
2018-10-12T14:28:42.664+0800: 13621.223: Application time: 60.0128659 seconds
2018-10-12T14:28:50.669+0800: 13629.226: Application time: 8.0022596 seconds
2018-10-12T14:29:31.689+0800: 13670.246: Application time: 41.0200216 seconds
2018-10-12T14:29:42.683+0800: 13681.241: Application time: 10.9944713 seconds
2018-10-12T14:29:50.292+0800: 13688.849: Application time: 7.6074503 seconds
2018-10-12T14:29:56.294+0800: 13694.852: Application time: 6.0023886 seconds
2018-10-12T14:30:42.705+0800: 13741.262: Application time: 46.4102370 seconds
2018-10-12T14:31:08.718+0800: 13767.275: Application time: 26.0120916 seconds
2018-10-12T14:31:42.729+0800: 13801.286: Application time: 34.0113250 seconds
2018-10-12T14:32:08.741+0800: 13827.299: Application time: 26.0114241 seconds
2018-10-12T14:32:42.751+0800: 13861.309: Application time: 34.0100418 seconds
2018-10-12T14:33:20.771+0800: 13899.328: Application time: 38.0188304 seconds
2018-10-12T14:33:42.762+0800: 13921.320: Application time: 21.9917163 seconds
2018-10-12T14:34:38.788+0800: 13977.346: Application time: 56.0253175 seconds
2018-10-12T14:34:42.776+0800: 13981.334: Application time: 3.9875717 seconds
2018-10-12T14:34:55.781+0800: 13994.339: Application time: 13.0047885 seconds
2018-10-12T14:35:31.799+0800: 14030.356: Application time: 36.0174662 seconds
2018-10-12T14:35:42.786+0800: 14041.344: Application time: 10.9871394 seconds
2018-10-12T14:36:08.801+0800: 14067.358: Application time: 26.0138441 seconds
2018-10-12T14:36:42.798+0800: 14101.356: Application time: 33.9978131 seconds
2018-10-12T14:37:42.813+0800: 14161.371: Application time: 60.0146904 seconds
2018-10-12T14:38:30.937+0800: 14209.496: Application time: 48.1241888 seconds
2018-10-12T14:38:30.938+0800: 14209.496: Application time: 0.0001294 seconds
2018-10-12T14:38:30.938+0800: 14209.496: Application time: 0.0001354 seconds
2018-10-12T14:38:30.939+0800: 14209.497: Application time: 0.0001319 seconds
2018-10-12T14:38:30.939+0800: 14209.497: Application time: 0.0002123 seconds
2018-10-12T14:38:30.940+0800: 14209.498: Application time: 0.0000818 seconds
2018-10-12T14:38:34.754+0800: 14213.312: Application time: 3.8140986 seconds
2018-10-12T14:38:34.754+0800: 14213.312: Application time: 0.0000310 seconds
2018-10-12T14:38:34.754+0800: 14213.312: Application time: 0.0000578 seconds
2018-10-12T14:38:40.952+0800: 14219.509: Application time: 6.1963357 seconds
2018-10-12T14:38:40.952+0800: 14219.509: Application time: 0.0001569 seconds
2018-10-12T14:38:40.953+0800: 14219.511: Application time: 0.0011354 seconds
2018-10-12T14:38:42.827+0800: 14221.385: Application time: 1.8741948 seconds
2018-10-12T14:38:43.903+0800: 14222.460: Application time: 1.0752918 seconds
2018-10-12T14:38:43.903+0800: 14222.461: Application time: 0.0000607 seconds
2018-10-12T14:38:43.903+0800: 14222.461: Application time: 0.0001086 seconds
2018-10-12T14:38:50.964+0800: 14229.521: Application time: 7.0594463 seconds
2018-10-12T14:38:50.964+0800: 14229.521: Application time: 0.0001495 seconds
2018-10-12T14:38:50.964+0800: 14229.522: Application time: 0.0001633 seconds
2018-10-12T14:38:50.965+0800: 14229.522: Application time: 0.0005751 seconds
2018-10-12T14:38:52.016+0800: 14230.574: Application time: 1.0509151 seconds
2018-10-12T14:38:52.016+0800: 14230.574: Application time: 0.0000663 seconds
2018-10-12T14:38:52.016+0800: 14230.574: Application time: 0.0001037 seconds
2018-10-12T14:38:53.574+0800: 14232.132: Application time: 1.5571470 seconds
2018-10-12T14:38:53.575+0800: 14232.132: Application time: 0.0001322 seconds
2018-10-12T14:38:53.575+0800: 14232.133: Application time: 0.0001668 seconds
2018-10-12T14:39:00.980+0800: 14239.537: Application time: 7.4039082 seconds
2018-10-12T14:39:00.980+0800: 14239.538: Application time: 0.0001425 seconds
2018-10-12T14:39:00.981+0800: 14239.539: Application time: 0.0010138 seconds
2018-10-12T14:39:03.813+0800: 14242.371: Application time: 2.8318881 seconds
2018-10-12T14:39:03.813+0800: 14242.371: Application time: 0.0000804 seconds
2018-10-12T14:39:21.821+0800: 14260.378: Application time: 18.0069550 seconds
2018-10-12T14:39:23.546+0800: 14262.104: Application time: 1.7256450 seconds
2018-10-12T14:39:23.546+0800: 14262.105: Application time: 0.0001594 seconds
2018-10-12T14:39:23.547+0800: 14262.106: Application time: 0.0007264 seconds
2018-10-12T14:39:25.315+0800: 14263.872: Application time: 1.7667513 seconds
2018-10-12T14:39:29.369+0800: 14267.927: Application time: 4.0543206 seconds
2018-10-12T14:39:29.369+0800: 14267.927: Application time: 0.0001121 seconds
2018-10-12T14:39:31.018+0800: 14269.575: Application time: 1.6473376 seconds
2018-10-12T14:39:31.018+0800: 14269.575: Application time: 0.0001626 seconds
2018-10-12T14:39:31.019+0800: 14269.576: Application time: 0.0003219 seconds
2018-10-12T14:39:39.022+0800: 14277.579: Application time: 8.0031527 seconds
2018-10-12T14:39:41.029+0800: 14279.586: Application time: 2.0071856 seconds
2018-10-12T14:39:41.029+0800: 14279.587: Application time: 0.0000607 seconds
2018-10-12T14:39:41.030+0800: 14279.587: Application time: 0.0001795 seconds
2018-10-12T14:39:41.031+0800: 14279.589: Application time: 0.0016912 seconds
2018-10-12T14:39:41.034+0800: 14279.592: Application time: 0.0025075 seconds
2018-10-12T14:39:52.040+0800: 14290.597: Application time: 11.0049603 seconds
2018-10-12T14:40:39.062+0800: 14337.619: Application time: 47.0217057 seconds
2018-10-12T14:40:42.857+0800: 14341.415: Application time: 3.7957752 seconds
2018-10-12T14:40:51.861+0800: 14350.419: Application time: 9.0034415 seconds
2018-10-12T14:41:01.867+0800: 14360.424: Application time: 10.0053143 seconds
2018-10-12T14:41:21.146+0800: 14379.704: Application time: 19.2796467 seconds
{Heap before GC invocations=120 (full 3):
 par new generation   total 78016K, used 75630K [0x00000006c2c00000, 0x00000006c80a0000, 0x00000006d78c0000)
  eden space 69376K, 100% used [0x00000006c2c00000, 0x00000006c6fc0000, 0x00000006c6fc0000)
  from space 8640K,  72% used [0x00000006c6fc0000, 0x00000006c75db878, 0x00000006c7830000)
  to   space 8640K,   0% used [0x00000006c7830000, 0x00000006c7830000, 0x00000006c80a0000)
 concurrent mark-sweep generation total 173440K, used 71658K [0x00000006d78c0000, 0x00000006e2220000, 0x00000007c0000000)
 Metaspace       used 83325K, capacity 87119K, committed 87312K, reserved 1126400K
  class space    used 10614K, capacity 11256K, committed 11308K, reserved 1048576K
2018-10-12T14:41:21.146+0800: 14379.704: [GC (Allocation Failure) 2018-10-12T14:41:21.146+0800: 14379.704: [ParNew: 75630K->6612K(78016K), 0.0241715 secs] 147288K->78826K(251456K), 0.0243327 secs] [Times: user=0.05 sys=0.01, real=0.03 secs] 
Heap after GC invocations=121 (full 3):
 par new generation   total 78016K, used 6612K [0x00000006c2c00000, 0x00000006c80a0000, 0x00000006d78c0000)
  eden space 69376K,   0% used [0x00000006c2c00000, 0x00000006c2c00000, 0x00000006c6fc0000)
  from space 8640K,  76% used [0x00000006c7830000, 0x00000006c7ea5350, 0x00000006c80a0000)
  to   space 8640K,   0% used [0x00000006c6fc0000, 0x00000006c6fc0000, 0x00000006c7830000)
 concurrent mark-sweep generation total 173440K, used 72213K [0x00000006d78c0000, 0x00000006e2220000, 0x00000007c0000000)
 Metaspace       used 83325K, capacity 87119K, committed 87312K, reserved 1126400K
  class space    used 10614K, capacity 11256K, committed 11308K, reserved 1048576K
}
2018-10-12T14:41:21.171+0800: 14379.729: Application time: 0.0001262 seconds
2018-10-12T14:41:21.171+0800: 14379.729: Application time: 0.0000614 seconds
2018-10-12T14:41:21.171+0800: 14379.729: Application time: 0.0000441 seconds
2018-10-12T14:41:21.172+0800: 14379.729: Application time: 0.0000441 seconds
2018-10-12T14:41:21.172+0800: 14379.730: Application time: 0.0000328 seconds
2018-10-12T14:41:21.172+0800: 14379.730: Application time: 0.0000391 seconds
2018-10-12T14:41:21.173+0800: 14379.730: Application time: 0.0001287 seconds
2018-10-12T14:41:21.173+0800: 14379.731: Application time: 0.0000427 seconds
2018-10-12T14:41:42.872+0800: 14401.430: Application time: 21.6997390 seconds
2018-10-12T14:42:42.882+0800: 14461.440: Application time: 60.0092580 seconds
2018-10-12T14:43:11.896+0800: 14490.453: Application time: 29.0129971 seconds
2018-10-12T14:43:41.909+0800: 14520.466: Application time: 30.0123631 seconds
2018-10-12T14:43:42.896+0800: 14521.453: Application time: 0.9872529 seconds
2018-10-12T14:43:43.896+0800: 14522.454: Application time: 1.0000455 seconds
2018-10-12T14:43:49.900+0800: 14528.457: Application time: 6.0034638 seconds
2018-10-12T14:44:12.167+0800: 14550.725: Application time: 22.2673245 seconds
2018-10-12T14:44:12.171+0800: 14550.729: Application time: 0.0034726 seconds
2018-10-12T14:44:12.175+0800: 14550.733: Application time: 0.0038996 seconds
2018-10-12T14:44:12.176+0800: 14550.733: Application time: 0.0003452 seconds
2018-10-12T14:44:12.176+0800: 14550.734: Application time: 0.0000631 seconds
2018-10-12T14:44:12.187+0800: 14550.744: Application time: 0.0104244 seconds
2018-10-12T14:44:12.189+0800: 14550.747: Application time: 0.0024637 seconds
2018-10-12T14:44:12.190+0800: 14550.748: Application time: 0.0005293 seconds
2018-10-12T14:44:12.256+0800: 14550.814: Application time: 0.0657983 seconds
2018-10-12T14:44:12.259+0800: 14550.817: Application time: 0.0030699 seconds
2018-10-12T14:44:12.318+0800: 14550.876: Application time: 0.0587068 seconds
2018-10-12T14:44:12.321+0800: 14550.878: Application time: 0.0020759 seconds
2018-10-12T14:44:12.334+0800: 14550.891: Application time: 0.0127097 seconds
2018-10-12T14:44:12.345+0800: 14550.903: Application time: 0.0113067 seconds
2018-10-12T14:44:13.345+0800: 14551.902: Application time: 0.9997810 seconds
2018-10-12T14:44:22.350+0800: 14560.907: Application time: 9.0044641 seconds
2018-10-12T14:44:32.356+0800: 14570.914: Application time: 10.0063736 seconds
2018-10-12T14:44:41.411+0800: 14579.969: Application time: 9.0548714 seconds
2018-10-12T14:45:21.455+0800: 14620.013: Application time: 40.0439311 seconds
2018-10-12T14:45:22.456+0800: 14621.013: Application time: 0.9997659 seconds
2018-10-12T14:45:39.735+0800: 14638.293: Application time: 17.2796873 seconds
2018-10-12T14:45:39.736+0800: 14638.294: Application time: 0.0008604 seconds
2018-10-12T14:45:39.747+0800: 14638.305: Application time: 0.0107601 seconds
2018-10-12T14:45:39.755+0800: 14638.313: Application time: 0.0059472 seconds
2018-10-12T14:45:39.831+0800: 14638.389: Application time: 0.0758874 seconds
2018-10-12T14:45:39.961+0800: 14638.519: Application time: 0.1290419 seconds
2018-10-12T14:45:40.000+0800: 14638.558: Application time: 0.0383062 seconds
2018-10-12T14:45:40.003+0800: 14638.561: Application time: 0.0031679 seconds
2018-10-12T14:45:40.093+0800: 14638.651: Application time: 0.0895199 seconds
2018-10-12T14:45:40.366+0800: 14638.925: Application time: 0.2734452 seconds
2018-10-12T14:45:44.523+0800: 14643.081: Application time: 4.1563278 seconds
2018-10-12T14:45:44.523+0800: 14643.081: Application time: 0.0000356 seconds
2018-10-12T14:45:44.530+0800: 14643.088: Application time: 0.0066172 seconds
2018-10-12T14:45:44.753+0800: 14643.311: Application time: 0.2224128 seconds
2018-10-12T14:45:44.753+0800: 14643.311: Application time: 0.0001016 seconds
2018-10-12T14:45:44.754+0800: 14643.311: Application time: 0.0001336 seconds
2018-10-12T14:45:44.754+0800: 14643.312: Application time: 0.0000522 seconds
2018-10-12T14:45:44.754+0800: 14643.312: Application time: 0.0000444 seconds
2018-10-12T14:45:44.754+0800: 14643.312: Application time: 0.0000374 seconds
2018-10-12T14:45:44.755+0800: 14643.312: Application time: 0.0003851 seconds
2018-10-12T14:45:45.755+0800: 14644.313: Application time: 1.0004147 seconds
2018-10-12T14:45:46.273+0800: 14644.831: Application time: 0.5179667 seconds
2018-10-12T14:45:46.274+0800: 14644.832: Application time: 0.0001516 seconds
2018-10-12T14:45:46.275+0800: 14644.833: Application time: 0.0009080 seconds
2018-10-12T14:45:46.285+0800: 14644.843: Application time: 0.0101931 seconds
2018-10-12T14:45:47.287+0800: 14645.844: Application time: 1.0001086 seconds
2018-10-12T14:45:52.290+0800: 14650.848: Application time: 5.0029891 seconds
2018-10-12T14:46:02.294+0800: 14660.852: Application time: 10.0038947 seconds
2018-10-12T14:46:22.302+0800: 14680.859: Application time: 20.0073337 seconds
2018-10-12T14:46:24.303+0800: 14682.861: Application time: 2.0012550 seconds
2018-10-12T14:46:32.307+0800: 14690.865: Application time: 8.0038516 seconds
2018-10-12T14:46:41.541+0800: 14700.099: Application time: 9.2344246 seconds
{Heap before GC invocations=121 (full 3):
 par new generation   total 78016K, used 75988K [0x00000006c2c00000, 0x00000006c80a0000, 0x00000006d78c0000)
  eden space 69376K, 100% used [0x00000006c2c00000, 0x00000006c6fc0000, 0x00000006c6fc0000)
  from space 8640K,  76% used [0x00000006c7830000, 0x00000006c7ea5350, 0x00000006c80a0000)
  to   space 8640K,   0% used [0x00000006c6fc0000, 0x00000006c6fc0000, 0x00000006c7830000)
 concurrent mark-sweep generation total 173440K, used 72213K [0x00000006d78c0000, 0x00000006e2220000, 0x00000007c0000000)
 Metaspace       used 84090K, capacity 87957K, committed 88208K, reserved 1126400K
  class space    used 10706K, capacity 11353K, committed 11436K, reserved 1048576K
2018-10-12T14:46:41.542+0800: 14700.100: [GC (Allocation Failure) 2018-10-12T14:46:41.542+0800: 14700.100: [ParNew: 75988K->5336K(78016K), 0.0162595 secs] 148202K->77550K(251456K), 0.0163738 secs] [Times: user=0.06 sys=0.00, real=0.02 secs] 
Heap after GC invocations=122 (full 3):
 par new generation   total 78016K, used 5336K [0x00000006c2c00000, 0x00000006c80a0000, 0x00000006d78c0000)
  eden space 69376K,   0% used [0x00000006c2c00000, 0x00000006c2c00000, 0x00000006c6fc0000)
  from space 8640K,  61% used [0x00000006c6fc0000, 0x00000006c74f62d8, 0x00000006c7830000)
  to   space 8640K,   0% used [0x00000006c7830000, 0x00000006c7830000, 0x00000006c80a0000)
 concurrent mark-sweep generation total 173440K, used 72213K [0x00000006d78c0000, 0x00000006e2220000, 0x00000007c0000000)
 Metaspace       used 84090K, capacity 87957K, committed 88208K, reserved 1126400K
  class space    used 10706K, capacity 11353K, committed 11436K, reserved 1048576K
}
2018-10-12T14:46:49.561+0800: 14708.118: Application time: 8.0021104 seconds
2018-10-12T14:47:08.568+0800: 14727.125: Application time: 19.0068736 seconds
2018-10-12T14:47:13.570+0800: 14732.127: Application time: 5.0018985 seconds
2018-10-12T14:47:19.574+0800: 14738.131: Application time: 6.0035385 seconds
2018-10-12T14:47:22.575+0800: 14741.132: Application time: 3.0007930 seconds
2018-10-12T14:47:24.576+0800: 14743.133: Application time: 2.0006033 seconds
2018-10-12T14:48:08.601+0800: 14787.159: Application time: 44.0254776 seconds
2018-10-12T14:48:38.617+0800: 14817.174: Application time: 30.0158071 seconds
2018-10-12T14:49:08.631+0800: 14847.188: Application time: 30.0134682 seconds
2018-10-12T14:49:22.635+0800: 14861.193: Application time: 14.0044814 seconds
2018-10-12T14:49:32.639+0800: 14871.197: Application time: 10.0039144 seconds
2018-10-12T14:49:38.642+0800: 14877.199: Application time: 6.0023611 seconds
2018-10-12T14:51:42.704+0800: 15001.261: Application time: 124.0619858 seconds
2018-10-12T14:51:43.704+0800: 15002.261: Application time: 0.9997965 seconds
2018-10-12T14:52:08.717+0800: 15027.274: Application time: 25.0125849 seconds
2018-10-12T14:52:52.739+0800: 15071.297: Application time: 44.0222127 seconds
2018-10-12T14:53:22.751+0800: 15101.308: Application time: 30.0113701 seconds
2018-10-12T14:54:08.770+0800: 15147.328: Application time: 46.0195600 seconds
2018-10-12T14:54:43.785+0800: 15182.343: Application time: 35.0148632 seconds
2018-10-12T14:55:08.795+0800: 15207.353: Application time: 25.0096606 seconds
2018-10-12T14:56:42.845+0800: 15301.402: Application time: 94.0494831 seconds
2018-10-12T14:58:13.885+0800: 15392.442: Application time: 91.0393341 seconds
2018-10-12T14:58:52.418+0800: 15430.976: Application time: 38.5334829 seconds
2018-10-12T14:59:09.425+0800: 15447.982: Application time: 17.0062163 seconds
2018-10-12T14:59:13.426+0800: 15451.984: Application time: 4.0015325 seconds
2018-10-12T14:59:16.428+0800: 15454.985: Application time: 3.0013170 seconds
2018-10-12T14:59:23.430+0800: 15461.988: Application time: 7.0021591 seconds
2018-10-12T14:59:39.437+0800: 15477.994: Application time: 16.0066020 seconds
2018-10-12T15:00:08.707+0800: 15507.265: Application time: 29.2704974 seconds
2018-10-12T15:00:38.721+0800: 15537.279: Application time: 30.0130246 seconds
2018-10-12T15:01:22.749+0800: 15581.306: Application time: 44.0273014 seconds
2018-10-12T15:01:40.333+0800: 15598.891: Application time: 17.5852594 seconds
2018-10-12T15:01:40.334+0800: 15598.892: Application time: 0.0000984 seconds
2018-10-12T15:01:40.334+0800: 15598.892: Application time: 0.0000963 seconds
2018-10-12T15:01:40.334+0800: 15598.892: Application time: 0.0000956 seconds
2018-10-12T15:01:40.335+0800: 15598.893: Application time: 0.0003939 seconds
2018-10-12T15:01:40.335+0800: 15598.893: Application time: 0.0000917 seconds
2018-10-12T15:01:40.335+0800: 15598.893: Application time: 0.0002133 seconds
2018-10-12T15:01:40.360+0800: 15598.918: Application time: 0.0250834 seconds
2018-10-12T15:01:40.368+0800: 15598.926: Application time: 0.0071549 seconds
2018-10-12T15:01:40.385+0800: 15598.943: Application time: 0.0169912 seconds
2018-10-12T15:01:40.449+0800: 15599.007: Application time: 0.0641544 seconds
2018-10-12T15:01:41.449+0800: 15600.007: Application time: 0.9993928 seconds
2018-10-12T15:01:48.460+0800: 15607.019: Application time: 7.0119001 seconds
2018-10-12T15:01:48.462+0800: 15607.020: Application time: 0.0009958 seconds
2018-10-12T15:01:48.463+0800: 15607.021: Application time: 0.0011259 seconds
2018-10-12T15:01:48.469+0800: 15607.027: Application time: 0.0058767 seconds
2018-10-12T15:01:48.479+0800: 15607.037: Application time: 0.0096867 seconds
2018-10-12T15:01:48.486+0800: 15607.044: Application time: 0.0069286 seconds
2018-10-12T15:01:48.492+0800: 15607.050: Application time: 0.0062695 seconds
2018-10-12T15:01:49.492+0800: 15608.050: Application time: 0.9992789 seconds
2018-10-12T15:01:52.494+0800: 15611.051: Application time: 3.0011781 seconds
2018-10-12T15:01:53.494+0800: 15612.051: Application time: 1.0002334 seconds
2018-10-12T15:02:03.500+0800: 15622.057: Application time: 10.0057420 seconds
2018-10-12T15:02:33.513+0800: 15652.071: Application time: 30.0132626 seconds
2018-10-12T15:02:53.521+0800: 15672.079: Application time: 20.0078796 seconds
2018-10-12T15:03:13.530+0800: 15692.087: Application time: 20.0088144 seconds
2018-10-12T15:03:23.533+0800: 15702.091: Application time: 10.0030561 seconds
2018-10-12T15:03:33.537+0800: 15712.094: Application time: 10.0032109 seconds
2018-10-12T15:04:23.559+0800: 15762.116: Application time: 50.0218760 seconds
2018-10-12T15:05:00.866+0800: 15799.423: Application time: 37.3073867 seconds
2018-10-12T15:05:01.867+0800: 15800.424: Application time: 1.0004834 seconds
2018-10-12T15:05:02.868+0800: 15801.425: Application time: 1.0005455 seconds
2018-10-12T15:05:08.871+0800: 15807.428: Application time: 6.0028833 seconds
2018-10-12T15:05:12.873+0800: 15811.430: Application time: 4.0017571 seconds
2018-10-12T15:05:29.881+0800: 15828.438: Application time: 17.0081560 seconds
2018-10-12T15:05:30.881+0800: 15829.438: Application time: 1.0001576 seconds
2018-10-12T15:05:32.882+0800: 15831.439: Application time: 2.0004126 seconds
2018-10-12T15:05:34.882+0800: 15833.440: Application time: 2.0005765 seconds
2018-10-12T15:05:38.884+0800: 15837.441: Application time: 4.0015289 seconds
2018-10-12T15:06:22.908+0800: 15881.465: Application time: 44.0237562 seconds
2018-10-12T15:06:23.908+0800: 15882.466: Application time: 1.0004852 seconds
2018-10-12T15:06:32.912+0800: 15891.469: Application time: 9.0030399 seconds
2018-10-12T15:07:38.785+0800: 15957.343: Application time: 65.8735826 seconds
2018-10-12T15:08:02.173+0800: 15980.730: Application time: 23.3873839 seconds
2018-10-12T15:08:03.173+0800: 15981.731: Application time: 1.0000490 seconds
2018-10-12T15:08:20.811+0800: 15999.368: Application time: 17.6370095 seconds
2018-10-12T15:08:23.020+0800: 16001.578: Application time: 2.2096113 seconds
2018-10-12T15:08:23.021+0800: 16001.578: Application time: 0.0001403 seconds
2018-10-12T15:08:23.021+0800: 16001.578: Application time: 0.0000860 seconds
2018-10-12T15:08:23.683+0800: 16002.240: Application time: 0.6618496 seconds
2018-10-12T15:08:23.683+0800: 16002.241: Application time: 0.0000790 seconds
2018-10-12T15:08:23.683+0800: 16002.241: Application time: 0.0000719 seconds
2018-10-12T15:08:23.686+0800: 16002.243: Application time: 0.0022042 seconds
2018-10-12T15:08:33.028+0800: 16011.586: Application time: 9.3423466 seconds
2018-10-12T15:08:33.028+0800: 16011.586: Application time: 0.0001552 seconds
2018-10-12T15:08:33.029+0800: 16011.587: Application time: 0.0002980 seconds
2018-10-12T15:08:33.029+0800: 16011.587: Application time: 0.0001686 seconds
2018-10-12T15:08:34.425+0800: 16012.982: Application time: 1.3947952 seconds
2018-10-12T15:08:34.425+0800: 16012.982: Application time: 0.0000275 seconds
2018-10-12T15:08:43.043+0800: 16021.602: Application time: 8.6195366 seconds
2018-10-12T15:08:43.044+0800: 16021.602: Application time: 0.0001890 seconds
2018-10-12T15:08:43.045+0800: 16021.603: Application time: 0.0004189 seconds
2018-10-12T15:08:43.045+0800: 16021.603: Application time: 0.0002348 seconds
2018-10-12T15:08:43.225+0800: 16021.783: Application time: 0.1794319 seconds
2018-10-12T15:08:43.228+0800: 16021.786: Application time: 0.0027723 seconds
2018-10-12T15:08:46.231+0800: 16024.788: Application time: 3.0017187 seconds
2018-10-12T15:08:52.980+0800: 16031.538: Application time: 6.7490969 seconds
2018-10-12T15:08:53.061+0800: 16031.618: Application time: 0.0806255 seconds
2018-10-12T15:08:57.662+0800: 16036.220: Application time: 4.6013987 seconds
2018-10-12T15:09:02.185+0800: 16040.743: Application time: 4.5222408 seconds
2018-10-12T15:09:03.069+0800: 16041.627: Application time: 0.8842740 seconds
2018-10-12T15:09:03.069+0800: 16041.628: Application time: 0.0000970 seconds
2018-10-12T15:09:03.070+0800: 16041.628: Application time: 0.0001150 seconds
2018-10-12T15:09:03.070+0800: 16041.629: Application time: 0.0003339 seconds
2018-10-12T15:09:03.071+0800: 16041.629: Application time: 0.0001160 seconds
2018-10-12T15:09:13.083+0800: 16051.640: Application time: 10.0110739 seconds
2018-10-12T15:09:13.084+0800: 16051.641: Application time: 0.0008780 seconds
2018-10-12T15:09:55.604+0800: 16094.163: Application time: 42.5211233 seconds
2018-10-12T15:09:55.605+0800: 16094.163: Application time: 0.0001217 seconds
2018-10-12T15:09:55.605+0800: 16094.163: Application time: 0.0002722 seconds
2018-10-12T15:09:55.622+0800: 16094.180: Application time: 0.0168484 seconds
2018-10-12T15:09:55.705+0800: 16094.263: Application time: 0.0825349 seconds
2018-10-12T15:09:56.706+0800: 16095.263: Application time: 1.0000328 seconds
2018-10-12T15:09:59.513+0800: 16098.071: Application time: 2.8072441 seconds
2018-10-12T15:09:59.513+0800: 16098.071: Application time: 0.0000296 seconds
2018-10-12T15:09:59.513+0800: 16098.071: Application time: 0.0000219 seconds
2018-10-12T15:09:59.513+0800: 16098.071: Application time: 0.0000762 seconds
2018-10-12T15:09:59.513+0800: 16098.071: Application time: 0.0000384 seconds
2018-10-12T15:09:59.599+0800: 16098.156: Application time: 0.0848830 seconds
2018-10-12T15:09:59.600+0800: 16098.158: Application time: 0.0011844 seconds
2018-10-12T15:10:00.602+0800: 16099.159: Application time: 1.0011044 seconds
2018-10-12T15:10:03.603+0800: 16102.160: Application time: 3.0012722 seconds
2018-10-12T15:10:24.612+0800: 16123.170: Application time: 21.0090996 seconds
2018-10-12T15:10:33.618+0800: 16132.175: Application time: 9.0049906 seconds
2018-10-12T15:11:13.638+0800: 16172.196: Application time: 40.0206803 seconds
2018-10-12T15:11:24.645+0800: 16183.202: Application time: 11.0062773 seconds
2018-10-12T15:12:53.681+0800: 16272.238: Application time: 89.0360508 seconds
2018-10-12T15:14:23.727+0800: 16362.284: Application time: 90.0453003 seconds
2018-10-12T15:16:13.780+0800: 16472.337: Application time: 110.0527942 seconds
2018-10-12T15:16:23.785+0800: 16482.342: Application time: 10.0048510 seconds
2018-10-12T15:16:43.794+0800: 16502.352: Application time: 20.0092622 seconds
2018-10-12T15:17:23.813+0800: 16542.370: Application time: 40.0182137 seconds
2018-10-12T15:18:03.831+0800: 16582.388: Application time: 40.0180709 seconds
2018-10-12T15:18:23.746+0800: 16602.304: Application time: 19.9150105 seconds
2018-10-12T15:18:33.754+0800: 16612.312: Application time: 10.0077071 seconds
2018-10-12T15:19:44.785+0800: 16683.342: Application time: 71.0305172 seconds
2018-10-12T15:20:44.810+0800: 16743.367: Application time: 60.0250972 seconds
2018-10-12T15:21:13.942+0800: 16772.499: Application time: 29.1319267 seconds
{Heap before GC invocations=122 (full 3):
 par new generation   total 78016K, used 74712K [0x00000006c2c00000, 0x00000006c80a0000, 0x00000006d78c0000)
  eden space 69376K, 100% used [0x00000006c2c00000, 0x00000006c6fc0000, 0x00000006c6fc0000)
  from space 8640K,  61% used [0x00000006c6fc0000, 0x00000006c74f62d8, 0x00000006c7830000)
  to   space 8640K,   0% used [0x00000006c7830000, 0x00000006c7830000, 0x00000006c80a0000)
 concurrent mark-sweep generation total 173440K, used 72213K [0x00000006d78c0000, 0x00000006e2220000, 0x00000007c0000000)
 Metaspace       used 84568K, capacity 88599K, committed 88720K, reserved 1126400K
  class space    used 10741K, capacity 11406K, committed 11436K, reserved 1048576K
2018-10-12T15:21:13.942+0800: 16772.500: [GC (Allocation Failure) 2018-10-12T15:21:13.942+0800: 16772.500: [ParNew: 74712K->5953K(78016K), 0.0140835 secs] 146926K->78939K(251456K), 0.0141879 secs] [Times: user=0.02 sys=0.00, real=0.01 secs] 
Heap after GC invocations=123 (full 3):
 par new generation   total 78016K, used 5953K [0x00000006c2c00000, 0x00000006c80a0000, 0x00000006d78c0000)
  eden space 69376K,   0% used [0x00000006c2c00000, 0x00000006c2c00000, 0x00000006c6fc0000)
  from space 8640K,  68% used [0x00000006c7830000, 0x00000006c7e006e8, 0x00000006c80a0000)
  to   space 8640K,   0% used [0x00000006c6fc0000, 0x00000006c6fc0000, 0x00000006c7830000)
 concurrent mark-sweep generation total 173440K, used 72985K [0x00000006d78c0000, 0x00000006e2220000, 0x00000007c0000000)
 Metaspace       used 84568K, capacity 88599K, committed 88720K, reserved 1126400K
  class space    used 10741K, capacity 11406K, committed 11436K, reserved 1048576K
}
2018-10-12T15:21:13.956+0800: 16772.514: Application time: 0.0001509 seconds
2018-10-12T15:21:13.957+0800: 16772.515: Application time: 0.0001728 seconds
2018-10-12T15:21:13.957+0800: 16772.515: Application time: 0.0000420 seconds
2018-10-12T15:21:13.957+0800: 16772.515: Application time: 0.0000268 seconds
2018-10-12T15:21:13.957+0800: 16772.515: Application time: 0.0000441 seconds
2018-10-12T15:21:13.957+0800: 16772.515: Application time: 0.0000250 seconds
2018-10-12T15:21:13.957+0800: 16772.515: Application time: 0.0000317 seconds
2018-10-12T15:23:15.011+0800: 16893.568: Application time: 121.0530748 seconds
2018-10-12T15:24:35.049+0800: 16973.607: Application time: 80.0380759 seconds
2018-10-12T15:26:09.095+0800: 17067.653: Application time: 94.0455310 seconds
2018-10-12T15:26:39.109+0800: 17097.667: Application time: 30.0140655 seconds
2018-10-12T15:28:09.149+0800: 17187.706: Application time: 90.0390904 seconds
2018-10-12T15:31:35.248+0800: 17393.805: Application time: 206.0991552 seconds
2018-10-12T15:33:45.309+0800: 17523.866: Application time: 130.0604530 seconds
2018-10-12T15:34:55.342+0800: 17593.899: Application time: 70.0332468 seconds
2018-10-12T15:35:04.965+0800: 17603.523: Application time: 9.6240378 seconds
2018-10-12T15:35:05.966+0800: 17604.523: Application time: 0.9993473 seconds
2018-10-12T15:36:26.003+0800: 17684.560: Application time: 80.0369366 seconds
2018-10-12T15:37:38.038+0800: 17756.596: Application time: 72.0352335 seconds
2018-10-12T15:37:43.688+0800: 17762.246: Application time: 5.6502915 seconds
2018-10-12T15:37:43.688+0800: 17762.246: Application time: 0.0001294 seconds
2018-10-12T15:37:43.688+0800: 17762.247: Application time: 0.0001308 seconds
2018-10-12T15:37:43.689+0800: 17762.247: Application time: 0.0002024 seconds
2018-10-12T15:37:43.689+0800: 17762.247: Application time: 0.0000980 seconds
2018-10-12T15:37:45.153+0800: 17763.710: Application time: 1.4631454 seconds
2018-10-12T15:37:45.155+0800: 17763.712: Application time: 0.0017130 seconds
2018-10-12T15:37:46.155+0800: 17764.713: Application time: 1.0001989 seconds
2018-10-12T15:37:50.784+0800: 17769.342: Application time: 4.6290223 seconds
2018-10-12T15:37:50.784+0800: 17769.342: Application time: 0.0000705 seconds
2018-10-12T15:37:50.785+0800: 17769.343: Application time: 0.0001647 seconds
2018-10-12T15:37:52.786+0800: 17771.343: Application time: 2.0002158 seconds
2018-10-12T15:37:55.165+0800: 17773.722: Application time: 2.3788114 seconds
2018-10-12T15:37:55.165+0800: 17773.722: Application time: 0.0000314 seconds
2018-10-12T15:37:55.165+0800: 17773.722: Application time: 0.0000666 seconds
2018-10-12T15:37:55.165+0800: 17773.723: Application time: 0.0000462 seconds
2018-10-12T15:37:55.165+0800: 17773.723: Application time: 0.0001372 seconds
2018-10-12T15:37:55.165+0800: 17773.723: Application time: 0.0000744 seconds
2018-10-12T15:37:56.166+0800: 17774.724: Application time: 1.0008318 seconds
2018-10-12T15:38:05.173+0800: 17783.732: Application time: 9.0076983 seconds
2018-10-12T15:38:17.181+0800: 17795.738: Application time: 12.0066003 seconds
2018-10-12T15:38:20.265+0800: 17798.823: Application time: 3.0840233 seconds
2018-10-12T15:38:20.265+0800: 17798.823: Application time: 0.0000540 seconds
2018-10-12T15:38:20.265+0800: 17798.823: Application time: 0.0000825 seconds
2018-10-12T15:38:23.610+0800: 17802.167: Application time: 3.3436414 seconds
2018-10-12T15:38:23.610+0800: 17802.167: Application time: 0.0000575 seconds
2018-10-12T15:38:23.828+0800: 17802.386: Application time: 0.2184194 seconds
2018-10-12T15:38:23.828+0800: 17802.386: Application time: 0.0001418 seconds
2018-10-12T15:38:23.829+0800: 17802.387: Application time: 0.0001361 seconds
2018-10-12T15:38:23.829+0800: 17802.387: Application time: 0.0002285 seconds
2018-10-12T15:38:23.829+0800: 17802.387: Application time: 0.0002119 seconds
2018-10-12T15:38:25.187+0800: 17803.745: Application time: 1.3578677 seconds
2018-10-12T15:38:25.191+0800: 17803.749: Application time: 0.0037314 seconds
2018-10-12T15:38:35.201+0800: 17813.759: Application time: 10.0092044 seconds
2018-10-12T15:38:35.202+0800: 17813.759: Application time: 0.0000293 seconds
2018-10-12T15:38:35.202+0800: 17813.760: Application time: 0.0000261 seconds
2018-10-12T15:38:35.202+0800: 17813.760: Application time: 0.0001083 seconds
2018-10-12T15:38:35.202+0800: 17813.760: Application time: 0.0000543 seconds
2018-10-12T15:38:39.415+0800: 17817.972: Application time: 4.2122197 seconds
2018-10-12T15:38:39.415+0800: 17817.973: Application time: 0.0000543 seconds
2018-10-12T15:38:43.699+0800: 17822.257: Application time: 4.2839197 seconds
2018-10-12T15:38:43.700+0800: 17822.257: Application time: 0.0001347 seconds
2018-10-12T15:38:43.701+0800: 17822.258: Application time: 0.0004746 seconds
2018-10-12T15:38:43.701+0800: 17822.258: Application time: 0.0002123 seconds
2018-10-12T15:38:45.212+0800: 17823.770: Application time: 1.5111721 seconds
2018-10-12T15:38:45.213+0800: 17823.770: Application time: 0.0001114 seconds
2018-10-12T15:38:45.216+0800: 17823.773: Application time: 0.0028678 seconds
2018-10-12T15:38:55.228+0800: 17833.786: Application time: 10.0117503 seconds
2018-10-12T15:38:55.228+0800: 17833.786: Application time: 0.0001238 seconds
2018-10-12T15:38:55.229+0800: 17833.787: Application time: 0.0002941 seconds
2018-10-12T15:38:55.229+0800: 17833.787: Application time: 0.0002059 seconds
2018-10-12T15:39:05.243+0800: 17843.801: Application time: 10.0130359 seconds
2018-10-12T15:39:05.243+0800: 17843.801: Application time: 0.0000324 seconds
2018-10-12T15:39:05.244+0800: 17843.801: Application time: 0.0001580 seconds
2018-10-12T15:39:05.245+0800: 17843.802: Application time: 0.0007676 seconds
2018-10-12T15:39:16.252+0800: 17854.809: Application time: 11.0066560 seconds
2018-10-12T15:39:26.256+0800: 17864.814: Application time: 10.0043985 seconds
2018-10-12T15:39:36.261+0800: 17874.818: Application time: 10.0043326 seconds
2018-10-12T15:40:09.197+0800: 17907.755: Application time: 32.9362758 seconds
2018-10-12T15:40:46.214+0800: 17944.771: Application time: 37.0165610 seconds
2018-10-12T15:41:46.239+0800: 18004.797: Application time: 60.0250732 seconds
2018-10-12T15:41:56.244+0800: 18014.802: Application time: 10.0044902 seconds
2018-10-12T15:43:24.287+0800: 18102.845: Application time: 88.0431741 seconds
2018-10-12T15:43:26.289+0800: 18104.846: Application time: 2.0012892 seconds
2018-10-12T15:43:39.294+0800: 18117.852: Application time: 13.0051362 seconds
2018-10-12T15:45:39.353+0800: 18237.911: Application time: 120.0587513 seconds
2018-10-12T15:47:09.399+0800: 18327.956: Application time: 90.0451216 seconds
2018-10-12T15:50:09.483+0800: 18508.040: Application time: 180.0842208 seconds
2018-10-12T15:50:20.487+0800: 18519.044: Application time: 11.0033858 seconds
2018-10-12T15:50:39.494+0800: 18538.052: Application time: 19.0075492 seconds
2018-10-12T15:51:26.578+0800: 18585.136: Application time: 47.0841908 seconds
2018-10-12T15:51:31.581+0800: 18590.138: Application time: 5.0019450 seconds
2018-10-12T15:51:36.582+0800: 18595.139: Application time: 5.0011051 seconds
2018-10-12T15:51:39.584+0800: 18598.142: Application time: 3.0021548 seconds
2018-10-12T15:51:46.169+0800: 18604.727: Application time: 6.5852072 seconds
2018-10-12T15:52:10.181+0800: 18628.738: Application time: 24.0110066 seconds
2018-10-12T15:52:24.186+0800: 18642.743: Application time: 14.0048622 seconds
2018-10-12T15:52:40.194+0800: 18658.752: Application time: 16.0079899 seconds
2018-10-12T15:53:37.220+0800: 18715.777: Application time: 57.0250637 seconds
2018-10-12T15:57:27.333+0800: 18945.891: Application time: 230.1133995 seconds
2018-10-12T15:59:07.373+0800: 19045.930: Application time: 100.0396821 seconds
2018-10-12T16:00:47.446+0800: 19146.003: Application time: 100.0725449 seconds
2018-10-12T16:02:57.511+0800: 19276.068: Application time: 130.0649524 seconds
2018-10-12T16:05:09.845+0800: 19408.403: Application time: 132.3345058 seconds
2018-10-12T16:06:47.912+0800: 19506.470: Application time: 98.0663759 seconds
2018-10-12T16:07:09.925+0800: 19528.482: Application time: 22.0124759 seconds
2018-10-12T16:07:14.154+0800: 19532.712: Application time: 4.2294122 seconds
2018-10-12T16:07:14.155+0800: 19532.713: Application time: 0.0003854 seconds
2018-10-12T16:07:14.155+0800: 19532.713: Application time: 0.0003628 seconds
2018-10-12T16:07:17.306+0800: 19535.863: Application time: 3.1498925 seconds
2018-10-12T16:07:17.306+0800: 19535.864: Application time: 0.0001527 seconds
2018-10-12T16:07:17.307+0800: 19535.864: Application time: 0.0006520 seconds
2018-10-12T16:07:17.309+0800: 19535.867: Application time: 0.0019736 seconds
2018-10-12T16:07:23.974+0800: 19542.532: Application time: 6.6652372 seconds
2018-10-12T16:07:23.974+0800: 19542.532: Application time: 0.0000261 seconds
2018-10-12T16:07:23.974+0800: 19542.532: Application time: 0.0001167 seconds
2018-10-12T16:07:27.318+0800: 19545.875: Application time: 3.3425465 seconds
2018-10-12T16:07:27.318+0800: 19545.875: Application time: 0.0000970 seconds
2018-10-12T16:07:27.318+0800: 19545.876: Application time: 0.0002765 seconds
2018-10-12T16:07:27.318+0800: 19545.877: Application time: 0.0010229 seconds
2018-10-12T16:07:37.358+0800: 19555.916: Application time: 10.0389180 seconds
2018-10-12T16:07:39.360+0800: 19557.917: Application time: 2.0012331 seconds
2018-10-12T16:07:44.172+0800: 19562.729: Application time: 4.8122269 seconds
2018-10-12T16:07:44.175+0800: 19562.733: Application time: 0.0034620 seconds
2018-10-12T16:07:44.176+0800: 19562.734: Application time: 0.0001918 seconds
2018-10-12T16:07:46.177+0800: 19564.735: Application time: 2.0008174 seconds
2018-10-12T16:07:47.333+0800: 19565.891: Application time: 1.1567234 seconds
2018-10-12T16:07:47.334+0800: 19565.892: Application time: 0.0000603 seconds
2018-10-12T16:07:47.334+0800: 19565.892: Application time: 0.0003650 seconds
2018-10-12T16:07:47.335+0800: 19565.893: Application time: 0.0010649 seconds
2018-10-12T16:07:53.339+0800: 19571.896: Application time: 6.0028223 seconds
2018-10-12T16:07:57.343+0800: 19575.901: Application time: 4.0051151 seconds
2018-10-12T16:07:57.344+0800: 19575.902: Application time: 0.0003332 seconds
2018-10-12T16:07:57.344+0800: 19575.902: Application time: 0.0001185 seconds
2018-10-12T16:07:57.345+0800: 19575.903: Application time: 0.0002673 seconds
2018-10-12T16:07:58.346+0800: 19576.903: Application time: 0.9997800 seconds
2018-10-12T16:08:07.166+0800: 19585.723: Application time: 8.8201957 seconds
2018-10-12T16:08:07.167+0800: 19585.724: Application time: 0.0001100 seconds
2018-10-12T16:08:07.167+0800: 19585.724: Application time: 0.0001594 seconds
2018-10-12T16:08:07.355+0800: 19585.913: Application time: 0.1882823 seconds
2018-10-12T16:08:07.355+0800: 19585.913: Application time: 0.0003174 seconds
2018-10-12T16:08:07.356+0800: 19585.915: Application time: 0.0010035 seconds
2018-10-12T16:08:10.359+0800: 19588.916: Application time: 3.0015878 seconds
2018-10-12T16:08:10.463+0800: 19589.021: Application time: 0.1044730 seconds
2018-10-12T16:08:10.463+0800: 19589.021: Application time: 0.0000356 seconds
2018-10-12T16:08:10.463+0800: 19589.021: Application time: 0.0000532 seconds
2018-10-12T16:08:11.464+0800: 19590.021: Application time: 0.9995617 seconds
2018-10-12T16:08:14.181+0800: 19592.739: Application time: 2.7178317 seconds
2018-10-12T16:08:14.182+0800: 19592.739: Application time: 0.0001668 seconds
2018-10-12T16:08:14.182+0800: 19592.740: Application time: 0.0001791 seconds
2018-10-12T16:08:14.183+0800: 19592.740: Application time: 0.0003625 seconds
2018-10-12T16:08:15.493+0800: 19594.051: Application time: 1.3100356 seconds
2018-10-12T16:08:16.494+0800: 19595.051: Application time: 0.9997031 seconds
2018-10-12T16:08:17.364+0800: 19595.922: Application time: 0.8708646 seconds
2018-10-12T16:08:17.364+0800: 19595.922: Application time: 0.0000289 seconds
2018-10-12T16:08:17.364+0800: 19595.922: Application time: 0.0000236 seconds
2018-10-12T16:08:17.364+0800: 19595.922: Application time: 0.0000261 seconds
2018-10-12T16:08:17.365+0800: 19595.923: Application time: 0.0001178 seconds
2018-10-12T16:08:17.365+0800: 19595.923: Application time: 0.0000656 seconds
2018-10-12T16:08:23.978+0800: 19602.536: Application time: 6.6129726 seconds
2018-10-12T16:08:23.979+0800: 19602.537: Application time: 0.0002941 seconds
2018-10-12T16:08:23.980+0800: 19602.538: Application time: 0.0013375 seconds
2018-10-12T16:08:26.981+0800: 19605.538: Application time: 3.0002980 seconds
2018-10-12T16:08:27.373+0800: 19605.931: Application time: 0.3920363 seconds
2018-10-12T16:09:24.401+0800: 19662.958: Application time: 57.0277326 seconds
2018-10-12T16:10:08.422+0800: 19706.980: Application time: 44.0211112 seconds
2018-10-12T16:10:10.423+0800: 19708.980: Application time: 2.0004644 seconds
2018-10-12T16:11:28.459+0800: 19787.016: Application time: 78.0352931 seconds
2018-10-12T16:13:10.554+0800: 19889.111: Application time: 102.0949985 seconds
2018-10-12T16:14:08.576+0800: 19947.133: Application time: 58.0219927 seconds
2018-10-12T16:15:18.607+0800: 20017.164: Application time: 70.0306375 seconds
2018-10-12T16:15:31.606+0800: 20030.164: Application time: 12.9996904 seconds
{Heap before GC invocations=123 (full 3):
 par new generation   total 78016K, used 75329K [0x00000006c2c00000, 0x00000006c80a0000, 0x00000006d78c0000)
  eden space 69376K, 100% used [0x00000006c2c00000, 0x00000006c6fc0000, 0x00000006c6fc0000)
  from space 8640K,  68% used [0x00000006c7830000, 0x00000006c7e006e8, 0x00000006c80a0000)
  to   space 8640K,   0% used [0x00000006c6fc0000, 0x00000006c6fc0000, 0x00000006c7830000)
 concurrent mark-sweep generation total 173440K, used 72985K [0x00000006d78c0000, 0x00000006e2220000, 0x00000007c0000000)
 Metaspace       used 84699K, capacity 88731K, committed 88976K, reserved 1126400K
  class space    used 10741K, capacity 11406K, committed 11436K, reserved 1048576K
2018-10-12T16:15:31.607+0800: 20030.165: [GC (Allocation Failure) 2018-10-12T16:15:31.608+0800: 20030.166: [ParNew: 75329K->6128K(78016K), 0.0397879 secs] 148315K->79114K(251456K), 0.0403161 secs] [Times: user=0.03 sys=0.16, real=0.04 secs] 
Heap after GC invocations=124 (full 3):
 par new generation   total 78016K, used 6128K [0x00000006c2c00000, 0x00000006c80a0000, 0x00000006d78c0000)
  eden space 69376K,   0% used [0x00000006c2c00000, 0x00000006c2c00000, 0x00000006c6fc0000)
  from space 8640K,  70% used [0x00000006c6fc0000, 0x00000006c75bc368, 0x00000006c7830000)
  to   space 8640K,   0% used [0x00000006c7830000, 0x00000006c7830000, 0x00000006c80a0000)
 concurrent mark-sweep generation total 173440K, used 72985K [0x00000006d78c0000, 0x00000006e2220000, 0x00000007c0000000)
 Metaspace       used 84699K, capacity 88731K, committed 88976K, reserved 1126400K
  class space    used 10741K, capacity 11406K, committed 11436K, reserved 1048576K
}
2018-10-12T16:15:31.648+0800: 20030.206: Application time: 0.0003568 seconds
2018-10-12T16:15:31.648+0800: 20030.206: Application time: 0.0001915 seconds
2018-10-12T16:15:31.649+0800: 20030.206: Application time: 0.0000335 seconds
2018-10-12T16:15:31.649+0800: 20030.207: Application time: 0.0000599 seconds
2018-10-12T16:15:31.649+0800: 20030.207: Application time: 0.0000205 seconds
2018-10-12T16:15:31.649+0800: 20030.207: Application time: 0.0000317 seconds
2018-10-12T16:15:32.650+0800: 20031.207: Application time: 1.0002408 seconds
2018-10-12T16:16:44.685+0800: 20103.242: Application time: 72.0349778 seconds
2018-10-12T16:20:48.802+0800: 20347.360: Application time: 244.1172945 seconds
2018-10-12T16:20:58.806+0800: 20357.363: Application time: 10.0034489 seconds
2018-10-12T16:21:58.836+0800: 20417.393: Application time: 60.0294174 seconds
2018-10-12T16:22:18.845+0800: 20437.403: Application time: 20.0095330 seconds
2018-10-12T16:22:28.850+0800: 20447.407: Application time: 10.0039585 seconds
2018-10-12T16:22:58.864+0800: 20477.422: Application time: 30.0146079 seconds
2018-10-12T16:24:48.916+0800: 20587.473: Application time: 110.0512289 seconds
2018-10-12T16:25:08.741+0800: 20607.299: Application time: 19.8254910 seconds
2018-10-12T16:25:39.758+0800: 20638.315: Application time: 31.0163794 seconds
2018-10-12T16:28:29.831+0800: 20808.389: Application time: 170.0734226 seconds
2018-10-12T16:29:40.862+0800: 20879.419: Application time: 71.0306995 seconds
2018-10-12T16:29:44.863+0800: 20883.421: Application time: 4.0011855 seconds
2018-10-12T16:30:10.325+0800: 20908.883: Application time: 25.4622099 seconds
2018-10-12T16:30:24.336+0800: 20922.893: Application time: 14.0099117 seconds
2018-10-12T16:31:39.368+0800: 20997.925: Application time: 75.0316639 seconds
2018-10-12T16:32:45.395+0800: 21063.952: Application time: 66.0272294 seconds
2018-10-12T16:33:29.415+0800: 21107.972: Application time: 44.0200301 seconds
2018-10-12T16:36:30.567+0800: 21289.125: Application time: 181.1522240 seconds
2018-10-12T16:36:43.573+0800: 21302.131: Application time: 13.0056958 seconds
2018-10-12T16:36:44.610+0800: 21303.168: Application time: 1.0366450 seconds
2018-10-12T16:36:44.611+0800: 21303.169: Application time: 0.0001224 seconds
2018-10-12T16:36:44.612+0800: 21303.169: Application time: 0.0001245 seconds
2018-10-12T16:36:44.613+0800: 21303.170: Application time: 0.0008145 seconds
2018-10-12T16:36:48.736+0800: 21307.293: Application time: 4.1227629 seconds
2018-10-12T16:36:48.736+0800: 21307.294: Application time: 0.0001608 seconds
2018-10-12T16:36:49.585+0800: 21308.143: Application time: 0.8486579 seconds
2018-10-12T16:36:49.586+0800: 21308.143: Application time: 0.0001114 seconds
2018-10-12T16:36:49.586+0800: 21308.144: Application time: 0.0003456 seconds
2018-10-12T16:36:49.589+0800: 21308.146: Application time: 0.0023738 seconds
2018-10-12T16:37:03.328+0800: 21321.886: Application time: 13.7388093 seconds
2018-10-12T16:37:03.328+0800: 21321.886: Application time: 0.0001738 seconds
2018-10-12T16:37:04.329+0800: 21322.887: Application time: 1.0002035 seconds
2018-10-12T16:37:14.623+0800: 21333.180: Application time: 10.2936403 seconds
2018-10-12T16:37:14.623+0800: 21333.181: Application time: 0.0001135 seconds
2018-10-12T16:37:14.624+0800: 21333.181: Application time: 0.0004277 seconds
2018-10-12T16:37:19.620+0800: 21338.177: Application time: 4.9960383 seconds
2018-10-12T16:37:19.620+0800: 21338.178: Application time: 0.0000793 seconds
2018-10-12T16:37:19.621+0800: 21338.178: Application time: 0.0001361 seconds
2018-10-12T16:37:19.621+0800: 21338.179: Application time: 0.0007877 seconds
2018-10-12T16:37:40.630+0800: 21359.187: Application time: 21.0085369 seconds
2018-10-12T16:37:49.650+0800: 21368.208: Application time: 9.0200692 seconds
2018-10-12T16:37:49.650+0800: 21368.208: Application time: 0.0000398 seconds
2018-10-12T16:37:49.651+0800: 21368.208: Application time: 0.0002708 seconds
2018-10-12T16:37:52.494+0800: 21371.052: Application time: 2.8431253 seconds
2018-10-12T16:37:59.659+0800: 21378.217: Application time: 7.1654087 seconds
2018-10-12T16:37:59.661+0800: 21378.218: Application time: 0.0001879 seconds
2018-10-12T16:37:59.661+0800: 21378.219: Application time: 0.0006724 seconds
2018-10-12T16:38:09.675+0800: 21388.233: Application time: 10.0138455 seconds
2018-10-12T16:38:09.676+0800: 21388.233: Application time: 0.0000264 seconds
2018-10-12T16:38:09.676+0800: 21388.234: Application time: 0.0000317 seconds
2018-10-12T16:38:09.676+0800: 21388.234: Application time: 0.0002003 seconds
2018-10-12T16:38:09.677+0800: 21388.235: Application time: 0.0008882 seconds
2018-10-12T16:38:14.633+0800: 21393.190: Application time: 4.9552222 seconds
2018-10-12T16:38:14.633+0800: 21393.190: Application time: 0.0000638 seconds
2018-10-12T16:38:14.633+0800: 21393.191: Application time: 0.0001135 seconds
2018-10-12T16:38:14.633+0800: 21393.191: Application time: 0.0000398 seconds
2018-10-12T16:38:19.684+0800: 21398.242: Application time: 5.0508770 seconds
2018-10-12T16:38:19.684+0800: 21398.242: Application time: 0.0001037 seconds
2018-10-12T16:38:19.684+0800: 21398.242: Application time: 0.0000416 seconds
2018-10-12T16:38:19.686+0800: 21398.244: Application time: 0.0012098 seconds
2018-10-12T16:38:20.687+0800: 21399.244: Application time: 1.0006636 seconds
2018-10-12T16:38:30.690+0800: 21409.248: Application time: 10.0033217 seconds
2018-10-12T16:40:14.735+0800: 21513.292: Application time: 104.0441769 seconds
2018-10-12T16:41:10.764+0800: 21569.321: Application time: 56.0285683 seconds
2018-10-12T16:41:20.768+0800: 21579.325: Application time: 10.0038298 seconds
2018-10-12T16:41:44.780+0800: 21603.337: Application time: 24.0120278 seconds
2018-10-12T16:41:49.955+0800: 21608.512: Application time: 5.1747009 seconds
2018-10-12T16:44:41.031+0800: 21779.588: Application time: 171.0759533 seconds
2018-10-12T16:44:51.036+0800: 21789.593: Application time: 10.0043319 seconds
2018-10-12T16:45:15.047+0800: 21813.604: Application time: 24.0112513 seconds
2018-10-12T16:47:21.124+0800: 21939.682: Application time: 126.0774643 seconds
2018-10-12T16:47:25.126+0800: 21943.683: Application time: 4.0012331 seconds
2018-10-12T16:47:31.128+0800: 21949.685: Application time: 6.0019052 seconds
2018-10-12T16:48:01.146+0800: 21979.703: Application time: 30.0180956 seconds
2018-10-12T16:48:11.149+0800: 21989.707: Application time: 10.0032465 seconds
2018-10-12T16:49:20.245+0800: 22058.802: Application time: 69.0952545 seconds
2018-10-12T16:49:24.245+0800: 22062.803: Application time: 4.0006065 seconds
2018-10-12T16:49:31.276+0800: 22069.834: Application time: 7.0308942 seconds
2018-10-12T16:54:45.486+0800: 22384.043: Application time: 314.2091974 seconds
2018-10-12T16:55:10.780+0800: 22409.338: Application time: 25.2945846 seconds
2018-10-12T16:55:31.791+0800: 22430.348: Application time: 21.0100951 seconds
2018-10-12T16:55:40.794+0800: 22439.351: Application time: 9.0029824 seconds
2018-10-12T16:55:51.799+0800: 22450.357: Application time: 11.0054370 seconds
2018-10-12T16:56:10.808+0800: 22469.365: Application time: 19.0079050 seconds
2018-10-12T16:58:11.868+0800: 22590.425: Application time: 121.0604008 seconds
2018-10-12T16:58:21.873+0800: 22600.430: Application time: 10.0045784 seconds
2018-10-12T16:58:31.025+0800: 22609.583: Application time: 9.1525675 seconds
2018-10-12T16:59:11.048+0800: 22649.606: Application time: 40.0226109 seconds
2018-10-12T17:00:41.093+0800: 22739.650: Application time: 90.0441152 seconds
2018-10-12T17:01:12.106+0800: 22770.664: Application time: 31.0132721 seconds
2018-10-12T17:05:22.218+0800: 23020.776: Application time: 250.1119982 seconds
2018-10-12T17:06:15.021+0800: 23073.579: Application time: 52.8026960 seconds
2018-10-12T17:06:15.021+0800: 23073.579: Application time: 0.0000321 seconds
2018-10-12T17:06:15.021+0800: 23073.579: Application time: 0.0001199 seconds
2018-10-12T17:06:15.021+0800: 23073.579: Application time: 0.0000896 seconds
2018-10-12T17:06:19.685+0800: 23078.243: Application time: 4.6636250 seconds
2018-10-12T17:06:19.686+0800: 23078.243: Application time: 0.0002437 seconds
2018-10-12T17:06:21.537+0800: 23080.095: Application time: 1.8508660 seconds
2018-10-12T17:06:21.538+0800: 23080.095: Application time: 0.0001252 seconds
2018-10-12T17:06:21.538+0800: 23080.096: Application time: 0.0004055 seconds
2018-10-12T17:06:21.539+0800: 23080.096: Application time: 0.0002461 seconds
2018-10-12T17:06:24.275+0800: 23082.833: Application time: 2.7361879 seconds
2018-10-12T17:06:24.275+0800: 23082.833: Application time: 0.0000342 seconds
2018-10-12T17:06:24.276+0800: 23082.834: Application time: 0.0009284 seconds
2018-10-12T17:06:41.566+0800: 23100.124: Application time: 17.2902298 seconds
2018-10-12T17:06:41.566+0800: 23100.124: Application time: 0.0000275 seconds
2018-10-12T17:06:41.567+0800: 23100.125: Application time: 0.0001104 seconds
2018-10-12T17:06:41.567+0800: 23100.125: Application time: 0.0000737 seconds
2018-10-12T17:06:45.026+0800: 23103.583: Application time: 3.4585317 seconds
2018-10-12T17:06:45.026+0800: 23103.583: Application time: 0.0000377 seconds
2018-10-12T17:06:45.027+0800: 23103.585: Application time: 0.0009997 seconds
2018-10-12T17:07:04.787+0800: 23123.345: Application time: 19.7599740 seconds
2018-10-12T17:07:11.609+0800: 23130.168: Application time: 6.8222151 seconds
2018-10-12T17:07:11.610+0800: 23130.168: Application time: 0.0001365 seconds
2018-10-12T17:07:11.611+0800: 23130.169: Application time: 0.0004193 seconds
2018-10-12T17:07:11.612+0800: 23130.169: Application time: 0.0002355 seconds
2018-10-12T17:07:14.008+0800: 23132.566: Application time: 2.3964807 seconds
2018-10-12T17:07:15.030+0800: 23133.588: Application time: 1.0215216 seconds
2018-10-12T17:07:15.030+0800: 23133.588: Application time: 0.0001107 seconds
2018-10-12T17:07:15.032+0800: 23133.590: Application time: 0.0014362 seconds
2018-10-12T17:07:22.217+0800: 23140.775: Application time: 7.1849119 seconds
2018-10-12T17:07:23.219+0800: 23141.776: Application time: 1.0007059 seconds
2018-10-12T17:07:30.220+0800: 23148.778: Application time: 7.0016986 seconds
2018-10-12T17:07:31.632+0800: 23150.191: Application time: 1.4123629 seconds
2018-10-12T17:07:31.633+0800: 23150.191: Application time: 0.0000275 seconds
2018-10-12T17:07:31.633+0800: 23150.191: Application time: 0.0001072 seconds
2018-10-12T17:07:31.633+0800: 23150.191: Application time: 0.0000737 seconds
2018-10-12T17:07:33.658+0800: 23152.216: Application time: 2.0248588 seconds
2018-10-12T17:07:33.659+0800: 23152.217: Application time: 0.0001964 seconds
2018-10-12T17:07:34.659+0800: 23153.216: Application time: 0.9995652 seconds
2018-10-12T17:07:41.641+0800: 23160.199: Application time: 6.9817440 seconds
2018-10-12T17:07:41.641+0800: 23160.199: Application time: 0.0000247 seconds
2018-10-12T17:07:41.641+0800: 23160.199: Application time: 0.0000197 seconds
2018-10-12T17:07:41.641+0800: 23160.199: Application time: 0.0001012 seconds
2018-10-12T17:07:41.641+0800: 23160.199: Application time: 0.0001425 seconds
2018-10-12T17:07:45.036+0800: 23163.594: Application time: 3.3945314 seconds
2018-10-12T17:07:45.037+0800: 23163.595: Application time: 0.0010025 seconds
2018-10-12T17:08:11.662+0800: 23190.220: Application time: 26.6254034 seconds
2018-10-12T17:08:11.662+0800: 23190.220: Application time: 0.0000257 seconds
2018-10-12T17:08:11.663+0800: 23190.221: Application time: 0.0000201 seconds
2018-10-12T17:08:11.663+0800: 23190.221: Application time: 0.0000226 seconds
2018-10-12T17:08:11.663+0800: 23190.221: Application time: 0.0000920 seconds
2018-10-12T17:08:11.663+0800: 23190.221: Application time: 0.0000684 seconds
2018-10-12T17:08:15.044+0800: 23193.602: Application time: 3.3809902 seconds
2018-10-12T17:09:51.766+0800: 23290.323: Application time: 96.7209940 seconds
{Heap before GC invocations=124 (full 3):
 par new generation   total 78016K, used 75504K [0x00000006c2c00000, 0x00000006c80a0000, 0x00000006d78c0000)
  eden space 69376K, 100% used [0x00000006c2c00000, 0x00000006c6fc0000, 0x00000006c6fc0000)
  from space 8640K,  70% used [0x00000006c6fc0000, 0x00000006c75bc368, 0x00000006c7830000)
  to   space 8640K,   0% used [0x00000006c7830000, 0x00000006c7830000, 0x00000006c80a0000)
 concurrent mark-sweep generation total 173440K, used 72985K [0x00000006d78c0000, 0x00000006e2220000, 0x00000007c0000000)
 Metaspace       used 84709K, capacity 88731K, committed 88976K, reserved 1126400K
  class space    used 10741K, capacity 11406K, committed 11436K, reserved 1048576K
2018-10-12T17:09:51.766+0800: 23290.324: [GC (Allocation Failure) 2018-10-12T17:09:51.766+0800: 23290.324: [ParNew: 75504K->6065K(78016K), 0.0249219 secs] 148490K->79051K(251456K), 0.0250845 secs] [Times: user=0.02 sys=0.06, real=0.02 secs] 
Heap after GC invocations=125 (full 3):
 par new generation   total 78016K, used 6065K [0x00000006c2c00000, 0x00000006c80a0000, 0x00000006d78c0000)
  eden space 69376K,   0% used [0x00000006c2c00000, 0x00000006c2c00000, 0x00000006c6fc0000)
  from space 8640K,  70% used [0x00000006c7830000, 0x00000006c7e1c4e8, 0x00000006c80a0000)
  to   space 8640K,   0% used [0x00000006c6fc0000, 0x00000006c6fc0000, 0x00000006c7830000)
 concurrent mark-sweep generation total 173440K, used 72985K [0x00000006d78c0000, 0x00000006e2220000, 0x00000007c0000000)
 Metaspace       used 84709K, capacity 88731K, committed 88976K, reserved 1126400K
  class space    used 10741K, capacity 11406K, committed 11436K, reserved 1048576K
}
2018-10-12T17:09:51.791+0800: 23290.349: Application time: 0.0001812 seconds
2018-10-12T17:09:51.791+0800: 23290.349: Application time: 0.0000257 seconds
2018-10-12T17:09:51.791+0800: 23290.350: Application time: 0.0000885 seconds
2018-10-12T17:09:51.791+0800: 23290.350: Application time: 0.0000197 seconds
2018-10-12T17:09:51.792+0800: 23290.350: Application time: 0.0000811 seconds
2018-10-12T17:09:51.792+0800: 23290.350: Application time: 0.0000610 seconds
2018-10-12T17:10:40.814+0800: 23339.372: Application time: 49.0213044 seconds
2018-10-12T17:11:11.828+0800: 23370.385: Application time: 31.0133543 seconds
2018-10-12T17:11:40.842+0800: 23399.399: Application time: 29.0141875 seconds
2018-10-12T17:14:40.925+0800: 23579.482: Application time: 180.0827592 seconds
2018-10-12T17:15:12.055+0800: 23610.613: Application time: 31.1307017 seconds
2018-10-12T17:18:11.137+0800: 23789.694: Application time: 179.0805254 seconds
2018-10-12T17:19:13.168+0800: 23851.725: Application time: 62.0311290 seconds
2018-10-12T17:19:41.182+0800: 23879.739: Application time: 28.0136156 seconds
2018-10-12T17:20:11.046+0800: 23909.604: Application time: 29.8647767 seconds
2018-10-12T17:23:41.148+0800: 24119.706: Application time: 210.1014267 seconds
2018-10-12T17:23:43.150+0800: 24121.707: Application time: 2.0011901 seconds
2018-10-12T17:24:02.159+0800: 24140.717: Application time: 19.0092682 seconds
2018-10-12T17:25:03.186+0800: 24201.743: Application time: 61.0266035 seconds
2018-10-12T17:25:57.208+0800: 24255.766: Application time: 54.0221849 seconds
2018-10-12T17:31:33.373+0800: 24591.930: Application time: 336.1639037 seconds
2018-10-12T17:31:43.377+0800: 24601.935: Application time: 10.0046129 seconds
2018-10-12T17:31:53.051+0800: 24611.609: Application time: 9.6740695 seconds
2018-10-12T17:33:24.090+0800: 24702.647: Application time: 91.0379980 seconds
2018-10-12T17:36:03.795+0800: 24862.353: Application time: 159.7058265 seconds
2018-10-12T17:36:03.795+0800: 24862.353: Application time: 0.0000282 seconds
2018-10-12T17:36:03.796+0800: 24862.353: Application time: 0.0000797 seconds
2018-10-12T17:36:04.797+0800: 24863.354: Application time: 1.0006414 seconds
2018-10-12T17:36:07.845+0800: 24866.402: Application time: 3.0483663 seconds
2018-10-12T17:36:07.845+0800: 24866.403: Application time: 0.0000624 seconds
2018-10-12T17:36:07.845+0800: 24866.403: Application time: 0.0000864 seconds
2018-10-12T17:36:12.847+0800: 24871.405: Application time: 5.0014679 seconds
2018-10-12T17:36:13.322+0800: 24871.880: Application time: 0.4753505 seconds
2018-10-12T17:36:13.323+0800: 24871.880: Application time: 0.0000342 seconds
2018-10-12T17:36:13.323+0800: 24871.880: Application time: 0.0000589 seconds
2018-10-12T17:36:13.323+0800: 24871.881: Application time: 0.0000596 seconds
2018-10-12T17:36:13.323+0800: 24871.881: Application time: 0.0001322 seconds
2018-10-12T17:36:13.323+0800: 24871.881: Application time: 0.0000786 seconds
2018-10-12T17:36:15.381+0800: 24873.939: Application time: 2.0577333 seconds
2018-10-12T17:36:23.330+0800: 24881.888: Application time: 7.9483201 seconds
2018-10-12T17:36:23.330+0800: 24881.888: Application time: 0.0001262 seconds
2018-10-12T17:36:23.330+0800: 24881.888: Application time: 0.0001266 seconds
2018-10-12T17:36:23.331+0800: 24881.888: Application time: 0.0000536 seconds
2018-10-12T17:36:23.331+0800: 24881.889: Application time: 0.0001700 seconds
2018-10-12T17:36:23.331+0800: 24881.889: Application time: 0.0001227 seconds
2018-10-12T17:36:24.336+0800: 24882.893: Application time: 1.0044102 seconds
2018-10-12T17:36:24.391+0800: 24882.948: Application time: 0.0545199 seconds
2018-10-12T17:36:43.469+0800: 24902.026: Application time: 19.0781018 seconds
2018-10-12T17:36:43.469+0800: 24902.027: Application time: 0.0000797 seconds
2018-10-12T17:36:43.469+0800: 24902.027: Application time: 0.0001414 seconds
2018-10-12T17:36:58.477+0800: 24917.034: Application time: 15.0067692 seconds
2018-10-12T17:37:03.386+0800: 24921.944: Application time: 4.9091063 seconds
2018-10-12T17:37:03.386+0800: 24921.944: Application time: 0.0000275 seconds
2018-10-12T17:37:03.386+0800: 24921.944: Application time: 0.0000240 seconds
2018-10-12T17:37:03.386+0800: 24921.944: Application time: 0.0000956 seconds
2018-10-12T17:37:03.387+0800: 24921.944: Application time: 0.0001033 seconds
2018-10-12T17:37:03.387+0800: 24921.945: Application time: 0.0000494 seconds
2018-10-12T17:37:07.443+0800: 24926.001: Application time: 4.0559769 seconds
2018-10-12T17:37:07.443+0800: 24926.001: Application time: 0.0000589 seconds
2018-10-12T17:37:08.914+0800: 24927.471: Application time: 1.4699368 seconds
2018-10-12T17:37:08.914+0800: 24927.472: Application time: 0.0001273 seconds
2018-10-12T17:37:09.914+0800: 24928.471: Application time: 0.9991869 seconds
2018-10-12T17:37:13.395+0800: 24931.953: Application time: 3.4813647 seconds
2018-10-12T17:37:13.395+0800: 24931.953: Application time: 0.0003212 seconds
2018-10-12T17:37:13.397+0800: 24931.954: Application time: 0.0010561 seconds
2018-10-12T17:37:15.395+0800: 24933.952: Application time: 1.9978004 seconds
2018-10-12T17:37:15.395+0800: 24933.953: Application time: 0.0000670 seconds
2018-10-12T17:37:15.395+0800: 24933.953: Application time: 0.0002281 seconds
2018-10-12T17:37:23.407+0800: 24941.965: Application time: 8.0122171 seconds
2018-10-12T17:37:23.408+0800: 24941.966: Application time: 0.0001111 seconds
2018-10-12T17:37:23.408+0800: 24941.967: Application time: 0.0006030 seconds
2018-10-12T17:37:23.412+0800: 24941.969: Application time: 0.0022229 seconds
2018-10-12T17:37:34.417+0800: 24952.974: Application time: 11.0047173 seconds
2018-10-12T17:37:53.440+0800: 24971.998: Application time: 19.0231983 seconds
2018-10-12T17:37:53.440+0800: 24971.998: Application time: 0.0000324 seconds
2018-10-12T17:37:53.441+0800: 24971.998: Application time: 0.0001072 seconds
2018-10-12T17:38:03.449+0800: 24982.007: Application time: 10.0089547 seconds
2018-10-12T17:38:03.450+0800: 24982.008: Application time: 0.0001195 seconds
2018-10-12T17:38:03.450+0800: 24982.008: Application time: 0.0001689 seconds
2018-10-12T17:38:03.451+0800: 24982.009: Application time: 0.0006626 seconds
2018-10-12T17:38:03.454+0800: 24982.012: Application time: 0.0024747 seconds
2018-10-12T17:45:11.339+0800: 25409.897: Application time: 427.8845338 seconds
2018-10-12T17:48:11.424+0800: 25589.982: Application time: 180.0844507 seconds
2018-10-12T17:48:34.066+0800: 25612.624: Application time: 22.6424761 seconds
2018-10-12T17:48:45.071+0800: 25623.629: Application time: 11.0043005 seconds
2018-10-12T17:53:32.203+0800: 25910.761: Application time: 287.1318011 seconds
2018-10-12T17:54:54.841+0800: 25993.398: Application time: 82.6375797 seconds
2018-10-12T17:54:54.841+0800: 25993.399: Application time: 0.0003473 seconds
2018-10-12T17:54:54.842+0800: 25993.400: Application time: 0.0001294 seconds
2018-10-12T17:54:54.845+0800: 25993.403: Application time: 0.0031231 seconds
2018-10-12T17:54:54.853+0800: 25993.410: Application time: 0.0070199 seconds
2018-10-12T17:54:54.854+0800: 25993.412: Application time: 0.0012246 seconds
2018-10-12T17:54:54.854+0800: 25993.412: Application time: 0.0000310 seconds
2018-10-12T17:54:54.855+0800: 25993.412: Application time: 0.0000836 seconds
2018-10-12T17:54:54.857+0800: 25993.415: Application time: 0.0022046 seconds
2018-10-12T17:54:54.893+0800: 25993.450: Application time: 0.0349422 seconds
2018-10-12T17:54:54.898+0800: 25993.455: Application time: 0.0050558 seconds
2018-10-12T17:54:55.898+0800: 25994.455: Application time: 0.9996558 seconds
2018-10-12T17:54:59.240+0800: 25997.798: Application time: 3.3422686 seconds
2018-10-12T17:55:23.254+0800: 26021.812: Application time: 24.0135750 seconds
2018-10-12T17:55:32.259+0800: 26030.817: Application time: 9.0049550 seconds
2018-10-12T17:55:36.261+0800: 26034.818: Application time: 4.0012670 seconds
2018-10-12T17:55:37.261+0800: 26035.818: Application time: 1.0002112 seconds
2018-10-12T17:55:50.267+0800: 26048.824: Application time: 13.0058101 seconds
2018-10-12T17:56:31.406+0800: 26089.963: Application time: 41.1389311 seconds
{Heap before GC invocations=125 (full 3):
 par new generation   total 78016K, used 75441K [0x00000006c2c00000, 0x00000006c80a0000, 0x00000006d78c0000)
  eden space 69376K, 100% used [0x00000006c2c00000, 0x00000006c6fc0000, 0x00000006c6fc0000)
  from space 8640K,  70% used [0x00000006c7830000, 0x00000006c7e1c4e8, 0x00000006c80a0000)
  to   space 8640K,   0% used [0x00000006c6fc0000, 0x00000006c6fc0000, 0x00000006c7830000)
 concurrent mark-sweep generation total 173440K, used 72985K [0x00000006d78c0000, 0x00000006e2220000, 0x00000007c0000000)
 Metaspace       used 84811K, capacity 88881K, committed 88976K, reserved 1126400K
  class space    used 10755K, capacity 11431K, committed 11436K, reserved 1048576K
2018-10-12T17:56:31.406+0800: 26089.964: [GC (Allocation Failure) 2018-10-12T17:56:31.406+0800: 26089.964: [ParNew: 75441K->5770K(78016K), 0.0120436 secs] 148427K->78756K(251456K), 0.0121131 secs] [Times: user=0.03 sys=0.01, real=0.01 secs] 
Heap after GC invocations=126 (full 3):
 par new generation   total 78016K, used 5770K [0x00000006c2c00000, 0x00000006c80a0000, 0x00000006d78c0000)
  eden space 69376K,   0% used [0x00000006c2c00000, 0x00000006c2c00000, 0x00000006c6fc0000)
  from space 8640K,  66% used [0x00000006c6fc0000, 0x00000006c7562b30, 0x00000006c7830000)
  to   space 8640K,   0% used [0x00000006c7830000, 0x00000006c7830000, 0x00000006c80a0000)
 concurrent mark-sweep generation total 173440K, used 72985K [0x00000006d78c0000, 0x00000006e2220000, 0x00000007c0000000)
 Metaspace       used 84811K, capacity 88881K, committed 88976K, reserved 1126400K
  class space    used 10755K, capacity 11431K, committed 11436K, reserved 1048576K
}
2018-10-12T17:56:31.418+0800: 26089.976: Application time: 0.0001534 seconds
2018-10-12T17:56:31.420+0800: 26089.977: Application time: 0.0010088 seconds
2018-10-12T17:56:31.421+0800: 26089.978: Application time: 0.0005469 seconds
2018-10-12T17:56:31.421+0800: 26089.979: Application time: 0.0004253 seconds
2018-10-12T17:56:31.454+0800: 26090.011: Application time: 0.0323032 seconds
2018-10-12T17:56:32.454+0800: 26091.012: Application time: 1.0005910 seconds
2018-10-12T17:56:54.466+0800: 26113.023: Application time: 22.0113807 seconds
2018-10-12T17:56:54.469+0800: 26113.027: Application time: 0.0036510 seconds
2018-10-12T17:56:55.471+0800: 26114.028: Application time: 1.0002338 seconds
2018-10-12T17:57:00.334+0800: 26118.892: Application time: 4.8635246 seconds
2018-10-12T17:57:00.334+0800: 26118.892: Application time: 0.0000779 seconds
2018-10-12T17:57:00.335+0800: 26118.892: Application time: 0.0002359 seconds
2018-10-12T17:57:00.335+0800: 26118.892: Application time: 0.0001061 seconds
2018-10-12T17:57:00.335+0800: 26118.893: Application time: 0.0001083 seconds
2018-10-12T17:57:00.336+0800: 26118.893: Application time: 0.0002881 seconds
2018-10-12T17:57:01.337+0800: 26119.894: Application time: 1.0006414 seconds
2018-10-12T17:57:03.338+0800: 26121.895: Application time: 2.0009133 seconds
2018-10-12T17:57:07.077+0800: 26125.636: Application time: 3.7403622 seconds
2018-10-12T17:57:07.093+0800: 26125.651: Application time: 0.0153325 seconds
2018-10-12T17:57:08.094+0800: 26126.651: Application time: 0.9997503 seconds
2018-10-12T17:57:11.095+0800: 26129.652: Application time: 3.0011055 seconds
2018-10-12T17:57:16.098+0800: 26134.656: Application time: 5.0032243 seconds
2018-10-12T17:57:32.106+0800: 26150.663: Application time: 16.0075534 seconds
2018-10-12T17:57:42.111+0800: 26160.668: Application time: 10.0047529 seconds
2018-10-12T17:58:45.136+0800: 26223.693: Application time: 63.0251776 seconds
2018-10-12T17:59:46.226+0800: 26284.783: Application time: 61.0897280 seconds
2018-10-12T17:59:46.299+0800: 26284.857: Application time: 0.0731793 seconds
2018-10-12T17:59:47.299+0800: 26285.856: Application time: 0.9994982 seconds
2018-10-12T17:59:50.301+0800: 26288.859: Application time: 3.0022024 seconds
2018-10-12T17:59:55.304+0800: 26293.861: Application time: 5.0023505 seconds
2018-10-12T18:00:12.310+0800: 26310.868: Application time: 17.0062494 seconds
2018-10-12T18:00:25.317+0800: 26323.874: Application time: 13.0061454 seconds
2018-10-12T18:04:14.974+0800: 26553.532: Application time: 229.6575378 seconds
2018-10-12T18:04:32.983+0800: 26571.540: Application time: 18.0083792 seconds
2018-10-12T18:05:51.274+0800: 26649.831: Application time: 78.2908783 seconds
2018-10-12T18:05:55.034+0800: 26653.593: Application time: 3.7613767 seconds
{Heap before GC invocations=126 (full 3):
 par new generation   total 78016K, used 75146K [0x00000006c2c00000, 0x00000006c80a0000, 0x00000006d78c0000)
  eden space 69376K, 100% used [0x00000006c2c00000, 0x00000006c6fc0000, 0x00000006c6fc0000)
  from space 8640K,  66% used [0x00000006c6fc0000, 0x00000006c7562b30, 0x00000006c7830000)
  to   space 8640K,   0% used [0x00000006c7830000, 0x00000006c7830000, 0x00000006c80a0000)
 concurrent mark-sweep generation total 173440K, used 72985K [0x00000006d78c0000, 0x00000006e2220000, 0x00000007c0000000)
 Metaspace       used 85011K, capacity 89201K, committed 89360K, reserved 1126400K
  class space    used 10772K, capacity 11461K, committed 11564K, reserved 1048576K
2018-10-12T18:05:55.035+0800: 26653.593: [GC (Allocation Failure) 2018-10-12T18:05:55.035+0800: 26653.593: [ParNew: 75146K->4573K(78016K), 0.0082710 secs] 148132K->78423K(251456K), 0.0083253 secs] [Times: user=0.00 sys=0.00, real=0.01 secs] 
