Java HotSpot(TM) 64-Bit Server VM (25.111-b14) for windows-amd64 JRE (1.8.0_111-b14), built on Sep 22 2016 19:24:05 by "java_re" with MS VC++ 10.0 (VS2010)
Memory: 4k page, physical 16595624k(8738292k free), swap 19085992k(7498552k free)
CommandLine flags: -XX:+CMSClassUnloadingEnabled -XX:CMSFullGCsBeforeCompaction=9 -XX:CMSInitiatingOccupancyFraction=60 -XX:+CMSParallelRemarkEnabled -XX:+DisableExplicitGC -XX:+ExplicitGCInvokesConcurrent -XX:GCLogFileSize=5242880 -XX:+HeapDumpOnOutOfMemoryError -XX:HeapDumpPath=D:datalogs100003173/HeapDumpOnOutOfMemoryError/ -XX:InitialHeapSize=265529984 -XX:MaxHeapSize=4248479744 -XX:MaxNewSize=348966912 -XX:MaxTenuringThreshold=9 -XX:NumberOfGCLogFiles=5 -XX:OldPLABSize=16 -XX:-OmitStackTraceInFastThrow -XX:ParallelGCThreads=4 -XX:+PrintGC -XX:+PrintGCApplicationConcurrentTime -XX:+PrintGCDateStamps -XX:+PrintGCDetails -XX:+PrintGCTimeStamps -XX:+PrintHeapAtGC -XX:+ScavengeBeforeFullGC -XX:SoftRefLRUPolicyMSPerMB=0 -XX:+UseCMSCompactAtFullCollection -XX:+UseCMSInitiatingOccupancyOnly -XX:+UseCompressedClassPointers -XX:+UseCompressedOops -XX:+UseConcMarkSweepGC -XX:+UseGCLogFileRotation -XX:-UseLargePagesIndividualAllocation -XX:+UseParNewGC 
2018-10-12T10:48:46.729+0800: 0.203: Application time: 0.1296163 seconds
2018-10-12T10:48:46.817+0800: 0.292: Application time: 0.0881426 seconds
2018-10-12T10:48:46.923+0800: 0.398: Application time: 0.1060693 seconds
2018-10-12T10:48:47.051+0800: 0.525: Application time: 0.1268910 seconds
{Heap before GC invocations=0 (full 0):
 par new generation   total 78016K, used 69376K [0x00000006c2c00000, 0x00000006c80a0000, 0x00000006d78c0000)
  eden space 69376K, 100% used [0x00000006c2c00000, 0x00000006c6fc0000, 0x00000006c6fc0000)
  from space 8640K,   0% used [0x00000006c6fc0000, 0x00000006c6fc0000, 0x00000006c7830000)
  to   space 8640K,   0% used [0x00000006c7830000, 0x00000006c7830000, 0x00000006c80a0000)
 concurrent mark-sweep generation total 173440K, used 0K [0x00000006d78c0000, 0x00000006e2220000, 0x00000007c0000000)
 Metaspace       used 6986K, capacity 7136K, committed 7296K, reserved 1056768K
  class space    used 836K, capacity 888K, committed 896K, reserved 1048576K
2018-10-12T10:48:47.051+0800: 0.525: [GC (Allocation Failure) 2018-10-12T10:48:47.051+0800: 0.525: [ParNew: 69376K->8640K(78016K), 0.0102975 secs] 69376K->10890K(251456K), 0.0103962 secs] [Times: user=0.00 sys=0.00, real=0.01 secs] 
Heap after GC invocations=1 (full 0):
 par new generation   total 78016K, used 8640K [0x00000006c2c00000, 0x00000006c80a0000, 0x00000006d78c0000)
  eden space 69376K,   0% used [0x00000006c2c00000, 0x00000006c2c00000, 0x00000006c6fc0000)
  from space 8640K, 100% used [0x00000006c7830000, 0x00000006c80a0000, 0x00000006c80a0000)
  to   space 8640K,   0% used [0x00000006c6fc0000, 0x00000006c6fc0000, 0x00000006c7830000)
 concurrent mark-sweep generation total 173440K, used 2250K [0x00000006d78c0000, 0x00000006e2220000, 0x00000007c0000000)
 Metaspace       used 6986K, capacity 7136K, committed 7296K, reserved 1056768K
  class space    used 836K, capacity 888K, committed 896K, reserved 1048576K
}
2018-10-12T10:48:47.085+0800: 0.559: Application time: 0.0238648 seconds
2018-10-12T10:48:47.441+0800: 0.915: Application time: 0.3553666 seconds
2018-10-12T10:48:47.485+0800: 0.959: Application time: 0.0408062 seconds
{Heap before GC invocations=1 (full 0):
 par new generation   total 78016K, used 78016K [0x00000006c2c00000, 0x00000006c80a0000, 0x00000006d78c0000)
  eden space 69376K, 100% used [0x00000006c2c00000, 0x00000006c6fc0000, 0x00000006c6fc0000)
  from space 8640K, 100% used [0x00000006c7830000, 0x00000006c80a0000, 0x00000006c80a0000)
  to   space 8640K,   0% used [0x00000006c6fc0000, 0x00000006c6fc0000, 0x00000006c7830000)
 concurrent mark-sweep generation total 173440K, used 2250K [0x00000006d78c0000, 0x00000006e2220000, 0x00000007c0000000)
 Metaspace       used 12291K, capacity 12646K, committed 12928K, reserved 1060864K
  class space    used 1500K, capacity 1611K, committed 1664K, reserved 1048576K
2018-10-12T10:48:47.485+0800: 0.959: [GC (Allocation Failure) 2018-10-12T10:48:47.485+0800: 0.959: [ParNew: 78016K->8640K(78016K), 0.0139802 secs] 80266K->20357K(251456K), 0.0140825 secs] [Times: user=0.06 sys=0.00, real=0.01 secs] 
Heap after GC invocations=2 (full 0):
 par new generation   total 78016K, used 8640K [0x00000006c2c00000, 0x00000006c80a0000, 0x00000006d78c0000)
  eden space 69376K,   0% used [0x00000006c2c00000, 0x00000006c2c00000, 0x00000006c6fc0000)
  from space 8640K, 100% used [0x00000006c6fc0000, 0x00000006c7830000, 0x00000006c7830000)
  to   space 8640K,   0% used [0x00000006c7830000, 0x00000006c7830000, 0x00000006c80a0000)
 concurrent mark-sweep generation total 173440K, used 11717K [0x00000006d78c0000, 0x00000006e2220000, 0x00000007c0000000)
 Metaspace       used 12291K, capacity 12646K, committed 12928K, reserved 1060864K
  class space    used 1500K, capacity 1611K, committed 1664K, reserved 1048576K
}
2018-10-12T10:48:47.583+0800: 1.058: Application time: 0.0844041 seconds
2018-10-12T10:48:47.625+0800: 1.100: Application time: 0.0420147 seconds
{Heap before GC invocations=2 (full 0):
 par new generation   total 78016K, used 78016K [0x00000006c2c00000, 0x00000006c80a0000, 0x00000006d78c0000)
  eden space 69376K, 100% used [0x00000006c2c00000, 0x00000006c6fc0000, 0x00000006c6fc0000)
  from space 8640K, 100% used [0x00000006c6fc0000, 0x00000006c7830000, 0x00000006c7830000)
  to   space 8640K,   0% used [0x00000006c7830000, 0x00000006c7830000, 0x00000006c80a0000)
 concurrent mark-sweep generation total 173440K, used 11717K [0x00000006d78c0000, 0x00000006e2220000, 0x00000007c0000000)
 Metaspace       used 14595K, capacity 15086K, committed 15360K, reserved 1062912K
  class space    used 1853K, capacity 2019K, committed 2048K, reserved 1048576K
2018-10-12T10:48:47.626+0800: 1.100: [GC (Allocation Failure) 2018-10-12T10:48:47.626+0800: 1.100: [ParNew: 78016K->4218K(78016K), 0.0030498 secs] 89733K->15935K(251456K), 0.0031066 secs] [Times: user=0.00 sys=0.00, real=0.00 secs] 
Heap after GC invocations=3 (full 0):
 par new generation   total 78016K, used 4218K [0x00000006c2c00000, 0x00000006c80a0000, 0x00000006d78c0000)
  eden space 69376K,   0% used [0x00000006c2c00000, 0x00000006c2c00000, 0x00000006c6fc0000)
  from space 8640K,  48% used [0x00000006c7830000, 0x00000006c7c4e8f8, 0x00000006c80a0000)
  to   space 8640K,   0% used [0x00000006c6fc0000, 0x00000006c6fc0000, 0x00000006c7830000)
 concurrent mark-sweep generation total 173440K, used 11717K [0x00000006d78c0000, 0x00000006e2220000, 0x00000007c0000000)
 Metaspace       used 14595K, capacity 15086K, committed 15360K, reserved 1062912K
  class space    used 1853K, capacity 2019K, committed 2048K, reserved 1048576K
}
2018-10-12T10:48:47.688+0800: 1.163: Application time: 0.0593609 seconds
2018-10-12T10:48:47.756+0800: 1.230: Application time: 0.0674884 seconds
{Heap before GC invocations=3 (full 0):
 par new generation   total 78016K, used 73594K [0x00000006c2c00000, 0x00000006c80a0000, 0x00000006d78c0000)
  eden space 69376K, 100% used [0x00000006c2c00000, 0x00000006c6fc0000, 0x00000006c6fc0000)
  from space 8640K,  48% used [0x00000006c7830000, 0x00000006c7c4e8f8, 0x00000006c80a0000)
  to   space 8640K,   0% used [0x00000006c6fc0000, 0x00000006c6fc0000, 0x00000006c7830000)
 concurrent mark-sweep generation total 173440K, used 11717K [0x00000006d78c0000, 0x00000006e2220000, 0x00000007c0000000)
 Metaspace       used 16013K, capacity 16626K, committed 16896K, reserved 1064960K
  class space    used 2100K, capacity 2265K, committed 2304K, reserved 1048576K
2018-10-12T10:48:47.757+0800: 1.231: [GC (Allocation Failure) 2018-10-12T10:48:47.757+0800: 1.231: [ParNew: 73594K->4415K(78016K), 0.0037310 secs] 85311K->16133K(251456K), 0.0037839 secs] [Times: user=0.00 sys=0.00, real=0.00 secs] 
Heap after GC invocations=4 (full 0):
 par new generation   total 78016K, used 4415K [0x00000006c2c00000, 0x00000006c80a0000, 0x00000006d78c0000)
  eden space 69376K,   0% used [0x00000006c2c00000, 0x00000006c2c00000, 0x00000006c6fc0000)
  from space 8640K,  51% used [0x00000006c6fc0000, 0x00000006c740fe38, 0x00000006c7830000)
  to   space 8640K,   0% used [0x00000006c7830000, 0x00000006c7830000, 0x00000006c80a0000)
 concurrent mark-sweep generation total 173440K, used 11717K [0x00000006d78c0000, 0x00000006e2220000, 0x00000007c0000000)
 Metaspace       used 16013K, capacity 16626K, committed 16896K, reserved 1064960K
  class space    used 2100K, capacity 2265K, committed 2304K, reserved 1048576K
}
2018-10-12T10:48:47.827+0800: 1.301: Application time: 0.0656661 seconds
2018-10-12T10:48:47.847+0800: 1.321: Application time: 0.0200262 seconds
2018-10-12T10:48:47.922+0800: 1.397: Application time: 0.0757495 seconds
{Heap before GC invocations=4 (full 0):
 par new generation   total 78016K, used 73791K [0x00000006c2c00000, 0x00000006c80a0000, 0x00000006d78c0000)
  eden space 69376K, 100% used [0x00000006c2c00000, 0x00000006c6fc0000, 0x00000006c6fc0000)
  from space 8640K,  51% used [0x00000006c6fc0000, 0x00000006c740fe38, 0x00000006c7830000)
  to   space 8640K,   0% used [0x00000006c7830000, 0x00000006c7830000, 0x00000006c80a0000)
 concurrent mark-sweep generation total 173440K, used 11717K [0x00000006d78c0000, 0x00000006e2220000, 0x00000007c0000000)
 Metaspace       used 18943K, capacity 19570K, committed 19840K, reserved 1067008K
  class space    used 2467K, capacity 2647K, committed 2688K, reserved 1048576K
2018-10-12T10:48:47.922+0800: 1.397: [GC (Allocation Failure) 2018-10-12T10:48:47.922+0800: 1.397: [ParNew: 73791K->6054K(78016K), 0.0037991 secs] 85509K->17772K(251456K), 0.0038506 secs] [Times: user=0.06 sys=0.00, real=0.00 secs] 
Heap after GC invocations=5 (full 0):
 par new generation   total 78016K, used 6054K [0x00000006c2c00000, 0x00000006c80a0000, 0x00000006d78c0000)
  eden space 69376K,   0% used [0x00000006c2c00000, 0x00000006c2c00000, 0x00000006c6fc0000)
  from space 8640K,  70% used [0x00000006c7830000, 0x00000006c7e19a60, 0x00000006c80a0000)
  to   space 8640K,   0% used [0x00000006c6fc0000, 0x00000006c6fc0000, 0x00000006c7830000)
 concurrent mark-sweep generation total 173440K, used 11717K [0x00000006d78c0000, 0x00000006e2220000, 0x00000007c0000000)
 Metaspace       used 18943K, capacity 19570K, committed 19840K, reserved 1067008K
  class space    used 2467K, capacity 2647K, committed 2688K, reserved 1048576K
}
2018-10-12T10:48:47.985+0800: 1.459: Application time: 0.0584219 seconds
2018-10-12T10:48:47.986+0800: 1.461: Application time: 0.0010106 seconds
2018-10-12T10:48:47.986+0800: 1.461: Application time: 0.0000236 seconds
2018-10-12T10:48:48.002+0800: 1.477: Application time: 0.0156960 seconds
2018-10-12T10:48:48.002+0800: 1.477: Application time: 0.0000286 seconds
2018-10-12T10:48:48.012+0800: 1.486: Application time: 0.0094953 seconds
2018-10-12T10:48:48.029+0800: 1.504: Application time: 0.0174344 seconds
2018-10-12T10:48:48.057+0800: 1.532: Application time: 0.0276875 seconds
{Heap before GC invocations=5 (full 0):
 par new generation   total 78016K, used 75421K [0x00000006c2c00000, 0x00000006c80a0000, 0x00000006d78c0000)
  eden space 69376K,  99% used [0x00000006c2c00000, 0x00000006c6fbdbd8, 0x00000006c6fc0000)
  from space 8640K,  70% used [0x00000006c7830000, 0x00000006c7e19a60, 0x00000006c80a0000)
  to   space 8640K,   0% used [0x00000006c6fc0000, 0x00000006c6fc0000, 0x00000006c7830000)
 concurrent mark-sweep generation total 173440K, used 11717K [0x00000006d78c0000, 0x00000006e2220000, 0x00000007c0000000)
 Metaspace       used 21791K, capacity 22434K, committed 22548K, reserved 1069056K
  class space    used 2805K, capacity 2979K, committed 3016K, reserved 1048576K
2018-10-12T10:48:48.057+0800: 1.532: [GC (Allocation Failure) 2018-10-12T10:48:48.057+0800: 1.532: [ParNew: 75421K->6025K(78016K), 0.0064208 secs] 87139K->19053K(251456K), 0.0064663 secs] [Times: user=0.00 sys=0.02, real=0.01 secs] 
Heap after GC invocations=6 (full 0):
 par new generation   total 78016K, used 6025K [0x00000006c2c00000, 0x00000006c80a0000, 0x00000006d78c0000)
  eden space 69376K,   0% used [0x00000006c2c00000, 0x00000006c2c00000, 0x00000006c6fc0000)
  from space 8640K,  69% used [0x00000006c6fc0000, 0x00000006c75a2788, 0x00000006c7830000)
  to   space 8640K,   0% used [0x00000006c7830000, 0x00000006c7830000, 0x00000006c80a0000)
 concurrent mark-sweep generation total 173440K, used 13027K [0x00000006d78c0000, 0x00000006e2220000, 0x00000007c0000000)
 Metaspace       used 21791K, capacity 22434K, committed 22548K, reserved 1069056K
  class space    used 2805K, capacity 2979K, committed 3016K, reserved 1048576K
}
2018-10-12T10:48:48.064+0800: 1.538: Application time: 0.0000409 seconds
2018-10-12T10:48:48.064+0800: 1.538: [GC (CMS Initial Mark) [1 CMS-initial-mark: 13027K(173440K)] 19736K(251456K), 0.0012225 secs] [Times: user=0.00 sys=0.00, real=0.00 secs] 
2018-10-12T10:48:48.065+0800: 1.539: [CMS-concurrent-mark-start]
2018-10-12T10:48:48.107+0800: 1.581: [CMS-concurrent-mark: 0.042/0.042 secs] [Times: user=0.08 sys=0.01, real=0.04 secs] 
2018-10-12T10:48:48.107+0800: 1.581: Application time: 0.0416243 seconds
2018-10-12T10:48:48.107+0800: 1.581: [CMS-concurrent-preclean-start]
2018-10-12T10:48:48.107+0800: 1.581: Application time: 0.0000384 seconds
2018-10-12T10:48:48.108+0800: 1.582: [CMS-concurrent-preclean: 0.001/0.001 secs] [Times: user=0.00 sys=0.00, real=0.00 secs] 
2018-10-12T10:48:48.108+0800: 1.582: [CMS-concurrent-abortable-preclean-start]
2018-10-12T10:48:48.114+0800: 1.589: Application time: 0.0073344 seconds
2018-10-12T10:48:48.145+0800: 1.619: Application time: 0.0295169 seconds
2018-10-12T10:48:48.188+0800: 1.662: Application time: 0.0431042 seconds
2018-10-12T10:48:48.220+0800: 1.694: Application time: 0.0321213 seconds
2018-10-12T10:48:48.274+0800: 1.749: Application time: 0.0546193 seconds
2018-10-12T10:48:48.290+0800: 1.764: Application time: 0.0152218 seconds
2018-10-12T10:48:48.290+0800: 1.765: [CMS-concurrent-abortable-preclean: 0.109/0.183 secs] [Times: user=0.66 sys=0.05, real=0.18 secs] 
2018-10-12T10:48:48.304+0800: 1.779: Application time: 0.0144107 seconds
2018-10-12T10:48:48.304+0800: 1.779: [GC (CMS Final Remark) [YG occupancy: 48579 K (78016 K)]2018-10-12T10:48:48.304+0800: 1.779: [Rescan (parallel) , 0.0047032 secs]2018-10-12T10:48:48.309+0800: 1.783: [weak refs processing, 0.0006696 secs]2018-10-12T10:48:48.310+0800: 1.784: [class unloading, 0.0029475 secs]2018-10-12T10:48:48.313+0800: 1.787: [scrub symbol table, 0.0029648 secs]2018-10-12T10:48:48.316+0800: 1.790: [scrub string table, 0.0002338 secs][1 CMS-remark: 13027K(173440K)] 61607K(251456K), 0.0120390 secs] [Times: user=0.03 sys=0.00, real=0.01 secs] 
2018-10-12T10:48:48.317+0800: 1.792: [CMS-concurrent-sweep-start]
2018-10-12T10:48:48.322+0800: 1.797: [CMS-concurrent-sweep: 0.005/0.005 secs] [Times: user=0.00 sys=0.00, real=0.01 secs] 
2018-10-12T10:48:48.322+0800: 1.797: [CMS-concurrent-reset-start]
2018-10-12T10:48:48.326+0800: 1.801: [CMS-concurrent-reset: 0.004/0.004 secs] [Times: user=0.00 sys=0.00, real=0.00 secs] 
2018-10-12T10:48:48.520+0800: 1.994: Application time: 0.2036588 seconds
{Heap before GC invocations=6 (full 1):
 par new generation   total 78016K, used 75401K [0x00000006c2c00000, 0x00000006c80a0000, 0x00000006d78c0000)
  eden space 69376K, 100% used [0x00000006c2c00000, 0x00000006c6fc0000, 0x00000006c6fc0000)
  from space 8640K,  69% used [0x00000006c6fc0000, 0x00000006c75a2788, 0x00000006c7830000)
  to   space 8640K,   0% used [0x00000006c7830000, 0x00000006c7830000, 0x00000006c80a0000)
 concurrent mark-sweep generation total 173440K, used 10837K [0x00000006d78c0000, 0x00000006e2220000, 0x00000007c0000000)
 Metaspace       used 24234K, capacity 25008K, committed 25104K, reserved 1071104K
  class space    used 3111K, capacity 3320K, committed 3348K, reserved 1048576K
2018-10-12T10:48:48.521+0800: 1.995: [GC (Allocation Failure) 2018-10-12T10:48:48.521+0800: 1.995: [ParNew: 75401K->8019K(78016K), 0.0058908 secs] 86239K->19384K(251456K), 0.0059561 secs] [Times: user=0.00 sys=0.00, real=0.01 secs] 
Heap after GC invocations=7 (full 1):
 par new generation   total 78016K, used 8019K [0x00000006c2c00000, 0x00000006c80a0000, 0x00000006d78c0000)
  eden space 69376K,   0% used [0x00000006c2c00000, 0x00000006c2c00000, 0x00000006c6fc0000)
  from space 8640K,  92% used [0x00000006c7830000, 0x00000006c8004e70, 0x00000006c80a0000)
  to   space 8640K,   0% used [0x00000006c6fc0000, 0x00000006c6fc0000, 0x00000006c7830000)
 concurrent mark-sweep generation total 173440K, used 11365K [0x00000006d78c0000, 0x00000006e2220000, 0x00000007c0000000)
 Metaspace       used 24234K, capacity 25008K, committed 25104K, reserved 1071104K
  class space    used 3111K, capacity 3320K, committed 3348K, reserved 1048576K
}
2018-10-12T10:48:48.672+0800: 2.147: Application time: 0.1458984 seconds
{Heap before GC invocations=7 (full 1):
 par new generation   total 78016K, used 77395K [0x00000006c2c00000, 0x00000006c80a0000, 0x00000006d78c0000)
  eden space 69376K, 100% used [0x00000006c2c00000, 0x00000006c6fc0000, 0x00000006c6fc0000)
  from space 8640K,  92% used [0x00000006c7830000, 0x00000006c8004e70, 0x00000006c80a0000)
  to   space 8640K,   0% used [0x00000006c6fc0000, 0x00000006c6fc0000, 0x00000006c7830000)
 concurrent mark-sweep generation total 173440K, used 11365K [0x00000006d78c0000, 0x00000006e2220000, 0x00000007c0000000)
 Metaspace       used 24842K, capacity 25610K, committed 25744K, reserved 1071104K
  class space    used 3189K, capacity 3391K, committed 3476K, reserved 1048576K
2018-10-12T10:48:48.672+0800: 2.147: [GC (Allocation Failure) 2018-10-12T10:48:48.672+0800: 2.147: [ParNew: 77395K->4592K(78016K), 0.0080171 secs] 88760K->20436K(251456K), 0.0081500 secs] [Times: user=0.06 sys=0.00, real=0.01 secs] 
Heap after GC invocations=8 (full 1):
 par new generation   total 78016K, used 4592K [0x00000006c2c00000, 0x00000006c80a0000, 0x00000006d78c0000)
  eden space 69376K,   0% used [0x00000006c2c00000, 0x00000006c2c00000, 0x00000006c6fc0000)
  from space 8640K,  53% used [0x00000006c6fc0000, 0x00000006c743c0b0, 0x00000006c7830000)
  to   space 8640K,   0% used [0x00000006c7830000, 0x00000006c7830000, 0x00000006c80a0000)
 concurrent mark-sweep generation total 173440K, used 15844K [0x00000006d78c0000, 0x00000006e2220000, 0x00000007c0000000)
 Metaspace       used 24842K, capacity 25610K, committed 25744K, reserved 1071104K
  class space    used 3189K, capacity 3391K, committed 3476K, reserved 1048576K
}
2018-10-12T10:48:48.761+0800: 2.235: Application time: 0.0804041 seconds
{Heap before GC invocations=8 (full 1):
 par new generation   total 78016K, used 73968K [0x00000006c2c00000, 0x00000006c80a0000, 0x00000006d78c0000)
  eden space 69376K, 100% used [0x00000006c2c00000, 0x00000006c6fc0000, 0x00000006c6fc0000)
  from space 8640K,  53% used [0x00000006c6fc0000, 0x00000006c743c0b0, 0x00000006c7830000)
  to   space 8640K,   0% used [0x00000006c7830000, 0x00000006c7830000, 0x00000006c80a0000)
 concurrent mark-sweep generation total 173440K, used 15844K [0x00000006d78c0000, 0x00000006e2220000, 0x00000007c0000000)
 Metaspace       used 24931K, capacity 25682K, committed 26000K, reserved 1071104K
  class space    used 3204K, capacity 3391K, committed 3476K, reserved 1048576K
2018-10-12T10:48:48.761+0800: 2.235: [GC (Allocation Failure) 2018-10-12T10:48:48.761+0800: 2.235: [ParNew: 73968K->1316K(78016K), 0.0013964 secs] 89812K->17160K(251456K), 0.0014415 secs] [Times: user=0.00 sys=0.00, real=0.00 secs] 
Heap after GC invocations=9 (full 1):
 par new generation   total 78016K, used 1316K [0x00000006c2c00000, 0x00000006c80a0000, 0x00000006d78c0000)
  eden space 69376K,   0% used [0x00000006c2c00000, 0x00000006c2c00000, 0x00000006c6fc0000)
  from space 8640K,  15% used [0x00000006c7830000, 0x00000006c7979100, 0x00000006c80a0000)
  to   space 8640K,   0% used [0x00000006c6fc0000, 0x00000006c6fc0000, 0x00000006c7830000)
 concurrent mark-sweep generation total 173440K, used 15844K [0x00000006d78c0000, 0x00000006e2220000, 0x00000007c0000000)
 Metaspace       used 24931K, capacity 25682K, committed 26000K, reserved 1071104K
  class space    used 3204K, capacity 3391K, committed 3476K, reserved 1048576K
}
2018-10-12T10:48:48.831+0800: 2.305: Application time: 0.0679859 seconds
{Heap before GC invocations=9 (full 1):
 par new generation   total 78016K, used 70692K [0x00000006c2c00000, 0x00000006c80a0000, 0x00000006d78c0000)
  eden space 69376K, 100% used [0x00000006c2c00000, 0x00000006c6fc0000, 0x00000006c6fc0000)
  from space 8640K,  15% used [0x00000006c7830000, 0x00000006c7979100, 0x00000006c80a0000)
  to   space 8640K,   0% used [0x00000006c6fc0000, 0x00000006c6fc0000, 0x00000006c7830000)
 concurrent mark-sweep generation total 173440K, used 15844K [0x00000006d78c0000, 0x00000006e2220000, 0x00000007c0000000)
 Metaspace       used 25009K, capacity 25774K, committed 26000K, reserved 1071104K
  class space    used 3212K, capacity 3397K, committed 3476K, reserved 1048576K
2018-10-12T10:48:48.831+0800: 2.305: [GC (Allocation Failure) 2018-10-12T10:48:48.831+0800: 2.305: [ParNew: 70692K->1143K(78016K), 0.0014736 secs] 86536K->16987K(251456K), 0.0015392 secs] [Times: user=0.00 sys=0.00, real=0.00 secs] 
Heap after GC invocations=10 (full 1):
 par new generation   total 78016K, used 1143K [0x00000006c2c00000, 0x00000006c80a0000, 0x00000006d78c0000)
  eden space 69376K,   0% used [0x00000006c2c00000, 0x00000006c2c00000, 0x00000006c6fc0000)
  from space 8640K,  13% used [0x00000006c6fc0000, 0x00000006c70ddda0, 0x00000006c7830000)
  to   space 8640K,   0% used [0x00000006c7830000, 0x00000006c7830000, 0x00000006c80a0000)
 concurrent mark-sweep generation total 173440K, used 15844K [0x00000006d78c0000, 0x00000006e2220000, 0x00000007c0000000)
 Metaspace       used 25009K, capacity 25774K, committed 26000K, reserved 1071104K
  class space    used 3212K, capacity 3397K, committed 3476K, reserved 1048576K
}
2018-10-12T10:48:49.025+0800: 2.499: Application time: 0.1928324 seconds
{Heap before GC invocations=10 (full 1):
 par new generation   total 78016K, used 70519K [0x00000006c2c00000, 0x00000006c80a0000, 0x00000006d78c0000)
  eden space 69376K, 100% used [0x00000006c2c00000, 0x00000006c6fc0000, 0x00000006c6fc0000)
  from space 8640K,  13% used [0x00000006c6fc0000, 0x00000006c70ddda0, 0x00000006c7830000)
  to   space 8640K,   0% used [0x00000006c7830000, 0x00000006c7830000, 0x00000006c80a0000)
 concurrent mark-sweep generation total 173440K, used 15844K [0x00000006d78c0000, 0x00000006e2220000, 0x00000007c0000000)
 Metaspace       used 25784K, capacity 26558K, committed 26896K, reserved 1073152K
  class space    used 3310K, capacity 3501K, committed 3604K, reserved 1048576K
2018-10-12T10:48:49.025+0800: 2.500: [GC (Allocation Failure) 2018-10-12T10:48:49.025+0800: 2.500: [ParNew: 70519K->3307K(78016K), 0.0026259 secs] 86363K->19151K(251456K), 0.0026813 secs] [Times: user=0.00 sys=0.00, real=0.00 secs] 
Heap after GC invocations=11 (full 1):
 par new generation   total 78016K, used 3307K [0x00000006c2c00000, 0x00000006c80a0000, 0x00000006d78c0000)
  eden space 69376K,   0% used [0x00000006c2c00000, 0x00000006c2c00000, 0x00000006c6fc0000)
  from space 8640K,  38% used [0x00000006c7830000, 0x00000006c7b6ad30, 0x00000006c80a0000)
  to   space 8640K,   0% used [0x00000006c6fc0000, 0x00000006c6fc0000, 0x00000006c7830000)
 concurrent mark-sweep generation total 173440K, used 15844K [0x00000006d78c0000, 0x00000006e2220000, 0x00000007c0000000)
 Metaspace       used 25784K, capacity 26558K, committed 26896K, reserved 1073152K
  class space    used 3310K, capacity 3501K, committed 3604K, reserved 1048576K
}
2018-10-12T10:48:49.126+0800: 2.600: Application time: 0.0977482 seconds
{Heap before GC invocations=11 (full 1):
 par new generation   total 78016K, used 72683K [0x00000006c2c00000, 0x00000006c80a0000, 0x00000006d78c0000)
  eden space 69376K, 100% used [0x00000006c2c00000, 0x00000006c6fc0000, 0x00000006c6fc0000)
  from space 8640K,  38% used [0x00000006c7830000, 0x00000006c7b6ad30, 0x00000006c80a0000)
  to   space 8640K,   0% used [0x00000006c6fc0000, 0x00000006c6fc0000, 0x00000006c7830000)
 concurrent mark-sweep generation total 173440K, used 15844K [0x00000006d78c0000, 0x00000006e2220000, 0x00000007c0000000)
 Metaspace       used 25931K, capacity 26754K, committed 26896K, reserved 1073152K
  class space    used 3329K, capacity 3539K, committed 3604K, reserved 1048576K
2018-10-12T10:48:49.126+0800: 2.600: [GC (Allocation Failure) 2018-10-12T10:48:49.126+0800: 2.600: [ParNew: 72683K->3274K(78016K), 0.0027360 secs] 88527K->19118K(251456K), 0.0028047 secs] [Times: user=0.00 sys=0.00, real=0.00 secs] 
Heap after GC invocations=12 (full 1):
 par new generation   total 78016K, used 3274K [0x00000006c2c00000, 0x00000006c80a0000, 0x00000006d78c0000)
  eden space 69376K,   0% used [0x00000006c2c00000, 0x00000006c2c00000, 0x00000006c6fc0000)
  from space 8640K,  37% used [0x00000006c6fc0000, 0x00000006c72f29d8, 0x00000006c7830000)
  to   space 8640K,   0% used [0x00000006c7830000, 0x00000006c7830000, 0x00000006c80a0000)
 concurrent mark-sweep generation total 173440K, used 15844K [0x00000006d78c0000, 0x00000006e2220000, 0x00000007c0000000)
 Metaspace       used 25931K, capacity 26754K, committed 26896K, reserved 1073152K
  class space    used 3329K, capacity 3539K, committed 3604K, reserved 1048576K
}
2018-10-12T10:48:49.268+0800: 2.742: Application time: 0.1388009 seconds
2018-10-12T10:48:49.283+0800: 2.757: Application time: 0.0144069 seconds
2018-10-12T10:48:49.488+0800: 2.962: Application time: 0.2050495 seconds
{Heap before GC invocations=12 (full 1):
 par new generation   total 78016K, used 72650K [0x00000006c2c00000, 0x00000006c80a0000, 0x00000006d78c0000)
  eden space 69376K, 100% used [0x00000006c2c00000, 0x00000006c6fc0000, 0x00000006c6fc0000)
  from space 8640K,  37% used [0x00000006c6fc0000, 0x00000006c72f29d8, 0x00000006c7830000)
  to   space 8640K,   0% used [0x00000006c7830000, 0x00000006c7830000, 0x00000006c80a0000)
 concurrent mark-sweep generation total 173440K, used 15844K [0x00000006d78c0000, 0x00000006e2220000, 0x00000007c0000000)
 Metaspace       used 27209K, capacity 28138K, committed 28304K, reserved 1073152K
  class space    used 3516K, capacity 3731K, committed 3732K, reserved 1048576K
2018-10-12T10:48:49.488+0800: 2.962: [GC (Allocation Failure) 2018-10-12T10:48:49.488+0800: 2.962: [ParNew: 72650K->4996K(78016K), 0.0051567 secs] 88494K->20841K(251456K), 0.0052159 secs] [Times: user=0.00 sys=0.00, real=0.01 secs] 
Heap after GC invocations=13 (full 1):
 par new generation   total 78016K, used 4996K [0x00000006c2c00000, 0x00000006c80a0000, 0x00000006d78c0000)
  eden space 69376K,   0% used [0x00000006c2c00000, 0x00000006c2c00000, 0x00000006c6fc0000)
  from space 8640K,  57% used [0x00000006c7830000, 0x00000006c7d113b8, 0x00000006c80a0000)
  to   space 8640K,   0% used [0x00000006c6fc0000, 0x00000006c6fc0000, 0x00000006c7830000)
 concurrent mark-sweep generation total 173440K, used 15844K [0x00000006d78c0000, 0x00000006e2220000, 0x00000007c0000000)
 Metaspace       used 27209K, capacity 28138K, committed 28304K, reserved 1073152K
  class space    used 3516K, capacity 3731K, committed 3732K, reserved 1048576K
}
2018-10-12T10:48:49.751+0800: 3.226: Application time: 0.2587245 seconds
{Heap before GC invocations=13 (full 1):
 par new generation   total 78016K, used 74372K [0x00000006c2c00000, 0x00000006c80a0000, 0x00000006d78c0000)
  eden space 69376K, 100% used [0x00000006c2c00000, 0x00000006c6fc0000, 0x00000006c6fc0000)
  from space 8640K,  57% used [0x00000006c7830000, 0x00000006c7d113b8, 0x00000006c80a0000)
  to   space 8640K,   0% used [0x00000006c6fc0000, 0x00000006c6fc0000, 0x00000006c7830000)
 concurrent mark-sweep generation total 173440K, used 15844K [0x00000006d78c0000, 0x00000006e2220000, 0x00000007c0000000)
 Metaspace       used 28025K, capacity 28994K, committed 29328K, reserved 1075200K
  class space    used 3654K, capacity 3899K, committed 3988K, reserved 1048576K
2018-10-12T10:48:49.752+0800: 3.226: [GC (Allocation Failure) 2018-10-12T10:48:49.752+0800: 3.226: [ParNew: 74372K->5793K(78016K), 0.0042973 secs] 90217K->22148K(251456K), 0.0043446 secs] [Times: user=0.00 sys=0.00, real=0.00 secs] 
Heap after GC invocations=14 (full 1):
 par new generation   total 78016K, used 5793K [0x00000006c2c00000, 0x00000006c80a0000, 0x00000006d78c0000)
  eden space 69376K,   0% used [0x00000006c2c00000, 0x00000006c2c00000, 0x00000006c6fc0000)
  from space 8640K,  67% used [0x00000006c6fc0000, 0x00000006c7568798, 0x00000006c7830000)
  to   space 8640K,   0% used [0x00000006c7830000, 0x00000006c7830000, 0x00000006c80a0000)
 concurrent mark-sweep generation total 173440K, used 16354K [0x00000006d78c0000, 0x00000006e2220000, 0x00000007c0000000)
 Metaspace       used 28025K, capacity 28994K, committed 29328K, reserved 1075200K
  class space    used 3654K, capacity 3899K, committed 3988K, reserved 1048576K
}
2018-10-12T10:48:49.761+0800: 3.236: Application time: 0.0053425 seconds
2018-10-12T10:48:49.762+0800: 3.237: Application time: 0.0002119 seconds
2018-10-12T10:48:49.835+0800: 3.310: Application time: 0.0728069 seconds
2018-10-12T10:48:49.865+0800: 3.340: Application time: 0.0300214 seconds
2018-10-12T10:48:49.940+0800: 3.414: Application time: 0.0741574 seconds
{Heap before GC invocations=14 (full 1):
 par new generation   total 78016K, used 75169K [0x00000006c2c00000, 0x00000006c80a0000, 0x00000006d78c0000)
  eden space 69376K, 100% used [0x00000006c2c00000, 0x00000006c6fc0000, 0x00000006c6fc0000)
  from space 8640K,  67% used [0x00000006c6fc0000, 0x00000006c7568798, 0x00000006c7830000)
  to   space 8640K,   0% used [0x00000006c7830000, 0x00000006c7830000, 0x00000006c80a0000)
 concurrent mark-sweep generation total 173440K, used 16354K [0x00000006d78c0000, 0x00000006e2220000, 0x00000007c0000000)
 Metaspace       used 28830K, capacity 29920K, committed 30224K, reserved 1075200K
  class space    used 3780K, capacity 4032K, committed 4116K, reserved 1048576K
2018-10-12T10:48:49.940+0800: 3.415: [GC (Allocation Failure) 2018-10-12T10:48:49.940+0800: 3.415: [ParNew: 75169K->4872K(78016K), 0.0049867 secs] 91524K->21226K(251456K), 0.0050590 secs] [Times: user=0.00 sys=0.00, real=0.00 secs] 
Heap after GC invocations=15 (full 1):
 par new generation   total 78016K, used 4872K [0x00000006c2c00000, 0x00000006c80a0000, 0x00000006d78c0000)
  eden space 69376K,   0% used [0x00000006c2c00000, 0x00000006c2c00000, 0x00000006c6fc0000)
  from space 8640K,  56% used [0x00000006c7830000, 0x00000006c7cf2048, 0x00000006c80a0000)
  to   space 8640K,   0% used [0x00000006c6fc0000, 0x00000006c6fc0000, 0x00000006c7830000)
 concurrent mark-sweep generation total 173440K, used 16354K [0x00000006d78c0000, 0x00000006e2220000, 0x00000007c0000000)
 Metaspace       used 28830K, capacity 29920K, committed 30224K, reserved 1075200K
  class space    used 3780K, capacity 4032K, committed 4116K, reserved 1048576K
}
2018-10-12T10:48:49.967+0800: 3.441: Application time: 0.0212201 seconds
2018-10-12T10:48:50.275+0800: 3.749: Application time: 0.3076836 seconds
{Heap before GC invocations=15 (full 1):
 par new generation   total 78016K, used 74248K [0x00000006c2c00000, 0x00000006c80a0000, 0x00000006d78c0000)
  eden space 69376K, 100% used [0x00000006c2c00000, 0x00000006c6fc0000, 0x00000006c6fc0000)
  from space 8640K,  56% used [0x00000006c7830000, 0x00000006c7cf2048, 0x00000006c80a0000)
  to   space 8640K,   0% used [0x00000006c6fc0000, 0x00000006c6fc0000, 0x00000006c7830000)
 concurrent mark-sweep generation total 173440K, used 16354K [0x00000006d78c0000, 0x00000006e2220000, 0x00000007c0000000)
 Metaspace       used 30790K, capacity 31944K, committed 32272K, reserved 1077248K
  class space    used 4028K, capacity 4282K, committed 4372K, reserved 1048576K
2018-10-12T10:48:50.275+0800: 3.749: [GC (Allocation Failure) 2018-10-12T10:48:50.275+0800: 3.749: [ParNew: 74248K->7825K(78016K), 0.0068591 secs] 90602K->24180K(251456K), 0.0069201 secs] [Times: user=0.03 sys=0.00, real=0.01 secs] 
Heap after GC invocations=16 (full 1):
 par new generation   total 78016K, used 7825K [0x00000006c2c00000, 0x00000006c80a0000, 0x00000006d78c0000)
  eden space 69376K,   0% used [0x00000006c2c00000, 0x00000006c2c00000, 0x00000006c6fc0000)
  from space 8640K,  90% used [0x00000006c6fc0000, 0x00000006c77647d0, 0x00000006c7830000)
  to   space 8640K,   0% used [0x00000006c7830000, 0x00000006c7830000, 0x00000006c80a0000)
 concurrent mark-sweep generation total 173440K, used 16354K [0x00000006d78c0000, 0x00000006e2220000, 0x00000007c0000000)
 Metaspace       used 30790K, capacity 31944K, committed 32272K, reserved 1077248K
  class space    used 4028K, capacity 4282K, committed 4372K, reserved 1048576K
}
2018-10-12T10:48:50.449+0800: 3.923: Application time: 0.1669105 seconds
{Heap before GC invocations=16 (full 1):
 par new generation   total 78016K, used 77201K [0x00000006c2c00000, 0x00000006c80a0000, 0x00000006d78c0000)
  eden space 69376K, 100% used [0x00000006c2c00000, 0x00000006c6fc0000, 0x00000006c6fc0000)
  from space 8640K,  90% used [0x00000006c6fc0000, 0x00000006c77647d0, 0x00000006c7830000)
  to   space 8640K,   0% used [0x00000006c7830000, 0x00000006c7830000, 0x00000006c80a0000)
 concurrent mark-sweep generation total 173440K, used 16354K [0x00000006d78c0000, 0x00000006e2220000, 0x00000007c0000000)
 Metaspace       used 31333K, capacity 32528K, committed 32784K, reserved 1077248K
  class space    used 4093K, capacity 4334K, committed 4372K, reserved 1048576K
2018-10-12T10:48:50.449+0800: 3.923: [GC (Allocation Failure) 2018-10-12T10:48:50.449+0800: 3.923: [ParNew: 77201K->5599K(78016K), 0.0070587 secs] 93556K->24161K(251456K), 0.0071913 secs] [Times: user=0.06 sys=0.00, real=0.01 secs] 
Heap after GC invocations=17 (full 1):
 par new generation   total 78016K, used 5599K [0x00000006c2c00000, 0x00000006c80a0000, 0x00000006d78c0000)
  eden space 69376K,   0% used [0x00000006c2c00000, 0x00000006c2c00000, 0x00000006c6fc0000)
  from space 8640K,  64% used [0x00000006c7830000, 0x00000006c7da7fb8, 0x00000006c80a0000)
  to   space 8640K,   0% used [0x00000006c6fc0000, 0x00000006c6fc0000, 0x00000006c7830000)
 concurrent mark-sweep generation total 173440K, used 18561K [0x00000006d78c0000, 0x00000006e2220000, 0x00000007c0000000)
 Metaspace       used 31333K, capacity 32528K, committed 32784K, reserved 1077248K
  class space    used 4093K, capacity 4334K, committed 4372K, reserved 1048576K
}
2018-10-12T10:48:50.658+0800: 4.132: Application time: 0.2019084 seconds
{Heap before GC invocations=17 (full 1):
 par new generation   total 78016K, used 74975K [0x00000006c2c00000, 0x00000006c80a0000, 0x00000006d78c0000)
  eden space 69376K, 100% used [0x00000006c2c00000, 0x00000006c6fc0000, 0x00000006c6fc0000)
  from space 8640K,  64% used [0x00000006c7830000, 0x00000006c7da7fb8, 0x00000006c80a0000)
  to   space 8640K,   0% used [0x00000006c6fc0000, 0x00000006c6fc0000, 0x00000006c7830000)
 concurrent mark-sweep generation total 173440K, used 18561K [0x00000006d78c0000, 0x00000006e2220000, 0x00000007c0000000)
 Metaspace       used 32754K, capacity 33936K, committed 34064K, reserved 1079296K
  class space    used 4269K, capacity 4514K, committed 4628K, reserved 1048576K
2018-10-12T10:48:50.658+0800: 4.132: [GC (Allocation Failure) 2018-10-12T10:48:50.658+0800: 4.132: [ParNew: 74975K->6086K(78016K), 0.0047825 secs] 93537K->24647K(251456K), 0.0048411 secs] [Times: user=0.00 sys=0.00, real=0.01 secs] 
Heap after GC invocations=18 (full 1):
 par new generation   total 78016K, used 6086K [0x00000006c2c00000, 0x00000006c80a0000, 0x00000006d78c0000)
  eden space 69376K,   0% used [0x00000006c2c00000, 0x00000006c2c00000, 0x00000006c6fc0000)
  from space 8640K,  70% used [0x00000006c6fc0000, 0x00000006c75b18e8, 0x00000006c7830000)
  to   space 8640K,   0% used [0x00000006c7830000, 0x00000006c7830000, 0x00000006c80a0000)
 concurrent mark-sweep generation total 173440K, used 18561K [0x00000006d78c0000, 0x00000006e2220000, 0x00000007c0000000)
 Metaspace       used 32754K, capacity 33936K, committed 34064K, reserved 1079296K
  class space    used 4269K, capacity 4514K, committed 4628K, reserved 1048576K
}
2018-10-12T10:48:50.667+0800: 4.141: Application time: 0.0033453 seconds
2018-10-12T10:48:50.682+0800: 4.157: Application time: 0.0154556 seconds
2018-10-12T10:48:50.684+0800: 4.159: Application time: 0.0016813 seconds
2018-10-12T10:48:50.832+0800: 4.306: Application time: 0.1471474 seconds
{Heap before GC invocations=18 (full 1):
 par new generation   total 78016K, used 75462K [0x00000006c2c00000, 0x00000006c80a0000, 0x00000006d78c0000)
  eden space 69376K, 100% used [0x00000006c2c00000, 0x00000006c6fc0000, 0x00000006c6fc0000)
  from space 8640K,  70% used [0x00000006c6fc0000, 0x00000006c75b18e8, 0x00000006c7830000)
  to   space 8640K,   0% used [0x00000006c7830000, 0x00000006c7830000, 0x00000006c80a0000)
 concurrent mark-sweep generation total 173440K, used 18561K [0x00000006d78c0000, 0x00000006e2220000, 0x00000007c0000000)
 Metaspace       used 33899K, capacity 35164K, committed 35216K, reserved 1079296K
  class space    used 4417K, capacity 4708K, committed 4756K, reserved 1048576K
2018-10-12T10:48:50.832+0800: 4.306: [GC (Allocation Failure) 2018-10-12T10:48:50.832+0800: 4.306: [ParNew: 75462K->5319K(78016K), 0.0057565 secs] 94023K->25015K(251456K), 0.0058154 secs] [Times: user=0.00 sys=0.00, real=0.01 secs] 
Heap after GC invocations=19 (full 1):
 par new generation   total 78016K, used 5319K [0x00000006c2c00000, 0x00000006c80a0000, 0x00000006d78c0000)
  eden space 69376K,   0% used [0x00000006c2c00000, 0x00000006c2c00000, 0x00000006c6fc0000)
  from space 8640K,  61% used [0x00000006c7830000, 0x00000006c7d61d38, 0x00000006c80a0000)
  to   space 8640K,   0% used [0x00000006c6fc0000, 0x00000006c6fc0000, 0x00000006c7830000)
 concurrent mark-sweep generation total 173440K, used 19695K [0x00000006d78c0000, 0x00000006e2220000, 0x00000007c0000000)
 Metaspace       used 33899K, capacity 35164K, committed 35216K, reserved 1079296K
  class space    used 4417K, capacity 4708K, committed 4756K, reserved 1048576K
}
2018-10-12T10:48:50.838+0800: 4.312: Application time: 0.0000501 seconds
2018-10-12T10:48:50.839+0800: 4.312: Application time: 0.0000755 seconds
2018-10-12T10:48:50.839+0800: 4.312: Application time: 0.0000194 seconds
2018-10-12T10:48:50.839+0800: 4.313: Application time: 0.0000219 seconds
2018-10-12T10:48:50.839+0800: 4.313: Application time: 0.0000219 seconds
2018-10-12T10:48:50.839+0800: 4.313: Application time: 0.0000183 seconds
2018-10-12T10:48:50.839+0800: 4.313: Application time: 0.0000190 seconds
2018-10-12T10:48:50.839+0800: 4.313: Application time: 0.0000169 seconds
2018-10-12T10:48:50.839+0800: 4.313: Application time: 0.0000155 seconds
2018-10-12T10:48:50.839+0800: 4.313: Application time: 0.0000166 seconds
2018-10-12T10:48:50.839+0800: 4.313: Application time: 0.0000166 seconds
2018-10-12T10:48:50.839+0800: 4.313: Application time: 0.0000159 seconds
2018-10-12T10:48:50.839+0800: 4.313: Application time: 0.0000145 seconds
2018-10-12T10:48:50.839+0800: 4.313: Application time: 0.0000162 seconds
2018-10-12T10:48:50.839+0800: 4.313: Application time: 0.0000176 seconds
2018-10-12T10:48:50.839+0800: 4.313: Application time: 0.0000282 seconds
2018-10-12T10:48:50.840+0800: 4.313: Application time: 0.0000215 seconds
2018-10-12T10:48:50.840+0800: 4.313: Application time: 0.0000219 seconds
2018-10-12T10:48:50.840+0800: 4.314: Application time: 0.0000212 seconds
2018-10-12T10:48:50.840+0800: 4.314: Application time: 0.0000176 seconds
2018-10-12T10:48:50.909+0800: 4.384: Application time: 0.0703837 seconds
2018-10-12T10:48:50.921+0800: 4.396: Application time: 0.0116067 seconds
2018-10-12T10:48:50.982+0800: 4.457: Application time: 0.0607058 seconds
2018-10-12T10:48:50.989+0800: 4.463: Application time: 0.0064652 seconds
2018-10-12T10:48:51.007+0800: 4.482: Application time: 0.0183206 seconds
{Heap before GC invocations=19 (full 1):
 par new generation   total 78016K, used 74695K [0x00000006c2c00000, 0x00000006c80a0000, 0x00000006d78c0000)
  eden space 69376K, 100% used [0x00000006c2c00000, 0x00000006c6fc0000, 0x00000006c6fc0000)
  from space 8640K,  61% used [0x00000006c7830000, 0x00000006c7d61d38, 0x00000006c80a0000)
  to   space 8640K,   0% used [0x00000006c6fc0000, 0x00000006c6fc0000, 0x00000006c7830000)
 concurrent mark-sweep generation total 173440K, used 19695K [0x00000006d78c0000, 0x00000006e2220000, 0x00000007c0000000)
 Metaspace       used 34580K, capacity 35920K, committed 36112K, reserved 1081344K
  class space    used 4496K, capacity 4792K, committed 4884K, reserved 1048576K
2018-10-12T10:48:51.007+0800: 4.482: [GC (Allocation Failure) 2018-10-12T10:48:51.007+0800: 4.482: [ParNew: 74695K->6067K(78016K), 0.0047293 secs] 94391K->25763K(251456K), 0.0048062 secs] [Times: user=0.00 sys=0.00, real=0.01 secs] 
Heap after GC invocations=20 (full 1):
 par new generation   total 78016K, used 6067K [0x00000006c2c00000, 0x00000006c80a0000, 0x00000006d78c0000)
  eden space 69376K,   0% used [0x00000006c2c00000, 0x00000006c2c00000, 0x00000006c6fc0000)
  from space 8640K,  70% used [0x00000006c6fc0000, 0x00000006c75acfa0, 0x00000006c7830000)
  to   space 8640K,   0% used [0x00000006c7830000, 0x00000006c7830000, 0x00000006c80a0000)
 concurrent mark-sweep generation total 173440K, used 19695K [0x00000006d78c0000, 0x00000006e2220000, 0x00000007c0000000)
 Metaspace       used 34580K, capacity 35920K, committed 36112K, reserved 1081344K
  class space    used 4496K, capacity 4792K, committed 4884K, reserved 1048576K
}
2018-10-12T10:48:51.012+0800: 4.487: Application time: 0.0000532 seconds
2018-10-12T10:48:51.012+0800: 4.487: Application time: 0.0000254 seconds
2018-10-12T10:48:51.012+0800: 4.487: Application time: 0.0000254 seconds
2018-10-12T10:48:51.013+0800: 4.487: Application time: 0.0000236 seconds
2018-10-12T10:48:51.013+0800: 4.487: Application time: 0.0000194 seconds
2018-10-12T10:48:51.013+0800: 4.487: Application time: 0.0000173 seconds
2018-10-12T10:48:51.013+0800: 4.487: Application time: 0.0000180 seconds
2018-10-12T10:48:51.013+0800: 4.487: Application time: 0.0000169 seconds
2018-10-12T10:48:51.013+0800: 4.487: Application time: 0.0000166 seconds
2018-10-12T10:48:51.013+0800: 4.487: Application time: 0.0000155 seconds
2018-10-12T10:48:51.013+0800: 4.487: Application time: 0.0000155 seconds
2018-10-12T10:48:51.013+0800: 4.488: Application time: 0.0000155 seconds
2018-10-12T10:48:51.013+0800: 4.488: Application time: 0.0000212 seconds
2018-10-12T10:48:51.013+0800: 4.488: Application time: 0.0000159 seconds
2018-10-12T10:48:51.013+0800: 4.488: Application time: 0.0000155 seconds
2018-10-12T10:48:51.013+0800: 4.488: Application time: 0.0000169 seconds
2018-10-12T10:48:51.013+0800: 4.488: Application time: 0.0000169 seconds
2018-10-12T10:48:51.014+0800: 4.488: Application time: 0.0000194 seconds
2018-10-12T10:48:51.014+0800: 4.488: Application time: 0.0000212 seconds
2018-10-12T10:48:51.014+0800: 4.488: Application time: 0.0000197 seconds
2018-10-12T10:48:51.200+0800: 4.674: Application time: 0.1856542 seconds
{Heap before GC invocations=20 (full 1):
 par new generation   total 78016K, used 75443K [0x00000006c2c00000, 0x00000006c80a0000, 0x00000006d78c0000)
  eden space 69376K, 100% used [0x00000006c2c00000, 0x00000006c6fc0000, 0x00000006c6fc0000)
  from space 8640K,  70% used [0x00000006c6fc0000, 0x00000006c75acfa0, 0x00000006c7830000)
  to   space 8640K,   0% used [0x00000006c7830000, 0x00000006c7830000, 0x00000006c80a0000)
 concurrent mark-sweep generation total 173440K, used 19695K [0x00000006d78c0000, 0x00000006e2220000, 0x00000007c0000000)
 Metaspace       used 35081K, capacity 36698K, committed 37008K, reserved 1081344K
  class space    used 4586K, capacity 4903K, committed 5012K, reserved 1048576K
2018-10-12T10:48:51.200+0800: 4.674: [GC (Allocation Failure) 2018-10-12T10:48:51.200+0800: 4.674: [ParNew: 75443K->6786K(78016K), 0.0066260 secs] 95139K->26481K(251456K), 0.0066867 secs] [Times: user=0.06 sys=0.00, real=0.01 secs] 
Heap after GC invocations=21 (full 1):
 par new generation   total 78016K, used 6786K [0x00000006c2c00000, 0x00000006c80a0000, 0x00000006d78c0000)
  eden space 69376K,   0% used [0x00000006c2c00000, 0x00000006c2c00000, 0x00000006c6fc0000)
  from space 8640K,  78% used [0x00000006c7830000, 0x00000006c7ed0810, 0x00000006c80a0000)
  to   space 8640K,   0% used [0x00000006c6fc0000, 0x00000006c6fc0000, 0x00000006c7830000)
 concurrent mark-sweep generation total 173440K, used 19695K [0x00000006d78c0000, 0x00000006e2220000, 0x00000007c0000000)
 Metaspace       used 35081K, capacity 36698K, committed 37008K, reserved 1081344K
  class space    used 4586K, capacity 4903K, committed 5012K, reserved 1048576K
}
2018-10-12T10:48:51.231+0800: 4.706: Application time: 0.0249113 seconds
2018-10-12T10:48:51.232+0800: 4.707: Application time: 0.0006767 seconds
2018-10-12T10:48:51.238+0800: 4.713: Application time: 0.0057593 seconds
2018-10-12T10:48:51.395+0800: 4.870: Application time: 0.1569815 seconds
2018-10-12T10:48:51.510+0800: 4.984: Application time: 0.1137824 seconds
2018-10-12T10:48:51.743+0800: 5.217: Application time: 0.2333213 seconds
2018-10-12T10:48:51.993+0800: 5.467: Application time: 0.2502921 seconds
2018-10-12T10:48:52.244+0800: 5.718: Application time: 0.2502159 seconds
2018-10-12T10:48:52.493+0800: 5.967: Application time: 0.2492610 seconds
2018-10-12T10:48:52.743+0800: 6.217: Application time: 0.2502822 seconds
2018-10-12T10:48:52.994+0800: 6.468: Application time: 0.2503114 seconds
2018-10-12T10:48:53.243+0800: 6.717: Application time: 0.2492021 seconds
2018-10-12T10:48:53.493+0800: 6.967: Application time: 0.2502917 seconds
2018-10-12T10:48:53.744+0800: 7.218: Application time: 0.2502935 seconds
2018-10-12T10:48:53.993+0800: 7.467: Application time: 0.2492536 seconds
2018-10-12T10:48:54.243+0800: 7.717: Application time: 0.2501993 seconds
2018-10-12T10:48:54.494+0800: 7.968: Application time: 0.2502681 seconds
2018-10-12T10:48:54.770+0800: 8.244: Application time: 0.2762559 seconds
2018-10-12T10:48:55.113+0800: 8.587: Application time: 0.3429041 seconds
2018-10-12T10:48:55.266+0800: 8.740: Application time: 0.1524328 seconds
2018-10-12T10:48:55.514+0800: 8.988: Application time: 0.2482913 seconds
2018-10-12T10:48:55.764+0800: 9.238: Application time: 0.2502222 seconds
2018-10-12T10:48:56.015+0800: 9.489: Application time: 0.2502494 seconds
2018-10-12T10:48:56.355+0800: 9.829: Application time: 0.3405436 seconds
2018-10-12T10:48:56.408+0800: 9.882: Application time: 0.0525561 seconds
2018-10-12T10:48:56.415+0800: 9.889: Application time: 0.0053806 seconds
2018-10-12T10:48:56.570+0800: 10.045: Application time: 0.1544899 seconds
{Heap before GC invocations=21 (full 1):
 par new generation   total 78016K, used 76162K [0x00000006c2c00000, 0x00000006c80a0000, 0x00000006d78c0000)
  eden space 69376K, 100% used [0x00000006c2c00000, 0x00000006c6fc0000, 0x00000006c6fc0000)
  from space 8640K,  78% used [0x00000006c7830000, 0x00000006c7ed0810, 0x00000006c80a0000)
  to   space 8640K,   0% used [0x00000006c6fc0000, 0x00000006c6fc0000, 0x00000006c7830000)
 concurrent mark-sweep generation total 173440K, used 19695K [0x00000006d78c0000, 0x00000006e2220000, 0x00000007c0000000)
 Metaspace       used 37472K, capacity 39070K, committed 39312K, reserved 1083392K
  class space    used 4885K, capacity 5197K, committed 5268K, reserved 1048576K
2018-10-12T10:48:56.572+0800: 10.046: [GC (Allocation Failure) 2018-10-12T10:48:56.572+0800: 10.046: [ParNew: 76162K->8640K(78016K), 0.0079399 secs] 95857K->30656K(251456K), 0.0080058 secs] [Times: user=0.03 sys=0.00, real=0.01 secs] 
Heap after GC invocations=22 (full 1):
 par new generation   total 78016K, used 8640K [0x00000006c2c00000, 0x00000006c80a0000, 0x00000006d78c0000)
  eden space 69376K,   0% used [0x00000006c2c00000, 0x00000006c2c00000, 0x00000006c6fc0000)
  from space 8640K, 100% used [0x00000006c6fc0000, 0x00000006c7830000, 0x00000006c7830000)
  to   space 8640K,   0% used [0x00000006c7830000, 0x00000006c7830000, 0x00000006c80a0000)
 concurrent mark-sweep generation total 173440K, used 22016K [0x00000006d78c0000, 0x00000006e2220000, 0x00000007c0000000)
 Metaspace       used 37472K, capacity 39070K, committed 39312K, reserved 1083392K
  class space    used 4885K, capacity 5197K, committed 5268K, reserved 1048576K
}
2018-10-12T10:48:56.582+0800: 10.056: Application time: 0.0020625 seconds
2018-10-12T10:48:56.623+0800: 10.097: Application time: 0.0393665 seconds
2018-10-12T10:48:56.630+0800: 10.104: Application time: 0.0049687 seconds
2018-10-12T10:48:56.636+0800: 10.111: Application time: 0.0061810 seconds
2018-10-12T10:48:56.637+0800: 10.111: Application time: 0.0003212 seconds
2018-10-12T10:48:56.637+0800: 10.111: Application time: 0.0001100 seconds
2018-10-12T10:48:56.637+0800: 10.111: Application time: 0.0000448 seconds
2018-10-12T10:48:56.640+0800: 10.115: Application time: 0.0032617 seconds
2018-10-12T10:48:56.643+0800: 10.117: Application time: 0.0026178 seconds
2018-10-12T10:48:56.649+0800: 10.123: Application time: 0.0058295 seconds
2018-10-12T10:48:56.654+0800: 10.128: Application time: 0.0048520 seconds
2018-10-12T10:48:56.665+0800: 10.139: Application time: 0.0106176 seconds
2018-10-12T10:48:56.666+0800: 10.141: Application time: 0.0013276 seconds
2018-10-12T10:48:56.668+0800: 10.143: Application time: 0.0018061 seconds
2018-10-12T10:48:56.671+0800: 10.145: Application time: 0.0027719 seconds
2018-10-12T10:48:56.679+0800: 10.153: Application time: 0.0076162 seconds
2018-10-12T10:48:56.679+0800: 10.153: Application time: 0.0000257 seconds
2018-10-12T10:48:56.679+0800: 10.154: Application time: 0.0000205 seconds
2018-10-12T10:48:56.679+0800: 10.154: Application time: 0.0000194 seconds
2018-10-12T10:48:56.679+0800: 10.154: Application time: 0.0000229 seconds
2018-10-12T10:48:56.680+0800: 10.154: Application time: 0.0000194 seconds
2018-10-12T10:48:56.680+0800: 10.154: Application time: 0.0000180 seconds
2018-10-12T10:48:56.680+0800: 10.154: Application time: 0.0000183 seconds
2018-10-12T10:48:56.680+0800: 10.154: Application time: 0.0000197 seconds
2018-10-12T10:48:56.680+0800: 10.154: Application time: 0.0000197 seconds
2018-10-12T10:48:56.680+0800: 10.154: Application time: 0.0000229 seconds
2018-10-12T10:48:56.701+0800: 10.175: Application time: 0.0211186 seconds
2018-10-12T10:48:56.703+0800: 10.177: Application time: 0.0000434 seconds
2018-10-12T10:48:56.723+0800: 10.197: Application time: 0.0204719 seconds
2018-10-12T10:48:56.795+0800: 10.269: Application time: 0.0714970 seconds
2018-10-12T10:48:56.795+0800: 10.269: Application time: 0.0002176 seconds
2018-10-12T10:48:56.798+0800: 10.272: Application time: 0.0028897 seconds
2018-10-12T10:48:56.802+0800: 10.276: Application time: 0.0034264 seconds
2018-10-12T10:48:56.802+0800: 10.276: Application time: 0.0000356 seconds
2018-10-12T10:48:56.803+0800: 10.277: Application time: 0.0003523 seconds
2018-10-12T10:48:56.804+0800: 10.278: Application time: 0.0016337 seconds
2018-10-12T10:48:56.805+0800: 10.279: Application time: 0.0000324 seconds
2018-10-12T10:48:56.805+0800: 10.279: Application time: 0.0003128 seconds
2018-10-12T10:48:56.816+0800: 10.290: Application time: 0.0112037 seconds
2018-10-12T10:48:56.818+0800: 10.292: Application time: 0.0000434 seconds
2018-10-12T10:48:56.818+0800: 10.292: Application time: 0.0003533 seconds
2018-10-12T10:48:56.824+0800: 10.298: Application time: 0.0055527 seconds
2018-10-12T10:48:56.883+0800: 10.358: Application time: 0.0602873 seconds
{Heap before GC invocations=22 (full 1):
 par new generation   total 78016K, used 78016K [0x00000006c2c00000, 0x00000006c80a0000, 0x00000006d78c0000)
  eden space 69376K, 100% used [0x00000006c2c00000, 0x00000006c6fc0000, 0x00000006c6fc0000)
  from space 8640K, 100% used [0x00000006c6fc0000, 0x00000006c7830000, 0x00000006c7830000)
  to   space 8640K,   0% used [0x00000006c7830000, 0x00000006c7830000, 0x00000006c80a0000)
 concurrent mark-sweep generation total 173440K, used 22016K [0x00000006d78c0000, 0x00000006e2220000, 0x00000007c0000000)
 Metaspace       used 38742K, capacity 40372K, committed 40604K, reserved 1085440K
  class space    used 5021K, capacity 5330K, committed 5396K, reserved 1048576K
2018-10-12T10:48:56.883+0800: 10.358: [GC (Allocation Failure) 2018-10-12T10:48:56.883+0800: 10.358: [ParNew: 78016K->8640K(78016K), 0.0097185 secs] 100032K->34604K(251456K), 0.0097664 secs] [Times: user=0.05 sys=0.02, real=0.01 secs] 
Heap after GC invocations=23 (full 1):
 par new generation   total 78016K, used 8640K [0x00000006c2c00000, 0x00000006c80a0000, 0x00000006d78c0000)
  eden space 69376K,   0% used [0x00000006c2c00000, 0x00000006c2c00000, 0x00000006c6fc0000)
  from space 8640K, 100% used [0x00000006c7830000, 0x00000006c80a0000, 0x00000006c80a0000)
  to   space 8640K,   0% used [0x00000006c6fc0000, 0x00000006c6fc0000, 0x00000006c7830000)
 concurrent mark-sweep generation total 173440K, used 25964K [0x00000006d78c0000, 0x00000006e2220000, 0x00000007c0000000)
 Metaspace       used 38742K, capacity 40372K, committed 40604K, reserved 1085440K
  class space    used 5021K, capacity 5330K, committed 5396K, reserved 1048576K
}
2018-10-12T10:48:56.893+0800: 10.368: Application time: 0.0000494 seconds
2018-10-12T10:48:56.893+0800: 10.368: [GC (CMS Initial Mark) [1 CMS-initial-mark: 25964K(173440K)] 35524K(251456K), 0.0010698 secs] [Times: user=0.00 sys=0.00, real=0.00 secs] 
2018-10-12T10:48:56.895+0800: 10.369: [CMS-concurrent-mark-start]
2018-10-12T10:48:56.943+0800: 10.417: [CMS-concurrent-mark: 0.048/0.048 secs] [Times: user=0.14 sys=0.02, real=0.05 secs] 
2018-10-12T10:48:56.943+0800: 10.417: [CMS-concurrent-preclean-start]
2018-10-12T10:48:56.944+0800: 10.419: [CMS-concurrent-preclean: 0.001/0.001 secs] [Times: user=0.00 sys=0.00, real=0.00 secs] 
2018-10-12T10:48:56.944+0800: 10.419: [CMS-concurrent-abortable-preclean-start]
2018-10-12T10:48:56.979+0800: 10.453: Application time: 0.0842356 seconds
2018-10-12T10:48:56.979+0800: 10.454: Application time: 0.0001142 seconds
2018-10-12T10:48:56.979+0800: 10.454: Application time: 0.0000257 seconds
2018-10-12T10:48:56.979+0800: 10.454: Application time: 0.0000236 seconds
2018-10-12T10:48:56.980+0800: 10.454: Application time: 0.0000339 seconds
2018-10-12T10:48:56.980+0800: 10.454: Application time: 0.0000473 seconds
2018-10-12T10:48:56.980+0800: 10.454: Application time: 0.0002803 seconds
2018-10-12T10:48:56.980+0800: 10.454: Application time: 0.0000226 seconds
2018-10-12T10:48:56.980+0800: 10.455: Application time: 0.0000215 seconds
2018-10-12T10:48:56.980+0800: 10.455: Application time: 0.0000250 seconds
2018-10-12T10:48:56.989+0800: 10.463: Application time: 0.0083944 seconds
2018-10-12T10:48:57.071+0800: 10.545: Application time: 0.0800084 seconds
2018-10-12T10:48:57.180+0800: 10.654: Application time: 0.1084794 seconds
{Heap before GC invocations=23 (full 2):
 par new generation   total 78016K, used 78016K [0x00000006c2c00000, 0x00000006c80a0000, 0x00000006d78c0000)
  eden space 69376K, 100% used [0x00000006c2c00000, 0x00000006c6fc0000, 0x00000006c6fc0000)
  from space 8640K, 100% used [0x00000006c7830000, 0x00000006c80a0000, 0x00000006c80a0000)
  to   space 8640K,   0% used [0x00000006c6fc0000, 0x00000006c6fc0000, 0x00000006c7830000)
 concurrent mark-sweep generation total 173440K, used 25964K [0x00000006d78c0000, 0x00000006e2220000, 0x00000007c0000000)
 Metaspace       used 39156K, capacity 40806K, committed 41012K, reserved 1085440K
  class space    used 5077K, capacity 5407K, committed 5472K, reserved 1048576K
2018-10-12T10:48:57.180+0800: 10.654: [GC (Allocation Failure) 2018-10-12T10:48:57.180+0800: 10.654: [ParNew: 78016K->5658K(78016K), 0.0063090 secs] 103980K->35583K(251456K), 0.0063669 secs] [Times: user=0.00 sys=0.00, real=0.01 secs] 
Heap after GC invocations=24 (full 2):
 par new generation   total 78016K, used 5658K [0x00000006c2c00000, 0x00000006c80a0000, 0x00000006d78c0000)
  eden space 69376K,   0% used [0x00000006c2c00000, 0x00000006c2c00000, 0x00000006c6fc0000)
  from space 8640K,  65% used [0x00000006c6fc0000, 0x00000006c7546888, 0x00000006c7830000)
  to   space 8640K,   0% used [0x00000006c7830000, 0x00000006c7830000, 0x00000006c80a0000)
 concurrent mark-sweep generation total 173440K, used 29925K [0x00000006d78c0000, 0x00000006e2220000, 0x00000007c0000000)
 Metaspace       used 39156K, capacity 40806K, committed 41012K, reserved 1085440K
  class space    used 5077K, capacity 5407K, committed 5472K, reserved 1048576K
}
2018-10-12T10:48:57.209+0800: 10.683: Application time: 0.0224402 seconds
2018-10-12T10:48:57.214+0800: 10.689: Application time: 0.0057374 seconds
2018-10-12T10:48:57.338+0800: 10.812: [CMS-concurrent-abortable-preclean: 0.152/0.393 secs] [Times: user=1.25 sys=0.05, real=0.39 secs] 
2018-10-12T10:48:57.338+0800: 10.812: Application time: 0.1232759 seconds
2018-10-12T10:48:57.338+0800: 10.812: [GC (CMS Final Remark) [YG occupancy: 42337 K (78016 K)]2018-10-12T10:48:57.338+0800: 10.812: [Rescan (parallel) , 0.0048897 secs]2018-10-12T10:48:57.343+0800: 10.817: [weak refs processing, 0.0004933 secs]2018-10-12T10:48:57.343+0800: 10.818: [class unloading, 0.0092343 secs]2018-10-12T10:48:57.353+0800: 10.827: [scrub symbol table, 0.0100531 secs]2018-10-12T10:48:57.363+0800: 10.837: [scrub string table, 0.0006446 secs][1 CMS-remark: 29925K(173440K)] 72262K(251456K), 0.0289139 secs] [Times: user=0.08 sys=0.00, real=0.03 secs] 
2018-10-12T10:48:57.367+0800: 10.841: [CMS-concurrent-sweep-start]
2018-10-12T10:48:57.368+0800: 10.843: Application time: 0.0012137 seconds
2018-10-12T10:48:57.378+0800: 10.853: [CMS-concurrent-sweep: 0.011/0.011 secs] [Times: user=0.06 sys=0.00, real=0.01 secs] 
2018-10-12T10:48:57.378+0800: 10.853: [CMS-concurrent-reset-start]
2018-10-12T10:48:57.382+0800: 10.856: [CMS-concurrent-reset: 0.003/0.003 secs] [Times: user=0.00 sys=0.00, real=0.00 secs] 
2018-10-12T10:48:57.459+0800: 10.933: Application time: 0.0901254 seconds
2018-10-12T10:48:57.586+0800: 11.060: Application time: 0.1126939 seconds
{Heap before GC invocations=24 (full 2):
 par new generation   total 78016K, used 75034K [0x00000006c2c00000, 0x00000006c80a0000, 0x00000006d78c0000)
  eden space 69376K, 100% used [0x00000006c2c00000, 0x00000006c6fc0000, 0x00000006c6fc0000)
  from space 8640K,  65% used [0x00000006c6fc0000, 0x00000006c7546888, 0x00000006c7830000)
  to   space 8640K,   0% used [0x00000006c7830000, 0x00000006c7830000, 0x00000006c80a0000)
 concurrent mark-sweep generation total 173440K, used 27435K [0x00000006d78c0000, 0x00000006e2220000, 0x00000007c0000000)
 Metaspace       used 39785K, capacity 41602K, committed 41908K, reserved 1085440K
  class space    used 5188K, capacity 5533K, committed 5600K, reserved 1048576K
2018-10-12T10:48:57.589+0800: 11.064: [GC (Allocation Failure) 2018-10-12T10:48:57.589+0800: 11.064: [ParNew: 75034K->3459K(78016K), 0.0034465 secs] 102470K->30895K(251456K), 0.0035050 secs] [Times: user=0.00 sys=0.00, real=0.00 secs] 
Heap after GC invocations=25 (full 2):
 par new generation   total 78016K, used 3459K [0x00000006c2c00000, 0x00000006c80a0000, 0x00000006d78c0000)
  eden space 69376K,   0% used [0x00000006c2c00000, 0x00000006c2c00000, 0x00000006c6fc0000)
  from space 8640K,  40% used [0x00000006c7830000, 0x00000006c7b90db8, 0x00000006c80a0000)
  to   space 8640K,   0% used [0x00000006c6fc0000, 0x00000006c6fc0000, 0x00000006c7830000)
 concurrent mark-sweep generation total 173440K, used 27435K [0x00000006d78c0000, 0x00000006e2220000, 0x00000007c0000000)
 Metaspace       used 39785K, capacity 41602K, committed 41908K, reserved 1085440K
  class space    used 5188K, capacity 5533K, committed 5600K, reserved 1048576K
}
2018-10-12T10:48:57.622+0800: 11.096: Application time: 0.0290228 seconds
2018-10-12T10:48:57.771+0800: 11.245: Application time: 0.1473515 seconds
2018-10-12T10:48:57.772+0800: 11.246: Application time: 0.0005561 seconds
2018-10-12T10:48:57.772+0800: 11.246: Application time: 0.0000257 seconds
2018-10-12T10:48:57.772+0800: 11.246: Application time: 0.0000272 seconds
2018-10-12T10:48:57.772+0800: 11.246: Application time: 0.0000201 seconds
2018-10-12T10:48:57.772+0800: 11.246: Application time: 0.0000254 seconds
2018-10-12T10:48:57.772+0800: 11.247: Application time: 0.0000212 seconds
2018-10-12T10:48:57.772+0800: 11.247: Application time: 0.0000275 seconds
2018-10-12T10:48:57.774+0800: 11.248: Application time: 0.0010497 seconds
2018-10-12T10:48:57.785+0800: 11.259: Application time: 0.0109170 seconds
2018-10-12T10:48:57.786+0800: 11.261: Application time: 0.0003762 seconds
2018-10-12T10:48:57.818+0800: 11.292: Application time: 0.0308988 seconds
{Heap before GC invocations=25 (full 2):
 par new generation   total 78016K, used 72835K [0x00000006c2c00000, 0x00000006c80a0000, 0x00000006d78c0000)
  eden space 69376K, 100% used [0x00000006c2c00000, 0x00000006c6fc0000, 0x00000006c6fc0000)
  from space 8640K,  40% used [0x00000006c7830000, 0x00000006c7b90db8, 0x00000006c80a0000)
  to   space 8640K,   0% used [0x00000006c6fc0000, 0x00000006c6fc0000, 0x00000006c7830000)
 concurrent mark-sweep generation total 173440K, used 27435K [0x00000006d78c0000, 0x00000006e2220000, 0x00000007c0000000)
 Metaspace       used 40705K, capacity 42544K, committed 42804K, reserved 1087488K
  class space    used 5301K, capacity 5646K, committed 5728K, reserved 1048576K
2018-10-12T10:48:57.818+0800: 11.292: [GC (Allocation Failure) 2018-10-12T10:48:57.818+0800: 11.292: [ParNew: 72835K->5133K(78016K), 0.0043100 secs] 100271K->32569K(251456K), 0.0043837 secs] [Times: user=0.00 sys=0.00, real=0.00 secs] 
Heap after GC invocations=26 (full 2):
 par new generation   total 78016K, used 5133K [0x00000006c2c00000, 0x00000006c80a0000, 0x00000006d78c0000)
  eden space 69376K,   0% used [0x00000006c2c00000, 0x00000006c2c00000, 0x00000006c6fc0000)
  from space 8640K,  59% used [0x00000006c6fc0000, 0x00000006c74c3530, 0x00000006c7830000)
  to   space 8640K,   0% used [0x00000006c7830000, 0x00000006c7830000, 0x00000006c80a0000)
 concurrent mark-sweep generation total 173440K, used 27435K [0x00000006d78c0000, 0x00000006e2220000, 0x00000007c0000000)
 Metaspace       used 40705K, capacity 42544K, committed 42804K, reserved 1087488K
  class space    used 5301K, capacity 5646K, committed 5728K, reserved 1048576K
}
2018-10-12T10:48:57.826+0800: 11.300: Application time: 0.0041884 seconds
2018-10-12T10:48:57.850+0800: 11.324: Application time: 0.0238454 seconds
2018-10-12T10:48:57.968+0800: 11.443: Application time: 0.1155000 seconds
2018-10-12T10:48:57.977+0800: 11.452: Application time: 0.0072114 seconds
2018-10-12T10:48:57.977+0800: 11.452: Application time: 0.0000240 seconds
2018-10-12T10:48:58.091+0800: 11.565: Application time: 0.1134580 seconds
2018-10-12T10:48:58.116+0800: 11.591: Application time: 0.0253394 seconds
2018-10-12T10:48:58.235+0800: 11.710: Application time: 0.1184645 seconds
2018-10-12T10:48:58.319+0800: 11.793: Application time: 0.0751007 seconds
2018-10-12T10:48:58.413+0800: 11.888: Application time: 0.0010582 seconds
2018-10-12T10:48:58.418+0800: 11.893: Application time: 0.0052674 seconds
2018-10-12T10:48:58.440+0800: 11.915: Application time: 0.0191908 seconds
{Heap before GC invocations=26 (full 2):
 par new generation   total 78016K, used 74509K [0x00000006c2c00000, 0x00000006c80a0000, 0x00000006d78c0000)
  eden space 69376K, 100% used [0x00000006c2c00000, 0x00000006c6fc0000, 0x00000006c6fc0000)
  from space 8640K,  59% used [0x00000006c6fc0000, 0x00000006c74c3530, 0x00000006c7830000)
  to   space 8640K,   0% used [0x00000006c7830000, 0x00000006c7830000, 0x00000006c80a0000)
 concurrent mark-sweep generation total 173440K, used 27435K [0x00000006d78c0000, 0x00000006e2220000, 0x00000007c0000000)
 Metaspace       used 43799K, capacity 45732K, committed 45876K, reserved 1089536K
  class space    used 5600K, capacity 5980K, committed 5984K, reserved 1048576K
2018-10-12T10:48:58.440+0800: 11.915: [GC (Allocation Failure) 2018-10-12T10:48:58.440+0800: 11.915: [ParNew: 74509K->7068K(78016K), 0.0050967 secs] 101945K->34504K(251456K), 0.0051553 secs] [Times: user=0.00 sys=0.00, real=0.01 secs] 
Heap after GC invocations=27 (full 2):
 par new generation   total 78016K, used 7068K [0x00000006c2c00000, 0x00000006c80a0000, 0x00000006d78c0000)
  eden space 69376K,   0% used [0x00000006c2c00000, 0x00000006c2c00000, 0x00000006c6fc0000)
  from space 8640K,  81% used [0x00000006c7830000, 0x00000006c7f172b0, 0x00000006c80a0000)
  to   space 8640K,   0% used [0x00000006c6fc0000, 0x00000006c6fc0000, 0x00000006c7830000)
 concurrent mark-sweep generation total 173440K, used 27435K [0x00000006d78c0000, 0x00000006e2220000, 0x00000007c0000000)
 Metaspace       used 43799K, capacity 45732K, committed 45876K, reserved 1089536K
  class space    used 5600K, capacity 5980K, committed 5984K, reserved 1048576K
}
2018-10-12T10:48:58.446+0800: 11.921: Application time: 0.0005208 seconds
2018-10-12T10:48:58.708+0800: 12.181: Application time: 0.2605507 seconds
{Heap before GC invocations=27 (full 2):
 par new generation   total 78016K, used 76444K [0x00000006c2c00000, 0x00000006c80a0000, 0x00000006d78c0000)
  eden space 69376K, 100% used [0x00000006c2c00000, 0x00000006c6fc0000, 0x00000006c6fc0000)
  from space 8640K,  81% used [0x00000006c7830000, 0x00000006c7f172b0, 0x00000006c80a0000)
  to   space 8640K,   0% used [0x00000006c6fc0000, 0x00000006c6fc0000, 0x00000006c7830000)
 concurrent mark-sweep generation total 173440K, used 27435K [0x00000006d78c0000, 0x00000006e2220000, 0x00000007c0000000)
 Metaspace       used 45115K, capacity 47102K, committed 47540K, reserved 1091584K
  class space    used 5853K, capacity 6241K, committed 6368K, reserved 1048576K
2018-10-12T10:48:58.708+0800: 12.181: [GC (Allocation Failure) 2018-10-12T10:48:58.708+0800: 12.182: [ParNew: 76444K->6239K(78016K), 0.0064927 secs] 103880K->35279K(251456K), 0.0066070 secs] [Times: user=0.00 sys=0.00, real=0.01 secs] 
Heap after GC invocations=28 (full 2):
 par new generation   total 78016K, used 6239K [0x00000006c2c00000, 0x00000006c80a0000, 0x00000006d78c0000)
  eden space 69376K,   0% used [0x00000006c2c00000, 0x00000006c2c00000, 0x00000006c6fc0000)
  from space 8640K,  72% used [0x00000006c6fc0000, 0x00000006c75d7cd0, 0x00000006c7830000)
  to   space 8640K,   0% used [0x00000006c7830000, 0x00000006c7830000, 0x00000006c80a0000)
 concurrent mark-sweep generation total 173440K, used 29040K [0x00000006d78c0000, 0x00000006e2220000, 0x00000007c0000000)
 Metaspace       used 45115K, capacity 47102K, committed 47540K, reserved 1091584K
  class space    used 5853K, capacity 6241K, committed 6368K, reserved 1048576K
}
2018-10-12T10:48:58.911+0800: 12.385: Application time: 0.1969506 seconds
{Heap before GC invocations=28 (full 2):
 par new generation   total 78016K, used 75033K [0x00000006c2c00000, 0x00000006c80a0000, 0x00000006d78c0000)
  eden space 69376K,  99% used [0x00000006c2c00000, 0x00000006c6f2ea48, 0x00000006c6fc0000)
  from space 8640K,  72% used [0x00000006c6fc0000, 0x00000006c75d7cd0, 0x00000006c7830000)
  to   space 8640K,   0% used [0x00000006c7830000, 0x00000006c7830000, 0x00000006c80a0000)
 concurrent mark-sweep generation total 173440K, used 29040K [0x00000006d78c0000, 0x00000006e2220000, 0x00000007c0000000)
 Metaspace       used 45748K, capacity 47682K, committed 48052K, reserved 1091584K
  class space    used 5932K, capacity 6305K, committed 6368K, reserved 1048576K
2018-10-12T10:48:58.916+0800: 12.390: [GC (Allocation Failure) 2018-10-12T10:48:58.916+0800: 12.390: [ParNew: 75033K->8333K(78016K), 0.0051535 secs] 104074K->38116K(251456K), 0.0052184 secs] [Times: user=0.00 sys=0.00, real=0.01 secs] 
Heap after GC invocations=29 (full 2):
 par new generation   total 78016K, used 8333K [0x00000006c2c00000, 0x00000006c80a0000, 0x00000006d78c0000)
  eden space 69376K,   0% used [0x00000006c2c00000, 0x00000006c2c00000, 0x00000006c6fc0000)
  from space 8640K,  96% used [0x00000006c7830000, 0x00000006c8053738, 0x00000006c80a0000)
  to   space 8640K,   0% used [0x00000006c6fc0000, 0x00000006c6fc0000, 0x00000006c7830000)
 concurrent mark-sweep generation total 173440K, used 29783K [0x00000006d78c0000, 0x00000006e2220000, 0x00000007c0000000)
 Metaspace       used 45748K, capacity 47682K, committed 48052K, reserved 1091584K
  class space    used 5932K, capacity 6305K, committed 6368K, reserved 1048576K
}
2018-10-12T10:48:59.020+0800: 12.494: Application time: 0.0980141 seconds
2018-10-12T10:48:59.071+0800: 12.544: Application time: 0.0505064 seconds
2018-10-12T10:48:59.080+0800: 12.553: Application time: 0.0088577 seconds
{Heap before GC invocations=29 (full 2):
 par new generation   total 78016K, used 77709K [0x00000006c2c00000, 0x00000006c80a0000, 0x00000006d78c0000)
  eden space 69376K, 100% used [0x00000006c2c00000, 0x00000006c6fc0000, 0x00000006c6fc0000)
  from space 8640K,  96% used [0x00000006c7830000, 0x00000006c8053738, 0x00000006c80a0000)
  to   space 8640K,   0% used [0x00000006c6fc0000, 0x00000006c6fc0000, 0x00000006c7830000)
 concurrent mark-sweep generation total 173440K, used 29783K [0x00000006d78c0000, 0x00000006e2220000, 0x00000007c0000000)
 Metaspace       used 46421K, capacity 48304K, committed 48692K, reserved 1091584K
  class space    used 6094K, capacity 6472K, committed 6496K, reserved 1048576K
2018-10-12T10:48:59.080+0800: 12.553: [GC (Allocation Failure) 2018-10-12T10:48:59.080+0800: 12.553: [ParNew: 77709K->4540K(78016K), 0.0049398 secs] 107492K->37092K(251456K), 0.0049895 secs] [Times: user=0.00 sys=0.00, real=0.00 secs] 
Heap after GC invocations=30 (full 2):
 par new generation   total 78016K, used 4540K [0x00000006c2c00000, 0x00000006c80a0000, 0x00000006d78c0000)
  eden space 69376K,   0% used [0x00000006c2c00000, 0x00000006c2c00000, 0x00000006c6fc0000)
  from space 8640K,  52% used [0x00000006c6fc0000, 0x00000006c742f010, 0x00000006c7830000)
  to   space 8640K,   0% used [0x00000006c7830000, 0x00000006c7830000, 0x00000006c80a0000)
 concurrent mark-sweep generation total 173440K, used 32552K [0x00000006d78c0000, 0x00000006e2220000, 0x00000007c0000000)
 Metaspace       used 46421K, capacity 48304K, committed 48692K, reserved 1091584K
  class space    used 6094K, capacity 6472K, committed 6496K, reserved 1048576K
}
2018-10-12T10:48:59.173+0800: 12.647: Application time: 0.0886757 seconds
2018-10-12T10:48:59.183+0800: 12.658: Application time: 0.0105260 seconds
2018-10-12T10:48:59.211+0800: 12.686: Application time: 0.0272809 seconds
2018-10-12T10:48:59.279+0800: 12.754: Application time: 0.0679881 seconds
2018-10-12T10:48:59.297+0800: 12.771: Application time: 0.0171241 seconds
{Heap before GC invocations=30 (full 2):
 par new generation   total 78016K, used 73916K [0x00000006c2c00000, 0x00000006c80a0000, 0x00000006d78c0000)
  eden space 69376K, 100% used [0x00000006c2c00000, 0x00000006c6fc0000, 0x00000006c6fc0000)
  from space 8640K,  52% used [0x00000006c6fc0000, 0x00000006c742f010, 0x00000006c7830000)
  to   space 8640K,   0% used [0x00000006c7830000, 0x00000006c7830000, 0x00000006c80a0000)
 concurrent mark-sweep generation total 173440K, used 32552K [0x00000006d78c0000, 0x00000006e2220000, 0x00000007c0000000)
 Metaspace       used 48227K, capacity 50160K, committed 50484K, reserved 1093632K
  class space    used 6362K, capacity 6728K, committed 6752K, reserved 1048576K
2018-10-12T10:48:59.297+0800: 12.771: [GC (Allocation Failure) 2018-10-12T10:48:59.297+0800: 12.771: [ParNew: 73916K->2142K(78016K), 0.0019662 secs] 106468K->34695K(251456K), 0.0020082 secs] [Times: user=0.06 sys=0.00, real=0.00 secs] 
Heap after GC invocations=31 (full 2):
 par new generation   total 78016K, used 2142K [0x00000006c2c00000, 0x00000006c80a0000, 0x00000006d78c0000)
  eden space 69376K,   0% used [0x00000006c2c00000, 0x00000006c2c00000, 0x00000006c6fc0000)
  from space 8640K,  24% used [0x00000006c7830000, 0x00000006c7a47ad0, 0x00000006c80a0000)
  to   space 8640K,   0% used [0x00000006c6fc0000, 0x00000006c6fc0000, 0x00000006c7830000)
 concurrent mark-sweep generation total 173440K, used 32552K [0x00000006d78c0000, 0x00000006e2220000, 0x00000007c0000000)
 Metaspace       used 48227K, capacity 50160K, committed 50484K, reserved 1093632K
  class space    used 6362K, capacity 6728K, committed 6752K, reserved 1048576K
}
2018-10-12T10:48:59.357+0800: 12.831: Application time: 0.0581292 seconds
2018-10-12T10:48:59.370+0800: 12.844: Application time: 0.0123282 seconds
2018-10-12T10:48:59.608+0800: 13.082: Application time: 0.2372512 seconds
{Heap before GC invocations=31 (full 2):
 par new generation   total 78016K, used 71518K [0x00000006c2c00000, 0x00000006c80a0000, 0x00000006d78c0000)
  eden space 69376K, 100% used [0x00000006c2c00000, 0x00000006c6fc0000, 0x00000006c6fc0000)
  from space 8640K,  24% used [0x00000006c7830000, 0x00000006c7a47ad0, 0x00000006c80a0000)
  to   space 8640K,   0% used [0x00000006c6fc0000, 0x00000006c6fc0000, 0x00000006c7830000)
 concurrent mark-sweep generation total 173440K, used 32552K [0x00000006d78c0000, 0x00000006e2220000, 0x00000007c0000000)
 Metaspace       used 49695K, capacity 51638K, committed 52020K, reserved 1093632K
  class space    used 6561K, capacity 6921K, committed 7008K, reserved 1048576K
2018-10-12T10:48:59.610+0800: 13.084: [GC (Allocation Failure) 2018-10-12T10:48:59.610+0800: 13.084: [ParNew: 71518K->2194K(78016K), 0.0025244 secs] 104071K->34747K(251456K), 0.0025829 secs] [Times: user=0.00 sys=0.00, real=0.00 secs] 
Heap after GC invocations=32 (full 2):
 par new generation   total 78016K, used 2194K [0x00000006c2c00000, 0x00000006c80a0000, 0x00000006d78c0000)
  eden space 69376K,   0% used [0x00000006c2c00000, 0x00000006c2c00000, 0x00000006c6fc0000)
  from space 8640K,  25% used [0x00000006c6fc0000, 0x00000006c71e4ae0, 0x00000006c7830000)
  to   space 8640K,   0% used [0x00000006c7830000, 0x00000006c7830000, 0x00000006c80a0000)
 concurrent mark-sweep generation total 173440K, used 32552K [0x00000006d78c0000, 0x00000006e2220000, 0x00000007c0000000)
 Metaspace       used 49695K, capacity 51638K, committed 52020K, reserved 1093632K
  class space    used 6561K, capacity 6921K, committed 7008K, reserved 1048576K
}
2018-10-12T10:48:59.725+0800: 13.199: Application time: 0.1117633 seconds
2018-10-12T10:48:59.906+0800: 13.381: Application time: 0.1815790 seconds
{Heap before GC invocations=32 (full 2):
 par new generation   total 78016K, used 71570K [0x00000006c2c00000, 0x00000006c80a0000, 0x00000006d78c0000)
  eden space 69376K, 100% used [0x00000006c2c00000, 0x00000006c6fc0000, 0x00000006c6fc0000)
  from space 8640K,  25% used [0x00000006c6fc0000, 0x00000006c71e4ae0, 0x00000006c7830000)
  to   space 8640K,   0% used [0x00000006c7830000, 0x00000006c7830000, 0x00000006c80a0000)
 concurrent mark-sweep generation total 173440K, used 32552K [0x00000006d78c0000, 0x00000006e2220000, 0x00000007c0000000)
 Metaspace       used 51202K, capacity 53222K, committed 53556K, reserved 1095680K
  class space    used 6756K, capacity 7137K, committed 7264K, reserved 1048576K
2018-10-12T10:48:59.906+0800: 13.381: [GC (Allocation Failure) 2018-10-12T10:48:59.906+0800: 13.381: [ParNew: 71570K->2543K(78016K), 0.0032342 secs] 104123K->35095K(251456K), 0.0032941 secs] [Times: user=0.02 sys=0.00, real=0.00 secs] 
Heap after GC invocations=33 (full 2):
 par new generation   total 78016K, used 2543K [0x00000006c2c00000, 0x00000006c80a0000, 0x00000006d78c0000)
  eden space 69376K,   0% used [0x00000006c2c00000, 0x00000006c2c00000, 0x00000006c6fc0000)
  from space 8640K,  29% used [0x00000006c7830000, 0x00000006c7aabc90, 0x00000006c80a0000)
  to   space 8640K,   0% used [0x00000006c6fc0000, 0x00000006c6fc0000, 0x00000006c7830000)
 concurrent mark-sweep generation total 173440K, used 32552K [0x00000006d78c0000, 0x00000006e2220000, 0x00000007c0000000)
 Metaspace       used 51202K, capacity 53222K, committed 53556K, reserved 1095680K
  class space    used 6756K, capacity 7137K, committed 7264K, reserved 1048576K
}
2018-10-12T10:48:59.965+0800: 13.439: Application time: 0.0545837 seconds
2018-10-12T10:49:00.322+0800: 13.797: Application time: 0.3577884 seconds
{Heap before GC invocations=33 (full 2):
 par new generation   total 78016K, used 71919K [0x00000006c2c00000, 0x00000006c80a0000, 0x00000006d78c0000)
  eden space 69376K, 100% used [0x00000006c2c00000, 0x00000006c6fc0000, 0x00000006c6fc0000)
  from space 8640K,  29% used [0x00000006c7830000, 0x00000006c7aabc90, 0x00000006c80a0000)
  to   space 8640K,   0% used [0x00000006c6fc0000, 0x00000006c6fc0000, 0x00000006c7830000)
 concurrent mark-sweep generation total 173440K, used 32552K [0x00000006d78c0000, 0x00000006e2220000, 0x00000007c0000000)
 Metaspace       used 52781K, capacity 54766K, committed 55220K, reserved 1097728K
  class space    used 6963K, capacity 7333K, committed 7392K, reserved 1048576K
2018-10-12T10:49:00.360+0800: 13.834: [GC (Allocation Failure) 2018-10-12T10:49:00.360+0800: 13.834: [ParNew: 71919K->3914K(78016K), 0.0036059 secs] 104471K->36467K(251456K), 0.0036750 secs] [Times: user=0.00 sys=0.00, real=0.00 secs] 
Heap after GC invocations=34 (full 2):
 par new generation   total 78016K, used 3914K [0x00000006c2c00000, 0x00000006c80a0000, 0x00000006d78c0000)
  eden space 69376K,   0% used [0x00000006c2c00000, 0x00000006c2c00000, 0x00000006c6fc0000)
  from space 8640K,  45% used [0x00000006c6fc0000, 0x00000006c7392a20, 0x00000006c7830000)
  to   space 8640K,   0% used [0x00000006c7830000, 0x00000006c7830000, 0x00000006c80a0000)
 concurrent mark-sweep generation total 173440K, used 32552K [0x00000006d78c0000, 0x00000006e2220000, 0x00000007c0000000)
 Metaspace       used 52781K, capacity 54766K, committed 55220K, reserved 1097728K
  class space    used 6963K, capacity 7333K, committed 7392K, reserved 1048576K
}
2018-10-12T10:49:00.364+0800: 13.838: Application time: 0.0003325 seconds
2018-10-12T10:49:00.712+0800: 14.187: Application time: 0.3482014 seconds
2018-10-12T10:49:00.827+0800: 14.301: Application time: 0.0949227 seconds
{Heap before GC invocations=34 (full 2):
 par new generation   total 78016K, used 73290K [0x00000006c2c00000, 0x00000006c80a0000, 0x00000006d78c0000)
  eden space 69376K, 100% used [0x00000006c2c00000, 0x00000006c6fc0000, 0x00000006c6fc0000)
  from space 8640K,  45% used [0x00000006c6fc0000, 0x00000006c7392a20, 0x00000006c7830000)
  to   space 8640K,   0% used [0x00000006c7830000, 0x00000006c7830000, 0x00000006c80a0000)
 concurrent mark-sweep generation total 173440K, used 32552K [0x00000006d78c0000, 0x00000006e2220000, 0x00000007c0000000)
 Metaspace       used 54172K, capacity 56204K, committed 56628K, reserved 1097728K
  class space    used 7121K, capacity 7510K, committed 7520K, reserved 1048576K
2018-10-12T10:49:00.830+0800: 14.304: [GC (Allocation Failure) 2018-10-12T10:49:00.830+0800: 14.304: [ParNew: 73290K->5002K(78016K), 0.0042466 secs] 105843K->37555K(251456K), 0.0043058 secs] [Times: user=0.00 sys=0.00, real=0.00 secs] 
Heap after GC invocations=35 (full 2):
 par new generation   total 78016K, used 5002K [0x00000006c2c00000, 0x00000006c80a0000, 0x00000006d78c0000)
  eden space 69376K,   0% used [0x00000006c2c00000, 0x00000006c2c00000, 0x00000006c6fc0000)
  from space 8640K,  57% used [0x00000006c7830000, 0x00000006c7d12bd8, 0x00000006c80a0000)
  to   space 8640K,   0% used [0x00000006c6fc0000, 0x00000006c6fc0000, 0x00000006c7830000)
 concurrent mark-sweep generation total 173440K, used 32552K [0x00000006d78c0000, 0x00000006e2220000, 0x00000007c0000000)
 Metaspace       used 54172K, capacity 56204K, committed 56628K, reserved 1097728K
  class space    used 7121K, capacity 7510K, committed 7520K, reserved 1048576K
}
2018-10-12T10:49:00.967+0800: 14.442: Application time: 0.1334020 seconds
2018-10-12T10:49:01.181+0800: 14.656: Application time: 0.2109474 seconds
2018-10-12T10:49:01.182+0800: 14.656: Application time: 0.0000444 seconds
2018-10-12T10:49:01.274+0800: 14.748: Application time: 0.0920845 seconds
{Heap before GC invocations=35 (full 2):
 par new generation   total 78016K, used 74378K [0x00000006c2c00000, 0x00000006c80a0000, 0x00000006d78c0000)
  eden space 69376K, 100% used [0x00000006c2c00000, 0x00000006c6fc0000, 0x00000006c6fc0000)
  from space 8640K,  57% used [0x00000006c7830000, 0x00000006c7d12bd8, 0x00000006c80a0000)
  to   space 8640K,   0% used [0x00000006c6fc0000, 0x00000006c6fc0000, 0x00000006c7830000)
 concurrent mark-sweep generation total 173440K, used 32552K [0x00000006d78c0000, 0x00000006e2220000, 0x00000007c0000000)
 Metaspace       used 56095K, capacity 58626K, committed 58932K, reserved 1099776K
  class space    used 7431K, capacity 7909K, committed 8032K, reserved 1048576K
2018-10-12T10:49:01.274+0800: 14.748: [GC (Allocation Failure) 2018-10-12T10:49:01.274+0800: 14.748: [ParNew: 74378K->6449K(78016K), 0.0052258 secs] 106931K->39001K(251456K), 0.0052836 secs] [Times: user=0.00 sys=0.00, real=0.01 secs] 
Heap after GC invocations=36 (full 2):
 par new generation   total 78016K, used 6449K [0x00000006c2c00000, 0x00000006c80a0000, 0x00000006d78c0000)
  eden space 69376K,   0% used [0x00000006c2c00000, 0x00000006c2c00000, 0x00000006c6fc0000)
  from space 8640K,  74% used [0x00000006c6fc0000, 0x00000006c760c538, 0x00000006c7830000)
  to   space 8640K,   0% used [0x00000006c7830000, 0x00000006c7830000, 0x00000006c80a0000)
 concurrent mark-sweep generation total 173440K, used 32552K [0x00000006d78c0000, 0x00000006e2220000, 0x00000007c0000000)
 Metaspace       used 56095K, capacity 58626K, committed 58932K, reserved 1099776K
  class space    used 7431K, capacity 7909K, committed 8032K, reserved 1048576K
}
2018-10-12T10:49:01.444+0800: 14.918: Application time: 0.1644884 seconds
2018-10-12T10:49:01.457+0800: 14.931: Application time: 0.0130151 seconds
2018-10-12T10:49:01.762+0800: 15.236: Application time: 0.3044568 seconds
{Heap before GC invocations=36 (full 2):
 par new generation   total 78016K, used 75825K [0x00000006c2c00000, 0x00000006c80a0000, 0x00000006d78c0000)
  eden space 69376K, 100% used [0x00000006c2c00000, 0x00000006c6fc0000, 0x00000006c6fc0000)
  from space 8640K,  74% used [0x00000006c6fc0000, 0x00000006c760c538, 0x00000006c7830000)
  to   space 8640K,   0% used [0x00000006c7830000, 0x00000006c7830000, 0x00000006c80a0000)
 concurrent mark-sweep generation total 173440K, used 32552K [0x00000006d78c0000, 0x00000006e2220000, 0x00000007c0000000)
 Metaspace       used 58046K, capacity 60506K, committed 60596K, reserved 1101824K
  class space    used 7672K, capacity 8143K, committed 8160K, reserved 1048576K
2018-10-12T10:49:01.777+0800: 15.252: [GC (Allocation Failure) 2018-10-12T10:49:01.777+0800: 15.252: [ParNew: 75825K->7401K(78016K), 0.0074959 secs] 108377K->40855K(251456K), 0.0075608 secs] [Times: user=0.05 sys=0.00, real=0.01 secs] 
Heap after GC invocations=37 (full 2):
 par new generation   total 78016K, used 7401K [0x00000006c2c00000, 0x00000006c80a0000, 0x00000006d78c0000)
  eden space 69376K,   0% used [0x00000006c2c00000, 0x00000006c2c00000, 0x00000006c6fc0000)
  from space 8640K,  85% used [0x00000006c7830000, 0x00000006c7f6a5d8, 0x00000006c80a0000)
  to   space 8640K,   0% used [0x00000006c6fc0000, 0x00000006c6fc0000, 0x00000006c7830000)
 concurrent mark-sweep generation total 173440K, used 33453K [0x00000006d78c0000, 0x00000006e2220000, 0x00000007c0000000)
 Metaspace       used 58046K, capacity 60506K, committed 60596K, reserved 1101824K
  class space    used 7672K, capacity 8143K, committed 8160K, reserved 1048576K
}
2018-10-12T10:49:01.785+0800: 15.260: Application time: 0.0001675 seconds
2018-10-12T10:49:01.832+0800: 15.306: Application time: 0.0460613 seconds
2018-10-12T10:49:01.832+0800: 15.307: Application time: 0.0000691 seconds
2018-10-12T10:49:02.074+0800: 15.548: Application time: 0.2406208 seconds
2018-10-12T10:49:02.315+0800: 15.789: Application time: 0.2397932 seconds
2018-10-12T10:49:02.334+0800: 15.808: Application time: 0.0027624 seconds
2018-10-12T10:49:02.339+0800: 15.813: Application time: 0.0039197 seconds
2018-10-12T10:49:02.372+0800: 15.846: Application time: 0.0312186 seconds
2018-10-12T10:49:02.383+0800: 15.857: Application time: 0.0108722 seconds
{Heap before GC invocations=37 (full 2):
 par new generation   total 78016K, used 76777K [0x00000006c2c00000, 0x00000006c80a0000, 0x00000006d78c0000)
  eden space 69376K, 100% used [0x00000006c2c00000, 0x00000006c6fc0000, 0x00000006c6fc0000)
  from space 8640K,  85% used [0x00000006c7830000, 0x00000006c7f6a5d8, 0x00000006c80a0000)
  to   space 8640K,   0% used [0x00000006c6fc0000, 0x00000006c6fc0000, 0x00000006c7830000)
 concurrent mark-sweep generation total 173440K, used 33453K [0x00000006d78c0000, 0x00000006e2220000, 0x00000007c0000000)
 Metaspace       used 59491K, capacity 62104K, committed 62388K, reserved 1103872K
  class space    used 7851K, capacity 8342K, committed 8416K, reserved 1048576K
2018-10-12T10:49:02.383+0800: 15.857: [GC (Allocation Failure) 2018-10-12T10:49:02.383+0800: 15.857: [ParNew: 76777K->6385K(78016K), 0.0118098 secs] 110231K->41278K(251456K), 0.0118828 secs] [Times: user=0.05 sys=0.00, real=0.01 secs] 
Heap after GC invocations=38 (full 2):
 par new generation   total 78016K, used 6385K [0x00000006c2c00000, 0x00000006c80a0000, 0x00000006d78c0000)
  eden space 69376K,   0% used [0x00000006c2c00000, 0x00000006c2c00000, 0x00000006c6fc0000)
  from space 8640K,  73% used [0x00000006c6fc0000, 0x00000006c75fc540, 0x00000006c7830000)
  to   space 8640K,   0% used [0x00000006c7830000, 0x00000006c7830000, 0x00000006c80a0000)
 concurrent mark-sweep generation total 173440K, used 34893K [0x00000006d78c0000, 0x00000006e2220000, 0x00000007c0000000)
 Metaspace       used 59491K, capacity 62104K, committed 62388K, reserved 1103872K
  class space    used 7851K, capacity 8342K, committed 8416K, reserved 1048576K
}
2018-10-12T10:49:02.555+0800: 16.030: Application time: 0.1609012 seconds
2018-10-12T10:49:02.568+0800: 16.043: Application time: 0.0128159 seconds
2018-10-12T10:49:02.684+0800: 16.158: Application time: 0.1088694 seconds
2018-10-12T10:49:02.696+0800: 16.170: Application time: 0.0110842 seconds
2018-10-12T10:49:02.701+0800: 16.175: Application time: 0.0041369 seconds
2018-10-12T10:49:02.764+0800: 16.238: Application time: 0.0625800 seconds
{Heap before GC invocations=38 (full 2):
 par new generation   total 78016K, used 75761K [0x00000006c2c00000, 0x00000006c80a0000, 0x00000006d78c0000)
  eden space 69376K, 100% used [0x00000006c2c00000, 0x00000006c6fc0000, 0x00000006c6fc0000)
  from space 8640K,  73% used [0x00000006c6fc0000, 0x00000006c75fc540, 0x00000006c7830000)
  to   space 8640K,   0% used [0x00000006c7830000, 0x00000006c7830000, 0x00000006c80a0000)
 concurrent mark-sweep generation total 173440K, used 34893K [0x00000006d78c0000, 0x00000006e2220000, 0x00000007c0000000)
 Metaspace       used 59993K, capacity 62644K, committed 62900K, reserved 1103872K
  class space    used 7921K, capacity 8412K, committed 8416K, reserved 1048576K
2018-10-12T10:49:02.764+0800: 16.238: [GC (Allocation Failure) 2018-10-12T10:49:02.764+0800: 16.238: [ParNew: 75761K->7190K(78016K), 0.0095834 secs] 110654K->42586K(251456K), 0.0096772 secs] [Times: user=0.06 sys=0.00, real=0.01 secs] 
Heap after GC invocations=39 (full 2):
 par new generation   total 78016K, used 7190K [0x00000006c2c00000, 0x00000006c80a0000, 0x00000006d78c0000)
  eden space 69376K,   0% used [0x00000006c2c00000, 0x00000006c2c00000, 0x00000006c6fc0000)
  from space 8640K,  83% used [0x00000006c7830000, 0x00000006c7f35a00, 0x00000006c80a0000)
  to   space 8640K,   0% used [0x00000006c6fc0000, 0x00000006c6fc0000, 0x00000006c7830000)
 concurrent mark-sweep generation total 173440K, used 35396K [0x00000006d78c0000, 0x00000006e2220000, 0x00000007c0000000)
 Metaspace       used 59993K, capacity 62644K, committed 62900K, reserved 1103872K
  class space    used 7921K, capacity 8412K, committed 8416K, reserved 1048576K
}
2018-10-12T10:49:02.921+0800: 16.395: Application time: 0.1477578 seconds
2018-10-12T10:49:03.044+0800: 16.518: Application time: 0.1224847 seconds
{Heap before GC invocations=39 (full 2):
 par new generation   total 78016K, used 76566K [0x00000006c2c00000, 0x00000006c80a0000, 0x00000006d78c0000)
  eden space 69376K, 100% used [0x00000006c2c00000, 0x00000006c6fc0000, 0x00000006c6fc0000)
  from space 8640K,  83% used [0x00000006c7830000, 0x00000006c7f35a00, 0x00000006c80a0000)
  to   space 8640K,   0% used [0x00000006c6fc0000, 0x00000006c6fc0000, 0x00000006c7830000)
 concurrent mark-sweep generation total 173440K, used 35396K [0x00000006d78c0000, 0x00000006e2220000, 0x00000007c0000000)
 Metaspace       used 60206K, capacity 62880K, committed 63028K, reserved 1103872K
  class space    used 7951K, capacity 8424K, committed 8544K, reserved 1048576K
2018-10-12T10:49:03.044+0800: 16.519: [GC (Allocation Failure) 2018-10-12T10:49:03.044+0800: 16.519: [ParNew: 76566K->5309K(78016K), 0.0068778 secs] 111962K->41664K(251456K), 0.0069504 secs] [Times: user=0.06 sys=0.00, real=0.01 secs] 
Heap after GC invocations=40 (full 2):
 par new generation   total 78016K, used 5309K [0x00000006c2c00000, 0x00000006c80a0000, 0x00000006d78c0000)
  eden space 69376K,   0% used [0x00000006c2c00000, 0x00000006c2c00000, 0x00000006c6fc0000)
  from space 8640K,  61% used [0x00000006c6fc0000, 0x00000006c74ef5e8, 0x00000006c7830000)
  to   space 8640K,   0% used [0x00000006c7830000, 0x00000006c7830000, 0x00000006c80a0000)
 concurrent mark-sweep generation total 173440K, used 36355K [0x00000006d78c0000, 0x00000006e2220000, 0x00000007c0000000)
 Metaspace       used 60206K, capacity 62880K, committed 63028K, reserved 1103872K
  class space    used 7951K, capacity 8424K, committed 8544K, reserved 1048576K
}
2018-10-12T10:49:03.074+0800: 16.548: Application time: 0.0227300 seconds
2018-10-12T10:49:03.195+0800: 16.669: Application time: 0.1201740 seconds
2018-10-12T10:49:03.260+0800: 16.735: Application time: 0.0660208 seconds
{Heap before GC invocations=40 (full 2):
 par new generation   total 78016K, used 74685K [0x00000006c2c00000, 0x00000006c80a0000, 0x00000006d78c0000)
  eden space 69376K, 100% used [0x00000006c2c00000, 0x00000006c6fc0000, 0x00000006c6fc0000)
  from space 8640K,  61% used [0x00000006c6fc0000, 0x00000006c74ef5e8, 0x00000006c7830000)
  to   space 8640K,   0% used [0x00000006c7830000, 0x00000006c7830000, 0x00000006c80a0000)
 concurrent mark-sweep generation total 173440K, used 36355K [0x00000006d78c0000, 0x00000006e2220000, 0x00000007c0000000)
 Metaspace       used 60398K, capacity 63074K, committed 63284K, reserved 1103872K
  class space    used 7980K, capacity 8461K, committed 8544K, reserved 1048576K
2018-10-12T10:49:03.260+0800: 16.735: [GC (Allocation Failure) 2018-10-12T10:49:03.260+0800: 16.735: [ParNew: 74685K->7115K(78016K), 0.0057886 secs] 111040K->43470K(251456K), 0.0058679 secs] [Times: user=0.03 sys=0.00, real=0.01 secs] 
Heap after GC invocations=41 (full 2):
 par new generation   total 78016K, used 7115K [0x00000006c2c00000, 0x00000006c80a0000, 0x00000006d78c0000)
  eden space 69376K,   0% used [0x00000006c2c00000, 0x00000006c2c00000, 0x00000006c6fc0000)
  from space 8640K,  82% used [0x00000006c7830000, 0x00000006c7f22ed8, 0x00000006c80a0000)
  to   space 8640K,   0% used [0x00000006c6fc0000, 0x00000006c6fc0000, 0x00000006c7830000)
 concurrent mark-sweep generation total 173440K, used 36355K [0x00000006d78c0000, 0x00000006e2220000, 0x00000007c0000000)
 Metaspace       used 60398K, capacity 63074K, committed 63284K, reserved 1103872K
  class space    used 7980K, capacity 8461K, committed 8544K, reserved 1048576K
}
2018-10-12T10:49:03.267+0800: 16.742: Application time: 0.0008477 seconds
2018-10-12T10:49:03.398+0800: 16.872: Application time: 0.1302637 seconds
2018-10-12T10:49:03.464+0800: 16.938: Application time: 0.0663290 seconds
{Heap before GC invocations=41 (full 2):
 par new generation   total 78016K, used 76491K [0x00000006c2c00000, 0x00000006c80a0000, 0x00000006d78c0000)
  eden space 69376K, 100% used [0x00000006c2c00000, 0x00000006c6fc0000, 0x00000006c6fc0000)
  from space 8640K,  82% used [0x00000006c7830000, 0x00000006c7f22ed8, 0x00000006c80a0000)
  to   space 8640K,   0% used [0x00000006c6fc0000, 0x00000006c6fc0000, 0x00000006c7830000)
 concurrent mark-sweep generation total 173440K, used 36355K [0x00000006d78c0000, 0x00000006e2220000, 0x00000007c0000000)
 Metaspace       used 60625K, capacity 63308K, committed 63540K, reserved 1103872K
  class space    used 8008K, capacity 8496K, committed 8544K, reserved 1048576K
2018-10-12T10:49:03.465+0800: 16.939: [GC (Allocation Failure) 2018-10-12T10:49:03.465+0800: 16.939: [ParNew: 76491K->5393K(78016K), 0.0070446 secs] 112846K->42567K(251456K), 0.0071035 secs] [Times: user=0.06 sys=0.00, real=0.01 secs] 
Heap after GC invocations=42 (full 2):
 par new generation   total 78016K, used 5393K [0x00000006c2c00000, 0x00000006c80a0000, 0x00000006d78c0000)
  eden space 69376K,   0% used [0x00000006c2c00000, 0x00000006c2c00000, 0x00000006c6fc0000)
  from space 8640K,  62% used [0x00000006c6fc0000, 0x00000006c7504428, 0x00000006c7830000)
  to   space 8640K,   0% used [0x00000006c7830000, 0x00000006c7830000, 0x00000006c80a0000)
 concurrent mark-sweep generation total 173440K, used 37173K [0x00000006d78c0000, 0x00000006e2220000, 0x00000007c0000000)
 Metaspace       used 60625K, capacity 63308K, committed 63540K, reserved 1103872K
  class space    used 8008K, capacity 8496K, committed 8544K, reserved 1048576K
}
2018-10-12T10:49:03.507+0800: 16.981: Application time: 0.0354747 seconds
2018-10-12T10:49:03.569+0800: 17.042: Application time: 0.0610115 seconds
2018-10-12T10:49:03.641+0800: 17.116: Application time: 0.0733542 seconds
{Heap before GC invocations=42 (full 2):
 par new generation   total 78016K, used 74769K [0x00000006c2c00000, 0x00000006c80a0000, 0x00000006d78c0000)
  eden space 69376K, 100% used [0x00000006c2c00000, 0x00000006c6fc0000, 0x00000006c6fc0000)
  from space 8640K,  62% used [0x00000006c6fc0000, 0x00000006c7504428, 0x00000006c7830000)
  to   space 8640K,   0% used [0x00000006c7830000, 0x00000006c7830000, 0x00000006c80a0000)
 concurrent mark-sweep generation total 173440K, used 37173K [0x00000006d78c0000, 0x00000006e2220000, 0x00000007c0000000)
 Metaspace       used 60754K, capacity 63406K, committed 63540K, reserved 1103872K
  class space    used 8024K, capacity 8503K, committed 8544K, reserved 1048576K
2018-10-12T10:49:03.642+0800: 17.117: [GC (Allocation Failure) 2018-10-12T10:49:03.642+0800: 17.117: [ParNew: 74769K->7235K(78016K), 0.0055639 secs] 111943K->44409K(251456K), 0.0056376 secs] [Times: user=0.00 sys=0.00, real=0.01 secs] 
Heap after GC invocations=43 (full 2):
 par new generation   total 78016K, used 7235K [0x00000006c2c00000, 0x00000006c80a0000, 0x00000006d78c0000)
  eden space 69376K,   0% used [0x00000006c2c00000, 0x00000006c2c00000, 0x00000006c6fc0000)
  from space 8640K,  83% used [0x00000006c7830000, 0x00000006c7f40e98, 0x00000006c80a0000)
  to   space 8640K,   0% used [0x00000006c6fc0000, 0x00000006c6fc0000, 0x00000006c7830000)
 concurrent mark-sweep generation total 173440K, used 37173K [0x00000006d78c0000, 0x00000006e2220000, 0x00000007c0000000)
 Metaspace       used 60754K, capacity 63406K, committed 63540K, reserved 1103872K
  class space    used 8024K, capacity 8503K, committed 8544K, reserved 1048576K
}
2018-10-12T10:49:03.685+0800: 17.160: Application time: 0.0373118 seconds
2018-10-12T10:49:03.737+0800: 17.212: Application time: 0.0515226 seconds
2018-10-12T10:49:03.753+0800: 17.227: Application time: 0.0125620 seconds
2018-10-12T10:49:03.754+0800: 17.228: Application time: 0.0000684 seconds
2018-10-12T10:49:03.755+0800: 17.230: Application time: 0.0014538 seconds
2018-10-12T10:49:03.757+0800: 17.231: Application time: 0.0001351 seconds
2018-10-12T10:49:03.759+0800: 17.233: Application time: 0.0013978 seconds
2018-10-12T10:49:03.759+0800: 17.233: Application time: 0.0000314 seconds
2018-10-12T10:49:03.759+0800: 17.234: Application time: 0.0003925 seconds
2018-10-12T10:49:03.760+0800: 17.234: Application time: 0.0004757 seconds
2018-10-12T10:49:03.760+0800: 17.234: Application time: 0.0000240 seconds
2018-10-12T10:49:03.765+0800: 17.239: Application time: 0.0050978 seconds
2018-10-12T10:49:03.770+0800: 17.244: Application time: 0.0037399 seconds
2018-10-12T10:49:03.770+0800: 17.244: Application time: 0.0000243 seconds
2018-10-12T10:49:03.770+0800: 17.244: Application time: 0.0000180 seconds
2018-10-12T10:49:03.770+0800: 17.244: Application time: 0.0000176 seconds
2018-10-12T10:49:03.770+0800: 17.244: Application time: 0.0000173 seconds
2018-10-12T10:49:03.770+0800: 17.244: Application time: 0.0000169 seconds
2018-10-12T10:49:03.770+0800: 17.244: Application time: 0.0000169 seconds
2018-10-12T10:49:03.770+0800: 17.244: Application time: 0.0000169 seconds
2018-10-12T10:49:03.770+0800: 17.245: Application time: 0.0000187 seconds
2018-10-12T10:49:03.770+0800: 17.245: Application time: 0.0000169 seconds
2018-10-12T10:49:03.770+0800: 17.245: Application time: 0.0000194 seconds
2018-10-12T10:49:03.770+0800: 17.245: Application time: 0.0000169 seconds
2018-10-12T10:49:03.773+0800: 17.247: Application time: 0.0022754 seconds
2018-10-12T10:49:03.776+0800: 17.250: Application time: 0.0031475 seconds
2018-10-12T10:49:03.776+0800: 17.251: Application time: 0.0003110 seconds
2018-10-12T10:49:03.781+0800: 17.255: Application time: 0.0046415 seconds
2018-10-12T10:49:03.789+0800: 17.263: Application time: 0.0079935 seconds
2018-10-12T10:49:03.807+0800: 17.281: Application time: 0.0173540 seconds
2018-10-12T10:49:03.832+0800: 17.306: Application time: 0.0233584 seconds
{Heap before GC invocations=43 (full 2):
 par new generation   total 78016K, used 76611K [0x00000006c2c00000, 0x00000006c80a0000, 0x00000006d78c0000)
  eden space 69376K, 100% used [0x00000006c2c00000, 0x00000006c6fc0000, 0x00000006c6fc0000)
  from space 8640K,  83% used [0x00000006c7830000, 0x00000006c7f40e98, 0x00000006c80a0000)
  to   space 8640K,   0% used [0x00000006c6fc0000, 0x00000006c6fc0000, 0x00000006c7830000)
 concurrent mark-sweep generation total 173440K, used 37173K [0x00000006d78c0000, 0x00000006e2220000, 0x00000007c0000000)
 Metaspace       used 61068K, capacity 63736K, committed 63924K, reserved 1103872K
  class space    used 8068K, capacity 8570K, committed 8672K, reserved 1048576K
2018-10-12T10:49:03.832+0800: 17.307: [GC (Allocation Failure) 2018-10-12T10:49:03.832+0800: 17.307: [ParNew: 76611K->5822K(78016K), 0.0100443 secs] 113785K->44482K(251456K), 0.0101183 secs] [Times: user=0.00 sys=0.00, real=0.01 secs] 
Heap after GC invocations=44 (full 2):
 par new generation   total 78016K, used 5822K [0x00000006c2c00000, 0x00000006c80a0000, 0x00000006d78c0000)
  eden space 69376K,   0% used [0x00000006c2c00000, 0x00000006c2c00000, 0x00000006c6fc0000)
  from space 8640K,  67% used [0x00000006c6fc0000, 0x00000006c756f9b0, 0x00000006c7830000)
  to   space 8640K,   0% used [0x00000006c7830000, 0x00000006c7830000, 0x00000006c80a0000)
 concurrent mark-sweep generation total 173440K, used 38659K [0x00000006d78c0000, 0x00000006e2220000, 0x00000007c0000000)
 Metaspace       used 61068K, capacity 63736K, committed 63924K, reserved 1103872K
  class space    used 8068K, capacity 8570K, committed 8672K, reserved 1048576K
}
2018-10-12T10:49:03.843+0800: 17.317: Application time: 0.0006361 seconds
2018-10-12T10:49:03.843+0800: 17.317: Application time: 0.0000398 seconds
2018-10-12T10:49:03.865+0800: 17.339: Application time: 0.0220096 seconds
2018-10-12T10:49:03.866+0800: 17.340: Application time: 0.0000547 seconds
2018-10-12T10:49:03.868+0800: 17.342: Application time: 0.0026305 seconds
2018-10-12T10:49:03.869+0800: 17.343: Application time: 0.0000448 seconds
2018-10-12T10:49:03.869+0800: 17.343: Application time: 0.0002775 seconds
2018-10-12T10:49:03.898+0800: 17.372: Application time: 0.0290669 seconds
2018-10-12T10:49:03.898+0800: 17.372: Application time: 0.0000272 seconds
2018-10-12T10:49:03.898+0800: 17.372: Application time: 0.0002236 seconds
2018-10-12T10:49:03.932+0800: 17.406: Application time: 0.0332719 seconds
2018-10-12T10:49:03.947+0800: 17.422: Application time: 0.0160666 seconds
2018-10-12T10:49:03.949+0800: 17.424: Application time: 0.0019038 seconds
2018-10-12T10:49:04.023+0800: 17.498: Application time: 0.0730866 seconds
2018-10-12T10:49:04.036+0800: 17.511: Application time: 0.0118945 seconds
2018-10-12T10:49:04.073+0800: 17.547: Application time: 0.0360667 seconds
2018-10-12T10:49:04.184+0800: 17.659: Application time: 0.1109893 seconds
{Heap before GC invocations=44 (full 2):
 par new generation   total 78016K, used 75198K [0x00000006c2c00000, 0x00000006c80a0000, 0x00000006d78c0000)
  eden space 69376K, 100% used [0x00000006c2c00000, 0x00000006c6fc0000, 0x00000006c6fc0000)
  from space 8640K,  67% used [0x00000006c6fc0000, 0x00000006c756f9b0, 0x00000006c7830000)
  to   space 8640K,   0% used [0x00000006c7830000, 0x00000006c7830000, 0x00000006c80a0000)
 concurrent mark-sweep generation total 173440K, used 38659K [0x00000006d78c0000, 0x00000006e2220000, 0x00000007c0000000)
 Metaspace       used 63164K, capacity 65824K, committed 65972K, reserved 1105920K
  class space    used 8344K, capacity 8832K, committed 8928K, reserved 1048576K
2018-10-12T10:49:04.185+0800: 17.659: [GC (Allocation Failure) 2018-10-12T10:49:04.185+0800: 17.659: [ParNew: 75198K->7988K(78016K), 0.0068129 secs] 113858K->46648K(251456K), 0.0068870 secs] [Times: user=0.06 sys=0.00, real=0.01 secs] 
Heap after GC invocations=45 (full 2):
 par new generation   total 78016K, used 7988K [0x00000006c2c00000, 0x00000006c80a0000, 0x00000006d78c0000)
  eden space 69376K,   0% used [0x00000006c2c00000, 0x00000006c2c00000, 0x00000006c6fc0000)
  from space 8640K,  92% used [0x00000006c7830000, 0x00000006c7ffd150, 0x00000006c80a0000)
  to   space 8640K,   0% used [0x00000006c6fc0000, 0x00000006c6fc0000, 0x00000006c7830000)
 concurrent mark-sweep generation total 173440K, used 38659K [0x00000006d78c0000, 0x00000006e2220000, 0x00000007c0000000)
 Metaspace       used 63164K, capacity 65824K, committed 65972K, reserved 1105920K
  class space    used 8344K, capacity 8832K, committed 8928K, reserved 1048576K
}
2018-10-12T10:49:04.192+0800: 17.666: Application time: 0.0005448 seconds
2018-10-12T10:49:04.194+0800: 17.668: Application time: 0.0014080 seconds
2018-10-12T10:49:04.198+0800: 17.672: Application time: 0.0044430 seconds
2018-10-12T10:49:04.200+0800: 17.674: Application time: 0.0020755 seconds
2018-10-12T10:49:04.208+0800: 17.682: Application time: 0.0073630 seconds
2018-10-12T10:49:04.213+0800: 17.688: Application time: 0.0055671 seconds
2018-10-12T10:49:04.234+0800: 17.708: Application time: 0.0203957 seconds
2018-10-12T10:49:04.234+0800: 17.709: Application time: 0.0000705 seconds
2018-10-12T10:49:04.235+0800: 17.709: Application time: 0.0000197 seconds
2018-10-12T10:49:04.235+0800: 17.709: Application time: 0.0000169 seconds
2018-10-12T10:49:04.235+0800: 17.709: Application time: 0.0000176 seconds
2018-10-12T10:49:04.235+0800: 17.709: Application time: 0.0001001 seconds
2018-10-12T10:49:04.235+0800: 17.709: Application time: 0.0000176 seconds
2018-10-12T10:49:04.235+0800: 17.709: Application time: 0.0000176 seconds
2018-10-12T10:49:04.235+0800: 17.709: Application time: 0.0000173 seconds
2018-10-12T10:49:04.235+0800: 17.709: Application time: 0.0000173 seconds
2018-10-12T10:49:04.235+0800: 17.709: Application time: 0.0000180 seconds
2018-10-12T10:49:04.235+0800: 17.709: Application time: 0.0000159 seconds
2018-10-12T10:49:04.235+0800: 17.709: Application time: 0.0000159 seconds
2018-10-12T10:49:04.235+0800: 17.709: Application time: 0.0000148 seconds
2018-10-12T10:49:04.235+0800: 17.709: Application time: 0.0000173 seconds
2018-10-12T10:49:04.235+0800: 17.709: Application time: 0.0000176 seconds
2018-10-12T10:49:04.235+0800: 17.710: Application time: 0.0000148 seconds
2018-10-12T10:49:04.236+0800: 17.710: Application time: 0.0000183 seconds
2018-10-12T10:49:04.236+0800: 17.710: Application time: 0.0000173 seconds
2018-10-12T10:49:04.236+0800: 17.710: Application time: 0.0000197 seconds
2018-10-12T10:49:04.238+0800: 17.712: Application time: 0.0017560 seconds
2018-10-12T10:49:04.239+0800: 17.713: Application time: 0.0010956 seconds
2018-10-12T10:49:04.243+0800: 17.717: Application time: 0.0037067 seconds
2018-10-12T10:49:04.243+0800: 17.717: Application time: 0.0002151 seconds
2018-10-12T10:49:04.245+0800: 17.719: Application time: 0.0017310 seconds
2018-10-12T10:49:04.245+0800: 17.719: Application time: 0.0001389 seconds
2018-10-12T10:49:04.254+0800: 17.728: Application time: 0.0088831 seconds
2018-10-12T10:49:04.307+0800: 17.781: Application time: 0.0520822 seconds
2018-10-12T10:49:04.312+0800: 17.786: Application time: 0.0048245 seconds
2018-10-12T10:49:04.330+0800: 17.804: Application time: 0.0182024 seconds
2018-10-12T10:49:04.335+0800: 17.809: Application time: 0.0035801 seconds
2018-10-12T10:49:04.469+0800: 17.943: Application time: 0.1333488 seconds
{Heap before GC invocations=45 (full 2):
 par new generation   total 78016K, used 77364K [0x00000006c2c00000, 0x00000006c80a0000, 0x00000006d78c0000)
  eden space 69376K, 100% used [0x00000006c2c00000, 0x00000006c6fc0000, 0x00000006c6fc0000)
  from space 8640K,  92% used [0x00000006c7830000, 0x00000006c7ffd150, 0x00000006c80a0000)
  to   space 8640K,   0% used [0x00000006c6fc0000, 0x00000006c6fc0000, 0x00000006c7830000)
 concurrent mark-sweep generation total 173440K, used 38659K [0x00000006d78c0000, 0x00000006e2220000, 0x00000007c0000000)
 Metaspace       used 64369K, capacity 67060K, committed 67380K, reserved 1107968K
  class space    used 8488K, capacity 8974K, committed 9056K, reserved 1048576K
2018-10-12T10:49:04.469+0800: 17.943: [GC (Allocation Failure) 2018-10-12T10:49:04.469+0800: 17.943: [ParNew: 77364K->8326K(78016K), 0.0094187 secs] 116024K->49393K(251456K), 0.0094709 secs] [Times: user=0.05 sys=0.00, real=0.01 secs] 
Heap after GC invocations=46 (full 2):
 par new generation   total 78016K, used 8326K [0x00000006c2c00000, 0x00000006c80a0000, 0x00000006d78c0000)
  eden space 69376K,   0% used [0x00000006c2c00000, 0x00000006c2c00000, 0x00000006c6fc0000)
  from space 8640K,  96% used [0x00000006c6fc0000, 0x00000006c77e1810, 0x00000006c7830000)
  to   space 8640K,   0% used [0x00000006c7830000, 0x00000006c7830000, 0x00000006c80a0000)
 concurrent mark-sweep generation total 173440K, used 41067K [0x00000006d78c0000, 0x00000006e2220000, 0x00000007c0000000)
 Metaspace       used 64369K, capacity 67060K, committed 67380K, reserved 1107968K
  class space    used 8488K, capacity 8974K, committed 9056K, reserved 1048576K
}
2018-10-12T10:49:04.479+0800: 17.953: Application time: 0.0004817 seconds
2018-10-12T10:49:04.502+0800: 17.977: Application time: 0.0234335 seconds
2018-10-12T10:49:04.547+0800: 18.021: Application time: 0.0444872 seconds
2018-10-12T10:49:04.566+0800: 18.040: Application time: 0.0186323 seconds
2018-10-12T10:49:04.566+0800: 18.041: Application time: 0.0000296 seconds
2018-10-12T10:49:04.567+0800: 18.041: Application time: 0.0003121 seconds
2018-10-12T10:49:04.592+0800: 18.066: Application time: 0.0250111 seconds
2018-10-12T10:49:04.772+0800: 18.247: Application time: 0.1808928 seconds
{Heap before GC invocations=46 (full 2):
 par new generation   total 78016K, used 77702K [0x00000006c2c00000, 0x00000006c80a0000, 0x00000006d78c0000)
  eden space 69376K, 100% used [0x00000006c2c00000, 0x00000006c6fc0000, 0x00000006c6fc0000)
  from space 8640K,  96% used [0x00000006c6fc0000, 0x00000006c77e1810, 0x00000006c7830000)
  to   space 8640K,   0% used [0x00000006c7830000, 0x00000006c7830000, 0x00000006c80a0000)
 concurrent mark-sweep generation total 173440K, used 41067K [0x00000006d78c0000, 0x00000006e2220000, 0x00000007c0000000)
 Metaspace       used 65050K, capacity 67772K, committed 67892K, reserved 1107968K
  class space    used 8564K, capacity 9050K, committed 9056K, reserved 1048576K
2018-10-12T10:49:04.773+0800: 18.248: [GC (Allocation Failure) 2018-10-12T10:49:04.773+0800: 18.248: [ParNew: 77702K->6970K(78016K), 0.0069723 secs] 118769K->48945K(251456K), 0.0070368 secs] [Times: user=0.00 sys=0.00, real=0.01 secs] 
Heap after GC invocations=47 (full 2):
 par new generation   total 78016K, used 6970K [0x00000006c2c00000, 0x00000006c80a0000, 0x00000006d78c0000)
  eden space 69376K,   0% used [0x00000006c2c00000, 0x00000006c2c00000, 0x00000006c6fc0000)
  from space 8640K,  80% used [0x00000006c7830000, 0x00000006c7efebb8, 0x00000006c80a0000)
  to   space 8640K,   0% used [0x00000006c6fc0000, 0x00000006c6fc0000, 0x00000006c7830000)
 concurrent mark-sweep generation total 173440K, used 41974K [0x00000006d78c0000, 0x00000006e2220000, 0x00000007c0000000)
 Metaspace       used 65050K, capacity 67772K, committed 67892K, reserved 1107968K
  class space    used 8564K, capacity 9050K, committed 9056K, reserved 1048576K
}
2018-10-12T10:49:05.063+0800: 18.536: Application time: 0.2815604 seconds
{Heap before GC invocations=47 (full 2):
 par new generation   total 78016K, used 76346K [0x00000006c2c00000, 0x00000006c80a0000, 0x00000006d78c0000)
  eden space 69376K, 100% used [0x00000006c2c00000, 0x00000006c6fc0000, 0x00000006c6fc0000)
  from space 8640K,  80% used [0x00000006c7830000, 0x00000006c7efebb8, 0x00000006c80a0000)
  to   space 8640K,   0% used [0x00000006c6fc0000, 0x00000006c6fc0000, 0x00000006c7830000)
 concurrent mark-sweep generation total 173440K, used 41974K [0x00000006d78c0000, 0x00000006e2220000, 0x00000007c0000000)
 Metaspace       used 65365K, capacity 68102K, committed 68276K, reserved 1107968K
  class space    used 8590K, capacity 9089K, committed 9184K, reserved 1048576K
2018-10-12T10:49:05.063+0800: 18.537: [GC (Allocation Failure) 2018-10-12T10:49:05.063+0800: 18.537: [ParNew: 76346K->5218K(78016K), 0.0085298 secs] 118321K->49399K(251456K), 0.0085950 secs] [Times: user=0.06 sys=0.00, real=0.01 secs] 
Heap after GC invocations=48 (full 2):
 par new generation   total 78016K, used 5218K [0x00000006c2c00000, 0x00000006c80a0000, 0x00000006d78c0000)
  eden space 69376K,   0% used [0x00000006c2c00000, 0x00000006c2c00000, 0x00000006c6fc0000)
  from space 8640K,  60% used [0x00000006c6fc0000, 0x00000006c74d8a08, 0x00000006c7830000)
  to   space 8640K,   0% used [0x00000006c7830000, 0x00000006c7830000, 0x00000006c80a0000)
 concurrent mark-sweep generation total 173440K, used 44180K [0x00000006d78c0000, 0x00000006e2220000, 0x00000007c0000000)
 Metaspace       used 65365K, capacity 68102K, committed 68276K, reserved 1107968K
  class space    used 8590K, capacity 9089K, committed 9184K, reserved 1048576K
}
2018-10-12T10:49:05.409+0800: 18.883: Application time: 0.3373909 seconds
{Heap before GC invocations=48 (full 2):
 par new generation   total 78016K, used 74594K [0x00000006c2c00000, 0x00000006c80a0000, 0x00000006d78c0000)
  eden space 69376K, 100% used [0x00000006c2c00000, 0x00000006c6fc0000, 0x00000006c6fc0000)
  from space 8640K,  60% used [0x00000006c6fc0000, 0x00000006c74d8a08, 0x00000006c7830000)
  to   space 8640K,   0% used [0x00000006c7830000, 0x00000006c7830000, 0x00000006c80a0000)
 concurrent mark-sweep generation total 173440K, used 44180K [0x00000006d78c0000, 0x00000006e2220000, 0x00000007c0000000)
 Metaspace       used 65809K, capacity 68598K, committed 68780K, reserved 1110016K
  class space    used 8638K, capacity 9135K, committed 9184K, reserved 1048576K
2018-10-12T10:49:05.409+0800: 18.883: [GC (Allocation Failure) 2018-10-12T10:49:05.409+0800: 18.883: [ParNew: 74594K->6890K(78016K), 0.0054797 secs] 118775K->51071K(251456K), 0.0055435 secs] [Times: user=0.00 sys=0.00, real=0.01 secs] 
Heap after GC invocations=49 (full 2):
 par new generation   total 78016K, used 6890K [0x00000006c2c00000, 0x00000006c80a0000, 0x00000006d78c0000)
  eden space 69376K,   0% used [0x00000006c2c00000, 0x00000006c2c00000, 0x00000006c6fc0000)
  from space 8640K,  79% used [0x00000006c7830000, 0x00000006c7eeaa50, 0x00000006c80a0000)
  to   space 8640K,   0% used [0x00000006c6fc0000, 0x00000006c6fc0000, 0x00000006c7830000)
 concurrent mark-sweep generation total 173440K, used 44180K [0x00000006d78c0000, 0x00000006e2220000, 0x00000007c0000000)
 Metaspace       used 65809K, capacity 68598K, committed 68780K, reserved 1110016K
  class space    used 8638K, capacity 9135K, committed 9184K, reserved 1048576K
}
2018-10-12T10:49:05.436+0800: 18.909: Application time: 0.0209849 seconds
2018-10-12T10:49:05.451+0800: 18.925: Application time: 0.0159873 seconds
2018-10-12T10:49:05.471+0800: 18.945: Application time: 0.0199380 seconds
2018-10-12T10:49:05.512+0800: 18.987: Application time: 0.0414762 seconds
2018-10-12T10:49:05.590+0800: 19.065: Application time: 0.0774643 seconds
{Heap before GC invocations=49 (full 2):
 par new generation   total 78016K, used 76266K [0x00000006c2c00000, 0x00000006c80a0000, 0x00000006d78c0000)
  eden space 69376K, 100% used [0x00000006c2c00000, 0x00000006c6fc0000, 0x00000006c6fc0000)
  from space 8640K,  79% used [0x00000006c7830000, 0x00000006c7eeaa50, 0x00000006c80a0000)
  to   space 8640K,   0% used [0x00000006c6fc0000, 0x00000006c6fc0000, 0x00000006c7830000)
 concurrent mark-sweep generation total 173440K, used 44180K [0x00000006d78c0000, 0x00000006e2220000, 0x00000007c0000000)
 Metaspace       used 66482K, capacity 69274K, committed 69368K, reserved 1110016K
  class space    used 8747K, capacity 9233K, committed 9260K, reserved 1048576K
2018-10-12T10:49:05.590+0800: 19.065: [GC (Allocation Failure) 2018-10-12T10:49:05.590+0800: 19.065: [ParNew: 76266K->5821K(78016K), 0.0058224 secs] 120447K->50002K(251456K), 0.0058912 secs] [Times: user=0.06 sys=0.00, real=0.01 secs] 
Heap after GC invocations=50 (full 2):
 par new generation   total 78016K, used 5821K [0x00000006c2c00000, 0x00000006c80a0000, 0x00000006d78c0000)
  eden space 69376K,   0% used [0x00000006c2c00000, 0x00000006c2c00000, 0x00000006c6fc0000)
  from space 8640K,  67% used [0x00000006c6fc0000, 0x00000006c756f7e0, 0x00000006c7830000)
  to   space 8640K,   0% used [0x00000006c7830000, 0x00000006c7830000, 0x00000006c80a0000)
 concurrent mark-sweep generation total 173440K, used 44180K [0x00000006d78c0000, 0x00000006e2220000, 0x00000007c0000000)
 Metaspace       used 66482K, capacity 69274K, committed 69368K, reserved 1110016K
  class space    used 8747K, capacity 9233K, committed 9260K, reserved 1048576K
}
2018-10-12T10:49:05.596+0800: 19.071: Application time: 0.0000335 seconds
2018-10-12T10:49:05.597+0800: 19.071: [GC (CMS Initial Mark) [1 CMS-initial-mark: 44180K(173440K)] 51307K(251456K), 0.0022825 secs] [Times: user=0.00 sys=0.00, real=0.00 secs] 
2018-10-12T10:49:05.599+0800: 19.073: [CMS-concurrent-mark-start]
2018-10-12T10:49:05.676+0800: 19.150: [CMS-concurrent-mark: 0.077/0.077 secs] [Times: user=0.30 sys=0.00, real=0.08 secs] 
2018-10-12T10:49:05.676+0800: 19.150: [CMS-concurrent-preclean-start]
2018-10-12T10:49:05.678+0800: 19.152: [CMS-concurrent-preclean: 0.002/0.002 secs] [Times: user=0.00 sys=0.00, real=0.00 secs] 
2018-10-12T10:49:05.678+0800: 19.152: [CMS-concurrent-abortable-preclean-start]
2018-10-12T10:49:05.781+0800: 19.254: Application time: 0.1812320 seconds
{Heap before GC invocations=50 (full 3):
 par new generation   total 78016K, used 75197K [0x00000006c2c00000, 0x00000006c80a0000, 0x00000006d78c0000)
  eden space 69376K, 100% used [0x00000006c2c00000, 0x00000006c6fc0000, 0x00000006c6fc0000)
  from space 8640K,  67% used [0x00000006c6fc0000, 0x00000006c756f7e0, 0x00000006c7830000)
  to   space 8640K,   0% used [0x00000006c7830000, 0x00000006c7830000, 0x00000006c80a0000)
 concurrent mark-sweep generation total 173440K, used 44180K [0x00000006d78c0000, 0x00000006e2220000, 0x00000007c0000000)
 Metaspace       used 66531K, capacity 69274K, committed 69368K, reserved 1110016K
  class space    used 8756K, capacity 9233K, committed 9260K, reserved 1048576K
2018-10-12T10:49:05.781+0800: 19.255: [GC (Allocation Failure) 2018-10-12T10:49:05.781+0800: 19.255: [ParNew: 75197K->4835K(78016K), 0.0085012 secs] 119378K->50078K(251456K), 0.0085714 secs] [Times: user=0.06 sys=0.00, real=0.01 secs] 
Heap after GC invocations=51 (full 3):
 par new generation   total 78016K, used 4835K [0x00000006c2c00000, 0x00000006c80a0000, 0x00000006d78c0000)
  eden space 69376K,   0% used [0x00000006c2c00000, 0x00000006c2c00000, 0x00000006c6fc0000)
  from space 8640K,  55% used [0x00000006c7830000, 0x00000006c7ce8f48, 0x00000006c80a0000)
  to   space 8640K,   0% used [0x00000006c6fc0000, 0x00000006c6fc0000, 0x00000006c7830000)
 concurrent mark-sweep generation total 173440K, used 45242K [0x00000006d78c0000, 0x00000006e2220000, 0x00000007c0000000)
 Metaspace       used 66531K, capacity 69274K, committed 69368K, reserved 1110016K
  class space    used 8756K, capacity 9233K, committed 9260K, reserved 1048576K
}
2018-10-12T10:49:05.867+0800: 19.342: Application time: 0.0784238 seconds
2018-10-12T10:49:06.024+0800: 19.499: [CMS-concurrent-abortable-preclean: 0.159/0.346 secs] [Times: user=0.98 sys=0.03, real=0.35 secs] 
2018-10-12T10:49:06.024+0800: 19.499: Application time: 0.1569720 seconds
2018-10-12T10:49:06.025+0800: 19.499: [GC (CMS Final Remark) [YG occupancy: 68821 K (78016 K)]2018-10-12T10:49:06.025+0800: 19.499: [Rescan (parallel) , 0.0080185 secs]2018-10-12T10:49:06.033+0800: 19.507: [weak refs processing, 0.0003396 secs]2018-10-12T10:49:06.033+0800: 19.507: [class unloading, 0.0150225 secs]2018-10-12T10:49:06.048+0800: 19.522: [scrub symbol table, 0.0171696 secs]2018-10-12T10:49:06.065+0800: 19.539: [scrub string table, 0.0010638 secs][1 CMS-remark: 45242K(173440K)] 114064K(251456K), 0.0421197 secs] [Times: user=0.16 sys=0.00, real=0.04 secs] 
2018-10-12T10:49:06.067+0800: 19.541: [CMS-concurrent-sweep-start]
2018-10-12T10:49:06.086+0800: 19.560: [CMS-concurrent-sweep: 0.019/0.019 secs] [Times: user=0.06 sys=0.00, real=0.02 secs] 
2018-10-12T10:49:06.086+0800: 19.560: [CMS-concurrent-reset-start]
2018-10-12T10:49:06.089+0800: 19.563: Application time: 0.0223912 seconds
2018-10-12T10:49:06.090+0800: 19.564: [CMS-concurrent-reset: 0.003/0.004 secs] [Times: user=0.00 sys=0.00, real=0.00 secs] 
2018-10-12T10:49:06.093+0800: 19.567: Application time: 0.0024313 seconds
{Heap before GC invocations=51 (full 3):
 par new generation   total 78016K, used 74211K [0x00000006c2c00000, 0x00000006c80a0000, 0x00000006d78c0000)
  eden space 69376K, 100% used [0x00000006c2c00000, 0x00000006c6fc0000, 0x00000006c6fc0000)
  from space 8640K,  55% used [0x00000006c7830000, 0x00000006c7ce8f48, 0x00000006c80a0000)
  to   space 8640K,   0% used [0x00000006c6fc0000, 0x00000006c6fc0000, 0x00000006c7830000)
 concurrent mark-sweep generation total 173440K, used 43238K [0x00000006d78c0000, 0x00000006e2220000, 0x00000007c0000000)
 Metaspace       used 66503K, capacity 69208K, committed 69572K, reserved 1110016K
  class space    used 8752K, capacity 9226K, committed 9388K, reserved 1048576K
2018-10-12T10:49:06.093+0800: 19.567: [GC (Allocation Failure) 2018-10-12T10:49:06.093+0800: 19.567: [ParNew: 74211K->6046K(78016K), 0.0045177 secs] 117450K->49284K(251456K), 0.0045914 secs] [Times: user=0.06 sys=0.00, real=0.00 secs] 
Heap after GC invocations=52 (full 3):
 par new generation   total 78016K, used 6046K [0x00000006c2c00000, 0x00000006c80a0000, 0x00000006d78c0000)
  eden space 69376K,   0% used [0x00000006c2c00000, 0x00000006c2c00000, 0x00000006c6fc0000)
  from space 8640K,  69% used [0x00000006c6fc0000, 0x00000006c75a7938, 0x00000006c7830000)
  to   space 8640K,   0% used [0x00000006c7830000, 0x00000006c7830000, 0x00000006c80a0000)
 concurrent mark-sweep generation total 173440K, used 43238K [0x00000006d78c0000, 0x00000006e2220000, 0x00000007c0000000)
 Metaspace       used 66503K, capacity 69208K, committed 69572K, reserved 1110016K
  class space    used 8752K, capacity 9226K, committed 9388K, reserved 1048576K
}
2018-10-12T10:49:06.345+0800: 19.820: Application time: 0.2484849 seconds
{Heap before GC invocations=52 (full 3):
 par new generation   total 78016K, used 75422K [0x00000006c2c00000, 0x00000006c80a0000, 0x00000006d78c0000)
  eden space 69376K, 100% used [0x00000006c2c00000, 0x00000006c6fc0000, 0x00000006c6fc0000)
  from space 8640K,  69% used [0x00000006c6fc0000, 0x00000006c75a7938, 0x00000006c7830000)
  to   space 8640K,   0% used [0x00000006c7830000, 0x00000006c7830000, 0x00000006c80a0000)
 concurrent mark-sweep generation total 173440K, used 43238K [0x00000006d78c0000, 0x00000006e2220000, 0x00000007c0000000)
 Metaspace       used 66651K, capacity 69354K, committed 69828K, reserved 1110016K
  class space    used 8796K, capacity 9269K, committed 9388K, reserved 1048576K
2018-10-12T10:49:06.346+0800: 19.820: [GC (Allocation Failure) 2018-10-12T10:49:06.346+0800: 19.820: [ParNew: 75422K->7449K(78016K), 0.0052409 secs] 118660K->50687K(251456K), 0.0053065 secs] [Times: user=0.00 sys=0.00, real=0.01 secs] 
Heap after GC invocations=53 (full 3):
 par new generation   total 78016K, used 7449K [0x00000006c2c00000, 0x00000006c80a0000, 0x00000006d78c0000)
  eden space 69376K,   0% used [0x00000006c2c00000, 0x00000006c2c00000, 0x00000006c6fc0000)
  from space 8640K,  86% used [0x00000006c7830000, 0x00000006c7f765d0, 0x00000006c80a0000)
  to   space 8640K,   0% used [0x00000006c6fc0000, 0x00000006c6fc0000, 0x00000006c7830000)
 concurrent mark-sweep generation total 173440K, used 43238K [0x00000006d78c0000, 0x00000006e2220000, 0x00000007c0000000)
 Metaspace       used 66651K, capacity 69354K, committed 69828K, reserved 1110016K
  class space    used 8796K, capacity 9269K, committed 9388K, reserved 1048576K
}
2018-10-12T10:49:06.457+0800: 19.931: Application time: 0.1057435 seconds
2018-10-12T10:49:06.480+0800: 19.954: Application time: 0.0225178 seconds
2018-10-12T10:49:06.498+0800: 19.972: Application time: 0.0172518 seconds
2018-10-12T10:49:06.508+0800: 19.982: Application time: 0.0093024 seconds
2018-10-12T10:49:06.514+0800: 19.988: Application time: 0.0051694 seconds
2018-10-12T10:49:06.514+0800: 19.988: Application time: 0.0000973 seconds
2018-10-12T10:49:06.631+0800: 20.106: Application time: 0.1175131 seconds
{Heap before GC invocations=53 (full 3):
 par new generation   total 78016K, used 76825K [0x00000006c2c00000, 0x00000006c80a0000, 0x00000006d78c0000)
  eden space 69376K, 100% used [0x00000006c2c00000, 0x00000006c6fc0000, 0x00000006c6fc0000)
  from space 8640K,  86% used [0x00000006c7830000, 0x00000006c7f765d0, 0x00000006c80a0000)
  to   space 8640K,   0% used [0x00000006c6fc0000, 0x00000006c6fc0000, 0x00000006c7830000)
 concurrent mark-sweep generation total 173440K, used 43238K [0x00000006d78c0000, 0x00000006e2220000, 0x00000007c0000000)
 Metaspace       used 67288K, capacity 70082K, committed 70468K, reserved 1110016K
  class space    used 8888K, capacity 9387K, committed 9516K, reserved 1048576K
2018-10-12T10:49:06.634+0800: 20.109: [GC (Allocation Failure) 2018-10-12T10:49:06.634+0800: 20.109: [ParNew: 76825K->6826K(78016K), 0.0071440 secs] 120063K->51038K(251456K), 0.0072205 secs] [Times: user=0.05 sys=0.00, real=0.01 secs] 
Heap after GC invocations=54 (full 3):
 par new generation   total 78016K, used 6826K [0x00000006c2c00000, 0x00000006c80a0000, 0x00000006d78c0000)
  eden space 69376K,   0% used [0x00000006c2c00000, 0x00000006c2c00000, 0x00000006c6fc0000)
  from space 8640K,  79% used [0x00000006c6fc0000, 0x00000006c766a898, 0x00000006c7830000)
  to   space 8640K,   0% used [0x00000006c7830000, 0x00000006c7830000, 0x00000006c80a0000)
 concurrent mark-sweep generation total 173440K, used 44212K [0x00000006d78c0000, 0x00000006e2220000, 0x00000007c0000000)
 Metaspace       used 67288K, capacity 70082K, committed 70468K, reserved 1110016K
  class space    used 8888K, capacity 9387K, committed 9516K, reserved 1048576K
}
2018-10-12T10:49:06.863+0800: 20.337: Application time: 0.2213345 seconds
{Heap before GC invocations=54 (full 3):
 par new generation   total 78016K, used 76202K [0x00000006c2c00000, 0x00000006c80a0000, 0x00000006d78c0000)
  eden space 69376K, 100% used [0x00000006c2c00000, 0x00000006c6fc0000, 0x00000006c6fc0000)
  from space 8640K,  79% used [0x00000006c6fc0000, 0x00000006c766a898, 0x00000006c7830000)
  to   space 8640K,   0% used [0x00000006c7830000, 0x00000006c7830000, 0x00000006c80a0000)
 concurrent mark-sweep generation total 173440K, used 44212K [0x00000006d78c0000, 0x00000006e2220000, 0x00000007c0000000)
 Metaspace       used 67494K, capacity 70338K, committed 70468K, reserved 1110016K
  class space    used 8917K, capacity 9409K, committed 9516K, reserved 1048576K
2018-10-12T10:49:06.864+0800: 20.338: [GC (Allocation Failure) 2018-10-12T10:49:06.864+0800: 20.338: [ParNew: 76202K->6653K(78016K), 0.0068542 secs] 120414K->51665K(251456K), 0.0069391 secs] [Times: user=0.00 sys=0.00, real=0.01 secs] 
Heap after GC invocations=55 (full 3):
 par new generation   total 78016K, used 6653K [0x00000006c2c00000, 0x00000006c80a0000, 0x00000006d78c0000)
  eden space 69376K,   0% used [0x00000006c2c00000, 0x00000006c2c00000, 0x00000006c6fc0000)
  from space 8640K,  77% used [0x00000006c7830000, 0x00000006c7eaf638, 0x00000006c80a0000)
  to   space 8640K,   0% used [0x00000006c6fc0000, 0x00000006c6fc0000, 0x00000006c7830000)
 concurrent mark-sweep generation total 173440K, used 45012K [0x00000006d78c0000, 0x00000006e2220000, 0x00000007c0000000)
 Metaspace       used 67494K, capacity 70338K, committed 70468K, reserved 1110016K
  class space    used 8917K, capacity 9409K, committed 9516K, reserved 1048576K
}
2018-10-12T10:49:06.932+0800: 20.406: Application time: 0.0615115 seconds
2018-10-12T10:49:07.084+0800: 20.559: Application time: 0.1518915 seconds
{Heap before GC invocations=55 (full 3):
 par new generation   total 78016K, used 76029K [0x00000006c2c00000, 0x00000006c80a0000, 0x00000006d78c0000)
  eden space 69376K, 100% used [0x00000006c2c00000, 0x00000006c6fc0000, 0x00000006c6fc0000)
  from space 8640K,  77% used [0x00000006c7830000, 0x00000006c7eaf638, 0x00000006c80a0000)
  to   space 8640K,   0% used [0x00000006c6fc0000, 0x00000006c6fc0000, 0x00000006c7830000)
 concurrent mark-sweep generation total 173440K, used 45012K [0x00000006d78c0000, 0x00000006e2220000, 0x00000007c0000000)
 Metaspace       used 67684K, capacity 70594K, committed 70724K, reserved 1110016K
  class space    used 8959K, capacity 9473K, committed 9516K, reserved 1048576K
2018-10-12T10:49:07.084+0800: 20.559: [GC (Allocation Failure) 2018-10-12T10:49:07.084+0800: 20.559: [ParNew: 76029K->6712K(78016K), 0.0065287 secs] 121041K->52424K(251456K), 0.0066010 secs] [Times: user=0.00 sys=0.00, real=0.01 secs] 
Heap after GC invocations=56 (full 3):
 par new generation   total 78016K, used 6712K [0x00000006c2c00000, 0x00000006c80a0000, 0x00000006d78c0000)
  eden space 69376K,   0% used [0x00000006c2c00000, 0x00000006c2c00000, 0x00000006c6fc0000)
  from space 8640K,  77% used [0x00000006c6fc0000, 0x00000006c764e0a0, 0x00000006c7830000)
  to   space 8640K,   0% used [0x00000006c7830000, 0x00000006c7830000, 0x00000006c80a0000)
 concurrent mark-sweep generation total 173440K, used 45711K [0x00000006d78c0000, 0x00000006e2220000, 0x00000007c0000000)
 Metaspace       used 67684K, capacity 70594K, committed 70724K, reserved 1110016K
  class space    used 8959K, capacity 9473K, committed 9516K, reserved 1048576K
}
2018-10-12T10:49:07.338+0800: 20.813: Application time: 0.2474277 seconds
2018-10-12T10:49:07.391+0800: 20.866: Application time: 0.0520117 seconds
{Heap before GC invocations=56 (full 3):
 par new generation   total 78016K, used 76088K [0x00000006c2c00000, 0x00000006c80a0000, 0x00000006d78c0000)
  eden space 69376K, 100% used [0x00000006c2c00000, 0x00000006c6fc0000, 0x00000006c6fc0000)
  from space 8640K,  77% used [0x00000006c6fc0000, 0x00000006c764e0a0, 0x00000006c7830000)
  to   space 8640K,   0% used [0x00000006c7830000, 0x00000006c7830000, 0x00000006c80a0000)
 concurrent mark-sweep generation total 173440K, used 45711K [0x00000006d78c0000, 0x00000006e2220000, 0x00000007c0000000)
 Metaspace       used 67948K, capacity 70904K, committed 71040K, reserved 1110016K
  class space    used 9011K, capacity 9532K, committed 9644K, reserved 1048576K
2018-10-12T10:49:07.391+0800: 20.866: [GC (Allocation Failure) 2018-10-12T10:49:07.391+0800: 20.866: [ParNew: 76088K->8411K(78016K), 0.0061920 secs] 121800K->54123K(251456K), 0.0062604 secs] [Times: user=0.00 sys=0.00, real=0.01 secs] 
Heap after GC invocations=57 (full 3):
 par new generation   total 78016K, used 8411K [0x00000006c2c00000, 0x00000006c80a0000, 0x00000006d78c0000)
  eden space 69376K,   0% used [0x00000006c2c00000, 0x00000006c2c00000, 0x00000006c6fc0000)
  from space 8640K,  97% used [0x00000006c7830000, 0x00000006c8066e98, 0x00000006c80a0000)
  to   space 8640K,   0% used [0x00000006c6fc0000, 0x00000006c6fc0000, 0x00000006c7830000)
 concurrent mark-sweep generation total 173440K, used 45711K [0x00000006d78c0000, 0x00000006e2220000, 0x00000007c0000000)
 Metaspace       used 67948K, capacity 70904K, committed 71040K, reserved 1110016K
  class space    used 9011K, capacity 9532K, committed 9644K, reserved 1048576K
}
2018-10-12T10:49:07.625+0800: 21.099: Application time: 0.2269411 seconds
{Heap before GC invocations=57 (full 3):
 par new generation   total 78016K, used 77787K [0x00000006c2c00000, 0x00000006c80a0000, 0x00000006d78c0000)
  eden space 69376K, 100% used [0x00000006c2c00000, 0x00000006c6fc0000, 0x00000006c6fc0000)
  from space 8640K,  97% used [0x00000006c7830000, 0x00000006c8066e98, 0x00000006c80a0000)
  to   space 8640K,   0% used [0x00000006c6fc0000, 0x00000006c6fc0000, 0x00000006c7830000)
 concurrent mark-sweep generation total 173440K, used 45711K [0x00000006d78c0000, 0x00000006e2220000, 0x00000007c0000000)
 Metaspace       used 68237K, capacity 71266K, committed 71552K, reserved 1112064K
  class space    used 9051K, capacity 9567K, committed 9644K, reserved 1048576K
2018-10-12T10:49:07.625+0800: 21.099: [GC (Allocation Failure) 2018-10-12T10:49:07.625+0800: 21.099: [ParNew: 77787K->5855K(78016K), 0.0076215 secs] 123499K->52305K(251456K), 0.0077481 secs] [Times: user=0.06 sys=0.00, real=0.01 secs] 
Heap after GC invocations=58 (full 3):
 par new generation   total 78016K, used 5855K [0x00000006c2c00000, 0x00000006c80a0000, 0x00000006d78c0000)
  eden space 69376K,   0% used [0x00000006c2c00000, 0x00000006c2c00000, 0x00000006c6fc0000)
  from space 8640K,  67% used [0x00000006c6fc0000, 0x00000006c7577fa0, 0x00000006c7830000)
  to   space 8640K,   0% used [0x00000006c7830000, 0x00000006c7830000, 0x00000006c80a0000)
 concurrent mark-sweep generation total 173440K, used 46449K [0x00000006d78c0000, 0x00000006e2220000, 0x00000007c0000000)
 Metaspace       used 68237K, capacity 71266K, committed 71552K, reserved 1112064K
  class space    used 9051K, capacity 9567K, committed 9644K, reserved 1048576K
}
2018-10-12T10:49:07.640+0800: 21.113: Application time: 0.0064864 seconds
2018-10-12T10:49:07.817+0800: 21.291: Application time: 0.1774961 seconds
2018-10-12T10:49:07.853+0800: 21.327: Application time: 0.0357113 seconds
{Heap before GC invocations=58 (full 3):
 par new generation   total 78016K, used 75231K [0x00000006c2c00000, 0x00000006c80a0000, 0x00000006d78c0000)
  eden space 69376K, 100% used [0x00000006c2c00000, 0x00000006c6fc0000, 0x00000006c6fc0000)
  from space 8640K,  67% used [0x00000006c6fc0000, 0x00000006c7577fa0, 0x00000006c7830000)
  to   space 8640K,   0% used [0x00000006c7830000, 0x00000006c7830000, 0x00000006c80a0000)
 concurrent mark-sweep generation total 173440K, used 46449K [0x00000006d78c0000, 0x00000006e2220000, 0x00000007c0000000)
 Metaspace       used 68605K, capacity 71706K, committed 71936K, reserved 1112064K
  class space    used 9116K, capacity 9651K, committed 9772K, reserved 1048576K
2018-10-12T10:49:07.853+0800: 21.327: [GC (Allocation Failure) 2018-10-12T10:49:07.853+0800: 21.327: [ParNew: 75231K->7990K(78016K), 0.0074730 secs] 121681K->55444K(251456K), 0.0075435 secs] [Times: user=0.05 sys=0.00, real=0.01 secs] 
Heap after GC invocations=59 (full 3):
 par new generation   total 78016K, used 7990K [0x00000006c2c00000, 0x00000006c80a0000, 0x00000006d78c0000)
  eden space 69376K,   0% used [0x00000006c2c00000, 0x00000006c2c00000, 0x00000006c6fc0000)
  from space 8640K,  92% used [0x00000006c7830000, 0x00000006c7ffd850, 0x00000006c80a0000)
  to   space 8640K,   0% used [0x00000006c6fc0000, 0x00000006c6fc0000, 0x00000006c7830000)
 concurrent mark-sweep generation total 173440K, used 47454K [0x00000006d78c0000, 0x00000006e2220000, 0x00000007c0000000)
 Metaspace       used 68605K, capacity 71706K, committed 71936K, reserved 1112064K
  class space    used 9116K, capacity 9651K, committed 9772K, reserved 1048576K
}
2018-10-12T10:49:08.044+0800: 21.517: Application time: 0.1827825 seconds
{Heap before GC invocations=59 (full 3):
 par new generation   total 78016K, used 77366K [0x00000006c2c00000, 0x00000006c80a0000, 0x00000006d78c0000)
  eden space 69376K, 100% used [0x00000006c2c00000, 0x00000006c6fc0000, 0x00000006c6fc0000)
  from space 8640K,  92% used [0x00000006c7830000, 0x00000006c7ffd850, 0x00000006c80a0000)
  to   space 8640K,   0% used [0x00000006c6fc0000, 0x00000006c6fc0000, 0x00000006c7830000)
 concurrent mark-sweep generation total 173440K, used 47454K [0x00000006d78c0000, 0x00000006e2220000, 0x00000007c0000000)
 Metaspace       used 68674K, capacity 71782K, committed 71936K, reserved 1112064K
  class space    used 9126K, capacity 9653K, committed 9772K, reserved 1048576K
2018-10-12T10:49:08.044+0800: 21.518: [GC (Allocation Failure) 2018-10-12T10:49:08.044+0800: 21.518: [ParNew: 77366K->5711K(78016K), 0.0072364 secs] 124820K->54047K(251456K), 0.0073119 secs] [Times: user=0.06 sys=0.00, real=0.01 secs] 
Heap after GC invocations=60 (full 3):
 par new generation   total 78016K, used 5711K [0x00000006c2c00000, 0x00000006c80a0000, 0x00000006d78c0000)
  eden space 69376K,   0% used [0x00000006c2c00000, 0x00000006c2c00000, 0x00000006c6fc0000)
  from space 8640K,  66% used [0x00000006c6fc0000, 0x00000006c7553ef8, 0x00000006c7830000)
  to   space 8640K,   0% used [0x00000006c7830000, 0x00000006c7830000, 0x00000006c80a0000)
 concurrent mark-sweep generation total 173440K, used 48336K [0x00000006d78c0000, 0x00000006e2220000, 0x00000007c0000000)
 Metaspace       used 68674K, capacity 71782K, committed 71936K, reserved 1112064K
  class space    used 9126K, capacity 9653K, committed 9772K, reserved 1048576K
}
2018-10-12T10:49:08.136+0800: 21.610: Application time: 0.0855315 seconds
2018-10-12T10:49:08.215+0800: 21.689: Application time: 0.0786709 seconds
{Heap before GC invocations=60 (full 3):
 par new generation   total 78016K, used 75087K [0x00000006c2c00000, 0x00000006c80a0000, 0x00000006d78c0000)
  eden space 69376K, 100% used [0x00000006c2c00000, 0x00000006c6fc0000, 0x00000006c6fc0000)
  from space 8640K,  66% used [0x00000006c6fc0000, 0x00000006c7553ef8, 0x00000006c7830000)
  to   space 8640K,   0% used [0x00000006c7830000, 0x00000006c7830000, 0x00000006c80a0000)
 concurrent mark-sweep generation total 173440K, used 48336K [0x00000006d78c0000, 0x00000006e2220000, 0x00000007c0000000)
 Metaspace       used 68766K, capacity 71896K, committed 72192K, reserved 1112064K
  class space    used 9141K, capacity 9688K, committed 9772K, reserved 1048576K
2018-10-12T10:49:08.215+0800: 21.689: [GC (Allocation Failure) 2018-10-12T10:49:08.215+0800: 21.689: [ParNew: 75087K->6663K(78016K), 0.0059511 secs] 123423K->54999K(251456K), 0.0060213 secs] [Times: user=0.06 sys=0.00, real=0.01 secs] 
Heap after GC invocations=61 (full 3):
 par new generation   total 78016K, used 6663K [0x00000006c2c00000, 0x00000006c80a0000, 0x00000006d78c0000)
  eden space 69376K,   0% used [0x00000006c2c00000, 0x00000006c2c00000, 0x00000006c6fc0000)
  from space 8640K,  77% used [0x00000006c7830000, 0x00000006c7eb1c18, 0x00000006c80a0000)
  to   space 8640K,   0% used [0x00000006c6fc0000, 0x00000006c6fc0000, 0x00000006c7830000)
 concurrent mark-sweep generation total 173440K, used 48336K [0x00000006d78c0000, 0x00000006e2220000, 0x00000007c0000000)
 Metaspace       used 68766K, capacity 71896K, committed 72192K, reserved 1112064K
  class space    used 9141K, capacity 9688K, committed 9772K, reserved 1048576K
}
2018-10-12T10:49:08.240+0800: 21.714: Application time: 0.0187793 seconds
2018-10-12T10:49:08.382+0800: 21.856: Application time: 0.1412569 seconds
2018-10-12T10:49:08.451+0800: 21.926: Application time: 0.0702716 seconds
2018-10-12T10:49:08.460+0800: 21.934: Application time: 0.0065932 seconds
2018-10-12T10:49:09.461+0800: 22.935: Application time: 1.0006033 seconds
2018-10-12T10:49:11.094+0800: 24.568: Application time: 1.6329382 seconds
2018-10-12T10:49:11.094+0800: 24.569: Application time: 0.0004580 seconds
2018-10-12T10:49:11.111+0800: 24.585: Application time: 0.0162655 seconds
{Heap before GC invocations=61 (full 3):
 par new generation   total 78016K, used 76039K [0x00000006c2c00000, 0x00000006c80a0000, 0x00000006d78c0000)
  eden space 69376K, 100% used [0x00000006c2c00000, 0x00000006c6fc0000, 0x00000006c6fc0000)
  from space 8640K,  77% used [0x00000006c7830000, 0x00000006c7eb1c18, 0x00000006c80a0000)
  to   space 8640K,   0% used [0x00000006c6fc0000, 0x00000006c6fc0000, 0x00000006c7830000)
 concurrent mark-sweep generation total 173440K, used 48336K [0x00000006d78c0000, 0x00000006e2220000, 0x00000007c0000000)
 Metaspace       used 69624K, capacity 72840K, committed 73088K, reserved 1112064K
  class space    used 9253K, capacity 9812K, committed 9900K, reserved 1048576K
2018-10-12T10:49:11.111+0800: 24.585: [GC (Allocation Failure) 2018-10-12T10:49:11.111+0800: 24.585: [ParNew: 76039K->8640K(78016K), 0.0074949 secs] 124375K->58084K(251456K), 0.0075615 secs] [Times: user=0.00 sys=0.00, real=0.01 secs] 
Heap after GC invocations=62 (full 3):
 par new generation   total 78016K, used 8640K [0x00000006c2c00000, 0x00000006c80a0000, 0x00000006d78c0000)
  eden space 69376K,   0% used [0x00000006c2c00000, 0x00000006c2c00000, 0x00000006c6fc0000)
  from space 8640K, 100% used [0x00000006c6fc0000, 0x00000006c7830000, 0x00000006c7830000)
  to   space 8640K,   0% used [0x00000006c7830000, 0x00000006c7830000, 0x00000006c80a0000)
 concurrent mark-sweep generation total 173440K, used 49444K [0x00000006d78c0000, 0x00000006e2220000, 0x00000007c0000000)
 Metaspace       used 69624K, capacity 72840K, committed 73088K, reserved 1112064K
  class space    used 9253K, capacity 9812K, committed 9900K, reserved 1048576K
}
2018-10-12T10:49:11.155+0800: 24.630: Application time: 0.0367145 seconds
2018-10-12T10:49:11.156+0800: 24.630: Application time: 0.0005892 seconds
2018-10-12T10:49:11.157+0800: 24.631: Application time: 0.0004588 seconds
2018-10-12T10:49:11.246+0800: 24.720: Application time: 0.0888813 seconds
2018-10-12T10:49:11.246+0800: 24.720: Application time: 0.0006978 seconds
2018-10-12T10:49:11.247+0800: 24.721: Application time: 0.0002119 seconds
2018-10-12T10:49:11.247+0800: 24.721: Application time: 0.0000331 seconds
2018-10-12T10:49:13.758+0800: 27.232: Application time: 2.5107109 seconds
2018-10-12T10:49:15.758+0800: 29.232: Application time: 2.0005095 seconds
2018-10-12T10:49:45.774+0800: 59.247: Application time: 30.0151315 seconds
2018-10-12T10:50:02.035+0800: 75.509: Application time: 16.2618075 seconds
2018-10-12T10:50:02.035+0800: 75.509: Application time: 0.0000755 seconds
2018-10-12T10:50:02.036+0800: 75.510: Application time: 0.0005243 seconds
2018-10-12T10:50:02.036+0800: 75.511: Application time: 0.0004369 seconds
2018-10-12T10:50:02.037+0800: 75.512: Application time: 0.0005681 seconds
2018-10-12T10:50:02.037+0800: 75.512: Application time: 0.0001269 seconds
2018-10-12T10:50:02.037+0800: 75.512: Application time: 0.0000744 seconds
2018-10-12T10:50:02.041+0800: 75.516: Application time: 0.0036302 seconds
2018-10-12T10:50:02.044+0800: 75.519: Application time: 0.0029341 seconds
2018-10-12T10:50:03.045+0800: 76.518: Application time: 0.9995286 seconds
2018-10-12T10:50:32.589+0800: 106.064: Application time: 29.5450889 seconds
2018-10-12T10:50:32.590+0800: 106.065: Application time: 0.0009937 seconds
2018-10-12T10:50:32.629+0800: 106.104: Application time: 0.0391324 seconds
2018-10-12T10:50:32.631+0800: 106.106: Application time: 0.0014450 seconds
2018-10-12T10:50:32.631+0800: 106.106: Application time: 0.0001269 seconds
2018-10-12T10:50:32.632+0800: 106.107: Application time: 0.0004598 seconds
2018-10-12T10:50:32.635+0800: 106.110: Application time: 0.0031372 seconds
2018-10-12T10:50:32.636+0800: 106.111: Application time: 0.0005480 seconds
2018-10-12T10:50:32.636+0800: 106.111: Application time: 0.0004376 seconds
2018-10-12T10:50:32.642+0800: 106.117: Application time: 0.0054271 seconds
2018-10-12T10:50:32.655+0800: 106.130: Application time: 0.0129389 seconds
2018-10-12T10:50:32.659+0800: 106.134: Application time: 0.0039564 seconds
2018-10-12T10:50:32.672+0800: 106.147: Application time: 0.0124340 seconds
2018-10-12T10:50:32.675+0800: 106.149: Application time: 0.0020184 seconds
2018-10-12T10:50:32.675+0800: 106.149: Application time: 0.0000317 seconds
2018-10-12T10:50:32.675+0800: 106.149: Application time: 0.0000176 seconds
2018-10-12T10:50:32.675+0800: 106.149: Application time: 0.0000159 seconds
2018-10-12T10:50:32.675+0800: 106.149: Application time: 0.0000166 seconds
2018-10-12T10:50:32.675+0800: 106.149: Application time: 0.0000159 seconds
2018-10-12T10:50:32.675+0800: 106.149: Application time: 0.0000169 seconds
2018-10-12T10:50:32.675+0800: 106.149: Application time: 0.0000155 seconds
2018-10-12T10:50:32.675+0800: 106.149: Application time: 0.0000212 seconds
2018-10-12T10:50:32.675+0800: 106.149: Application time: 0.0000159 seconds
2018-10-12T10:50:32.675+0800: 106.150: Application time: 0.0000624 seconds
2018-10-12T10:50:32.675+0800: 106.150: Application time: 0.0000212 seconds
2018-10-12T10:50:32.675+0800: 106.150: Application time: 0.0000363 seconds
2018-10-12T10:50:32.675+0800: 106.150: Application time: 0.0000173 seconds
2018-10-12T10:50:32.675+0800: 106.150: Application time: 0.0000169 seconds
2018-10-12T10:50:32.675+0800: 106.150: Application time: 0.0000166 seconds
2018-10-12T10:50:32.675+0800: 106.150: Application time: 0.0001276 seconds
2018-10-12T10:50:33.676+0800: 107.150: Application time: 1.0002613 seconds
2018-10-12T10:50:35.677+0800: 109.151: Application time: 2.0007045 seconds
2018-10-12T10:50:39.574+0800: 113.048: Application time: 3.8963719 seconds
2018-10-12T10:50:39.583+0800: 113.058: Application time: 0.0095986 seconds
2018-10-12T10:50:39.685+0800: 113.159: Application time: 0.1009496 seconds
2018-10-12T10:50:39.702+0800: 113.177: Application time: 0.0175205 seconds
2018-10-12T10:50:39.718+0800: 113.193: Application time: 0.0160405 seconds
2018-10-12T10:50:39.718+0800: 113.193: Application time: 0.0000268 seconds
2018-10-12T10:50:39.735+0800: 113.210: Application time: 0.0168720 seconds
2018-10-12T10:50:39.776+0800: 113.251: Application time: 0.0405883 seconds
2018-10-12T10:50:39.790+0800: 113.265: Application time: 0.0142239 seconds
2018-10-12T10:50:39.791+0800: 113.265: Application time: 0.0000501 seconds
2018-10-12T10:50:39.813+0800: 113.287: Application time: 0.0223566 seconds
2018-10-12T10:50:39.815+0800: 113.289: Application time: 0.0016058 seconds
2018-10-12T10:50:39.816+0800: 113.291: Application time: 0.0015928 seconds
2018-10-12T10:50:39.819+0800: 113.294: Application time: 0.0027208 seconds
2018-10-12T10:50:39.823+0800: 113.297: Application time: 0.0033953 seconds
2018-10-12T10:50:39.823+0800: 113.297: Application time: 0.0000402 seconds
2018-10-12T10:50:39.824+0800: 113.298: Application time: 0.0005356 seconds
2018-10-12T10:50:39.825+0800: 113.300: Application time: 0.0015667 seconds
2018-10-12T10:50:39.826+0800: 113.300: Application time: 0.0001407 seconds
2018-10-12T10:50:39.826+0800: 113.300: Application time: 0.0000328 seconds
2018-10-12T10:50:39.826+0800: 113.300: Application time: 0.0000286 seconds
2018-10-12T10:50:39.826+0800: 113.300: Application time: 0.0000240 seconds
2018-10-12T10:50:39.839+0800: 113.313: Application time: 0.0125919 seconds
{Heap before GC invocations=62 (full 3):
 par new generation   total 78016K, used 78016K [0x00000006c2c00000, 0x00000006c80a0000, 0x00000006d78c0000)
  eden space 69376K, 100% used [0x00000006c2c00000, 0x00000006c6fc0000, 0x00000006c6fc0000)
  from space 8640K, 100% used [0x00000006c6fc0000, 0x00000006c7830000, 0x00000006c7830000)
  to   space 8640K,   0% used [0x00000006c7830000, 0x00000006c7830000, 0x00000006c80a0000)
 concurrent mark-sweep generation total 173440K, used 49444K [0x00000006d78c0000, 0x00000006e2220000, 0x00000007c0000000)
 Metaspace       used 71315K, capacity 74716K, committed 74880K, reserved 1114112K
  class space    used 9466K, capacity 10058K, committed 10156K, reserved 1048576K
2018-10-12T10:50:39.839+0800: 113.313: [GC (Allocation Failure) 2018-10-12T10:50:39.839+0800: 113.313: [ParNew: 78016K->5998K(78016K), 0.0101466 secs] 127460K->56618K(251456K), 0.0102210 secs] [Times: user=0.05 sys=0.02, real=0.01 secs] 
Heap after GC invocations=63 (full 3):
 par new generation   total 78016K, used 5998K [0x00000006c2c00000, 0x00000006c80a0000, 0x00000006d78c0000)
  eden space 69376K,   0% used [0x00000006c2c00000, 0x00000006c2c00000, 0x00000006c6fc0000)
  from space 8640K,  69% used [0x00000006c7830000, 0x00000006c7e0b998, 0x00000006c80a0000)
  to   space 8640K,   0% used [0x00000006c6fc0000, 0x00000006c6fc0000, 0x00000006c7830000)
 concurrent mark-sweep generation total 173440K, used 50620K [0x00000006d78c0000, 0x00000006e2220000, 0x00000007c0000000)
 Metaspace       used 71315K, capacity 74716K, committed 74880K, reserved 1114112K
  class space    used 9466K, capacity 10058K, committed 10156K, reserved 1048576K
}
2018-10-12T10:50:39.870+0800: 113.345: Application time: 0.0206045 seconds
2018-10-12T10:50:39.873+0800: 113.347: Application time: 0.0018918 seconds
2018-10-12T10:50:39.873+0800: 113.347: Application time: 0.0000370 seconds
2018-10-12T10:50:39.873+0800: 113.347: Application time: 0.0001985 seconds
2018-10-12T10:50:39.873+0800: 113.347: Application time: 0.0000381 seconds
2018-10-12T10:50:39.873+0800: 113.348: Application time: 0.0001379 seconds
2018-10-12T10:50:39.874+0800: 113.348: Application time: 0.0001887 seconds
2018-10-12T10:50:39.874+0800: 113.348: Application time: 0.0000261 seconds
2018-10-12T10:50:39.874+0800: 113.348: Application time: 0.0000737 seconds
2018-10-12T10:50:39.875+0800: 113.350: Application time: 0.0013294 seconds
2018-10-12T10:50:39.875+0800: 113.350: Application time: 0.0000508 seconds
2018-10-12T10:50:39.876+0800: 113.350: Application time: 0.0002532 seconds
2018-10-12T10:50:39.876+0800: 113.350: Application time: 0.0001114 seconds
2018-10-12T10:50:39.897+0800: 113.371: Application time: 0.0205872 seconds
2018-10-12T10:50:39.904+0800: 113.378: Application time: 0.0063094 seconds
2018-10-12T10:50:39.904+0800: 113.378: Application time: 0.0000540 seconds
2018-10-12T10:50:39.904+0800: 113.378: Application time: 0.0000427 seconds
2018-10-12T10:50:39.904+0800: 113.378: Application time: 0.0000409 seconds
2018-10-12T10:50:39.904+0800: 113.378: Application time: 0.0000367 seconds
2018-10-12T10:50:39.904+0800: 113.378: Application time: 0.0000469 seconds
2018-10-12T10:50:41.410+0800: 114.883: Application time: 1.5050514 seconds
2018-10-12T10:50:41.418+0800: 114.892: Application time: 0.0070026 seconds
2018-10-12T10:50:41.439+0800: 114.914: Application time: 0.0213647 seconds
2018-10-12T10:50:41.452+0800: 114.927: Application time: 0.0133310 seconds
2018-10-12T10:50:41.453+0800: 114.928: Application time: 0.0000494 seconds
2018-10-12T10:50:41.475+0800: 114.950: Application time: 0.0217656 seconds
2018-10-12T10:50:41.475+0800: 114.950: Application time: 0.0000367 seconds
2018-10-12T10:50:41.508+0800: 114.982: Application time: 0.0324824 seconds
2018-10-12T10:50:41.523+0800: 114.998: Application time: 0.0154139 seconds
2018-10-12T10:50:41.528+0800: 115.002: Application time: 0.0041693 seconds
2018-10-12T10:50:41.717+0800: 115.191: Application time: 0.1884804 seconds
2018-10-12T10:50:41.825+0800: 115.299: Application time: 0.1084099 seconds
2018-10-12T10:50:41.828+0800: 115.302: Application time: 0.0030833 seconds
2018-10-12T10:50:41.828+0800: 115.303: Application time: 0.0001044 seconds
2018-10-12T10:50:41.828+0800: 115.303: Application time: 0.0000413 seconds
2018-10-12T10:50:41.828+0800: 115.303: Application time: 0.0001544 seconds
2018-10-12T10:50:41.834+0800: 115.309: Application time: 0.0055936 seconds
2018-10-12T10:50:41.834+0800: 115.309: Application time: 0.0001033 seconds
2018-10-12T10:50:41.834+0800: 115.309: Application time: 0.0001594 seconds
2018-10-12T10:50:41.835+0800: 115.309: Application time: 0.0000543 seconds
2018-10-12T10:50:41.835+0800: 115.310: Application time: 0.0004573 seconds
2018-10-12T10:50:42.277+0800: 115.751: Application time: 0.4411780 seconds
2018-10-12T10:50:43.197+0800: 116.671: Application time: 0.9195995 seconds
2018-10-12T10:50:43.197+0800: 116.671: Application time: 0.0000402 seconds
2018-10-12T10:50:44.197+0800: 117.671: Application time: 0.9998607 seconds
2018-10-12T10:50:56.203+0800: 129.677: Application time: 12.0057484 seconds
2018-10-12T10:51:02.059+0800: 135.533: Application time: 5.8560597 seconds
2018-10-12T10:51:20.069+0800: 153.543: Application time: 18.0092982 seconds
2018-10-12T10:51:26.073+0800: 159.546: Application time: 6.0032268 seconds
2018-10-12T10:51:36.078+0800: 169.552: Application time: 10.0050865 seconds
2018-10-12T10:51:41.458+0800: 174.932: Application time: 5.3805484 seconds
2018-10-12T10:51:41.458+0800: 174.932: Application time: 0.0001118 seconds
2018-10-12T10:51:41.784+0800: 175.258: Application time: 0.3256167 seconds
2018-10-12T10:51:42.785+0800: 176.259: Application time: 1.0007789 seconds
2018-10-12T10:51:43.786+0800: 177.260: Application time: 1.0013971 seconds
2018-10-12T10:51:44.788+0800: 178.262: Application time: 1.0010589 seconds
2018-10-12T10:51:45.789+0800: 179.263: Application time: 1.0005889 seconds
2018-10-12T10:51:55.795+0800: 189.269: Application time: 10.0056200 seconds
2018-10-12T10:52:02.798+0800: 196.272: Application time: 7.0027652 seconds
2018-10-12T10:52:05.799+0800: 199.273: Application time: 3.0011908 seconds
2018-10-12T10:52:41.816+0800: 235.290: Application time: 36.0167899 seconds
2018-10-12T10:52:53.823+0800: 247.297: Application time: 12.0067551 seconds
2018-10-12T10:53:43.847+0800: 297.321: Application time: 50.0242336 seconds
2018-10-12T10:53:45.848+0800: 299.322: Application time: 2.0008410 seconds
2018-10-12T10:54:04.859+0800: 318.333: Application time: 19.0105887 seconds
2018-10-12T10:55:02.885+0800: 376.359: Application time: 58.0262671 seconds
2018-10-12T10:55:06.887+0800: 380.361: Application time: 4.0015907 seconds
2018-10-12T10:55:36.899+0800: 410.373: Application time: 30.0120807 seconds
2018-10-12T10:55:41.901+0800: 415.375: Application time: 5.0021912 seconds
2018-10-12T10:56:02.915+0800: 436.388: Application time: 21.0131639 seconds
2018-10-12T10:56:06.917+0800: 440.391: Application time: 4.0020670 seconds
2018-10-12T10:56:10.890+0800: 444.365: Application time: 3.9737505 seconds
2018-10-12T10:56:10.898+0800: 444.372: Application time: 0.0075263 seconds
2018-10-12T10:56:10.902+0800: 444.376: Application time: 0.0036640 seconds
2018-10-12T10:56:10.905+0800: 444.380: Application time: 0.0036944 seconds
2018-10-12T10:56:10.925+0800: 444.399: Application time: 0.0195279 seconds
2018-10-12T10:56:16.927+0800: 450.401: Application time: 6.0018181 seconds
2018-10-12T10:56:24.931+0800: 458.405: Application time: 8.0032296 seconds
2018-10-12T10:56:26.932+0800: 460.406: Application time: 2.0010095 seconds
2018-10-12T10:56:41.938+0800: 475.412: Application time: 15.0060781 seconds
2018-10-12T10:57:02.947+0800: 496.421: Application time: 21.0089935 seconds
2018-10-12T10:57:41.966+0800: 535.440: Application time: 39.0185247 seconds
2018-10-12T10:57:53.973+0800: 547.447: Application time: 12.0071095 seconds
2018-10-12T10:58:02.978+0800: 556.452: Application time: 9.0045008 seconds
2018-10-12T10:59:05.008+0800: 618.482: Application time: 62.0306502 seconds
2018-10-12T10:59:47.032+0800: 660.506: Application time: 42.0237286 seconds
2018-10-12T10:59:57.036+0800: 670.510: Application time: 10.0038633 seconds
2018-10-12T11:00:03.040+0800: 676.514: Application time: 6.0036824 seconds
2018-10-12T11:00:17.046+0800: 690.520: Application time: 14.0057815 seconds
2018-10-12T11:00:27.052+0800: 700.525: Application time: 10.0054500 seconds
2018-10-12T11:00:42.056+0800: 715.530: Application time: 15.0040569 seconds
2018-10-12T11:01:03.067+0800: 736.541: Application time: 21.0114093 seconds
2018-10-12T11:01:07.069+0800: 740.543: Application time: 4.0019919 seconds
2018-10-12T11:01:37.082+0800: 770.556: Application time: 30.0123952 seconds
2018-10-12T11:01:42.085+0800: 775.559: Application time: 5.0026013 seconds
2018-10-12T11:01:57.092+0800: 790.566: Application time: 15.0075784 seconds
2018-10-12T11:02:03.095+0800: 796.569: Application time: 6.0027106 seconds
2018-10-12T11:02:42.116+0800: 835.590: Application time: 39.0201919 seconds
2018-10-12T11:03:03.126+0800: 856.600: Application time: 21.0104470 seconds
2018-10-12T11:03:42.145+0800: 895.619: Application time: 39.0185938 seconds
2018-10-12T11:04:42.170+0800: 955.644: Application time: 60.0251790 seconds
2018-10-12T11:05:42.197+0800: 1015.671: Application time: 60.0265126 seconds
2018-10-12T11:05:57.205+0800: 1030.679: Application time: 15.0081306 seconds
2018-10-12T11:06:02.208+0800: 1035.681: Application time: 5.0024207 seconds
2018-10-12T11:06:42.228+0800: 1075.702: Application time: 40.0203097 seconds
2018-10-12T11:07:02.238+0800: 1095.712: Application time: 20.0098433 seconds
2018-10-12T11:07:07.241+0800: 1100.715: Application time: 5.0027684 seconds
2018-10-12T11:07:17.246+0800: 1110.720: Application time: 10.0052967 seconds
2018-10-12T11:07:42.264+0800: 1135.738: Application time: 25.0177754 seconds
2018-10-12T11:08:02.275+0800: 1155.749: Application time: 20.0111924 seconds
2018-10-12T11:08:37.292+0800: 1190.766: Application time: 35.0163226 seconds
2018-10-12T11:09:05.304+0800: 1218.778: Application time: 28.0123814 seconds
2018-10-12T11:09:42.320+0800: 1255.794: Application time: 37.0159989 seconds
2018-10-12T11:10:07.332+0800: 1280.806: Application time: 25.0112421 seconds
2018-10-12T11:10:42.348+0800: 1315.822: Application time: 35.0161784 seconds
2018-10-12T11:10:44.349+0800: 1317.823: Application time: 2.0008241 seconds
2018-10-12T11:10:47.350+0800: 1320.824: Application time: 3.0008787 seconds
2018-10-12T11:12:02.386+0800: 1395.860: Application time: 75.0361411 seconds
2018-10-12T11:12:18.393+0800: 1411.867: Application time: 16.0066602 seconds
2018-10-12T11:12:48.406+0800: 1441.880: Application time: 30.0130059 seconds
2018-10-12T11:13:38.433+0800: 1491.907: Application time: 50.0267414 seconds
2018-10-12T11:13:42.435+0800: 1495.909: Application time: 4.0020660 seconds
2018-10-12T11:13:48.438+0800: 1501.912: Application time: 6.0023086 seconds
2018-10-12T11:14:02.446+0800: 1515.920: Application time: 14.0083172 seconds
2018-10-12T11:14:42.463+0800: 1555.937: Application time: 40.0170839 seconds
2018-10-12T11:15:02.471+0800: 1575.945: Application time: 20.0077540 seconds
2018-10-12T11:15:08.474+0800: 1581.948: Application time: 6.0023668 seconds
2018-10-12T11:15:28.482+0800: 1601.956: Application time: 20.0084184 seconds
2018-10-12T11:15:42.488+0800: 1615.962: Application time: 14.0056306 seconds
2018-10-12T11:15:58.495+0800: 1631.969: Application time: 16.0067776 seconds
2018-10-12T11:16:48.516+0800: 1681.990: Application time: 50.0211623 seconds
2018-10-12T11:16:58.521+0800: 1691.995: Application time: 10.0044895 seconds
2018-10-12T11:17:08.525+0800: 1701.999: Application time: 10.0038918 seconds
2018-10-12T11:17:28.535+0800: 1722.009: Application time: 20.0100119 seconds
2018-10-12T11:18:14.650+0800: 1768.124: Application time: 46.1146389 seconds
2018-10-12T11:18:14.650+0800: 1768.124: Application time: 0.0000867 seconds
2018-10-12T11:18:14.650+0800: 1768.125: Application time: 0.0002296 seconds
2018-10-12T11:18:14.653+0800: 1768.127: Application time: 0.0022536 seconds
2018-10-12T11:18:15.653+0800: 1769.127: Application time: 0.9996407 seconds
2018-10-12T11:18:16.114+0800: 1769.588: Application time: 0.4607853 seconds
2018-10-12T11:18:16.114+0800: 1769.588: Application time: 0.0000395 seconds
2018-10-12T11:18:16.114+0800: 1769.588: Application time: 0.0000511 seconds
2018-10-12T11:18:31.926+0800: 1785.401: Application time: 15.8127918 seconds
2018-10-12T11:18:31.937+0800: 1785.411: Application time: 0.0099374 seconds
2018-10-12T11:18:36.053+0800: 1789.527: Application time: 4.1157366 seconds
2018-10-12T11:18:36.054+0800: 1789.528: Application time: 0.0001883 seconds
2018-10-12T11:18:36.054+0800: 1789.528: Application time: 0.0001837 seconds
2018-10-12T11:18:37.054+0800: 1790.528: Application time: 0.9994661 seconds
2018-10-12T11:18:38.295+0800: 1791.769: Application time: 1.2414181 seconds
2018-10-12T11:18:38.295+0800: 1791.770: Application time: 0.0000642 seconds
2018-10-12T11:18:38.295+0800: 1791.770: Application time: 0.0000800 seconds
2018-10-12T11:18:40.273+0800: 1793.747: Application time: 1.9766945 seconds
2018-10-12T11:18:40.273+0800: 1793.747: Application time: 0.0000349 seconds
2018-10-12T11:18:40.273+0800: 1793.747: Application time: 0.0000575 seconds
2018-10-12T11:18:43.274+0800: 1796.748: Application time: 3.0012825 seconds
2018-10-12T11:18:51.273+0800: 1804.748: Application time: 7.9991900 seconds
2018-10-12T11:18:51.273+0800: 1804.748: Application time: 0.0000430 seconds
2018-10-12T11:18:51.273+0800: 1804.748: Application time: 0.0000691 seconds
2018-10-12T11:18:53.473+0800: 1806.947: Application time: 2.1992793 seconds
2018-10-12T11:18:53.473+0800: 1806.948: Application time: 0.0001051 seconds
2018-10-12T11:18:53.474+0800: 1806.948: Application time: 0.0001305 seconds
2018-10-12T11:18:54.475+0800: 1807.949: Application time: 1.0004147 seconds
2018-10-12T11:19:02.280+0800: 1815.754: Application time: 7.8050744 seconds
2018-10-12T11:19:02.280+0800: 1815.754: Application time: 0.0001908 seconds
2018-10-12T11:19:02.280+0800: 1815.754: Application time: 0.0001601 seconds
2018-10-12T11:19:02.281+0800: 1815.755: Application time: 0.0002162 seconds
2018-10-12T11:19:02.281+0800: 1815.755: Application time: 0.0003410 seconds
2018-10-12T11:19:02.282+0800: 1815.756: Application time: 0.0004037 seconds
2018-10-12T11:19:08.285+0800: 1821.759: Application time: 6.0031238 seconds
2018-10-12T11:19:43.299+0800: 1856.773: Application time: 35.0141117 seconds
2018-10-12T11:20:02.310+0800: 1875.783: Application time: 19.0100119 seconds
2018-10-12T11:20:19.319+0800: 1892.793: Application time: 17.0090605 seconds
2018-10-12T11:20:43.330+0800: 1916.804: Application time: 24.0112213 seconds
2018-10-12T11:21:02.337+0800: 1935.811: Application time: 19.0065273 seconds
2018-10-12T11:21:42.841+0800: 1976.315: Application time: 40.5040144 seconds
2018-10-12T11:21:43.841+0800: 1977.315: Application time: 1.0001661 seconds
2018-10-12T11:22:43.830+0800: 2037.303: Application time: 59.9885146 seconds
2018-10-12T11:22:44.830+0800: 2038.304: Application time: 1.0002609 seconds
2018-10-12T11:22:48.832+0800: 2042.306: Application time: 4.0018241 seconds
2018-10-12T11:22:58.838+0800: 2052.311: Application time: 10.0055502 seconds
2018-10-12T11:23:02.839+0800: 2056.313: Application time: 4.0018241 seconds
2018-10-12T11:23:44.830+0800: 2098.304: Application time: 41.9903249 seconds
2018-10-12T11:23:45.804+0800: 2099.278: Application time: 0.9737505 seconds
{Heap before GC invocations=63 (full 3):
 par new generation   total 78016K, used 75374K [0x00000006c2c00000, 0x00000006c80a0000, 0x00000006d78c0000)
  eden space 69376K, 100% used [0x00000006c2c00000, 0x00000006c6fc0000, 0x00000006c6fc0000)
  from space 8640K,  69% used [0x00000006c7830000, 0x00000006c7e0b998, 0x00000006c80a0000)
  to   space 8640K,   0% used [0x00000006c6fc0000, 0x00000006c6fc0000, 0x00000006c7830000)
 concurrent mark-sweep generation total 173440K, used 50620K [0x00000006d78c0000, 0x00000006e2220000, 0x00000007c0000000)
 Metaspace       used 72714K, capacity 76258K, committed 76416K, reserved 1116160K
  class space    used 9540K, capacity 10139K, committed 10156K, reserved 1048576K
2018-10-12T11:23:45.804+0800: 2099.278: [GC (Allocation Failure) 2018-10-12T11:23:45.804+0800: 2099.278: [ParNew: 75374K->7132K(78016K), 0.0140687 secs] 125994K->58169K(251456K), 0.0141815 secs] [Times: user=0.06 sys=0.00, real=0.01 secs] 
Heap after GC invocations=64 (full 3):
 par new generation   total 78016K, used 7132K [0x00000006c2c00000, 0x00000006c80a0000, 0x00000006d78c0000)
  eden space 69376K,   0% used [0x00000006c2c00000, 0x00000006c2c00000, 0x00000006c6fc0000)
  from space 8640K,  82% used [0x00000006c6fc0000, 0x00000006c76b73c8, 0x00000006c7830000)
  to   space 8640K,   0% used [0x00000006c7830000, 0x00000006c7830000, 0x00000006c80a0000)
 concurrent mark-sweep generation total 173440K, used 51036K [0x00000006d78c0000, 0x00000006e2220000, 0x00000007c0000000)
 Metaspace       used 72714K, capacity 76258K, committed 76416K, reserved 1116160K
  class space    used 9540K, capacity 10139K, committed 10156K, reserved 1048576K
}
2018-10-12T11:23:46.818+0800: 2100.292: Application time: 0.9995656 seconds
2018-10-12T11:24:02.824+0800: 2116.298: Application time: 16.0063221 seconds
2018-10-12T11:24:04.825+0800: 2118.299: Application time: 2.0008107 seconds
2018-10-12T11:24:08.827+0800: 2122.301: Application time: 4.0017747 seconds
2018-10-12T11:24:18.831+0800: 2132.305: Application time: 10.0043707 seconds
2018-10-12T11:24:45.852+0800: 2159.326: Application time: 27.0204239 seconds
2018-10-12T11:24:46.852+0800: 2160.326: Application time: 0.9997168 seconds
2018-10-12T11:25:02.860+0800: 2176.334: Application time: 16.0084653 seconds
2018-10-12T11:25:46.826+0800: 2220.300: Application time: 43.9655130 seconds
2018-10-12T11:25:47.826+0800: 2221.300: Application time: 1.0001530 seconds
2018-10-12T11:25:58.836+0800: 2232.310: Application time: 11.0099071 seconds
2018-10-12T11:26:02.839+0800: 2236.312: Application time: 4.0021086 seconds
2018-10-12T11:26:47.824+0800: 2281.297: Application time: 44.9847895 seconds
2018-10-12T11:26:48.824+0800: 2282.297: Application time: 0.9999030 seconds
2018-10-12T11:27:09.832+0800: 2303.305: Application time: 21.0078323 seconds
2018-10-12T11:27:29.843+0800: 2323.317: Application time: 20.0115024 seconds
2018-10-12T11:27:39.848+0800: 2333.322: Application time: 10.0051309 seconds
2018-10-12T11:27:48.844+0800: 2342.318: Application time: 8.9956008 seconds
2018-10-12T11:27:49.844+0800: 2343.318: Application time: 1.0001086 seconds
2018-10-12T11:27:59.850+0800: 2353.324: Application time: 10.0056800 seconds
2018-10-12T11:28:09.855+0800: 2363.329: Application time: 10.0047180 seconds
2018-10-12T11:28:43.870+0800: 2397.344: Application time: 34.0153998 seconds
2018-10-12T11:28:49.834+0800: 2403.309: Application time: 5.9641367 seconds
2018-10-12T11:28:50.835+0800: 2404.309: Application time: 1.0003064 seconds
2018-10-12T11:28:59.840+0800: 2413.313: Application time: 9.0040988 seconds
2018-10-12T11:29:04.842+0800: 2418.316: Application time: 5.0022603 seconds
2018-10-12T11:29:49.862+0800: 2463.336: Application time: 45.0202578 seconds
2018-10-12T11:29:50.841+0800: 2464.315: Application time: 0.9783842 seconds
2018-10-12T11:30:02.846+0800: 2476.320: Application time: 12.0050396 seconds
2018-10-12T11:30:29.857+0800: 2503.331: Application time: 27.0112527 seconds
2018-10-12T11:30:51.830+0800: 2525.304: Application time: 21.9732914 seconds
2018-10-12T11:30:52.831+0800: 2526.305: Application time: 0.9999739 seconds
2018-10-12T11:31:49.857+0800: 2583.331: Application time: 57.0266314 seconds
2018-10-12T11:31:52.830+0800: 2586.304: Application time: 2.9730869 seconds
2018-10-12T11:31:53.848+0800: 2587.322: Application time: 1.0168854 seconds
2018-10-12T11:32:39.876+0800: 2633.350: Application time: 46.0279389 seconds
2018-10-12T11:32:53.883+0800: 2647.356: Application time: 14.0067198 seconds
2018-10-12T11:32:54.883+0800: 2648.357: Application time: 1.0004302 seconds
2018-10-12T11:33:53.840+0800: 2707.314: Application time: 58.9567512 seconds
2018-10-12T11:34:02.843+0800: 2716.317: Application time: 9.0026802 seconds
2018-10-12T11:34:23.855+0800: 2737.329: Application time: 21.0121660 seconds
2018-10-12T11:34:39.862+0800: 2753.336: Application time: 16.0068178 seconds
2018-10-12T11:34:48.866+0800: 2762.340: Application time: 9.0034740 seconds
2018-10-12T11:34:54.831+0800: 2768.305: Application time: 5.9657154 seconds
2018-10-12T11:34:55.832+0800: 2769.306: Application time: 1.0000857 seconds
2018-10-12T11:35:02.835+0800: 2776.308: Application time: 7.0024824 seconds
2018-10-12T11:35:55.839+0800: 2829.313: Application time: 53.0042268 seconds
2018-10-12T11:36:02.841+0800: 2836.315: Application time: 7.0022560 seconds
2018-10-12T11:36:56.829+0800: 2890.303: Application time: 53.9880276 seconds
2018-10-12T11:36:57.830+0800: 2891.304: Application time: 1.0003967 seconds
2018-10-12T11:37:02.834+0800: 2896.308: Application time: 5.0037356 seconds
2018-10-12T11:37:49.857+0800: 2943.331: Application time: 47.0235093 seconds
2018-10-12T11:37:57.852+0800: 2951.326: Application time: 7.9943997 seconds
2018-10-12T11:38:09.858+0800: 2963.332: Application time: 12.0057025 seconds
2018-10-12T11:38:19.863+0800: 2973.337: Application time: 10.0049550 seconds
2018-10-12T11:38:29.867+0800: 2983.340: Application time: 10.0036097 seconds
2018-10-12T11:38:39.873+0800: 2993.347: Application time: 10.0064748 seconds
2018-10-12T11:38:49.878+0800: 3003.352: Application time: 10.0046510 seconds
2018-10-12T11:38:58.851+0800: 3012.325: Application time: 8.9730375 seconds
2018-10-12T11:39:59.836+0800: 3073.310: Application time: 60.9850878 seconds
2018-10-12T11:40:00.837+0800: 3074.310: Application time: 1.0001777 seconds
2018-10-12T11:40:02.837+0800: 3076.311: Application time: 2.0005462 seconds
2018-10-12T11:41:00.832+0800: 3134.306: Application time: 57.9948631 seconds
2018-10-12T11:41:01.833+0800: 3135.307: Application time: 1.0005127 seconds
2018-10-12T11:41:02.833+0800: 3136.307: Application time: 1.0002031 seconds
2018-10-12T11:41:40.851+0800: 3174.325: Application time: 38.0172662 seconds
2018-10-12T11:42:01.860+0800: 3195.334: Application time: 21.0089815 seconds
2018-10-12T11:42:02.861+0800: 3196.335: Application time: 1.0005081 seconds
2018-10-12T11:43:02.823+0800: 3256.297: Application time: 59.9627481 seconds
2018-10-12T11:44:03.826+0800: 3317.300: Application time: 61.0024817 seconds
2018-10-12T11:44:04.826+0800: 3318.300: Application time: 1.0001104 seconds
2018-10-12T11:45:04.828+0800: 3378.302: Application time: 60.0016679 seconds
2018-10-12T11:45:05.828+0800: 3379.302: Application time: 0.9995991 seconds
2018-10-12T11:45:20.835+0800: 3394.309: Application time: 15.0072787 seconds
2018-10-12T11:45:50.850+0800: 3424.324: Application time: 30.0145035 seconds
2018-10-12T11:46:02.857+0800: 3436.331: Application time: 12.0067843 seconds
2018-10-12T11:46:05.838+0800: 3439.312: Application time: 2.9811590 seconds
2018-10-12T11:46:06.838+0800: 3440.312: Application time: 0.9997031 seconds
2018-10-12T11:46:10.840+0800: 3444.314: Application time: 4.0017790 seconds
2018-10-12T11:47:02.865+0800: 3496.339: Application time: 52.0252223 seconds
2018-10-12T11:47:06.834+0800: 3500.308: Application time: 3.9689253 seconds
2018-10-12T11:47:35.145+0800: 3528.619: Application time: 28.3105818 seconds
2018-10-12T11:47:35.145+0800: 3528.619: Application time: 0.0002133 seconds
2018-10-12T11:47:35.146+0800: 3528.620: Application time: 0.0002465 seconds
2018-10-12T11:47:36.147+0800: 3529.620: Application time: 1.0003382 seconds
2018-10-12T11:48:02.497+0800: 3555.971: Application time: 26.3509060 seconds
2018-10-12T11:48:02.497+0800: 3555.972: Application time: 0.0000568 seconds
2018-10-12T11:48:02.497+0800: 3555.972: Application time: 0.0000628 seconds
2018-10-12T11:48:02.497+0800: 3555.972: Application time: 0.0000455 seconds
2018-10-12T11:48:02.498+0800: 3555.972: Application time: 0.0001128 seconds
2018-10-12T11:48:02.498+0800: 3555.972: Application time: 0.0001996 seconds
2018-10-12T11:48:03.499+0800: 3556.973: Application time: 1.0006104 seconds
2018-10-12T11:48:07.827+0800: 3561.301: Application time: 4.3281076 seconds
2018-10-12T11:48:10.828+0800: 3564.302: Application time: 3.0003590 seconds
2018-10-12T11:48:11.829+0800: 3565.302: Application time: 1.0004676 seconds
2018-10-12T11:48:20.834+0800: 3574.308: Application time: 9.0052914 seconds
2018-10-12T11:48:29.837+0800: 3583.311: Application time: 9.0031672 seconds
2018-10-12T11:49:02.503+0800: 3615.977: Application time: 32.6659332 seconds
2018-10-12T11:49:02.503+0800: 3615.977: Application time: 0.0000462 seconds
2018-10-12T11:49:02.503+0800: 3615.977: Application time: 0.0000451 seconds
2018-10-12T11:49:02.504+0800: 3615.978: Application time: 0.0000483 seconds
2018-10-12T11:49:02.504+0800: 3615.978: Application time: 0.0001202 seconds
2018-10-12T11:49:02.504+0800: 3615.978: Application time: 0.0001231 seconds
2018-10-12T11:49:05.504+0800: 3618.978: Application time: 3.0003293 seconds
2018-10-12T11:49:08.846+0800: 3622.321: Application time: 3.3420849 seconds
2018-10-12T11:50:09.828+0800: 3683.302: Application time: 60.9814361 seconds
2018-10-12T11:50:11.830+0800: 3685.303: Application time: 2.0010275 seconds
2018-10-12T11:51:10.867+0800: 3744.341: Application time: 59.0371009 seconds
2018-10-12T11:51:11.867+0800: 3745.341: Application time: 0.9998572 seconds
2018-10-12T11:51:20.872+0800: 3754.346: Application time: 9.0051821 seconds
2018-10-12T11:52:02.890+0800: 3796.364: Application time: 42.0172676 seconds
2018-10-12T11:52:11.840+0800: 3805.314: Application time: 8.9505554 seconds
2018-10-12T11:52:51.861+0800: 3845.334: Application time: 40.0201055 seconds
2018-10-12T11:53:01.864+0800: 3855.338: Application time: 10.0034010 seconds
2018-10-12T11:53:12.828+0800: 3866.302: Application time: 10.9635306 seconds
2018-10-12T11:54:13.845+0800: 3927.319: Application time: 61.0170913 seconds
2018-10-12T11:55:14.835+0800: 3988.309: Application time: 60.9903397 seconds
2018-10-12T11:55:31.844+0800: 4005.317: Application time: 17.0079381 seconds
2018-10-12T11:56:02.857+0800: 4036.331: Application time: 31.0128952 seconds
2018-10-12T11:56:15.848+0800: 4049.322: Application time: 12.9915862 seconds
2018-10-12T11:56:16.849+0800: 4050.323: Application time: 1.0008505 seconds
2018-10-12T11:56:21.851+0800: 4055.325: Application time: 5.0014330 seconds
2018-10-12T11:57:02.874+0800: 4096.348: Application time: 41.0232332 seconds
2018-10-12T11:57:16.848+0800: 4110.322: Application time: 13.9735068 seconds
2018-10-12T11:57:17.848+0800: 4111.322: Application time: 1.0003357 seconds
2018-10-12T11:58:17.847+0800: 4171.321: Application time: 59.9984936 seconds
2018-10-12T11:58:18.847+0800: 4172.321: Application time: 1.0001061 seconds
2018-10-12T11:59:01.869+0800: 4215.343: Application time: 43.0217275 seconds
2018-10-12T11:59:18.827+0800: 4232.301: Application time: 16.9583767 seconds
2018-10-12T12:00:19.828+0800: 4293.302: Application time: 61.0011273 seconds
2018-10-12T12:01:20.838+0800: 4354.312: Application time: 61.0092308 seconds
2018-10-12T12:02:02.858+0800: 4396.332: Application time: 42.0199119 seconds
2018-10-12T12:02:11.863+0800: 4405.336: Application time: 9.0045600 seconds
2018-10-12T12:02:21.827+0800: 4415.301: Application time: 9.9644612 seconds
2018-10-12T12:02:22.827+0800: 4416.301: Application time: 0.9999559 seconds
2018-10-12T12:02:31.832+0800: 4425.306: Application time: 9.0045276 seconds
2018-10-12T12:03:02.847+0800: 4456.321: Application time: 31.0155603 seconds
2018-10-12T12:03:22.831+0800: 4476.305: Application time: 19.9837133 seconds
2018-10-12T12:03:23.831+0800: 4477.305: Application time: 0.9993498 seconds
2018-10-12T12:04:02.850+0800: 4516.324: Application time: 39.0188054 seconds
2018-10-12T12:04:23.836+0800: 4537.310: Application time: 20.9865621 seconds
2018-10-12T12:04:24.837+0800: 4538.311: Application time: 1.0009390 seconds
2018-10-12T12:05:02.857+0800: 4576.331: Application time: 38.0198929 seconds
2018-10-12T12:05:24.837+0800: 4598.311: Application time: 21.9797926 seconds
2018-10-12T12:05:25.838+0800: 4599.312: Application time: 1.0001372 seconds
2018-10-12T12:06:25.829+0800: 4659.304: Application time: 59.9920739 seconds
2018-10-12T12:07:02.847+0800: 4696.321: Application time: 37.0170466 seconds
2018-10-12T12:07:22.856+0800: 4716.329: Application time: 20.0082731 seconds
2018-10-12T12:07:26.837+0800: 4720.311: Application time: 3.9817447 seconds
2018-10-12T12:08:02.850+0800: 4756.324: Application time: 36.0126999 seconds
2018-10-12T12:08:27.837+0800: 4781.311: Application time: 24.9866810 seconds
2018-10-12T12:08:28.838+0800: 4782.311: Application time: 1.0005007 seconds
2018-10-12T12:08:52.846+0800: 4806.320: Application time: 24.0082213 seconds
2018-10-12T12:09:02.852+0800: 4816.326: Application time: 10.0059508 seconds
2018-10-12T12:09:04.853+0800: 4818.327: Application time: 2.0011256 seconds
2018-10-12T12:09:28.835+0800: 4842.309: Application time: 23.9822799 seconds
2018-10-12T12:09:29.836+0800: 4843.310: Application time: 1.0001220 seconds
2018-10-12T12:10:29.831+0800: 4903.305: Application time: 59.9955122 seconds
2018-10-12T12:10:30.832+0800: 4904.306: Application time: 1.0001051 seconds
2018-10-12T12:11:02.844+0800: 4936.318: Application time: 32.0127175 seconds
2018-10-12T12:11:12.849+0800: 4946.323: Application time: 10.0043851 seconds
2018-10-12T12:11:30.842+0800: 4964.316: Application time: 17.9929942 seconds
2018-10-12T12:11:31.842+0800: 4965.316: Application time: 1.0000032 seconds
2018-10-12T12:12:31.838+0800: 5025.312: Application time: 59.9956216 seconds
2018-10-12T12:12:32.838+0800: 5026.312: Application time: 1.0001530 seconds
2018-10-12T12:13:02.853+0800: 5056.326: Application time: 30.0141586 seconds
2018-10-12T12:13:32.831+0800: 5086.306: Application time: 29.9789498 seconds
2018-10-12T12:13:33.832+0800: 5087.306: Application time: 1.0002095 seconds
2018-10-12T12:14:02.847+0800: 5116.321: Application time: 29.0144284 seconds
2018-10-12T12:14:04.849+0800: 5118.322: Application time: 2.0016026 seconds
2018-10-12T12:14:33.829+0800: 5147.303: Application time: 28.9801205 seconds
2018-10-12T12:14:34.829+0800: 5148.303: Application time: 0.9997489 seconds
2018-10-12T12:14:35.829+0800: 5149.303: Application time: 1.0000226 seconds
2018-10-12T12:14:43.834+0800: 5157.308: Application time: 8.0047607 seconds
2018-10-12T12:15:02.841+0800: 5176.315: Application time: 19.0073133 seconds
2018-10-12T12:15:34.843+0800: 5208.317: Application time: 32.0019443 seconds
2018-10-12T12:16:35.840+0800: 5269.314: Application time: 60.9967637 seconds
2018-10-12T12:17:15.647+0800: 5309.121: Application time: 39.8068047 seconds
2018-10-12T12:17:15.648+0800: 5309.122: Application time: 0.0001125 seconds
2018-10-12T12:17:15.648+0800: 5309.122: Application time: 0.0001971 seconds
2018-10-12T12:17:16.649+0800: 5310.123: Application time: 1.0001453 seconds
2018-10-12T12:17:21.651+0800: 5315.125: Application time: 5.0021605 seconds
2018-10-12T12:17:27.095+0800: 5320.569: Application time: 5.4436774 seconds
2018-10-12T12:17:27.095+0800: 5320.569: Application time: 0.0000702 seconds
2018-10-12T12:17:27.096+0800: 5320.569: Application time: 0.0000709 seconds
2018-10-12T12:17:28.096+0800: 5321.570: Application time: 1.0006114 seconds
2018-10-12T12:17:28.632+0800: 5322.106: Application time: 0.5352442 seconds
2018-10-12T12:17:28.632+0800: 5322.106: Application time: 0.0000437 seconds
2018-10-12T12:17:28.632+0800: 5322.106: Application time: 0.0000490 seconds
2018-10-12T12:17:33.633+0800: 5327.107: Application time: 5.0011393 seconds
2018-10-12T12:17:36.845+0800: 5330.319: Application time: 3.2114337 seconds
2018-10-12T12:17:37.845+0800: 5331.319: Application time: 1.0000762 seconds
2018-10-12T12:17:44.997+0800: 5338.471: Application time: 7.1524380 seconds
2018-10-12T12:17:44.997+0800: 5338.472: Application time: 0.0002299 seconds
2018-10-12T12:17:53.267+0800: 5346.742: Application time: 8.2695901 seconds
2018-10-12T12:17:53.268+0800: 5346.742: Application time: 0.0001841 seconds
2018-10-12T12:17:54.268+0800: 5347.742: Application time: 0.9998752 seconds
2018-10-12T12:17:59.328+0800: 5352.802: Application time: 5.0598292 seconds
2018-10-12T12:17:59.329+0800: 5352.803: Application time: 0.0002303 seconds
2018-10-12T12:18:02.701+0800: 5356.175: Application time: 3.3708028 seconds
2018-10-12T12:18:02.701+0800: 5356.175: Application time: 0.0001633 seconds
2018-10-12T12:18:02.701+0800: 5356.175: Application time: 0.0000853 seconds
2018-10-12T12:18:03.701+0800: 5357.175: Application time: 0.9994721 seconds
2018-10-12T12:18:09.119+0800: 5362.593: Application time: 5.4184896 seconds
2018-10-12T12:18:09.119+0800: 5362.594: Application time: 0.0001227 seconds
2018-10-12T12:18:09.120+0800: 5362.594: Application time: 0.0002641 seconds
2018-10-12T12:18:37.846+0800: 5391.320: Application time: 28.7255428 seconds
2018-10-12T12:19:02.706+0800: 5416.180: Application time: 24.8596892 seconds
2018-10-12T12:19:02.706+0800: 5416.181: Application time: 0.0005102 seconds
2018-10-12T12:19:02.707+0800: 5416.181: Application time: 0.0003198 seconds
2018-10-12T12:19:38.833+0800: 5452.307: Application time: 36.1255912 seconds
2018-10-12T12:20:39.844+0800: 5513.318: Application time: 61.0105344 seconds
2018-10-12T12:20:40.845+0800: 5514.319: Application time: 1.0006499 seconds
2018-10-12T12:21:02.854+0800: 5536.328: Application time: 22.0094949 seconds
2018-10-12T12:21:40.822+0800: 5574.296: Application time: 37.9678036 seconds
2018-10-12T12:21:41.823+0800: 5575.296: Application time: 1.0001463 seconds
2018-10-12T12:22:02.830+0800: 5596.304: Application time: 21.0076599 seconds
2018-10-12T12:22:33.842+0800: 5627.316: Application time: 31.0117302 seconds
2018-10-12T12:22:41.827+0800: 5635.301: Application time: 7.9847186 seconds
2018-10-12T12:22:54.834+0800: 5648.308: Application time: 13.0071655 seconds
2018-10-12T12:23:42.828+0800: 5696.302: Application time: 47.9938387 seconds
2018-10-12T12:23:43.828+0800: 5697.302: Application time: 1.0000603 seconds
2018-10-12T12:24:02.836+0800: 5716.310: Application time: 19.0076303 seconds
2018-10-12T12:24:43.830+0800: 5757.304: Application time: 40.9936346 seconds
2018-10-12T12:25:02.840+0800: 5776.314: Application time: 19.0099903 seconds
2018-10-12T12:25:23.851+0800: 5797.325: Application time: 21.0107026 seconds
2018-10-12T12:25:28.853+0800: 5802.327: Application time: 5.0019401 seconds
2018-10-12T12:25:44.835+0800: 5818.310: Application time: 15.9828170 seconds
2018-10-12T12:26:45.826+0800: 5879.300: Application time: 60.9903253 seconds
2018-10-12T12:27:02.833+0800: 5896.306: Application time: 17.0063415 seconds
2018-10-12T12:27:46.828+0800: 5940.302: Application time: 43.9950761 seconds
2018-10-12T12:27:47.828+0800: 5941.302: Application time: 1.0001629 seconds
2018-10-12T12:28:47.823+0800: 6001.297: Application time: 59.9954921 seconds
2018-10-12T12:28:48.824+0800: 6002.298: Application time: 1.0000941 seconds
2018-10-12T12:29:02.831+0800: 6016.305: Application time: 14.0074113 seconds
2018-10-12T12:29:04.563+0800: 6018.037: Application time: 1.7317185 seconds
{Heap before GC invocations=64 (full 3):
 par new generation   total 78016K, used 76508K [0x00000006c2c00000, 0x00000006c80a0000, 0x00000006d78c0000)
  eden space 69376K, 100% used [0x00000006c2c00000, 0x00000006c6fc0000, 0x00000006c6fc0000)
  from space 8640K,  82% used [0x00000006c6fc0000, 0x00000006c76b73c8, 0x00000006c7830000)
  to   space 8640K,   0% used [0x00000006c7830000, 0x00000006c7830000, 0x00000006c80a0000)
 concurrent mark-sweep generation total 173440K, used 51036K [0x00000006d78c0000, 0x00000006e2220000, 0x00000007c0000000)
 Metaspace       used 73439K, capacity 76974K, committed 77184K, reserved 1116160K
  class space    used 9542K, capacity 10141K, committed 10156K, reserved 1048576K
2018-10-12T12:29:04.563+0800: 6018.037: [GC (Allocation Failure) 2018-10-12T12:29:04.564+0800: 6018.038: [ParNew: 76508K->6852K(78016K), 0.0336756 secs] 127545K->59422K(251456K), 0.0342927 secs] [Times: user=0.01 sys=0.08, real=0.03 secs] 
Heap after GC invocations=65 (full 3):
 par new generation   total 78016K, used 6852K [0x00000006c2c00000, 0x00000006c80a0000, 0x00000006d78c0000)
  eden space 69376K,   0% used [0x00000006c2c00000, 0x00000006c2c00000, 0x00000006c6fc0000)
  from space 8640K,  79% used [0x00000006c7830000, 0x00000006c7ee13b8, 0x00000006c80a0000)
  to   space 8640K,   0% used [0x00000006c6fc0000, 0x00000006c6fc0000, 0x00000006c7830000)
 concurrent mark-sweep generation total 173440K, used 52569K [0x00000006d78c0000, 0x00000006e2220000, 0x00000007c0000000)
 Metaspace       used 73439K, capacity 76974K, committed 77184K, reserved 1116160K
  class space    used 9542K, capacity 10141K, committed 10156K, reserved 1048576K
}
2018-10-12T12:29:04.598+0800: 6018.072: Application time: 0.0001541 seconds
2018-10-12T12:29:04.598+0800: 6018.072: Application time: 0.0000254 seconds
2018-10-12T12:29:04.598+0800: 6018.072: Application time: 0.0001753 seconds
2018-10-12T12:29:04.598+0800: 6018.073: Application time: 0.0000825 seconds
2018-10-12T12:29:04.598+0800: 6018.073: Application time: 0.0000582 seconds
2018-10-12T12:29:04.599+0800: 6018.073: Application time: 0.0000335 seconds
2018-10-12T12:29:04.599+0800: 6018.073: Application time: 0.0001904 seconds
2018-10-12T12:29:04.599+0800: 6018.073: Application time: 0.0000324 seconds
2018-10-12T12:29:04.599+0800: 6018.073: Application time: 0.0000649 seconds
2018-10-12T12:29:05.600+0800: 6019.074: Application time: 1.0003600 seconds
2018-10-12T12:29:14.604+0800: 6028.078: Application time: 9.0043040 seconds
2018-10-12T12:29:24.609+0800: 6038.083: Application time: 10.0048421 seconds
2018-10-12T12:29:34.614+0800: 6048.088: Application time: 10.0046485 seconds
2018-10-12T12:29:44.618+0800: 6058.092: Application time: 10.0035953 seconds
2018-10-12T12:29:48.844+0800: 6062.318: Application time: 4.2257288 seconds
2018-10-12T12:30:49.841+0800: 6123.315: Application time: 60.9965472 seconds
2018-10-12T12:31:02.847+0800: 6136.321: Application time: 13.0062332 seconds
2018-10-12T12:31:04.848+0800: 6138.321: Application time: 2.0002669 seconds
2018-10-12T12:31:50.831+0800: 6184.305: Application time: 45.9835783 seconds
2018-10-12T12:31:51.831+0800: 6185.305: Application time: 0.9995321 seconds
2018-10-12T12:32:51.838+0800: 6245.312: Application time: 60.0070989 seconds
2018-10-12T12:33:52.844+0800: 6306.318: Application time: 61.0053397 seconds
2018-10-12T12:34:04.850+0800: 6318.323: Application time: 12.0058027 seconds
2018-10-12T12:34:53.829+0800: 6367.302: Application time: 48.9787979 seconds
2018-10-12T12:34:54.829+0800: 6368.302: Application time: 0.9998350 seconds
2018-10-12T12:35:02.833+0800: 6376.307: Application time: 8.0043090 seconds
2018-10-12T12:35:04.834+0800: 6378.308: Application time: 2.0011883 seconds
2018-10-12T12:35:39.851+0800: 6413.325: Application time: 35.0166731 seconds
2018-10-12T12:35:44.853+0800: 6418.327: Application time: 5.0015081 seconds
2018-10-12T12:35:54.843+0800: 6428.317: Application time: 9.9900816 seconds
2018-10-12T12:36:02.846+0800: 6436.320: Application time: 8.0028227 seconds
2018-10-12T12:36:24.855+0800: 6458.329: Application time: 22.0086546 seconds
2018-10-12T12:36:55.831+0800: 6489.305: Application time: 30.9762188 seconds
2018-10-12T12:37:56.838+0800: 6550.312: Application time: 61.0069762 seconds
2018-10-12T12:38:57.831+0800: 6611.305: Application time: 60.9924568 seconds
2018-10-12T12:39:58.829+0800: 6672.303: Application time: 60.9975535 seconds
2018-10-12T12:40:03.832+0800: 6677.306: Application time: 5.0026115 seconds
2018-10-12T12:40:59.828+0800: 6733.302: Application time: 55.9964382 seconds
2018-10-12T12:42:00.840+0800: 6794.314: Application time: 61.0116177 seconds
2018-10-12T12:42:35.859+0800: 6829.333: Application time: 35.0185240 seconds
2018-10-12T12:43:01.836+0800: 6855.310: Application time: 25.9771652 seconds
2018-10-12T12:43:02.836+0800: 6856.310: Application time: 0.9995250 seconds
2018-10-12T12:44:02.830+0800: 6916.304: Application time: 59.9938567 seconds
2018-10-12T12:45:03.845+0800: 6977.319: Application time: 61.0152397 seconds
2018-10-12T12:45:04.846+0800: 6978.319: Application time: 1.0002274 seconds
2018-10-12T12:46:04.828+0800: 7038.302: Application time: 59.9822620 seconds
2018-10-12T12:46:05.828+0800: 7039.302: Application time: 0.9999305 seconds
2018-10-12T12:46:12.343+0800: 7045.817: Application time: 6.5154152 seconds
2018-10-12T13:39:39.062+0800: 10252.543: Application time: 3206.7256764 seconds
2018-10-12T13:39:40.062+0800: 10253.543: Application time: 0.9997916 seconds
2018-10-12T13:39:40.213+0800: 10253.694: Application time: 0.1513731 seconds
2018-10-12T13:39:49.789+0800: 10263.270: Application time: 9.5756531 seconds
2018-10-12T13:39:49.789+0800: 10263.270: Application time: 0.0000317 seconds
2018-10-12T13:39:49.789+0800: 10263.271: Application time: 0.0000578 seconds
2018-10-12T13:39:49.790+0800: 10263.271: Application time: 0.0004221 seconds
2018-10-12T13:39:49.790+0800: 10263.272: Application time: 0.0005092 seconds
2018-10-12T13:39:49.790+0800: 10263.272: Application time: 0.0000268 seconds
2018-10-12T13:39:49.790+0800: 10263.272: Application time: 0.0000356 seconds
2018-10-12T13:39:49.791+0800: 10263.272: Application time: 0.0002472 seconds
2018-10-12T13:39:49.791+0800: 10263.273: Application time: 0.0003015 seconds
2018-10-12T13:39:49.792+0800: 10263.273: Application time: 0.0003893 seconds
2018-10-12T13:39:49.792+0800: 10263.273: Application time: 0.0001439 seconds
2018-10-12T13:39:49.792+0800: 10263.274: Application time: 0.0001689 seconds
2018-10-12T13:39:49.793+0800: 10263.274: Application time: 0.0005402 seconds
2018-10-12T13:39:49.793+0800: 10263.274: Application time: 0.0000360 seconds
2018-10-12T13:39:49.793+0800: 10263.275: Application time: 0.0000970 seconds
2018-10-12T13:39:49.793+0800: 10263.275: Application time: 0.0002303 seconds
2018-10-12T13:39:49.794+0800: 10263.275: Application time: 0.0000289 seconds
2018-10-12T13:39:49.794+0800: 10263.275: Application time: 0.0000698 seconds
2018-10-12T13:39:50.795+0800: 10264.276: Application time: 1.0002627 seconds
2018-10-12T13:40:05.801+0800: 10279.282: Application time: 15.0060960 seconds
2018-10-12T13:40:06.801+0800: 10280.282: Application time: 1.0004584 seconds
2018-10-12T13:40:24.128+0800: 10297.609: Application time: 17.3271784 seconds
2018-10-12T13:40:24.128+0800: 10297.610: Application time: 0.0000614 seconds
2018-10-12T13:40:24.129+0800: 10297.610: Application time: 0.0001721 seconds
2018-10-12T13:40:24.129+0800: 10297.610: Application time: 0.0000656 seconds
2018-10-12T13:40:24.129+0800: 10297.610: Application time: 0.0001488 seconds
2018-10-12T13:40:24.129+0800: 10297.611: Application time: 0.0001753 seconds
2018-10-12T13:40:25.129+0800: 10298.610: Application time: 0.9995501 seconds
2018-10-12T13:41:07.146+0800: 10340.627: Application time: 42.0169083 seconds
2018-10-12T13:41:57.172+0800: 10390.653: Application time: 50.0258267 seconds
2018-10-12T13:42:37.195+0800: 10430.676: Application time: 40.0223439 seconds
2018-10-12T13:42:47.198+0800: 10440.679: Application time: 10.0033428 seconds
2018-10-12T13:43:17.216+0800: 10470.696: Application time: 30.0173308 seconds
2018-10-12T13:43:27.221+0800: 10480.702: Application time: 10.0054663 seconds
2018-10-12T13:43:47.231+0800: 10500.711: Application time: 20.0091017 seconds
2018-10-12T13:44:24.245+0800: 10537.726: Application time: 37.0147087 seconds
2018-10-12T13:48:24.356+0800: 10777.837: Application time: 240.1103599 seconds
2018-10-12T13:49:24.384+0800: 10837.865: Application time: 60.0282132 seconds
2018-10-12T13:50:24.416+0800: 10897.896: Application time: 60.0312129 seconds
2018-10-12T13:51:24.444+0800: 10957.925: Application time: 60.0286748 seconds
2018-10-12T13:52:24.475+0800: 11017.956: Application time: 60.0304255 seconds
2018-10-12T13:52:48.485+0800: 11041.966: Application time: 24.0096603 seconds
2018-10-12T13:52:58.489+0800: 11051.970: Application time: 10.0039863 seconds
2018-10-12T13:54:24.527+0800: 11138.008: Application time: 86.0383245 seconds
2018-10-12T14:00:55.713+0800: 11529.194: Application time: 391.1857085 seconds
2018-10-12T14:00:58.714+0800: 11532.195: Application time: 3.0011859 seconds
2018-10-12T14:03:24.782+0800: 11678.262: Application time: 146.0672074 seconds
2018-10-12T14:03:48.792+0800: 11702.273: Application time: 24.0101335 seconds
2018-10-12T14:03:58.796+0800: 11712.277: Application time: 10.0043629 seconds
2018-10-12T14:04:08.800+0800: 11722.280: Application time: 10.0031083 seconds
2018-10-12T14:04:28.811+0800: 11742.292: Application time: 20.0116395 seconds
2018-10-12T14:04:58.825+0800: 11772.306: Application time: 30.0138681 seconds
2018-10-12T14:06:24.866+0800: 11858.346: Application time: 86.0399987 seconds
2018-10-12T14:07:08.884+0800: 11902.365: Application time: 44.0182730 seconds
2018-10-12T14:07:18.888+0800: 11912.369: Application time: 10.0042413 seconds
2018-10-12T14:07:24.891+0800: 11918.372: Application time: 6.0028883 seconds
2018-10-12T14:07:26.892+0800: 11920.373: Application time: 2.0008882 seconds
2018-10-12T14:07:58.906+0800: 11952.387: Application time: 32.0136050 seconds
2018-10-12T14:09:09.994+0800: 12023.476: Application time: 71.0885435 seconds
2018-10-12T14:09:09.994+0800: 12023.476: Application time: 0.0000966 seconds
2018-10-12T14:09:09.995+0800: 12023.476: Application time: 0.0001915 seconds
2018-10-12T14:09:11.145+0800: 12024.626: Application time: 1.1491802 seconds
2018-10-12T14:09:11.145+0800: 12024.626: Application time: 0.0000501 seconds
2018-10-12T14:09:11.145+0800: 12024.626: Application time: 0.0000815 seconds
2018-10-12T14:09:13.727+0800: 12027.208: Application time: 2.5815340 seconds
2018-10-12T14:09:13.728+0800: 12027.209: Application time: 0.0001389 seconds
2018-10-12T14:09:13.728+0800: 12027.209: Application time: 0.0001587 seconds
2018-10-12T14:09:14.728+0800: 12028.209: Application time: 0.9992778 seconds
2018-10-12T14:09:16.711+0800: 12030.192: Application time: 1.9827458 seconds
2018-10-12T14:09:16.711+0800: 12030.192: Application time: 0.0000324 seconds
2018-10-12T14:09:16.711+0800: 12030.192: Application time: 0.0000522 seconds
2018-10-12T14:09:17.719+0800: 12031.200: Application time: 1.0077830 seconds
2018-10-12T14:09:17.719+0800: 12031.200: Application time: 0.0001559 seconds
2018-10-12T14:09:21.434+0800: 12034.915: Application time: 3.7146829 seconds
2018-10-12T14:09:21.434+0800: 12034.915: Application time: 0.0000709 seconds
2018-10-12T14:09:43.600+0800: 12057.081: Application time: 22.1656756 seconds
2018-10-12T14:09:43.601+0800: 12057.082: Application time: 0.0002860 seconds
2018-10-12T14:09:46.627+0800: 12060.108: Application time: 3.0257431 seconds
2018-10-12T14:09:46.627+0800: 12060.108: Application time: 0.0002595 seconds
2018-10-12T14:09:48.585+0800: 12062.066: Application time: 1.9572875 seconds
2018-10-12T14:09:48.585+0800: 12062.066: Application time: 0.0001224 seconds
2018-10-12T14:10:24.309+0800: 12097.791: Application time: 35.7245131 seconds
2018-10-12T14:10:24.310+0800: 12097.791: Application time: 0.0002042 seconds
2018-10-12T14:10:24.310+0800: 12097.792: Application time: 0.0001724 seconds
2018-10-12T14:10:24.311+0800: 12097.792: Application time: 0.0003477 seconds
2018-10-12T14:10:24.311+0800: 12097.793: Application time: 0.0002433 seconds
2018-10-12T14:10:59.329+0800: 12132.811: Application time: 35.0176784 seconds
2018-10-12T14:11:09.336+0800: 12142.817: Application time: 10.0064885 seconds
2018-10-12T14:12:59.391+0800: 12252.872: Application time: 110.0546817 seconds
2018-10-12T14:16:24.482+0800: 12457.963: Application time: 205.0901648 seconds
2018-10-12T14:24:40.721+0800: 12954.202: Application time: 496.2389843 seconds
2018-10-12T14:24:50.729+0800: 12964.210: Application time: 10.0085495 seconds
2018-10-12T14:27:26.802+0800: 13120.283: Application time: 156.0723228 seconds
2018-10-12T14:30:24.885+0800: 13298.366: Application time: 178.0832144 seconds
2018-10-12T14:33:00.959+0800: 13454.440: Application time: 156.0732576 seconds
2018-10-12T14:33:10.963+0800: 13464.444: Application time: 10.0037684 seconds
2018-10-12T14:35:31.027+0800: 13604.508: Application time: 140.0645790 seconds
2018-10-12T14:36:25.049+0800: 13658.530: Application time: 54.0216729 seconds
2018-10-12T14:36:56.063+0800: 13689.544: Application time: 31.0136829 seconds
2018-10-12T14:37:21.076+0800: 13714.557: Application time: 25.0128751 seconds
2018-10-12T14:38:37.779+0800: 13791.260: Application time: 76.7032316 seconds
2018-10-12T14:38:37.779+0800: 13791.261: Application time: 0.0001333 seconds
2018-10-12T14:38:37.779+0800: 13791.261: Application time: 0.0001241 seconds
2018-10-12T14:38:55.571+0800: 13809.053: Application time: 17.7911069 seconds
2018-10-12T14:38:59.246+0800: 13812.727: Application time: 3.6739186 seconds
2018-10-12T14:38:59.246+0800: 13812.727: Application time: 0.0000250 seconds
2018-10-12T14:39:00.254+0800: 13813.736: Application time: 1.0085012 seconds
2018-10-12T14:39:01.324+0800: 13814.805: Application time: 1.0687652 seconds
2018-10-12T14:39:02.324+0800: 13815.805: Application time: 1.0000956 seconds
2018-10-12T14:39:03.047+0800: 13816.528: Application time: 0.7235268 seconds
2018-10-12T14:39:03.048+0800: 13816.529: Application time: 0.0001195 seconds
2018-10-12T14:39:06.050+0800: 13819.531: Application time: 3.0013075 seconds
2018-10-12T14:39:24.501+0800: 13837.982: Application time: 18.4514134 seconds
2018-10-12T14:39:24.501+0800: 13837.983: Application time: 0.0000882 seconds
2018-10-12T14:39:24.501+0800: 13837.983: Application time: 0.0001326 seconds
2018-10-12T14:39:24.501+0800: 13837.983: Application time: 0.0001336 seconds
2018-10-12T14:39:25.502+0800: 13838.982: Application time: 0.9994686 seconds
2018-10-12T14:39:28.604+0800: 13842.085: Application time: 3.1026224 seconds
2018-10-12T14:39:28.604+0800: 13842.085: Application time: 0.0000504 seconds
2018-10-12T14:39:34.269+0800: 13847.750: Application time: 5.6641656 seconds
2018-10-12T14:40:11.288+0800: 13884.769: Application time: 37.0187088 seconds
2018-10-12T14:40:24.507+0800: 13897.988: Application time: 13.2197353 seconds
2018-10-12T14:40:24.508+0800: 13897.989: Application time: 0.0002363 seconds
2018-10-12T14:40:24.508+0800: 13897.989: Application time: 0.0001710 seconds
2018-10-12T14:40:24.509+0800: 13897.990: Application time: 0.0003459 seconds
2018-10-12T14:40:24.509+0800: 13897.990: Application time: 0.0002810 seconds
2018-10-12T14:41:56.556+0800: 13990.037: Application time: 92.0468043 seconds
2018-10-12T14:42:26.569+0800: 14020.049: Application time: 30.0121223 seconds
2018-10-12T14:43:51.608+0800: 14105.089: Application time: 85.0396828 seconds
2018-10-12T14:44:03.614+0800: 14117.095: Application time: 12.0059878 seconds
2018-10-12T14:44:03.622+0800: 14117.104: Application time: 0.0084995 seconds
2018-10-12T14:44:03.626+0800: 14117.107: Application time: 0.0031901 seconds
2018-10-12T14:44:04.627+0800: 14118.108: Application time: 1.0003727 seconds
2018-10-12T14:44:09.619+0800: 14123.101: Application time: 4.9929787 seconds
2018-10-12T14:44:09.799+0800: 14123.280: Application time: 0.1787101 seconds
2018-10-12T14:44:09.885+0800: 14123.367: Application time: 0.0870671 seconds
2018-10-12T14:44:09.890+0800: 14123.372: Application time: 0.0043002 seconds
2018-10-12T14:44:09.892+0800: 14123.374: Application time: 0.0025068 seconds
2018-10-12T14:44:09.929+0800: 14123.411: Application time: 0.0363150 seconds
2018-10-12T14:44:09.931+0800: 14123.413: Application time: 0.0011185 seconds
2018-10-12T14:44:09.942+0800: 14123.424: Application time: 0.0108232 seconds
2018-10-12T14:44:09.947+0800: 14123.428: Application time: 0.0043421 seconds
2018-10-12T14:44:09.952+0800: 14123.433: Application time: 0.0049835 seconds
2018-10-12T14:44:09.962+0800: 14123.443: Application time: 0.0092541 seconds
2018-10-12T14:44:09.967+0800: 14123.448: Application time: 0.0021362 seconds
2018-10-12T14:44:10.967+0800: 14124.448: Application time: 0.9997232 seconds
2018-10-12T14:44:11.675+0800: 14125.157: Application time: 0.7082279 seconds
2018-10-12T14:44:11.705+0800: 14125.187: Application time: 0.0295697 seconds
2018-10-12T14:44:11.708+0800: 14125.189: Application time: 0.0004669 seconds
2018-10-12T14:44:11.751+0800: 14125.233: Application time: 0.0431994 seconds
{Heap before GC invocations=65 (full 3):
 par new generation   total 78016K, used 76228K [0x00000006c2c00000, 0x00000006c80a0000, 0x00000006d78c0000)
  eden space 69376K, 100% used [0x00000006c2c00000, 0x00000006c6fc0000, 0x00000006c6fc0000)
  from space 8640K,  79% used [0x00000006c7830000, 0x00000006c7ee13b8, 0x00000006c80a0000)
  to   space 8640K,   0% used [0x00000006c6fc0000, 0x00000006c6fc0000, 0x00000006c7830000)
 concurrent mark-sweep generation total 173440K, used 52569K [0x00000006d78c0000, 0x00000006e2220000, 0x00000007c0000000)
 Metaspace       used 73797K, capacity 77328K, committed 77440K, reserved 1116160K
  class space    used 9546K, capacity 10144K, committed 10156K, reserved 1048576K
2018-10-12T14:44:11.757+0800: 14125.238: [GC (Allocation Failure) 2018-10-12T14:44:11.757+0800: 14125.238: [ParNew: 76228K->7341K(78016K), 0.0268814 secs] 128798K->61067K(251456K), 0.0270348 secs] [Times: user=0.05 sys=0.05, real=0.03 secs] 
Heap after GC invocations=66 (full 3):
 par new generation   total 78016K, used 7341K [0x00000006c2c00000, 0x00000006c80a0000, 0x00000006d78c0000)
  eden space 69376K,   0% used [0x00000006c2c00000, 0x00000006c2c00000, 0x00000006c6fc0000)
  from space 8640K,  84% used [0x00000006c6fc0000, 0x00000006c76eb6f8, 0x00000006c7830000)
  to   space 8640K,   0% used [0x00000006c7830000, 0x00000006c7830000, 0x00000006c80a0000)
 concurrent mark-sweep generation total 173440K, used 53726K [0x00000006d78c0000, 0x00000006e2220000, 0x00000007c0000000)
 Metaspace       used 73797K, capacity 77328K, committed 77440K, reserved 1116160K
  class space    used 9546K, capacity 10144K, committed 10156K, reserved 1048576K
}
2018-10-12T14:44:11.796+0800: 14125.277: Application time: 0.0117139 seconds
2018-10-12T14:44:11.796+0800: 14125.277: Application time: 0.0003040 seconds
2018-10-12T14:44:11.796+0800: 14125.278: Application time: 0.0000896 seconds
2018-10-12T14:44:11.797+0800: 14125.278: Application time: 0.0001841 seconds
2018-10-12T14:44:11.797+0800: 14125.278: Application time: 0.0000342 seconds
2018-10-12T14:44:11.797+0800: 14125.279: Application time: 0.0000324 seconds
2018-10-12T14:44:11.797+0800: 14125.279: Application time: 0.0000508 seconds
2018-10-12T14:44:11.798+0800: 14125.279: Application time: 0.0000568 seconds
2018-10-12T14:44:11.798+0800: 14125.279: Application time: 0.0000469 seconds
2018-10-12T14:44:11.798+0800: 14125.279: Application time: 0.0000335 seconds
2018-10-12T14:44:11.798+0800: 14125.279: Application time: 0.0000307 seconds
2018-10-12T14:44:11.798+0800: 14125.280: Application time: 0.0000483 seconds
2018-10-12T14:44:11.798+0800: 14125.280: Application time: 0.0000388 seconds
2018-10-12T14:44:11.798+0800: 14125.280: Application time: 0.0000427 seconds
2018-10-12T14:44:11.799+0800: 14125.280: Application time: 0.0000317 seconds
2018-10-12T14:44:11.799+0800: 14125.280: Application time: 0.0000247 seconds
2018-10-12T14:44:11.799+0800: 14125.280: Application time: 0.0002031 seconds
2018-10-12T14:44:11.799+0800: 14125.280: Application time: 0.0000314 seconds
2018-10-12T14:44:11.937+0800: 14125.418: Application time: 0.1377082 seconds
2018-10-12T14:44:11.941+0800: 14125.422: Application time: 0.0035519 seconds
2018-10-12T14:44:11.942+0800: 14125.423: Application time: 0.0000444 seconds
2018-10-12T14:44:11.942+0800: 14125.423: Application time: 0.0000339 seconds
2018-10-12T14:44:11.942+0800: 14125.423: Application time: 0.0001294 seconds
2018-10-12T14:44:11.942+0800: 14125.423: Application time: 0.0000885 seconds
2018-10-12T14:44:11.943+0800: 14125.424: Application time: 0.0006890 seconds
2018-10-12T14:44:11.954+0800: 14125.435: Application time: 0.0107199 seconds
2018-10-12T14:44:11.957+0800: 14125.438: Application time: 0.0028654 seconds
2018-10-12T14:44:11.987+0800: 14125.469: Application time: 0.0306978 seconds
2018-10-12T14:44:12.055+0800: 14125.536: Application time: 0.0668064 seconds
2018-10-12T14:44:12.055+0800: 14125.537: Application time: 0.0002793 seconds
2018-10-12T14:44:12.056+0800: 14125.538: Application time: 0.0009954 seconds
2018-10-12T14:44:12.058+0800: 14125.540: Application time: 0.0015755 seconds
2018-10-12T14:44:12.151+0800: 14125.632: Application time: 0.0923504 seconds
2018-10-12T14:44:12.178+0800: 14125.659: Application time: 0.0265432 seconds
2018-10-12T14:44:12.182+0800: 14125.663: Application time: 0.0039588 seconds
2018-10-12T14:44:12.183+0800: 14125.665: Application time: 0.0010709 seconds
2018-10-12T14:44:12.224+0800: 14125.705: Application time: 0.0405414 seconds
2018-10-12T14:44:12.235+0800: 14125.716: Application time: 0.0110429 seconds
2018-10-12T14:44:12.261+0800: 14125.742: Application time: 0.0259237 seconds
2018-10-12T14:44:12.314+0800: 14125.794: Application time: 0.0514345 seconds
2018-10-12T14:44:13.316+0800: 14126.797: Application time: 1.0008153 seconds
2018-10-12T14:45:12.342+0800: 14185.823: Application time: 59.0263821 seconds
2018-10-12T14:45:25.348+0800: 14198.829: Application time: 13.0052720 seconds
2018-10-12T14:45:39.676+0800: 14213.158: Application time: 14.3292186 seconds
2018-10-12T14:45:40.029+0800: 14213.511: Application time: 0.3514332 seconds
2018-10-12T14:45:40.078+0800: 14213.559: Application time: 0.0467524 seconds
2018-10-12T14:45:40.155+0800: 14213.636: Application time: 0.0767249 seconds
2018-10-12T14:45:40.362+0800: 14213.844: Application time: 0.2079639 seconds
2018-10-12T14:45:40.366+0800: 14213.848: Application time: 0.0034514 seconds
2018-10-12T14:45:44.484+0800: 14217.965: Application time: 4.1173474 seconds
2018-10-12T14:45:44.968+0800: 14218.450: Application time: 0.4842005 seconds
2018-10-12T14:45:45.974+0800: 14219.455: Application time: 1.0044923 seconds
2018-10-12T14:46:12.987+0800: 14246.468: Application time: 27.0124456 seconds
2018-10-12T14:46:24.994+0800: 14258.475: Application time: 12.0068753 seconds
2018-10-12T14:46:45.012+0800: 14278.493: Application time: 20.0177172 seconds
2018-10-12T14:46:45.012+0800: 14278.493: Application time: 0.0000289 seconds
2018-10-12T14:46:45.227+0800: 14278.708: Application time: 0.2152194 seconds
2018-10-12T14:46:46.227+0800: 14279.708: Application time: 1.0000212 seconds
2018-10-12T14:47:12.240+0800: 14305.720: Application time: 26.0120253 seconds
2018-10-12T14:47:25.246+0800: 14318.727: Application time: 13.0066271 seconds
2018-10-12T14:48:02.263+0800: 14355.744: Application time: 37.0166365 seconds
2018-10-12T14:48:12.268+0800: 14365.748: Application time: 10.0043146 seconds
2018-10-12T14:49:25.302+0800: 14438.783: Application time: 73.0344701 seconds
2018-10-12T14:51:25.352+0800: 14558.833: Application time: 120.0493410 seconds
2018-10-12T14:55:12.456+0800: 14785.937: Application time: 227.1039585 seconds
2018-10-12T14:55:25.462+0800: 14798.943: Application time: 13.0064423 seconds
2018-10-12T14:58:12.541+0800: 14966.021: Application time: 167.0780976 seconds
2018-10-12T14:59:25.581+0800: 15039.062: Application time: 73.0403637 seconds
2018-10-12T14:59:52.594+0800: 15066.075: Application time: 27.0125736 seconds
2018-10-12T15:00:25.611+0800: 15099.091: Application time: 33.0166611 seconds
2018-10-12T15:01:24.634+0800: 15158.115: Application time: 59.0231338 seconds
2018-10-12T15:01:25.634+0800: 15159.115: Application time: 0.9997003 seconds
2018-10-12T15:01:40.320+0800: 15173.801: Application time: 14.6865373 seconds
2018-10-12T15:01:40.330+0800: 15173.812: Application time: 0.0099318 seconds
2018-10-12T15:01:40.330+0800: 15173.812: Application time: 0.0000427 seconds
2018-10-12T15:01:40.330+0800: 15173.812: Application time: 0.0000282 seconds
2018-10-12T15:01:40.330+0800: 15173.812: Application time: 0.0000254 seconds
2018-10-12T15:01:40.403+0800: 15173.885: Application time: 0.0722558 seconds
2018-10-12T15:01:40.440+0800: 15173.921: Application time: 0.0360477 seconds
2018-10-12T15:01:40.461+0800: 15173.942: Application time: 0.0203442 seconds
2018-10-12T15:01:41.461+0800: 15174.942: Application time: 1.0002334 seconds
2018-10-12T15:01:43.462+0800: 15176.943: Application time: 2.0005589 seconds
2018-10-12T15:01:48.464+0800: 15181.945: Application time: 5.0023245 seconds
2018-10-12T15:01:48.480+0800: 15181.962: Application time: 0.0167923 seconds
2018-10-12T15:01:48.537+0800: 15182.019: Application time: 0.0566740 seconds
2018-10-12T15:01:48.540+0800: 15182.021: Application time: 0.0022395 seconds
2018-10-12T15:01:48.544+0800: 15182.025: Application time: 0.0038894 seconds
2018-10-12T15:01:48.555+0800: 15182.036: Application time: 0.0049779 seconds
2018-10-12T15:01:49.555+0800: 15183.036: Application time: 0.9997496 seconds
2018-10-12T15:02:12.564+0800: 15206.044: Application time: 23.0080841 seconds
2018-10-12T15:02:25.571+0800: 15219.052: Application time: 13.0071976 seconds
2018-10-12T15:02:49.582+0800: 15243.063: Application time: 24.0114096 seconds
2018-10-12T15:02:50.583+0800: 15244.064: Application time: 1.0003932 seconds
2018-10-12T15:02:52.584+0800: 15246.064: Application time: 2.0005652 seconds
2018-10-12T15:02:53.584+0800: 15247.064: Application time: 0.9998861 seconds
2018-10-12T15:02:57.586+0800: 15251.067: Application time: 4.0022433 seconds
2018-10-12T15:03:25.598+0800: 15279.079: Application time: 28.0116861 seconds
2018-10-12T15:04:12.617+0800: 15326.098: Application time: 47.0191693 seconds
2018-10-12T15:04:25.624+0800: 15339.105: Application time: 13.0068097 seconds
2018-10-12T15:05:00.861+0800: 15374.343: Application time: 35.2377787 seconds
2018-10-12T15:05:00.863+0800: 15374.345: Application time: 0.0015170 seconds
2018-10-12T15:05:00.866+0800: 15374.347: Application time: 0.0021284 seconds
2018-10-12T15:05:00.970+0800: 15374.451: Application time: 0.1041581 seconds
2018-10-12T15:05:01.970+0800: 15375.451: Application time: 0.9996266 seconds
2018-10-12T15:05:02.970+0800: 15376.451: Application time: 1.0000610 seconds
2018-10-12T15:05:07.972+0800: 15381.453: Application time: 5.0013537 seconds
2018-10-12T15:05:12.973+0800: 15386.454: Application time: 5.0011936 seconds
2018-10-12T15:05:29.828+0800: 15403.309: Application time: 16.8547091 seconds
2018-10-12T15:05:29.849+0800: 15403.330: Application time: 0.0210671 seconds
{Heap before GC invocations=66 (full 3):
 par new generation   total 78016K, used 76717K [0x00000006c2c00000, 0x00000006c80a0000, 0x00000006d78c0000)
  eden space 69376K, 100% used [0x00000006c2c00000, 0x00000006c6fc0000, 0x00000006c6fc0000)
  from space 8640K,  84% used [0x00000006c6fc0000, 0x00000006c76eb6f8, 0x00000006c7830000)
  to   space 8640K,   0% used [0x00000006c7830000, 0x00000006c7830000, 0x00000006c80a0000)
 concurrent mark-sweep generation total 173440K, used 53726K [0x00000006d78c0000, 0x00000006e2220000, 0x00000007c0000000)
 Metaspace       used 74329K, capacity 77992K, committed 78336K, reserved 1118208K
  class space    used 9574K, capacity 10168K, committed 10284K, reserved 1048576K
2018-10-12T15:05:29.850+0800: 15403.331: [GC (Allocation Failure) 2018-10-12T15:05:29.850+0800: 15403.331: [ParNew: 76717K->4031K(78016K), 0.0079430 secs] 130443K->57757K(251456K), 0.0081123 secs] [Times: user=0.00 sys=0.00, real=0.01 secs] 
Heap after GC invocations=67 (full 3):
 par new generation   total 78016K, used 4031K [0x00000006c2c00000, 0x00000006c80a0000, 0x00000006d78c0000)
  eden space 69376K,   0% used [0x00000006c2c00000, 0x00000006c2c00000, 0x00000006c6fc0000)
  from space 8640K,  46% used [0x00000006c7830000, 0x00000006c7c1fc88, 0x00000006c80a0000)
  to   space 8640K,   0% used [0x00000006c6fc0000, 0x00000006c6fc0000, 0x00000006c7830000)
 concurrent mark-sweep generation total 173440K, used 53726K [0x00000006d78c0000, 0x00000006e2220000, 0x00000007c0000000)
 Metaspace       used 74329K, capacity 77992K, committed 78336K, reserved 1118208K
  class space    used 9574K, capacity 10168K, committed 10284K, reserved 1048576K
}
2018-10-12T15:05:30.858+0800: 15404.339: Application time: 0.9999908 seconds
2018-10-12T15:06:12.877+0800: 15446.358: Application time: 42.0192353 seconds
2018-10-12T15:06:23.883+0800: 15457.364: Application time: 11.0054162 seconds
2018-10-12T15:07:12.908+0800: 15506.389: Application time: 49.0245605 seconds
2018-10-12T15:07:24.914+0800: 15518.395: Application time: 12.0064271 seconds
2018-10-12T15:07:26.915+0800: 15520.396: Application time: 2.0008258 seconds
2018-10-12T15:08:12.837+0800: 15566.318: Application time: 45.9219190 seconds
2018-10-12T15:08:23.275+0800: 15576.756: Application time: 10.4381723 seconds
2018-10-12T15:08:23.619+0800: 15577.101: Application time: 0.3439076 seconds
2018-10-12T15:08:23.619+0800: 15577.101: Application time: 0.0001358 seconds
2018-10-12T15:08:25.621+0800: 15579.102: Application time: 2.0004376 seconds
2018-10-12T15:08:27.621+0800: 15581.102: Application time: 2.0001820 seconds
2018-10-12T15:08:33.906+0800: 15587.387: Application time: 6.2850594 seconds
2018-10-12T15:08:33.906+0800: 15587.387: Application time: 0.0000726 seconds
2018-10-12T15:08:34.265+0800: 15587.746: Application time: 0.3584961 seconds
2018-10-12T15:08:35.265+0800: 15588.746: Application time: 1.0001150 seconds
2018-10-12T15:08:36.266+0800: 15589.747: Application time: 1.0004196 seconds
2018-10-12T15:08:51.135+0800: 15604.616: Application time: 14.8690744 seconds
2018-10-12T15:08:51.135+0800: 15604.616: Application time: 0.0000666 seconds
2018-10-12T15:08:52.135+0800: 15605.616: Application time: 0.9996622 seconds
2018-10-12T15:08:55.136+0800: 15608.617: Application time: 3.0014542 seconds
2018-10-12T15:08:56.390+0800: 15609.871: Application time: 1.2535203 seconds
2018-10-12T15:08:56.390+0800: 15609.871: Application time: 0.0000638 seconds
2018-10-12T15:08:57.390+0800: 15610.871: Application time: 1.0000092 seconds
2018-10-12T15:09:04.315+0800: 15617.797: Application time: 6.9253143 seconds
2018-10-12T15:09:04.315+0800: 15617.797: Application time: 0.0000571 seconds
2018-10-12T15:09:13.813+0800: 15627.294: Application time: 9.4971979 seconds
2018-10-12T15:09:14.813+0800: 15628.294: Application time: 0.9997232 seconds
2018-10-12T15:09:24.665+0800: 15638.146: Application time: 9.8518716 seconds
2018-10-12T15:09:24.665+0800: 15638.146: Application time: 0.0000402 seconds
2018-10-12T15:09:24.665+0800: 15638.146: Application time: 0.0000257 seconds
2018-10-12T15:09:24.665+0800: 15638.146: Application time: 0.0000991 seconds
2018-10-12T15:09:24.665+0800: 15638.146: Application time: 0.0000698 seconds
2018-10-12T15:09:27.145+0800: 15640.626: Application time: 2.4797765 seconds
2018-10-12T15:09:55.592+0800: 15669.073: Application time: 28.4468160 seconds
2018-10-12T15:09:55.592+0800: 15669.074: Application time: 0.0000465 seconds
2018-10-12T15:09:55.592+0800: 15669.074: Application time: 0.0000476 seconds
2018-10-12T15:09:55.592+0800: 15669.074: Application time: 0.0000381 seconds
2018-10-12T15:09:55.593+0800: 15669.074: Application time: 0.0001379 seconds
2018-10-12T15:09:55.641+0800: 15669.123: Application time: 0.0481625 seconds
2018-10-12T15:09:55.641+0800: 15669.123: Application time: 0.0001827 seconds
2018-10-12T15:09:55.643+0800: 15669.125: Application time: 0.0019168 seconds
2018-10-12T15:09:55.702+0800: 15669.183: Application time: 0.0579529 seconds
2018-10-12T15:09:55.717+0800: 15669.198: Application time: 0.0124618 seconds
2018-10-12T15:09:55.824+0800: 15669.305: Application time: 0.1069688 seconds
2018-10-12T15:09:56.825+0800: 15670.306: Application time: 1.0003445 seconds
2018-10-12T15:09:59.596+0800: 15673.077: Application time: 2.7714552 seconds
2018-10-12T15:09:59.607+0800: 15673.088: Application time: 0.0100422 seconds
2018-10-12T15:10:00.607+0800: 15674.088: Application time: 0.9998515 seconds
2018-10-12T15:10:14.615+0800: 15688.096: Application time: 14.0079974 seconds
2018-10-12T15:10:59.852+0800: 15733.333: Application time: 45.2371878 seconds
2018-10-12T15:11:24.864+0800: 15758.345: Application time: 25.0114992 seconds
2018-10-12T15:13:13.918+0800: 15867.399: Application time: 109.0536492 seconds
2018-10-12T15:14:13.945+0800: 15927.426: Application time: 60.0271102 seconds
2018-10-12T15:15:45.986+0800: 16019.467: Application time: 92.0408531 seconds
2018-10-12T15:16:13.999+0800: 16047.480: Application time: 28.0127834 seconds
2018-10-12T15:16:24.003+0800: 16057.484: Application time: 10.0036119 seconds
2018-10-12T15:17:27.032+0800: 16120.513: Application time: 63.0288853 seconds
2018-10-12T15:18:14.057+0800: 16167.537: Application time: 47.0244589 seconds
2018-10-12T15:18:25.061+0800: 16178.542: Application time: 11.0044719 seconds
2018-10-12T15:19:24.090+0800: 16237.571: Application time: 59.0283374 seconds
2018-10-12T15:19:34.096+0800: 16247.576: Application time: 10.0057533 seconds
2018-10-12T15:20:25.117+0800: 16298.598: Application time: 51.0208273 seconds
2018-10-12T15:22:25.173+0800: 16418.654: Application time: 120.0561197 seconds
2018-10-12T15:23:14.197+0800: 16467.678: Application time: 49.0239617 seconds
2018-10-12T15:31:55.452+0800: 16988.932: Application time: 521.2542410 seconds
2018-10-12T15:34:14.516+0800: 17127.997: Application time: 139.0641586 seconds
2018-10-12T15:35:14.546+0800: 17188.027: Application time: 60.0297577 seconds
2018-10-12T15:37:26.605+0800: 17320.086: Application time: 132.0589872 seconds
2018-10-12T15:37:48.189+0800: 17341.670: Application time: 21.5840891 seconds
2018-10-12T15:37:48.189+0800: 17341.670: Application time: 0.0000286 seconds
2018-10-12T15:37:49.189+0800: 17342.670: Application time: 0.9997500 seconds
2018-10-12T15:38:04.620+0800: 17358.101: Application time: 15.4309860 seconds
2018-10-12T15:38:04.621+0800: 17358.102: Application time: 0.0001001 seconds
2018-10-12T15:38:13.979+0800: 17367.460: Application time: 9.3584647 seconds
2018-10-12T15:38:13.979+0800: 17367.460: Application time: 0.0000303 seconds
2018-10-12T15:38:14.979+0800: 17368.460: Application time: 0.9996407 seconds
2018-10-12T15:38:24.831+0800: 17378.313: Application time: 9.8524640 seconds
2018-10-12T15:38:24.831+0800: 17378.313: Application time: 0.0001005 seconds
2018-10-12T15:38:24.831+0800: 17378.313: Application time: 0.0000575 seconds
2018-10-12T15:38:24.832+0800: 17378.313: Application time: 0.0002271 seconds
2018-10-12T15:38:25.833+0800: 17379.314: Application time: 1.0008392 seconds
2018-10-12T15:38:36.047+0800: 17389.528: Application time: 10.2134027 seconds
2018-10-12T15:38:37.047+0800: 17390.528: Application time: 1.0001749 seconds
2018-10-12T15:38:37.490+0800: 17390.971: Application time: 0.4424291 seconds
2018-10-12T15:38:37.490+0800: 17390.971: Application time: 0.0001195 seconds
2018-10-12T15:38:38.792+0800: 17392.273: Application time: 1.3018524 seconds
2018-10-12T15:38:38.792+0800: 17392.273: Application time: 0.0000331 seconds
2018-10-12T15:38:51.511+0800: 17404.992: Application time: 12.7183829 seconds
2018-10-12T15:38:51.511+0800: 17404.992: Application time: 0.0001150 seconds
2018-10-12T15:39:14.821+0800: 17428.302: Application time: 23.3093173 seconds
2018-10-12T15:39:24.836+0800: 17438.318: Application time: 10.0152923 seconds
2018-10-12T15:39:24.837+0800: 17438.318: Application time: 0.0001597 seconds
2018-10-12T15:39:24.837+0800: 17438.319: Application time: 0.0001633 seconds
2018-10-12T15:39:24.837+0800: 17438.319: Application time: 0.0001587 seconds
2018-10-12T15:39:24.838+0800: 17438.319: Application time: 0.0003949 seconds
2018-10-12T15:39:24.838+0800: 17438.320: Application time: 0.0002676 seconds
2018-10-12T15:40:15.832+0800: 17489.313: Application time: 50.9932781 seconds
2018-10-12T15:40:16.833+0800: 17490.313: Application time: 0.9999291 seconds
2018-10-12T15:40:25.837+0800: 17499.318: Application time: 9.0040283 seconds
2018-10-12T15:41:16.824+0800: 17550.305: Application time: 50.9872060 seconds
2018-10-12T15:42:17.829+0800: 17611.310: Application time: 61.0052674 seconds
2018-10-12T15:42:25.833+0800: 17619.314: Application time: 8.0033901 seconds
2018-10-12T15:44:18.838+0800: 17732.319: Application time: 113.0049229 seconds
2018-10-12T15:44:25.840+0800: 17739.321: Application time: 7.0014521 seconds
2018-10-12T15:45:19.827+0800: 17793.308: Application time: 53.9878160 seconds
2018-10-12T15:46:20.839+0800: 17854.320: Application time: 61.0113370 seconds
2018-10-12T15:47:21.822+0800: 17915.303: Application time: 60.9830233 seconds
2018-10-12T15:48:22.822+0800: 17976.303: Application time: 61.0001418 seconds
2018-10-12T15:48:23.823+0800: 17977.304: Application time: 1.0001192 seconds
2018-10-12T15:48:25.823+0800: 17979.304: Application time: 2.0005155 seconds
2018-10-12T15:49:23.877+0800: 18037.358: Application time: 58.0537462 seconds
2018-10-12T15:49:24.877+0800: 18038.358: Application time: 0.9996171 seconds
2018-10-12T15:50:24.864+0800: 18098.345: Application time: 59.9865836 seconds
2018-10-12T15:51:25.866+0800: 18159.347: Application time: 61.0020060 seconds
2018-10-12T15:51:26.866+0800: 18160.347: Application time: 1.0002786 seconds
2018-10-12T15:51:36.873+0800: 18170.353: Application time: 10.0060111 seconds
2018-10-12T15:52:26.838+0800: 18220.320: Application time: 49.9658981 seconds
2018-10-12T15:52:27.839+0800: 18221.320: Application time: 0.9998995 seconds
2018-10-12T15:53:27.834+0800: 18281.315: Application time: 59.9952852 seconds
2018-10-12T15:53:28.871+0800: 18282.352: Application time: 1.0367152 seconds
2018-10-12T15:54:28.841+0800: 18342.323: Application time: 59.9705106 seconds
2018-10-12T15:55:29.825+0800: 18403.306: Application time: 60.9835349 seconds
2018-10-12T15:56:30.829+0800: 18464.310: Application time: 61.0035092 seconds
2018-10-12T15:57:31.838+0800: 18525.319: Application time: 61.0084346 seconds
2018-10-12T15:58:33.012+0800: 18586.493: Application time: 61.1745715 seconds
2018-10-12T15:58:34.013+0800: 18587.494: Application time: 1.0003561 seconds
2018-10-12T15:59:25.036+0800: 18638.517: Application time: 51.0228859 seconds
2018-10-12T15:59:33.824+0800: 18647.305: Application time: 8.7877063 seconds
2018-10-12T16:00:25.848+0800: 18699.329: Application time: 52.0243203 seconds
2018-10-12T16:00:34.435+0800: 18707.916: Application time: 8.5862048 seconds
2018-10-12T16:01:25.007+0800: 18758.489: Application time: 50.5730307 seconds
{Heap before GC invocations=67 (full 3):
 par new generation   total 78016K, used 73407K [0x00000006c2c00000, 0x00000006c80a0000, 0x00000006d78c0000)
  eden space 69376K, 100% used [0x00000006c2c00000, 0x00000006c6fc0000, 0x00000006c6fc0000)
  from space 8640K,  46% used [0x00000006c7830000, 0x00000006c7c1fc88, 0x00000006c80a0000)
  to   space 8640K,   0% used [0x00000006c6fc0000, 0x00000006c6fc0000, 0x00000006c7830000)
 concurrent mark-sweep generation total 173440K, used 53726K [0x00000006d78c0000, 0x00000006e2220000, 0x00000007c0000000)
 Metaspace       used 74633K, capacity 78196K, committed 78336K, reserved 1118208K
  class space    used 9578K, capacity 10170K, committed 10284K, reserved 1048576K
2018-10-12T16:01:25.007+0800: 18758.489: [GC (Allocation Failure) 2018-10-12T16:01:25.008+0800: 18758.489: [ParNew: 73407K->4795K(78016K), 0.0247442 secs] 127133K->58521K(251456K), 0.0251017 secs] [Times: user=0.00 sys=0.08, real=0.03 secs] 
Heap after GC invocations=68 (full 3):
 par new generation   total 78016K, used 4795K [0x00000006c2c00000, 0x00000006c80a0000, 0x00000006d78c0000)
  eden space 69376K,   0% used [0x00000006c2c00000, 0x00000006c2c00000, 0x00000006c6fc0000)
  from space 8640K,  55% used [0x00000006c6fc0000, 0x00000006c746edb0, 0x00000006c7830000)
  to   space 8640K,   0% used [0x00000006c7830000, 0x00000006c7830000, 0x00000006c80a0000)
 concurrent mark-sweep generation total 173440K, used 53726K [0x00000006d78c0000, 0x00000006e2220000, 0x00000007c0000000)
 Metaspace       used 74633K, capacity 78196K, committed 78336K, reserved 1118208K
  class space    used 9578K, capacity 10170K, committed 10284K, reserved 1048576K
}
2018-10-12T16:01:25.033+0800: 18758.514: Application time: 0.0001456 seconds
2018-10-12T16:01:25.033+0800: 18758.515: Application time: 0.0000434 seconds
2018-10-12T16:01:25.033+0800: 18758.515: Application time: 0.0002733 seconds
2018-10-12T16:01:25.034+0800: 18758.515: Application time: 0.0000659 seconds
2018-10-12T16:01:25.034+0800: 18758.515: Application time: 0.0000413 seconds
2018-10-12T16:01:25.034+0800: 18758.515: Application time: 0.0000388 seconds
2018-10-12T16:01:25.034+0800: 18758.515: Application time: 0.0000282 seconds
2018-10-12T16:01:25.034+0800: 18758.516: Application time: 0.0000289 seconds
2018-10-12T16:01:25.034+0800: 18758.516: Application time: 0.0000293 seconds
2018-10-12T16:01:25.034+0800: 18758.516: Application time: 0.0000215 seconds
2018-10-12T16:01:25.035+0800: 18758.516: Application time: 0.0000508 seconds
2018-10-12T16:01:25.035+0800: 18758.516: Application time: 0.0000363 seconds
2018-10-12T16:01:25.035+0800: 18758.516: Application time: 0.0000335 seconds
2018-10-12T16:01:34.857+0800: 18768.338: Application time: 9.8214461 seconds
2018-10-12T16:02:25.880+0800: 18819.361: Application time: 51.0227808 seconds
2018-10-12T16:02:35.829+0800: 18829.310: Application time: 9.9487316 seconds
2018-10-12T16:03:36.816+0800: 18890.297: Application time: 60.9871164 seconds
2018-10-12T16:04:37.835+0800: 18951.316: Application time: 61.0186168 seconds
2018-10-12T16:05:38.824+0800: 19012.305: Application time: 60.9892840 seconds
2018-10-12T16:06:39.830+0800: 19073.311: Application time: 61.0059169 seconds
2018-10-12T16:06:40.831+0800: 19074.312: Application time: 1.0003812 seconds
2018-10-12T16:07:11.075+0800: 19104.556: Application time: 30.2442609 seconds
2018-10-12T16:07:11.075+0800: 19104.556: Application time: 0.0000624 seconds
2018-10-12T16:07:21.451+0800: 19114.932: Application time: 10.3760345 seconds
2018-10-12T16:07:21.452+0800: 19114.933: Application time: 0.0001573 seconds
2018-10-12T16:07:25.075+0800: 19118.556: Application time: 3.6221950 seconds
2018-10-12T16:07:25.075+0800: 19118.556: Application time: 0.0000494 seconds
2018-10-12T16:07:25.075+0800: 19118.556: Application time: 0.0001171 seconds
2018-10-12T16:07:25.075+0800: 19118.556: Application time: 0.0000695 seconds
2018-10-12T16:07:40.833+0800: 19134.314: Application time: 15.7579253 seconds
2018-10-12T16:07:41.834+0800: 19135.315: Application time: 1.0005744 seconds
2018-10-12T16:07:53.222+0800: 19146.703: Application time: 11.3882069 seconds
2018-10-12T16:07:53.222+0800: 19146.703: Application time: 0.0000504 seconds
2018-10-12T16:07:58.595+0800: 19152.076: Application time: 5.3724068 seconds
2018-10-12T16:07:59.562+0800: 19153.043: Application time: 0.9663515 seconds
2018-10-12T16:08:07.171+0800: 19160.652: Application time: 7.6082924 seconds
2018-10-12T16:08:25.079+0800: 19178.560: Application time: 17.9082159 seconds
2018-10-12T16:08:25.079+0800: 19178.560: Application time: 0.0000416 seconds
2018-10-12T16:08:25.079+0800: 19178.561: Application time: 0.0002472 seconds
2018-10-12T16:08:25.079+0800: 19178.561: Application time: 0.0000762 seconds
2018-10-12T16:08:27.681+0800: 19181.163: Application time: 2.6015845 seconds
2018-10-12T16:08:27.682+0800: 19181.163: Application time: 0.0000272 seconds
2018-10-12T16:08:41.833+0800: 19195.315: Application time: 14.1512145 seconds
2018-10-12T16:09:02.087+0800: 19215.569: Application time: 20.2540238 seconds
2018-10-12T16:09:08.091+0800: 19221.572: Application time: 6.0028809 seconds
2018-10-12T16:09:25.084+0800: 19238.566: Application time: 16.9936039 seconds
2018-10-12T16:09:25.085+0800: 19238.566: Application time: 0.0001153 seconds
2018-10-12T16:09:25.085+0800: 19238.567: Application time: 0.0000740 seconds
2018-10-12T16:09:25.085+0800: 19238.567: Application time: 0.0002609 seconds
2018-10-12T16:09:25.086+0800: 19238.568: Application time: 0.0002497 seconds
2018-10-12T16:10:00.827+0800: 19274.308: Application time: 35.7403460 seconds
2018-10-12T16:11:01.820+0800: 19335.301: Application time: 60.9927354 seconds
2018-10-12T16:12:02.834+0800: 19396.315: Application time: 61.0130186 seconds
2018-10-12T16:12:17.840+0800: 19411.321: Application time: 15.0060802 seconds
2018-10-12T16:13:03.852+0800: 19457.333: Application time: 46.0118821 seconds
2018-10-12T16:13:08.853+0800: 19462.334: Application time: 5.0014341 seconds
2018-10-12T16:13:18.858+0800: 19472.339: Application time: 10.0049691 seconds
2018-10-12T16:13:25.866+0800: 19479.347: Application time: 7.0077463 seconds
2018-10-12T16:14:18.891+0800: 19532.371: Application time: 53.0241874 seconds
2018-10-12T16:14:28.896+0800: 19542.377: Application time: 10.0052417 seconds
2018-10-12T16:15:02.822+0800: 19576.303: Application time: 33.9262040 seconds
2018-10-12T16:16:03.837+0800: 19637.318: Application time: 61.0142024 seconds
2018-10-12T16:16:04.837+0800: 19638.318: Application time: 1.0001386 seconds
2018-10-12T16:17:04.827+0800: 19698.308: Application time: 59.9902332 seconds
2018-10-12T16:18:05.825+0800: 19759.306: Application time: 60.9978370 seconds
2018-10-12T16:18:18.841+0800: 19772.322: Application time: 13.0152665 seconds
2018-10-12T16:19:06.848+0800: 19820.329: Application time: 48.0075855 seconds
2018-10-12T16:20:07.824+0800: 19881.305: Application time: 60.9748299 seconds
2018-10-12T16:20:25.834+0800: 19899.315: Application time: 18.0099851 seconds
2018-10-12T16:21:08.833+0800: 19942.314: Application time: 42.9987246 seconds
2018-10-12T16:22:09.825+0800: 20003.306: Application time: 60.9922096 seconds
2018-10-12T16:23:10.818+0800: 20064.299: Application time: 60.9934047 seconds
2018-10-12T16:24:11.834+0800: 20125.315: Application time: 61.0154390 seconds
2018-10-12T16:25:12.817+0800: 20186.298: Application time: 60.9830970 seconds
2018-10-12T16:25:13.818+0800: 20187.298: Application time: 0.9997574 seconds
2018-10-12T16:26:13.830+0800: 20247.311: Application time: 60.0127341 seconds
2018-10-12T16:27:14.823+0800: 20308.304: Application time: 60.9928426 seconds
2018-10-12T16:27:15.823+0800: 20309.304: Application time: 1.0001075 seconds
2018-10-12T16:28:15.823+0800: 20369.304: Application time: 59.9994714 seconds
2018-10-12T16:28:29.828+0800: 20383.309: Application time: 14.0051627 seconds
2018-10-12T16:29:16.819+0800: 20430.300: Application time: 46.9909462 seconds
2018-10-12T16:30:17.851+0800: 20491.332: Application time: 61.0318406 seconds
2018-10-12T16:35:29.831+0800: 20803.312: Application time: 311.9800616 seconds
2018-10-12T16:36:37.188+0800: 20870.670: Application time: 67.3571128 seconds
2018-10-12T16:36:37.188+0800: 20870.670: Application time: 0.0000652 seconds
2018-10-12T16:36:43.320+0800: 20876.801: Application time: 6.1311703 seconds
2018-10-12T16:36:43.320+0800: 20876.802: Application time: 0.0001837 seconds
2018-10-12T16:37:06.056+0800: 20899.537: Application time: 22.7351103 seconds
2018-10-12T16:37:25.273+0800: 20918.754: Application time: 19.2165625 seconds
2018-10-12T16:37:25.273+0800: 20918.754: Application time: 0.0000603 seconds
2018-10-12T16:37:25.273+0800: 20918.754: Application time: 0.0003043 seconds
2018-10-12T16:37:42.666+0800: 20936.147: Application time: 17.3926209 seconds
2018-10-12T16:37:42.666+0800: 20936.147: Application time: 0.0001044 seconds
2018-10-12T16:37:43.668+0800: 20937.149: Application time: 1.0009616 seconds
2018-10-12T16:37:45.202+0800: 20938.683: Application time: 1.5340947 seconds
2018-10-12T16:37:45.202+0800: 20938.683: Application time: 0.0000772 seconds
2018-10-12T16:37:45.267+0800: 20938.748: Application time: 0.0647863 seconds
2018-10-12T16:37:45.267+0800: 20938.748: Application time: 0.0000497 seconds
2018-10-12T16:37:46.267+0800: 20939.748: Application time: 0.9998318 seconds
2018-10-12T16:37:47.684+0800: 20941.165: Application time: 1.4165629 seconds
2018-10-12T16:37:49.685+0800: 20943.166: Application time: 2.0003907 seconds
2018-10-12T16:37:59.510+0800: 20952.991: Application time: 9.8256793 seconds
2018-10-12T16:37:59.510+0800: 20952.992: Application time: 0.0000980 seconds
2018-10-12T16:38:19.516+0800: 20972.997: Application time: 20.0046263 seconds
2018-10-12T16:38:19.516+0800: 20972.997: Application time: 0.0000233 seconds
2018-10-12T16:38:25.277+0800: 20978.758: Application time: 5.7611567 seconds
2018-10-12T16:38:25.277+0800: 20978.758: Application time: 0.0000346 seconds
2018-10-12T16:38:25.277+0800: 20978.759: Application time: 0.0004408 seconds
2018-10-12T16:38:37.950+0800: 20991.431: Application time: 12.6725321 seconds
2018-10-12T16:39:12.822+0800: 21026.303: Application time: 34.8569056 seconds
2018-10-12T16:39:25.283+0800: 21038.765: Application time: 12.4614006 seconds
2018-10-12T16:39:25.283+0800: 21038.765: Application time: 0.0001506 seconds
2018-10-12T16:39:25.283+0800: 21038.765: Application time: 0.0001090 seconds
2018-10-12T16:39:25.284+0800: 21038.765: Application time: 0.0001682 seconds
2018-10-12T16:39:25.284+0800: 21038.766: Application time: 0.0003068 seconds
2018-10-12T16:39:25.285+0800: 21038.766: Application time: 0.0002909 seconds
2018-10-12T16:40:13.821+0800: 21087.302: Application time: 48.5356621 seconds
2018-10-12T16:40:30.828+0800: 21104.309: Application time: 17.0062039 seconds
2018-10-12T16:40:40.832+0800: 21114.312: Application time: 10.0034740 seconds
2018-10-12T16:41:14.838+0800: 21148.319: Application time: 34.0065544 seconds
2018-10-12T16:41:15.839+0800: 21149.320: Application time: 1.0003657 seconds
2018-10-12T16:41:25.843+0800: 21159.323: Application time: 10.0036859 seconds
2018-10-12T16:42:15.832+0800: 21209.313: Application time: 49.9894575 seconds
2018-10-12T16:42:50.850+0800: 21244.331: Application time: 35.0177462 seconds
2018-10-12T16:43:16.832+0800: 21270.313: Application time: 25.9821615 seconds
2018-10-12T16:44:17.823+0800: 21331.304: Application time: 60.9906200 seconds
2018-10-12T16:45:18.817+0800: 21392.298: Application time: 60.9936494 seconds
2018-10-12T16:46:19.827+0800: 21453.308: Application time: 61.0096219 seconds
2018-10-12T16:46:20.827+0800: 21454.308: Application time: 1.0001354 seconds
2018-10-12T16:47:20.820+0800: 21514.301: Application time: 59.9932255 seconds
2018-10-12T16:48:17.847+0800: 21571.327: Application time: 57.0262379 seconds
2018-10-12T16:48:21.838+0800: 21575.320: Application time: 3.9920425 seconds
2018-10-12T16:48:27.841+0800: 21581.321: Application time: 6.0016820 seconds
2018-10-12T16:48:40.845+0800: 21594.326: Application time: 13.0045100 seconds
2018-10-12T16:48:50.849+0800: 21604.330: Application time: 10.0033040 seconds
2018-10-12T16:49:22.825+0800: 21636.306: Application time: 31.9765485 seconds
2018-10-12T16:49:23.825+0800: 21637.306: Application time: 0.9996040 seconds
2018-10-12T16:49:25.827+0800: 21639.308: Application time: 2.0012335 seconds
2018-10-12T16:50:23.841+0800: 21697.322: Application time: 58.0142746 seconds
2018-10-12T16:50:25.843+0800: 21699.323: Application time: 2.0015067 seconds
2018-10-12T16:50:50.854+0800: 21724.334: Application time: 25.0108976 seconds
2018-10-12T16:51:24.819+0800: 21758.300: Application time: 33.9658469 seconds
2018-10-12T16:52:25.464+0800: 21818.945: Application time: 60.6448940 seconds
2018-10-12T16:52:30.467+0800: 21823.947: Application time: 5.0019468 seconds
2018-10-12T16:53:25.486+0800: 21878.967: Application time: 55.0196743 seconds
2018-10-12T16:53:29.843+0800: 21883.324: Application time: 4.3563515 seconds
2018-10-12T16:54:25.889+0800: 21939.370: Application time: 56.0463057 seconds
2018-10-12T16:54:29.912+0800: 21943.393: Application time: 4.0229159 seconds
2018-10-12T16:54:30.912+0800: 21944.393: Application time: 1.0000455 seconds
2018-10-12T16:54:40.933+0800: 21954.414: Application time: 10.0201253 seconds
2018-10-12T16:55:25.955+0800: 21999.436: Application time: 45.0220495 seconds
2018-10-12T16:55:30.682+0800: 22004.163: Application time: 4.7272582 seconds
2018-10-12T16:55:32.682+0800: 22006.163: Application time: 1.9997422 seconds
2018-10-12T16:56:25.710+0800: 22059.191: Application time: 53.0277506 seconds
2018-10-12T16:56:31.819+0800: 22065.300: Application time: 6.1086374 seconds
2018-10-12T16:57:21.845+0800: 22115.326: Application time: 50.0258193 seconds
2018-10-12T16:57:26.847+0800: 22120.328: Application time: 5.0020596 seconds
2018-10-12T16:57:32.839+0800: 22126.320: Application time: 5.9919230 seconds
2018-10-12T16:58:33.836+0800: 22187.317: Application time: 60.9966741 seconds
2018-10-12T16:59:34.820+0800: 22248.300: Application time: 60.9835141 seconds
2018-10-12T17:00:35.822+0800: 22309.303: Application time: 61.0025441 seconds
2018-10-12T17:01:36.820+0800: 22370.301: Application time: 60.9978265 seconds
2018-10-12T17:02:37.826+0800: 22431.307: Application time: 61.0057043 seconds
2018-10-12T17:02:38.826+0800: 22432.307: Application time: 1.0001753 seconds
2018-10-12T17:03:38.823+0800: 22492.304: Application time: 59.9969823 seconds
2018-10-12T17:04:25.845+0800: 22539.326: Application time: 47.0212201 seconds
2018-10-12T17:04:39.817+0800: 22553.298: Application time: 13.9722011 seconds
2018-10-12T17:05:40.832+0800: 22614.313: Application time: 61.0148550 seconds
2018-10-12T17:05:41.833+0800: 22615.313: Application time: 1.0000779 seconds
2018-10-12T17:05:56.840+0800: 22630.321: Application time: 15.0072667 seconds
2018-10-12T17:06:25.459+0800: 22658.940: Application time: 28.6188250 seconds
2018-10-12T17:06:25.459+0800: 22658.940: Application time: 0.0000991 seconds
2018-10-12T17:06:25.459+0800: 22658.940: Application time: 0.0000959 seconds
2018-10-12T17:06:25.459+0800: 22658.940: Application time: 0.0000695 seconds
2018-10-12T17:06:25.460+0800: 22658.941: Application time: 0.0001530 seconds
2018-10-12T17:06:25.460+0800: 22658.941: Application time: 0.0001403 seconds
2018-10-12T17:06:41.834+0800: 22675.315: Application time: 16.3744136 seconds
2018-10-12T17:06:58.842+0800: 22692.323: Application time: 17.0072495 seconds
2018-10-12T17:07:01.294+0800: 22694.775: Application time: 2.4527241 seconds
2018-10-12T17:07:01.295+0800: 22694.776: Application time: 0.0001485 seconds
2018-10-12T17:07:01.296+0800: 22694.777: Application time: 0.0002229 seconds
2018-10-12T17:07:02.297+0800: 22695.778: Application time: 1.0004277 seconds
2018-10-12T17:07:19.458+0800: 22712.939: Application time: 17.1610264 seconds
2018-10-12T17:07:19.458+0800: 22712.939: Application time: 0.0000264 seconds
2018-10-12T17:07:19.458+0800: 22712.939: Application time: 0.0000476 seconds
2018-10-12T17:07:25.461+0800: 22718.941: Application time: 6.0022931 seconds
2018-10-12T17:07:25.464+0800: 22718.945: Application time: 0.0032236 seconds
2018-10-12T17:07:25.464+0800: 22718.945: Application time: 0.0000487 seconds
2018-10-12T17:07:25.464+0800: 22718.945: Application time: 0.0000420 seconds
2018-10-12T17:07:25.464+0800: 22718.945: Application time: 0.0000448 seconds
2018-10-12T17:07:25.464+0800: 22718.946: Application time: 0.0001851 seconds
2018-10-12T17:07:25.464+0800: 22718.946: Application time: 0.0000878 seconds
2018-10-12T17:07:42.833+0800: 22736.314: Application time: 17.3685478 seconds
2018-10-12T17:08:01.828+0800: 22755.309: Application time: 18.9946790 seconds
2018-10-12T17:08:01.829+0800: 22755.310: Application time: 0.0001798 seconds
2018-10-12T17:08:01.829+0800: 22755.310: Application time: 0.0002324 seconds
2018-10-12T17:08:24.002+0800: 22777.483: Application time: 22.1729833 seconds
2018-10-12T17:08:24.002+0800: 22777.484: Application time: 0.0000264 seconds
2018-10-12T17:08:24.002+0800: 22777.484: Application time: 0.0000476 seconds
2018-10-12T17:08:25.468+0800: 22778.949: Application time: 1.4655551 seconds
2018-10-12T17:08:25.468+0800: 22778.949: Application time: 0.0000226 seconds
2018-10-12T17:08:25.468+0800: 22778.950: Application time: 0.0000215 seconds
2018-10-12T17:08:25.468+0800: 22778.950: Application time: 0.0000473 seconds
2018-10-12T17:08:25.468+0800: 22778.950: Application time: 0.0000956 seconds
2018-10-12T17:08:25.468+0800: 22778.950: Application time: 0.0000473 seconds
2018-10-12T17:08:43.823+0800: 22797.304: Application time: 18.3541931 seconds
2018-10-12T17:09:44.825+0800: 22858.305: Application time: 61.0011354 seconds
2018-10-12T17:10:45.833+0800: 22919.314: Application time: 61.0079043 seconds
2018-10-12T17:11:02.842+0800: 22936.323: Application time: 17.0091416 seconds
2018-10-12T17:11:27.829+0800: 22961.310: Application time: 24.9870156 seconds
{Heap before GC invocations=68 (full 3):
 par new generation   total 78016K, used 74171K [0x00000006c2c00000, 0x00000006c80a0000, 0x00000006d78c0000)
  eden space 69376K, 100% used [0x00000006c2c00000, 0x00000006c6fc0000, 0x00000006c6fc0000)
  from space 8640K,  55% used [0x00000006c6fc0000, 0x00000006c746edb0, 0x00000006c7830000)
  to   space 8640K,   0% used [0x00000006c7830000, 0x00000006c7830000, 0x00000006c80a0000)
 concurrent mark-sweep generation total 173440K, used 53726K [0x00000006d78c0000, 0x00000006e2220000, 0x00000007c0000000)
 Metaspace       used 74777K, capacity 78388K, committed 78592K, reserved 1118208K
  class space    used 9578K, capacity 10170K, committed 10284K, reserved 1048576K
2018-10-12T17:11:27.829+0800: 22961.310: [GC (Allocation Failure) 2018-10-12T17:11:27.829+0800: 22961.311: [ParNew: 74171K->6424K(78016K), 0.0362825 secs] 127897K->60150K(251456K), 0.0365202 secs] [Times: user=0.03 sys=0.05, real=0.04 secs] 
Heap after GC invocations=69 (full 3):
 par new generation   total 78016K, used 6424K [0x00000006c2c00000, 0x00000006c80a0000, 0x00000006d78c0000)
  eden space 69376K,   0% used [0x00000006c2c00000, 0x00000006c2c00000, 0x00000006c6fc0000)
  from space 8640K,  74% used [0x00000006c7830000, 0x00000006c7e76228, 0x00000006c80a0000)
  to   space 8640K,   0% used [0x00000006c6fc0000, 0x00000006c6fc0000, 0x00000006c7830000)
 concurrent mark-sweep generation total 173440K, used 53726K [0x00000006d78c0000, 0x00000006e2220000, 0x00000007c0000000)
 Metaspace       used 74777K, capacity 78388K, committed 78592K, reserved 1118208K
  class space    used 9578K, capacity 10170K, committed 10284K, reserved 1048576K
}
2018-10-12T17:11:27.866+0800: 22961.347: Application time: 0.0004231 seconds
2018-10-12T17:11:27.866+0800: 22961.348: Application time: 0.0000398 seconds
2018-10-12T17:11:27.867+0800: 22961.348: Application time: 0.0000353 seconds
2018-10-12T17:11:27.867+0800: 22961.348: Application time: 0.0000578 seconds
2018-10-12T17:11:27.867+0800: 22961.348: Application time: 0.0000571 seconds
2018-10-12T17:11:27.867+0800: 22961.348: Application time: 0.0001192 seconds
2018-10-12T17:11:27.867+0800: 22961.349: Application time: 0.0001375 seconds
2018-10-12T17:11:27.868+0800: 22961.349: Application time: 0.0001188 seconds
2018-10-12T17:11:27.868+0800: 22961.349: Application time: 0.0001622 seconds
2018-10-12T17:11:27.868+0800: 22961.349: Application time: 0.0000807 seconds
2018-10-12T17:11:46.822+0800: 22980.303: Application time: 18.9539253 seconds
2018-10-12T17:12:47.821+0800: 23041.302: Application time: 60.9981117 seconds
2018-10-12T17:13:48.833+0800: 23102.314: Application time: 61.0124015 seconds
2018-10-12T17:14:49.828+0800: 23163.309: Application time: 60.9944763 seconds
2018-10-12T17:15:50.824+0800: 23224.305: Application time: 60.9963095 seconds
2018-10-12T17:16:51.832+0800: 23285.313: Application time: 61.0075333 seconds
2018-10-12T17:17:32.855+0800: 23326.336: Application time: 41.0224896 seconds
2018-10-12T17:17:52.832+0800: 23346.313: Application time: 19.9776127 seconds
2018-10-12T17:18:12.841+0800: 23366.322: Application time: 20.0084977 seconds
2018-10-12T17:18:53.827+0800: 23407.308: Application time: 40.9863407 seconds
2018-10-12T17:18:54.828+0800: 23408.309: Application time: 1.0001410 seconds
2018-10-12T17:19:54.820+0800: 23468.301: Application time: 59.9922735 seconds
2018-10-12T17:20:55.827+0800: 23529.308: Application time: 61.0070181 seconds
2018-10-12T17:21:56.820+0800: 23590.301: Application time: 60.9927594 seconds
2018-10-12T17:22:12.828+0800: 23606.309: Application time: 16.0078330 seconds
2018-10-12T17:22:57.835+0800: 23651.317: Application time: 45.0073919 seconds
2018-10-12T17:23:58.834+0800: 23712.315: Application time: 60.9978434 seconds
2018-10-12T17:24:25.848+0800: 23739.329: Application time: 27.0143935 seconds
2018-10-12T17:24:59.833+0800: 23773.314: Application time: 33.9850360 seconds
2018-10-12T17:25:00.834+0800: 23774.315: Application time: 1.0006315 seconds
2018-10-12T17:26:00.830+0800: 23834.311: Application time: 59.9962104 seconds
2018-10-12T17:26:01.831+0800: 23835.312: Application time: 1.0000889 seconds
2018-10-12T17:27:01.827+0800: 23895.308: Application time: 59.9967905 seconds
2018-10-12T17:27:02.828+0800: 23896.309: Application time: 1.0004757 seconds
2018-10-12T17:28:02.827+0800: 23956.308: Application time: 59.9986378 seconds
2018-10-12T17:28:03.827+0800: 23957.308: Application time: 0.9999619 seconds
2018-10-12T17:29:03.817+0800: 24017.299: Application time: 59.9907417 seconds
2018-10-12T17:29:04.817+0800: 24018.298: Application time: 0.9995134 seconds
2018-10-12T17:30:04.818+0800: 24078.299: Application time: 60.0010713 seconds
2018-10-12T17:30:05.819+0800: 24079.300: Application time: 0.9999728 seconds
2018-10-12T17:31:05.822+0800: 24139.303: Application time: 60.0030459 seconds
2018-10-12T17:31:06.822+0800: 24140.303: Application time: 0.9999545 seconds
2018-10-12T17:32:06.833+0800: 24200.314: Application time: 60.0107238 seconds
2018-10-12T17:33:07.826+0800: 24261.307: Application time: 60.9929487 seconds
2018-10-12T17:34:09.060+0800: 24322.541: Application time: 61.2332698 seconds
2018-10-12T17:35:09.836+0800: 24383.317: Application time: 60.7765227 seconds
2018-10-12T17:35:10.837+0800: 24384.318: Application time: 1.0000607 seconds
2018-10-12T17:35:33.761+0800: 24407.242: Application time: 22.9243908 seconds
2018-10-12T17:35:45.377+0800: 24418.858: Application time: 11.6150439 seconds
2018-10-12T17:36:10.826+0800: 24444.307: Application time: 25.4487374 seconds
2018-10-12T17:36:25.602+0800: 24459.084: Application time: 14.7766112 seconds
2018-10-12T17:36:25.602+0800: 24459.084: Application time: 0.0001456 seconds
2018-10-12T17:36:25.602+0800: 24459.084: Application time: 0.0000610 seconds
2018-10-12T17:36:53.808+0800: 24487.290: Application time: 28.2060369 seconds
2018-10-12T17:36:53.809+0800: 24487.291: Application time: 0.0000899 seconds
2018-10-12T17:36:53.809+0800: 24487.291: Application time: 0.0001343 seconds
2018-10-12T17:37:03.821+0800: 24497.302: Application time: 10.0105785 seconds
2018-10-12T17:37:11.827+0800: 24505.308: Application time: 8.0057071 seconds
2018-10-12T17:37:25.607+0800: 24519.088: Application time: 13.7804642 seconds
2018-10-12T17:37:25.608+0800: 24519.089: Application time: 0.0004425 seconds
2018-10-12T17:37:25.608+0800: 24519.089: Application time: 0.0002440 seconds
2018-10-12T17:37:46.551+0800: 24540.032: Application time: 20.9425837 seconds
2018-10-12T17:37:46.552+0800: 24540.033: Application time: 0.0000307 seconds
2018-10-12T17:37:46.552+0800: 24540.033: Application time: 0.0000483 seconds
2018-10-12T17:37:47.552+0800: 24541.033: Application time: 1.0000261 seconds
2018-10-12T17:38:12.823+0800: 24566.304: Application time: 25.2706782 seconds
2018-10-12T17:38:13.824+0800: 24567.304: Application time: 1.0003082 seconds
2018-10-12T17:38:25.615+0800: 24579.096: Application time: 11.7916436 seconds
2018-10-12T17:38:25.615+0800: 24579.096: Application time: 0.0000815 seconds
2018-10-12T17:38:25.615+0800: 24579.097: Application time: 0.0000832 seconds
2018-10-12T17:38:25.616+0800: 24579.097: Application time: 0.0002133 seconds
2018-10-12T17:38:25.616+0800: 24579.097: Application time: 0.0001989 seconds
2018-10-12T17:39:13.840+0800: 24627.321: Application time: 48.2234621 seconds
2018-10-12T17:40:14.824+0800: 24688.305: Application time: 60.9841534 seconds
2018-10-12T17:41:15.841+0800: 24749.322: Application time: 61.0168198 seconds
2018-10-12T17:42:16.835+0800: 24810.316: Application time: 60.9939357 seconds
2018-10-12T17:43:17.821+0800: 24871.302: Application time: 60.9861326 seconds
2018-10-12T17:44:18.819+0800: 24932.300: Application time: 60.9974160 seconds
2018-10-12T17:45:19.823+0800: 24993.304: Application time: 61.0040879 seconds
2018-10-12T17:46:20.837+0800: 25054.318: Application time: 61.0134985 seconds
2018-10-12T17:47:21.823+0800: 25115.304: Application time: 60.9861266 seconds
2018-10-12T17:48:22.817+0800: 25176.298: Application time: 60.9934477 seconds
2018-10-12T17:49:23.820+0800: 25237.301: Application time: 61.0029979 seconds
2018-10-12T17:50:25.013+0800: 25298.494: Application time: 61.1930003 seconds
2018-10-12T17:51:25.825+0800: 25359.306: Application time: 60.8119290 seconds
2018-10-12T17:52:26.823+0800: 25420.304: Application time: 60.9977337 seconds
2018-10-12T17:52:27.824+0800: 25421.305: Application time: 1.0004972 seconds
2018-10-12T17:53:27.824+0800: 25481.305: Application time: 60.0008537 seconds
2018-10-12T17:54:28.836+0800: 25542.317: Application time: 61.0118296 seconds
2018-10-12T17:54:50.531+0800: 25564.012: Application time: 21.6943319 seconds
2018-10-12T17:54:50.723+0800: 25564.204: Application time: 0.1923917 seconds
2018-10-12T17:54:50.730+0800: 25564.211: Application time: 0.0062480 seconds
2018-10-12T17:54:50.732+0800: 25564.213: Application time: 0.0015864 seconds
2018-10-12T17:54:50.739+0800: 25564.221: Application time: 0.0070291 seconds
2018-10-12T17:54:50.745+0800: 25564.226: Application time: 0.0054716 seconds
2018-10-12T17:54:50.748+0800: 25564.229: Application time: 0.0027010 seconds
2018-10-12T17:54:50.750+0800: 25564.232: Application time: 0.0022070 seconds
2018-10-12T17:54:50.765+0800: 25564.246: Application time: 0.0136350 seconds
2018-10-12T17:54:50.765+0800: 25564.246: Application time: 0.0004729 seconds
2018-10-12T17:54:50.766+0800: 25564.247: Application time: 0.0007416 seconds
2018-10-12T17:54:50.767+0800: 25564.248: Application time: 0.0002990 seconds
2018-10-12T17:54:50.768+0800: 25564.249: Application time: 0.0007405 seconds
2018-10-12T17:54:54.593+0800: 25568.075: Application time: 3.8253637 seconds
2018-10-12T17:54:54.598+0800: 25568.080: Application time: 0.0053633 seconds
2018-10-12T17:54:54.602+0800: 25568.084: Application time: 0.0036422 seconds
2018-10-12T17:54:54.768+0800: 25568.250: Application time: 0.1654133 seconds
2018-10-12T17:54:54.826+0800: 25568.307: Application time: 0.0569720 seconds
2018-10-12T17:54:54.852+0800: 25568.333: Application time: 0.0253609 seconds
2018-10-12T17:54:54.919+0800: 25568.400: Application time: 0.0670173 seconds
2018-10-12T17:54:55.920+0800: 25569.401: Application time: 1.0003050 seconds
2018-10-12T17:54:59.922+0800: 25573.402: Application time: 4.0015173 seconds
2018-10-12T17:55:22.932+0800: 25596.413: Application time: 23.0101741 seconds
2018-10-12T17:55:35.941+0800: 25609.421: Application time: 13.0084007 seconds
2018-10-12T17:55:36.011+0800: 25609.492: Application time: 0.0708615 seconds
{Heap before GC invocations=69 (full 3):
 par new generation   total 78016K, used 75800K [0x00000006c2c00000, 0x00000006c80a0000, 0x00000006d78c0000)
  eden space 69376K, 100% used [0x00000006c2c00000, 0x00000006c6fc0000, 0x00000006c6fc0000)
  from space 8640K,  74% used [0x00000006c7830000, 0x00000006c7e76228, 0x00000006c80a0000)
  to   space 8640K,   0% used [0x00000006c6fc0000, 0x00000006c6fc0000, 0x00000006c7830000)
 concurrent mark-sweep generation total 173440K, used 53726K [0x00000006d78c0000, 0x00000006e2220000, 0x00000007c0000000)
 Metaspace       used 75095K, capacity 78786K, committed 79104K, reserved 1118208K
  class space    used 9585K, capacity 10183K, committed 10284K, reserved 1048576K
2018-10-12T17:55:36.011+0800: 25609.493: [GC (Allocation Failure) 2018-10-12T17:55:36.011+0800: 25609.493: [ParNew: 75800K->3765K(78016K), 0.0105887 secs] 129526K->58638K(251456K), 0.0106772 secs] [Times: user=0.06 sys=0.00, real=0.01 secs] 
Heap after GC invocations=70 (full 3):
 par new generation   total 78016K, used 3765K [0x00000006c2c00000, 0x00000006c80a0000, 0x00000006d78c0000)
  eden space 69376K,   0% used [0x00000006c2c00000, 0x00000006c2c00000, 0x00000006c6fc0000)
  from space 8640K,  43% used [0x00000006c6fc0000, 0x00000006c736d5f0, 0x00000006c7830000)
  to   space 8640K,   0% used [0x00000006c7830000, 0x00000006c7830000, 0x00000006c80a0000)
 concurrent mark-sweep generation total 173440K, used 54872K [0x00000006d78c0000, 0x00000006e2220000, 0x00000007c0000000)
 Metaspace       used 75095K, capacity 78786K, committed 79104K, reserved 1118208K
  class space    used 9585K, capacity 10183K, committed 10284K, reserved 1048576K
}
2018-10-12T17:55:36.025+0800: 25609.507: Application time: 0.0032815 seconds
2018-10-12T17:55:36.026+0800: 25609.508: Application time: 0.0001188 seconds
2018-10-12T17:55:36.027+0800: 25609.508: Application time: 0.0001968 seconds
2018-10-12T17:55:36.027+0800: 25609.508: Application time: 0.0000176 seconds
2018-10-12T17:55:36.027+0800: 25609.508: Application time: 0.0000529 seconds
2018-10-12T17:55:36.027+0800: 25609.509: Application time: 0.0000236 seconds
2018-10-12T17:55:36.027+0800: 25609.509: Application time: 0.0001939 seconds
2018-10-12T17:55:36.027+0800: 25609.509: Application time: 0.0000257 seconds
2018-10-12T17:55:36.028+0800: 25609.509: Application time: 0.0000406 seconds
2018-10-12T17:55:36.028+0800: 25609.509: Application time: 0.0000275 seconds
2018-10-12T17:55:36.028+0800: 25609.509: Application time: 0.0000409 seconds
2018-10-12T17:55:36.028+0800: 25609.510: Application time: 0.0000282 seconds
2018-10-12T17:55:36.028+0800: 25609.510: Application time: 0.0002169 seconds
2018-10-12T17:55:36.028+0800: 25609.510: Application time: 0.0001312 seconds
2018-10-12T17:55:37.030+0800: 25610.511: Application time: 1.0003653 seconds
2018-10-12T17:55:51.037+0800: 25624.518: Application time: 14.0070992 seconds
2018-10-12T17:56:32.059+0800: 25665.540: Application time: 41.0222290 seconds
2018-10-12T17:56:36.062+0800: 25669.543: Application time: 4.0029556 seconds
2018-10-12T17:56:54.470+0800: 25687.952: Application time: 18.4085197 seconds
2018-10-12T17:56:55.471+0800: 25688.951: Application time: 0.9994922 seconds
2018-10-12T17:57:00.472+0800: 25693.953: Application time: 5.0016033 seconds
2018-10-12T17:57:07.094+0800: 25700.575: Application time: 6.6221156 seconds
2018-10-12T17:57:08.095+0800: 25701.576: Application time: 1.0000934 seconds
2018-10-12T17:57:10.211+0800: 25703.692: Application time: 2.1165625 seconds
2018-10-12T17:57:11.213+0800: 25704.694: Application time: 1.0016393 seconds
2018-10-12T17:57:26.223+0800: 25719.704: Application time: 15.0093352 seconds
2018-10-12T17:58:26.252+0800: 25779.733: Application time: 60.0292535 seconds
2018-10-12T17:59:26.278+0800: 25839.759: Application time: 60.0261850 seconds
2018-10-12T17:59:46.285+0800: 25859.766: Application time: 20.0064021 seconds
2018-10-12T17:59:46.295+0800: 25859.777: Application time: 0.0097449 seconds
2018-10-12T17:59:46.299+0800: 25859.780: Application time: 0.0030078 seconds
2018-10-12T17:59:46.403+0800: 25859.884: Application time: 0.1033700 seconds
2018-10-12T17:59:50.036+0800: 25863.517: Application time: 3.6331113 seconds
2018-10-12T17:59:50.047+0800: 25863.529: Application time: 0.0109519 seconds
2018-10-12T17:59:51.049+0800: 25864.530: Application time: 1.0005811 seconds
2018-10-12T18:00:26.075+0800: 25899.556: Application time: 35.0256987 seconds
2018-10-12T18:02:26.132+0800: 26019.613: Application time: 120.0575644 seconds
2018-10-12T18:03:26.161+0800: 26079.641: Application time: 60.0281773 seconds
2018-10-12T18:03:37.167+0800: 26090.648: Application time: 11.0061176 seconds
2018-10-12T18:04:36.823+0800: 26150.304: Application time: 59.6558762 seconds
2018-10-12T18:04:37.823+0800: 26151.304: Application time: 1.0001463 seconds
2018-10-12T18:04:38.824+0800: 26152.305: Application time: 1.0005078 seconds
2018-10-12T18:05:37.843+0800: 26211.324: Application time: 59.0195085 seconds
2018-10-12T18:05:38.844+0800: 26212.325: Application time: 1.